Component: ARM Compiler 5.05 update 1 (build 106) Tool: armlink [4d0efa]

==============================================================================

Section Cross References

    main.o(i.EVAL_ST95HF_HwUsed) refers to stm32f10x_rcc.o(i.RCC_APB2PeriphClockCmd) for RCC_APB2PeriphClockCmd
    main.o(i.EVAL_ST95HF_HwUsed) refers to stm32f10x_gpio.o(i.GPIO_Init) for GPIO_Init
    main.o(i.EVAL_ST95HF_HwUsed) refers to stm32f10x_gpio.o(i.GPIO_ReadInputData) for GPIO_ReadInputData
    main.o(i.main) refers to misc.o(i.NVIC_SetVectorTable) for NVIC_SetVectorTable
    main.o(i.main) refers to hw_config.o(i.Set_System) for Set_System
    main.o(i.main) refers to stm32f10x_rcc.o(i.RCC_AHBPeriphClockCmd) for RCC_AHBPeriphClockCmd
    main.o(i.main) refers to hw_config.o(i.Interrupts_Config) for Interrupts_Config
    main.o(i.main) refers to hw_config.o(i.Timer_Config) for Timer_Config
    main.o(i.main) refers to usart.o(i.uart_init) for uart_init
    main.o(i.main) refers to hw_config.o(i.delay_ms) for delay_ms
    main.o(i.main) refers to lib_configmanager.o(i.ConfigManager_HWInit) for ConfigManager_HWInit
    main.o(i.main) refers to drv_led.o(i.LED_Config) for LED_Config
    main.o(i.main) refers to drv_led.o(i.LED_Off) for LED_Off
    main.o(i.main) refers to hw_config.o(i.delayHighPriority_ms) for delayHighPriority_ms
    main.o(i.main) refers to printf8.o(i.__0printf$8) for __2printf
    main.o(i.main) refers to drv_led.o(i.LED_On) for LED_On
    main.o(i.main) refers to system_stm32f10x.o(.data) for SystemCoreClock
    main.o(.data) refers to main.o(.bss) for TT3Tag
    menu_auto.o(i.autoMode) refers to drv_lcdspi_ili9341.o(i.LCD_Clear) for LCD_Clear
    menu_auto.o(i.autoMode) refers to drv_lcdspi_ili9341.o(i.LCD_SetBackColor) for LCD_SetBackColor
    menu_auto.o(i.autoMode) refers to drv_lcdspi_ili9341.o(i.LCD_SetTextColor) for LCD_SetTextColor
    menu_auto.o(i.autoMode) refers to drv_lcdspi_ili9341.o(i.LCD_DisplayStringLine) for LCD_DisplayStringLine
    menu_auto.o(i.autoMode) refers to memseta.o(.text) for __aeabi_memclr4
    menu_auto.o(i.autoMode) refers to strcat.o(.text) for strcat
    menu_auto.o(i.autoMode) refers to lib_flash_ndef.o(i.initFlashNDEF) for initFlashNDEF
    menu_auto.o(i.autoMode) refers to strcpy.o(.text) for strcpy
    menu_auto.o(i.autoMode) refers to lib_ndef_uri.o(i.NDEF_WriteURI) for NDEF_WriteURI
    menu_auto.o(i.autoMode) refers to hw_config.o(i.delay_ms) for delay_ms
    menu_auto.o(i.autoMode) refers to drv_lcdspi_ili9341.o(i.LCD_ClearLine) for LCD_ClearLine
    menu_auto.o(i.autoMode) refers to lib_configmanager.o(i.ConfigManager_AutoMode) for ConfigManager_AutoMode
    menu_auto.o(i.autoMode) refers to drv_led.o(i.LED_AllOff) for LED_AllOff
    menu_auto.o(i.autoMode) refers to drv_led.o(i.LED_On) for LED_On
    menu_auto.o(i.autoMode) refers to memmovea.o(.text) for __aeabi_memcpy4
    menu_auto.o(i.autoMode) refers to menu_auto.o(.bss) for manager
    menu_auto.o(i.autoMode) refers to lib_configmanager.o(.data) for devicemode
    menu_auto.o(i.autoTypeA) refers to menu_auto.o(i.autoMode) for autoMode
    menu_auto.o(i.autoTypeA) refers to menu_auto.o(.bss) for manager
    menu_auto.o(i.autoTypeAll) refers to menu_auto.o(i.autoMode) for autoMode
    menu_auto.o(i.autoTypeAll) refers to menu_auto.o(.bss) for manager
    menu_auto.o(i.autoTypeB) refers to menu_auto.o(i.autoMode) for autoMode
    menu_auto.o(i.autoTypeB) refers to menu_auto.o(.bss) for manager
    menu_auto.o(i.autoTypeF) refers to menu_auto.o(i.autoMode) for autoMode
    menu_auto.o(i.autoTypeF) refers to menu_auto.o(.bss) for manager
    menu_auto.o(i.autoTypeP2P) refers to menu_auto.o(i.autoMode) for autoMode
    menu_auto.o(i.autoTypeP2P) refers to menu_auto.o(.bss) for manager
    menu_auto.o(i.autoTypeV) refers to menu_auto.o(i.autoMode) for autoMode
    menu_auto.o(i.autoTypeV) refers to menu_auto.o(.bss) for manager
    pongexample.o(i.PongCheckForUserAction) refers to pongexample.o(i.PongRefreshScreen) for PongRefreshScreen
    pongexample.o(i.PongCheckForUserAction) refers to lib_configmanager.o(i.ConfigManager_Stop) for ConfigManager_Stop
    pongexample.o(i.PongCheckForUserAction) refers to pongexample.o(.data) for pos2
    pongexample.o(i.PongConfigClient) refers to drv_lcdspi_ili9341.o(i.LCD_Rotate) for LCD_Rotate
    pongexample.o(i.PongConfigClient) refers to drv_led.o(i.LED_On) for LED_On
    pongexample.o(i.PongConfigClient) refers to drv_lcdspi_ili9341.o(i.LCD_SetBackColor) for LCD_SetBackColor
    pongexample.o(i.PongConfigClient) refers to drv_lcdspi_ili9341.o(i.LCD_SetTextColor) for LCD_SetTextColor
    pongexample.o(i.PongConfigClient) refers to drv_lcdspi_ili9341.o(i.LCD_Clear) for LCD_Clear
    pongexample.o(i.PongConfigClient) refers to drv_led.o(i.LED_Off) for LED_Off
    pongexample.o(i.PongConfigClient) refers to lib_configmanager.o(i.ConfigManager_CardEmulation) for ConfigManager_CardEmulation
[...]
    lib_snep.o(i.SNEP_SendContinue) refers to memmovea.o(.text) for __aeabi_memcpy
    lib_snep.o(i.SNEP_SendContinue) refers to lib_snep.o(.bss) for SNEPServer
    lib_snep.o(i.SNEP_SendNDEF) refers to memmovea.o(.text) for __aeabi_memcpy
    lib_snep.o(i.SNEP_SendNDEF) refers to lib_snep.o(.bss) for SNEP_Send_Buffer
    lib_snep.o(i.SNEP_SendNDEF) refers to lib_snep.o(.data) for SNEP_Message2SendState
    lib_snep.o(i.SNEP_SendPutCMD) refers to memmovea.o(.text) for __aeabi_memcpy
    lib_snep.o(i.SNEP_SendPutCMD) refers to lib_snep.o(.bss) for SNEPServer
    lib_snep.o(i.SNEP_SendRES) refers to memmovea.o(.text) for __aeabi_memcpy
    lib_snep.o(i.SNEP_SendRES) refers to lib_snep.o(.bss) for SNEPServer
    lib_snep.o(i.SNEP_SendRES) refers to lib_snep.o(.data) for NdefFileReceive
    lib_snep.o(i.Server_SNEP) refers to memmovea.o(.text) for __aeabi_memcpy
    lib_snep.o(i.Server_SNEP) refers to lib_snep.o(i.SNEP_SendRES) for SNEP_SendRES
    lib_snep.o(i.Server_SNEP) refers to lib_llcp.o(i.LLCP_Connect) for LLCP_Connect
    lib_snep.o(i.Server_SNEP) refers to lib_llcp.o(i.LLCP_Disconnect) for LLCP_Disconnect
    lib_snep.o(i.Server_SNEP) refers to lib_snep.o(i.SNEP_SendPutCMD) for SNEP_SendPutCMD
    lib_snep.o(i.Server_SNEP) refers to lib_snep.o(i.SNEP_SendContinue) for SNEP_SendContinue
    lib_snep.o(i.Server_SNEP) refers to lib_snep.o(.bss) for SNEPServer
    lib_snep.o(i.Server_SNEP) refers to lib_snep.o(.data) for NdefFileTransmissionOnGoing
    entry.o(.ARM.Collect$$$$00000000) refers (Special) to entry10a.o(.ARM.Collect$$$$0000000D) for __rt_final_cpp
    entry.o(.ARM.Collect$$$$00000000) refers (Special) to entry11a.o(.ARM.Collect$$$$0000000F) for __rt_final_exit
    entry.o(.ARM.Collect$$$$00000000) refers (Special) to entry7b.o(.ARM.Collect$$$$00000008) for _main_clock
    entry.o(.ARM.Collect$$$$00000000) refers (Special) to entry8b.o(.ARM.Collect$$$$0000000A) for _main_cpp_init
    entry.o(.ARM.Collect$$$$00000000) refers (Special) to entry9a.o(.ARM.Collect$$$$0000000B) for _main_init
    entry.o(.ARM.Collect$$$$00000000) refers (Special) to entry5.o(.ARM.Collect$$$$00000004) for _main_scatterload
    entry.o(.ARM.Collect$$$$00000000) refers (Special) to entry2.o(.ARM.Collect$$$$00000001) for _main_stk
    printfb.o(i.__0fprintf$bare) refers to printfb.o(i._printf_core) for _printf_core
    printfb.o(i.__0fprintf$bare) refers to usart.o(i.fputc) for fputc
    printfb.o(i.__0printf$bare) refers to printfb.o(i._printf_core) for _printf_core
    printfb.o(i.__0printf$bare) refers to usart.o(i.fputc) for fputc
    printfb.o(i.__0printf$bare) refers to usart.o(.data) for __stdout
    printfb.o(i.__0snprintf$bare) refers to printfb.o(i._printf_core) for _printf_core
    printfb.o(i.__0snprintf$bare) refers to printfb.o(i._snputc) for _snputc
    printfb.o(i.__0sprintf$bare) refers to printfb.o(i._printf_core) for _printf_core
    printfb.o(i.__0sprintf$bare) refers to printfb.o(i._sputc) for _sputc
    printfb.o(i.__0vfprintf$bare) refers to printfb.o(i._printf_core) for _printf_core
    printfb.o(i.__0vfprintf$bare) refers to usart.o(i.fputc) for fputc
    printfb.o(i.__0vprintf$bare) refers to printfb.o(i._printf_core) for _printf_core
    printfb.o(i.__0vprintf$bare) refers to usart.o(i.fputc) for fputc
    printfb.o(i.__0vprintf$bare) refers to usart.o(.data) for __stdout
    printfb.o(i.__0vsnprintf$bare) refers to printfb.o(i._printf_core) for _printf_core
    printfb.o(i.__0vsnprintf$bare) refers to printfb.o(i._snputc) for _snputc
    printfb.o(i.__0vsprintf$bare) refers to printfb.o(i._printf_core) for _printf_core
    printfb.o(i.__0vsprintf$bare) refers to printfb.o(i._sputc) for _sputc
    printf0.o(i.__0fprintf$0) refers to printf0.o(i._printf_core) for _printf_core
    printf0.o(i.__0fprintf$0) refers to usart.o(i.fputc) for fputc
    printf0.o(i.__0printf$0) refers to printf0.o(i._printf_core) for _printf_core
    printf0.o(i.__0printf$0) refers to usart.o(i.fputc) for fputc
    printf0.o(i.__0printf$0) refers to usart.o(.data) for __stdout
    printf0.o(i.__0snprintf$0) refers to printf0.o(i._printf_core) for _printf_core
    printf0.o(i.__0snprintf$0) refers to printf0.o(i._snputc) for _snputc
    printf0.o(i.__0sprintf$0) refers to printf0.o(i._printf_core) for _printf_core
    printf0.o(i.__0sprintf$0) refers to printf0.o(i._sputc) for _sputc
    printf0.o(i.__0vfprintf$0) refers to printf0.o(i._printf_core) for _printf_core
    printf0.o(i.__0vfprintf$0) refers to usart.o(i.fputc) for fputc
    printf0.o(i.__0vprintf$0) refers to printf0.o(i._printf_core) for _printf_core
    printf0.o(i.__0vprintf$0) refers to usart.o(i.fputc) for fputc
    printf0.o(i.__0vprintf$0) refers to usart.o(.data) for __stdout
    printf0.o(i.__0vsnprintf$0) refers to printf0.o(i._printf_core) for _printf_core
    printf0.o(i.__0vsnprintf$0) refers to printf0.o(i._snputc) for _snputc
    printf0.o(i.__0vsprintf$0) refers to printf0.o(i._printf_core) for _printf_core
    printf0.o(i.__0vsprintf$0) refers to printf0.o(i._sputc) for _sputc
    printf1.o(i.__0fprintf$1) refers to printf1.o(i._printf_core) for _printf_core
    printf1.o(i.__0fprintf$1) refers to usart.o(i.fputc) for fputc
    printf1.o(i.__0printf$1) refers to printf1.o(i._printf_core) for _printf_core
    printf1.o(i.__0printf$1) refers to usart.o(i.fputc) for fputc
    printf1.o(i.__0printf$1) refers to usart.o(.data) for __stdout
    printf1.o(i.__0snprintf$1) refers to printf1.o(i._printf_core) for _printf_core
    printf1.o(i.__0snprintf$1) refers to printf1.o(i._snputc) for _snputc
    printf1.o(i.__0sprintf$1) refers to printf1.o(i._printf_core) for _printf_core
    printf1.o(i.__0sprintf$1) refers to printf1.o(i._sputc) for _sputc
    printf1.o(i.__0vfprintf$1) refers to printf1.o(i._printf_core) for _printf_core
    printf1.o(i.__0vfprintf$1) refers to usart.o(i.fputc) for fputc
    printf1.o(i.__0vprintf$1) refers to printf1.o(i._printf_core) for _printf_core
    printf1.o(i.__0vprintf$1) refers to usart.o(i.fputc) for fputc
    printf1.o(i.__0vprintf$1) refers to usart.o(.data) for __stdout
    printf1.o(i.__0vsnprintf$1) refers to printf1.o(i._printf_core) for _printf_core
    printf1.o(i.__0vsnprintf$1) refers to printf1.o(i._snputc) for _snputc
    printf1.o(i.__0vsprintf$1) refers to printf1.o(i._printf_core) for _printf_core
    printf1.o(i.__0vsprintf$1) refers to printf1.o(i._sputc) for _sputc
    printf1.o(i._printf_core) refers to uidiv.o(.text) for __aeabi_uidivmod
    printf2.o(i.__0fprintf$2) refers to printf2.o(i._printf_core) for _printf_core
    printf2.o(i.__0fprintf$2) refers to usart.o(i.fputc) for fputc
    printf2.o(i.__0printf$2) refers to printf2.o(i._printf_core) for _printf_core
    printf2.o(i.__0printf$2) refers to usart.o(i.fputc) for fputc
    printf2.o(i.__0printf$2) refers to usart.o(.data) for __stdout
    printf2.o(i.__0snprintf$2) refers to printf2.o(i._printf_core) for _printf_core
    printf2.o(i.__0snprintf$2) refers to printf2.o(i._snputc) for _snputc
    printf2.o(i.__0sprintf$2) refers to printf2.o(i._printf_core) for _printf_core
    printf2.o(i.__0sprintf$2) refers to printf2.o(i._sputc) for _sputc
    printf2.o(i.__0vfprintf$2) refers to printf2.o(i._printf_core) for _printf_core
    printf2.o(i.__0vfprintf$2) refers to usart.o(i.fputc) for fputc
    printf2.o(i.__0vprintf$2) refers to printf2.o(i._printf_core) for _printf_core
    printf2.o(i.__0vprintf$2) refers to usart.o(i.fputc) for fputc
    printf2.o(i.__0vprintf$2) refers to usart.o(.data) for __stdout
    printf2.o(i.__0vsnprintf$2) refers to printf2.o(i._printf_core) for _printf_core
    printf2.o(i.__0vsnprintf$2) refers to printf2.o(i._snputc) for _snputc
    printf2.o(i.__0vsprintf$2) refers to printf2.o(i._printf_core) for _printf_core
    printf2.o(i.__0vsprintf$2) refers to printf2.o(i._sputc) for _sputc
    printf3.o(i.__0fprintf$3) refers to printf3.o(i._printf_core) for _printf_core
    printf3.o(i.__0fprintf$3) refers to usart.o(i.fputc) for fputc
    printf3.o(i.__0printf$3) refers to printf3.o(i._printf_core) for _printf_core
    printf3.o(i.__0printf$3) refers to usart.o(i.fputc) for fputc
    printf3.o(i.__0printf$3) refers to usart.o(.data) for __stdout
    printf3.o(i.__0snprintf$3) refers to printf3.o(i._printf_core) for _printf_core
    printf3.o(i.__0snprintf$3) refers to printf3.o(i._snputc) for _snputc
    printf3.o(i.__0sprintf$3) refers to printf3.o(i._printf_core) for _printf_core
    printf3.o(i.__0sprintf$3) refers to printf3.o(i._sputc) for _sputc
    printf3.o(i.__0vfprintf$3) refers to printf3.o(i._printf_core) for _printf_core
    printf3.o(i.__0vfprintf$3) refers to usart.o(i.fputc) for fputc
    printf3.o(i.__0vprintf$3) refers to printf3.o(i._printf_core) for _printf_core
    printf3.o(i.__0vprintf$3) refers to usart.o(i.fputc) for fputc
    printf3.o(i.__0vprintf$3) refers to usart.o(.data) for __stdout
    printf3.o(i.__0vsnprintf$3) refers to printf3.o(i._printf_core) for _printf_core
    printf3.o(i.__0vsnprintf$3) refers to printf3.o(i._snputc) for _snputc
    printf3.o(i.__0vsprintf$3) refers to printf3.o(i._printf_core) for _printf_core
    printf3.o(i.__0vsprintf$3) refers to printf3.o(i._sputc) for _sputc
    printf3.o(i._printf_core) refers to uidiv.o(.text) for __aeabi_uidivmod
    printf4.o(i.__0fprintf$4) refers to printf4.o(i._printf_core) for _printf_core
    printf4.o(i.__0fprintf$4) refers to usart.o(i.fputc) for fputc
    printf4.o(i.__0printf$4) refers to printf4.o(i._printf_core) for _printf_core
    printf4.o(i.__0printf$4) refers to usart.o(i.fputc) for fputc
    printf4.o(i.__0printf$4) refers to usart.o(.data) for __stdout
    printf4.o(i.__0snprintf$4) refers to printf4.o(i._printf_core) for _printf_core
    printf4.o(i.__0snprintf$4) refers to printf4.o(i._snputc) for _snputc
    printf4.o(i.__0sprintf$4) refers to printf4.o(i._printf_core) for _printf_core
    printf4.o(i.__0sprintf$4) refers to printf4.o(i._sputc) for _sputc
    printf4.o(i.__0vfprintf$4) refers to printf4.o(i._printf_core) for _printf_core
    printf4.o(i.__0vfprintf$4) refers to usart.o(i.fputc) for fputc
    printf4.o(i.__0vprintf$4) refers to printf4.o(i._printf_core) for _printf_core
    printf4.o(i.__0vprintf$4) refers to usart.o(i.fputc) for fputc
    printf4.o(i.__0vprintf$4) refers to usart.o(.data) for __stdout
    printf4.o(i.__0vsnprintf$4) refers to printf4.o(i._printf_core) for _printf_core
    printf4.o(i.__0vsnprintf$4) refers to printf4.o(i._snputc) for _snputc
    printf4.o(i.__0vsprintf$4) refers to printf4.o(i._printf_core) for _printf_core
    printf4.o(i.__0vsprintf$4) refers to printf4.o(i._sputc) for _sputc
    printf4.o(i._printf_core) refers to uldiv.o(.text) for __aeabi_uldivmod
    printf5.o(i.__0fprintf$5) refers to printf5.o(i._printf_core) for _printf_core
    printf5.o(i.__0fprintf$5) refers to usart.o(i.fputc) for fputc
    printf5.o(i.__0printf$5) refers to printf5.o(i._printf_core) for _printf_core
    printf5.o(i.__0printf$5) refers to usart.o(i.fputc) for fputc
    printf5.o(i.__0printf$5) refers to usart.o(.data) for __stdout
    printf5.o(i.__0snprintf$5) refers to printf5.o(i._printf_core) for _printf_core
    printf5.o(i.__0snprintf$5) refers to printf5.o(i._snputc) for _snputc
    printf5.o(i.__0sprintf$5) refers to printf5.o(i._printf_core) for _printf_core
    printf5.o(i.__0sprintf$5) refers to printf5.o(i._sputc) for _sputc
    printf5.o(i.__0vfprintf$5) refers to printf5.o(i._printf_core) for _printf_core
    printf5.o(i.__0vfprintf$5) refers to usart.o(i.fputc) for fputc
    printf5.o(i.__0vprintf$5) refers to printf5.o(i._printf_core) for _printf_core
    printf5.o(i.__0vprintf$5) refers to usart.o(i.fputc) for fputc
    printf5.o(i.__0vprintf$5) refers to usart.o(.data) for __stdout
    printf5.o(i.__0vsnprintf$5) refers to printf5.o(i._printf_core) for _printf_core
    printf5.o(i.__0vsnprintf$5) refers to printf5.o(i._snputc) for _snputc
    printf5.o(i.__0vsprintf$5) refers to printf5.o(i._printf_core) for _printf_core
    printf5.o(i.__0vsprintf$5) refers to printf5.o(i._sputc) for _sputc
    printf5.o(i._printf_core) refers to uldiv.o(.text) for __aeabi_uldivmod
    printf6.o(i.__0fprintf$6) refers to printf6.o(i._printf_core) for _printf_core
    printf6.o(i.__0fprintf$6) refers to usart.o(i.fputc) for fputc
    printf6.o(i.__0printf$6) refers to printf6.o(i._printf_core) for _printf_core
    printf6.o(i.__0printf$6) refers to usart.o(i.fputc) for fputc
    printf6.o(i.__0printf$6) refers to usart.o(.data) for __stdout
    printf6.o(i.__0snprintf$6) refers to printf6.o(i._printf_core) for _printf_core
    printf6.o(i.__0snprintf$6) refers to printf6.o(i._snputc) for _snputc
    printf6.o(i.__0sprintf$6) refers to printf6.o(i._printf_core) for _printf_core
    printf6.o(i.__0sprintf$6) refers to printf6.o(i._sputc) for _sputc
    printf6.o(i.__0vfprintf$6) refers to printf6.o(i._printf_core) for _printf_core
    printf6.o(i.__0vfprintf$6) refers to usart.o(i.fputc) for fputc
    printf6.o(i.__0vprintf$6) refers to printf6.o(i._printf_core) for _printf_core
    printf6.o(i.__0vprintf$6) refers to usart.o(i.fputc) for fputc
    printf6.o(i.__0vprintf$6) refers to usart.o(.data) for __stdout
    printf6.o(i.__0vsnprintf$6) refers to printf6.o(i._printf_core) for _printf_core
    printf6.o(i.__0vsnprintf$6) refers to printf6.o(i._snputc) for _snputc
    printf6.o(i.__0vsprintf$6) refers to printf6.o(i._printf_core) for _printf_core
    printf6.o(i.__0vsprintf$6) refers to printf6.o(i._sputc) for _sputc
    printf6.o(i._printf_core) refers to printf6.o(i._printf_pre_padding) for _printf_pre_padding
    printf6.o(i._printf_core) refers to uidiv.o(.text) for __aeabi_uidivmod
    printf6.o(i._printf_core) refers to printf6.o(i._printf_post_padding) for _printf_post_padding
    printf7.o(i.__0fprintf$7) refers to printf7.o(i._printf_core) for _printf_core
    printf7.o(i.__0fprintf$7) refers to usart.o(i.fputc) for fputc
    printf7.o(i.__0printf$7) refers to printf7.o(i._printf_core) for _printf_core
    printf7.o(i.__0printf$7) refers to usart.o(i.fputc) for fputc
    printf7.o(i.__0printf$7) refers to usart.o(.data) for __stdout
    printf7.o(i.__0snprintf$7) refers to printf7.o(i._printf_core) for _printf_core
    printf7.o(i.__0snprintf$7) refers to printf7.o(i._snputc) for _snputc
    printf7.o(i.__0sprintf$7) refers to printf7.o(i._printf_core) for _printf_core
    printf7.o(i.__0sprintf$7) refers to printf7.o(i._sputc) for _sputc
    printf7.o(i.__0vfprintf$7) refers to printf7.o(i._printf_core) for _printf_core
    printf7.o(i.__0vfprintf$7) refers to usart.o(i.fputc) for fputc
    printf7.o(i.__0vprintf$7) refers to printf7.o(i._printf_core) for _printf_core
    printf7.o(i.__0vprintf$7) refers to usart.o(i.fputc) for fputc
    printf7.o(i.__0vprintf$7) refers to usart.o(.data) for __stdout
    printf7.o(i.__0vsnprintf$7) refers to printf7.o(i._printf_core) for _printf_core
    printf7.o(i.__0vsnprintf$7) refers to printf7.o(i._snputc) for _snputc
    printf7.o(i.__0vsprintf$7) refers to printf7.o(i._printf_core) for _printf_core
    printf7.o(i.__0vsprintf$7) refers to printf7.o(i._sputc) for _sputc
    printf7.o(i._printf_core) refers to printf7.o(i._printf_pre_padding) for _printf_pre_padding
    printf7.o(i._printf_core) refers to uldiv.o(.text) for __aeabi_uldivmod
    printf7.o(i._printf_core) refers to printf7.o(i._printf_post_padding) for _printf_post_padding
    printf8.o(i.__0fprintf$8) refers to printf8.o(i._printf_core) for _printf_core
    printf8.o(i.__0fprintf$8) refers to usart.o(i.fputc) for fputc
    printf8.o(i.__0printf$8) refers to printf8.o(i._printf_core) for _printf_core
    printf8.o(i.__0printf$8) refers to usart.o(i.fputc) for fputc
    printf8.o(i.__0printf$8) refers to usart.o(.data) for __stdout
    printf8.o(i.__0snprintf$8) refers to printf8.o(i._printf_core) for _printf_core
    printf8.o(i.__0snprintf$8) refers to printf8.o(i._snputc) for _snputc
    printf8.o(i.__0sprintf$8) refers to printf8.o(i._printf_core) for _printf_core
    printf8.o(i.__0sprintf$8) refers to printf8.o(i._sputc) for _sputc
    printf8.o(i.__0vfprintf$8) refers to printf8.o(i._printf_core) for _printf_core
    printf8.o(i.__0vfprintf$8) refers to usart.o(i.fputc) for fputc
    printf8.o(i.__0vprintf$8) refers to printf8.o(i._printf_core) for _printf_core
    printf8.o(i.__0vprintf$8) refers to usart.o(i.fputc) for fputc
    printf8.o(i.__0vprintf$8) refers to usart.o(.data) for __stdout
    printf8.o(i.__0vsnprintf$8) refers to printf8.o(i._printf_core) for _printf_core
    printf8.o(i.__0vsnprintf$8) refers to printf8.o(i._snputc) for _snputc
    printf8.o(i.__0vsprintf$8) refers to printf8.o(i._printf_core) for _printf_core
    printf8.o(i.__0vsprintf$8) refers to printf8.o(i._sputc) for _sputc
    printf8.o(i._printf_core) refers to printf8.o(i._printf_pre_padding) for _printf_pre_padding
    printf8.o(i._printf_core) refers to uldiv.o(.text) for __aeabi_uldivmod
    printf8.o(i._printf_core) refers to printf8.o(i._printf_post_padding) for _printf_post_padding
    printfa.o(i.__0fprintf) refers (Special) to iusefp.o(.text) for __I$use$fp
    printfa.o(i.__0fprintf) refers to printfa.o(i._printf_core) for _printf_core
    printfa.o(i.__0fprintf) refers to usart.o(i.fputc) for fputc
    printfa.o(i.__0printf) refers (Special) to iusefp.o(.text) for __I$use$fp
    printfa.o(i.__0printf) refers to printfa.o(i._printf_core) for _printf_core
    printfa.o(i.__0printf) refers to usart.o(i.fputc) for fputc
    printfa.o(i.__0printf) refers to usart.o(.data) for __stdout
    printfa.o(i.__0snprintf) refers (Special) to iusefp.o(.text) for __I$use$fp
    printfa.o(i.__0snprintf) refers to printfa.o(i._printf_core) for _printf_core
    printfa.o(i.__0snprintf) refers to printfa.o(i._snputc) for _snputc
    printfa.o(i.__0sprintf) refers (Special) to iusefp.o(.text) for __I$use$fp
    printfa.o(i.__0sprintf) refers to printfa.o(i._printf_core) for _printf_core
    printfa.o(i.__0sprintf) refers to printfa.o(i._sputc) for _sputc
    printfa.o(i.__0vfprintf) refers (Special) to iusefp.o(.text) for __I$use$fp
    printfa.o(i.__0vfprintf) refers to printfa.o(i._printf_core) for _printf_core
    printfa.o(i.__0vfprintf) refers to usart.o(i.fputc) for fputc
    printfa.o(i.__0vprintf) refers (Special) to iusefp.o(.text) for __I$use$fp
    printfa.o(i.__0vprintf) refers to printfa.o(i._printf_core) for _printf_core
    printfa.o(i.__0vprintf) refers to usart.o(i.fputc) for fputc
    printfa.o(i.__0vprintf) refers to usart.o(.data) for __stdout
    printfa.o(i.__0vsnprintf) refers (Special) to iusefp.o(.text) for __I$use$fp
    printfa.o(i.__0vsnprintf) refers to printfa.o(i._printf_core) for _printf_core
    printfa.o(i.__0vsnprintf) refers to printfa.o(i._snputc) for _snputc
    printfa.o(i.__0vsprintf) refers (Special) to iusefp.o(.text) for __I$use$fp
    printfa.o(i.__0vsprintf) refers to printfa.o(i._printf_core) for _printf_core
    printfa.o(i.__0vsprintf) refers to printfa.o(i._sputc) for _sputc
    printfa.o(i._fp_digits) refers (Special) to iusefp.o(.text) for __I$use$fp
    printfa.o(i._fp_digits) refers to dmul.o(.text) for __aeabi_dmul
    printfa.o(i._fp_digits) refers to ddiv.o(.text) for __aeabi_ddiv
    printfa.o(i._fp_digits) refers to cdrcmple.o(.text) for __aeabi_cdrcmple
    printfa.o(i._fp_digits) refers to dadd.o(.text) for __aeabi_dadd
    printfa.o(i._fp_digits) refers to dfixul.o(.text) for __aeabi_d2ulz
    printfa.o(i._fp_digits) refers to uldiv.o(.text) for __aeabi_uldivmod
    printfa.o(i._printf_core) refers (Special) to iusefp.o(.text) for __I$use$fp
    printfa.o(i._printf_core) refers to printfa.o(i._printf_pre_padding) for _printf_pre_padding
    printfa.o(i._printf_core) refers to uldiv.o(.text) for __aeabi_uldivmod
    printfa.o(i._printf_core) refers to printfa.o(i._printf_post_padding) for _printf_post_padding
    printfa.o(i._printf_core) refers to printfa.o(i._fp_digits) for _fp_digits
    printfa.o(i._printf_core) refers to uidiv.o(.text) for __aeabi_uidivmod
    printfa.o(i._printf_post_padding) refers (Special) to iusefp.o(.text) for __I$use$fp
    printfa.o(i._printf_pre_padding) refers (Special) to iusefp.o(.text) for __I$use$fp
    printfa.o(i._snputc) refers (Special) to iusefp.o(.text) for __I$use$fp
    printfa.o(i._sputc) refers (Special) to iusefp.o(.text) for __I$use$fp
    entry2.o(.ARM.Collect$$$$00000001) refers to entry2.o(.ARM.Collect$$$$00002712) for __lit__00000000
    entry2.o(.ARM.Collect$$$$00002712) refers to startup_stm32f10x_xl.o(STACK) for __initial_sp
    entry2.o(__vectab_stack_and_reset_area) refers to startup_stm32f10x_xl.o(STACK) for __initial_sp
    entry2.o(__vectab_stack_and_reset_area) refers to entry.o(.ARM.Collect$$$$00000000) for __main
    entry5.o(.ARM.Collect$$$$00000004) refers to init.o(.text) for __scatterload
    entry9a.o(.ARM.Collect$$$$0000000B) refers to main.o(i.main) for main
    entry9b.o(.ARM.Collect$$$$0000000C) refers to main.o(i.main) for main
    uldiv.o(.text) refers to llushr.o(.text) for __aeabi_llsr
    uldiv.o(.text) refers to llshl.o(.text) for __aeabi_llsl
    dadd.o(.text) refers to llshl.o(.text) for __aeabi_llsl
    dadd.o(.text) refers to llsshr.o(.text) for __aeabi_lasr
    dadd.o(.text) refers to depilogue.o(.text) for _double_epilogue
    dmul.o(.text) refers to depilogue.o(.text) for _double_epilogue
    ddiv.o(.text) refers to depilogue.o(.text) for _double_round
    dfixul.o(.text) refers to llushr.o(.text) for __aeabi_llsr
    dfixul.o(.text) refers to llshl.o(.text) for __aeabi_llsl
    init.o(.text) refers to entry5.o(.ARM.Collect$$$$00000004) for __main_after_scatterload
    depilogue.o(.text) refers to llshl.o(.text) for __aeabi_llsl
    depilogue.o(.text) refers to llushr.o(.text) for __aeabi_llsr


==============================================================================

Removing Unused input sections from the image.

    Removing main.o(i.EVAL_ST95HF_HwUsed), (68 bytes).
    Removing main.o(.constdata), (7713 bytes).
    Removing menu_auto.o(i.autoMode), (1584 bytes).
    Removing menu_auto.o(i.autoTypeA), (40 bytes).
    Removing menu_auto.o(i.autoTypeAll), (40 bytes).
    Removing menu_auto.o(i.autoTypeB), (40 bytes).
    Removing menu_auto.o(i.autoTypeF), (40 bytes).
    Removing menu_auto.o(i.autoTypeP2P), (40 bytes).
    Removing menu_auto.o(i.autoTypeV), (40 bytes).
    Removing menu_auto.o(.bss), (10 bytes).
    Removing pongexample.o(i.PongCheckForUserAction), (96 bytes).
    Removing pongexample.o(i.PongConfigClient), (212 bytes).
    Removing pongexample.o(i.PongConfigServer), (748 bytes).
    Removing pongexample.o(i.PongInitiator_SendRequestReceiveResponse), (208 bytes).
    Removing pongexample.o(i.PongRefreshScreen), (1724 bytes).
    Removing pongexample.o(i.PongTarget_ReceiveRequestSendResponse), (112 bytes).
    Removing pongexample.o(.data), (20 bytes).
    Removing proprietary_p2p.o(i.CheckForUserAction), (232 bytes).
    Removing proprietary_p2p.o(i.InitiatorCheckForUserAction), (340 bytes).
    Removing proprietary_p2p.o(i.LastCmdAcknowledged), (36 bytes).
    Removing proprietary_p2p.o(i.PopDataCommand), (260 bytes).
    Removing proprietary_p2p.o(i.ProprietaryP2PConfigClient), (396 bytes).
    Removing proprietary_p2p.o(i.ProprietaryP2PConfigServer), (280 bytes).
    Removing proprietary_p2p.o(i.handleCommand), (168 bytes).
    Removing proprietary_p2p.o(i.handleCommandFromWOD), (236 bytes).
    Removing proprietary_p2p.o(i.handleData), (44 bytes).
    Removing proprietary_p2p.o(i.handleDataFromWOD), (6 bytes).
    Removing proprietary_p2p.o(i.initPP2PContext), (52 bytes).
    Removing proprietary_p2p.o(i.isCommunicationTokenRequested), (28 bytes).
    Removing proprietary_p2p.o(i.isLastCmdAcknoledge), (32 bytes).
    Removing proprietary_p2p.o(i.isPendingStreamToSend), (28 bytes).
    Removing proprietary_p2p.o(i.refreshRxCMDInfo), (80 bytes).
    Removing proprietary_p2p.o(i.refreshRxDataInfo), (76 bytes).
    Removing proprietary_p2p.o(i.refreshScreen), (264 bytes).
    Removing proprietary_p2p.o(i.refreshTxCMDInfo), (28 bytes).
    Removing proprietary_p2p.o(i.refreshTxDataInfo), (76 bytes).
    Removing proprietary_p2p.o(.bss), (28 bytes).
    Removing proprietary_p2p.o(.data), (29 bytes).
    Removing hw_config.o(i.Enter_LowPowerMode), (12 bytes).
    Removing hw_config.o(i.Leave_LowPowerMode), (32 bytes).
    Removing hw_config.o(i.Set_USBClock), (18 bytes).
    Removing hw_config.o(i.USB_Cable_Config), (32 bytes).
    Removing common.o(i.CheckFlashCRC), (48 bytes).
    Removing common.o(i.FLASH_DisableWriteProtectionPages), (180 bytes).
    Removing common.o(i.FLASH_PagesMask), (24 bytes).
    Removing common.o(i.Update), (124 bytes).
    Removing common.o(i.random), (28 bytes).
    Removing common.o(.data), (24 bytes).
    Removing drv_95hf.o(i.drv95HF_DisableInterrupt), (20 bytes).
    Removing drv_95hf.o(i.drv95HF_GetIRQOutState), (28 bytes).
    Removing drv_95hf.o(i.drv95HF_Idle), (136 bytes).
    Removing drv_95hf.o(i.drv95HF_SendCmd), (24 bytes).
    Removing drv_spi.o(i.SPI_SendByte), (30 bytes).
    Removing drv_spi.o(i.SPI_SendWord), (30 bytes).
    Removing drv_interrupt.o(i.StartAppliTimeOut), (44 bytes).
    Removing drv_interrupt.o(i.StopAppliTimeOut), (16 bytes).
    Removing drv_interrupt.o(i.drvInt_Disable_95HF_IRQ), (52 bytes).
    Removing lib_nfctype1pcd.o(i.PCDNFCT1_ReadAll), (52 bytes).
    Removing lib_nfctype1pcd.o(i.PCDNFCT1_ReadNDEF), (192 bytes).
    Removing lib_nfctype1pcd.o(i.PCDNFCT1_WriteErase), (80 bytes).
    Removing lib_nfctype1pcd.o(i.PCDNFCT1_WriteNDEF), (240 bytes).
    Removing lib_nfctype2pcd.o(i.PCDNFCT2_Read), (40 bytes).
    Removing lib_nfctype2pcd.o(i.PCDNFCT2_ReadNDEF), (388 bytes).
    Removing lib_nfctype2pcd.o(i.PCDNFCT2_SectorSelect), (108 bytes).
    Removing lib_nfctype2pcd.o(i.PCDNFCT2_Write), (52 bytes).
    Removing lib_nfctype2pcd.o(i.PCDNFCT2_WriteNDEF), (524 bytes).
    Removing lib_nfctype3pcd.o(i.PCDNFCT3_ReadAttribInfo), (68 bytes).
    Removing lib_nfctype3pcd.o(i.PCDNFCT3_ReadMessage), (256 bytes).
    Removing lib_nfctype3pcd.o(i.PCDNFCT3_ReadNDEF), (120 bytes).
    Removing lib_nfctype3pcd.o(i.PCDNFCT3_UpdateCheckSum), (28 bytes).
    Removing lib_nfctype3pcd.o(i.PCDNFCT3_WriteAttribInfo), (100 bytes).
    Removing lib_nfctype3pcd.o(i.PCDNFCT3_WriteMessage), (316 bytes).
    Removing lib_nfctype3pcd.o(i.PCDNFCT3_WriteNDEF), (228 bytes).
    Removing lib_nfctype3pcd.o(.constdata), (40 bytes).
    Removing lib_nfctype4pcd.o(i.PCDNFCT4_ReadBinary), (42 bytes).
    Removing lib_nfctype4pcd.o(i.PCDNFCT4_ReadNDEF), (356 bytes).
    Removing lib_nfctype4pcd.o(i.PCDNFCT4_SelectApplication), (48 bytes).
    Removing lib_nfctype4pcd.o(i.PCDNFCT4_SelectCCfile), (40 bytes).
    Removing lib_nfctype4pcd.o(i.PCDNFCT4_SelectNDEFfile), (48 bytes).
    Removing lib_nfctype4pcd.o(i.PCDNFCT4_UpdateBinary), (42 bytes).
    Removing lib_nfctype4pcd.o(i.PCDNFCT4_WriteNDEF), (352 bytes).
    Removing lib_nfctype5pcd.o(i.PCDNFCT5_ExtendedGetSystemInfo), (128 bytes).
    Removing lib_nfctype5pcd.o(i.PCDNFCT5_ExtendedLockSingleBlock), (118 bytes).
    Removing lib_nfctype5pcd.o(i.PCDNFCT5_ExtendedReadMultipleBlock), (160 bytes).
    Removing lib_nfctype5pcd.o(i.PCDNFCT5_ExtendedReadSingleBlock), (118 bytes).
    Removing lib_nfctype5pcd.o(i.PCDNFCT5_ExtendedWriteSingleBlock), (194 bytes).
    Removing lib_nfctype5pcd.o(i.PCDNFCT5_ReadNDEF), (288 bytes).
    Removing lib_nfctype5pcd.o(i.PCDNFCT5_WriteNDEF), (504 bytes).
    Removing lib_iso7816pcd.o(i.ISO7816_ReadBinary), (52 bytes).
    Removing lib_iso7816pcd.o(i.ISO7816_SelectFile), (88 bytes).
    Removing lib_iso7816pcd.o(i.ISO7816_SendReceiveAPDU), (356 bytes).
    Removing lib_iso7816pcd.o(i.ISO7816_UpdateBinary), (68 bytes).
    Removing lib_iso7816pcd.o(.bss), (1324 bytes).
    Removing lib_iso7816pcd.o(.data), (3 bytes).
    Removing lib_iso14443apcd.o(i.FSCIToFSC), (70 bytes).
    Removing lib_iso14443apcd.o(i.ISO14443A_Anticollision), (196 bytes).
    Removing lib_iso14443apcd.o(i.ISO14443A_ConfigFDT), (200 bytes).
    Removing lib_iso14443apcd.o(i.ISO14443A_ConfigFDTforAnticollision), (164 bytes).
    Removing lib_iso14443apcd.o(i.ISO14443A_ConfigFDTforRATS), (180 bytes).
    Removing lib_iso14443apcd.o(i.ISO14443A_Init), (52 bytes).
    Removing lib_iso14443apcd.o(i.ISO14443A_RATS), (152 bytes).
    Removing lib_iso14443apcd.o(i.TOPAZ_ID), (96 bytes).
    Removing lib_iso14443apcd.o(.constdata), (10 bytes).
    Removing lib_iso14443bpcd.o(i.ISO14443BReadARConfigB), (72 bytes).
    Removing lib_iso14443bpcd.o(i.ISO14443B_Anticollision), (92 bytes).
    Removing lib_iso14443bpcd.o(i.ISO14443B_AttriB), (88 bytes).
    Removing lib_iso14443bpcd.o(i.ISO14443B_CompleteStruture), (44 bytes).
    Removing lib_iso14443bpcd.o(i.ISO14443B_Init), (128 bytes).
    Removing lib_iso14443bpcd.o(i.ISO14443B_InitStructure), (40 bytes).
    Removing lib_iso14443bpcd.o(i.ISO14443B_IsCardIntheField), (44 bytes).
    Removing lib_iso14443bpcd.o(i.ISO14443B_IsPresent), (56 bytes).
    Removing lib_iso14443bpcd.o(i.ISO14443B_ReqB), (64 bytes).
    Removing lib_iso14443bpcd.o(i.ISO14443B_WriteARConfigB), (56 bytes).
    Removing lib_iso14443bpcd.o(i.ISO14443B_WriteAndCheckARConfigB), (72 bytes).
    Removing lib_iso14443bpcd.o(.bss), (86 bytes).
    Removing lib_iso14443bpcd.o(.constdata), (13 bytes).
    Removing lib_iso15693pcd.o(i.ISO15693_CreateRequestFlag), (82 bytes).
    Removing lib_iso15693pcd.o(i.ISO15693_ExtendedGetSystemInfo), (140 bytes).
    Removing lib_iso15693pcd.o(i.ISO15693_ExtendedReadMultipleBlock), (174 bytes).
    Removing lib_iso15693pcd.o(i.ISO15693_ExtendedReadSingleBlock), (130 bytes).
    Removing lib_iso15693pcd.o(i.ISO15693_ExtendedWriteSingleBlock), (192 bytes).
    Removing lib_iso15693pcd.o(i.ISO15693_GetAddressOrNbSlotsFlag), (16 bytes).
    Removing lib_iso15693pcd.o(i.ISO15693_GetOptionFlag), (16 bytes).
    Removing lib_iso15693pcd.o(i.ISO15693_GetProtocolExtensionFlag), (16 bytes).
    Removing lib_iso15693pcd.o(i.ISO15693_GetSystemInfo), (130 bytes).
    Removing lib_iso15693pcd.o(i.ISO15693_GetTagIdentification), (300 bytes).
    Removing lib_iso15693pcd.o(i.ISO15693_GetUID), (148 bytes).
    Removing lib_iso15693pcd.o(i.ISO15693_Init), (116 bytes).
    Removing lib_iso15693pcd.o(i.ISO15693_ReadBytesTagData), (94 bytes).
    Removing lib_iso15693pcd.o(i.ISO15693_ReadMultipleBlock), (182 bytes).
    Removing lib_iso15693pcd.o(i.ISO15693_ReadMultipleTagData), (162 bytes).
    Removing lib_iso15693pcd.o(i.ISO15693_ReadSingleBlock), (152 bytes).
    Removing lib_iso15693pcd.o(i.ISO15693_ReadSingleTagData), (128 bytes).
    Removing lib_iso15693pcd.o(i.ISO15693_TagSave), (304 bytes).
    Removing lib_iso15693pcd.o(i.ISO15693_WriteBytes_TagData), (150 bytes).
    Removing lib_iso15693pcd.o(i.ISO15693_WriteSingleBlock), (214 bytes).
    Removing lib_iso15693pcd.o(i.ISO15693_WriteTagData), (144 bytes).
    Removing lib_iso18092pcd.o(i.FELICA_Anticollision), (4 bytes).
    Removing lib_iso18092pcd.o(i.FELICA_CardTest), (36 bytes).
    Removing lib_iso18092pcd.o(i.FELICA_Init), (148 bytes).
    Removing lib_iso18092pcd.o(i.FELICA_Initialization), (18 bytes).
    Removing lib_iso18092pcd.o(i.FELICA_IsPresent), (96 bytes).
    Removing lib_iso18092pcd.o(i.FELICA_REQC), (40 bytes).
    Removing lib_iso18092pcd.o(.bss), (41 bytes).
    Removing lib_iso18092pcd.o(.constdata), (7 bytes).
    Removing lib_pcd.o(i.IsAnAvailableProtocol), (40 bytes).
    Removing lib_pcd.o(i.PCD_CheckSendReceive), (32 bytes).
    Removing lib_pcd.o(i.PCD_FieldOff), (20 bytes).
    Removing lib_pcd.o(i.PCD_FieldOn), (20 bytes).
    Removing lib_pcd.o(i.PCD_IsCRCOk), (106 bytes).
    Removing lib_pcd.o(i.PCD_ProtocolSelect), (112 bytes).
    Removing lib_pcd.o(i.PCD_ReadRegister), (66 bytes).
    Removing lib_pcd.o(i.PCD_TagDetectCalibration), (276 bytes).
    Removing lib_pcd.o(i.PCD_WaitforTagDetection), (140 bytes).
    Removing lib_pcd.o(i.PCD_WriteRegister), (62 bytes).
    Removing lib_pcd.o(.data), (1 bytes).
    Removing lib_piccemulator.o(i.PICCEmul_CheckForPCD), (28 bytes).
    Removing lib_piccemulator.o(i.PICCEmul_DisablePICCEmulation), (148 bytes).
    Removing lib_piccemulator.o(i.PICCEmul_Init), (88 bytes).
    Removing lib_piccemulator.o(i.PICCEmul_Init14443APicc), (236 bytes).
    Removing lib_piccemulator.o(i.PICCEmul_InitPICCEmulation), (60 bytes).
    Removing lib_piccemulator.o(i.PICCEmul_InitializeProtocol), (124 bytes).
    Removing lib_piccemulator.o(i.PICCEmul_Listen), (108 bytes).
    Removing lib_piccemulator.o(i.PICCEmul_ManagePICCEmulation), (104 bytes).
    Removing lib_piccemulator.o(i.PICCEmul_RFField_CutOff), (164 bytes).
    Removing lib_piccemulator.o(i.PICCEmul_ReceiveCommand), (204 bytes).
    Removing lib_piccemulator.o(.data), (37 bytes).
    Removing lib_nfctype2picc.o(i.PICCNFCT2_ACK), (24 bytes).
    Removing lib_nfctype2picc.o(i.PICCNFCT2_Init), (28 bytes).
    Removing lib_nfctype2picc.o(i.PICCNFCT2_NACK), (24 bytes).
    Removing lib_nfctype2picc.o(i.PICCNFCT2_Read), (76 bytes).
    Removing lib_nfctype2picc.o(i.PICCNFCT2_ReplyCommand), (72 bytes).
    Removing lib_nfctype2picc.o(i.PICCNFCT2_SelectSector), (80 bytes).
    Removing lib_nfctype2picc.o(i.PICCNFCT2_Write), (112 bytes).
    Removing lib_nfctype2picc.o(.data), (3 bytes).
    Removing lib_nfctype4picc.o(i.PICCNFCT4_DeInit), (2 bytes).
    Removing lib_nfctype4picc.o(i.PICCNFCT4_GetCommandId), (120 bytes).
    Removing lib_nfctype4picc.o(i.PICCNFCT4_Init), (24 bytes).
    Removing lib_nfctype4picc.o(i.PICCNFCT4_IsReadWriteParametersOk), (44 bytes).
    Removing lib_nfctype4picc.o(i.PICCNFCT4_ReadBinary), (168 bytes).
    Removing lib_nfctype4picc.o(i.PICCNFCT4_ReplyCommand), (524 bytes).
    Removing lib_nfctype4picc.o(i.PICCNFCT4_Select), (92 bytes).
    Removing lib_nfctype4picc.o(i.PICCNFCT4_SelectApplication), (28 bytes).
    Removing lib_nfctype4picc.o(i.PICCNFCT4_SelectCCfile), (28 bytes).
    Removing lib_nfctype4picc.o(i.PICCNFCT4_SelectNDEFfile), (28 bytes).
    Removing lib_nfctype4picc.o(i.PICCNFCT4_UpdateBinary), (272 bytes).
    Removing lib_nfctype4picc.o(.constdata), (33 bytes).
    Removing lib_nfctype4picc.o(.data), (2 bytes).
    Removing lib_cardemul.o(i.RFT_OperationFeedback), (280 bytes).
    Removing lib_cardemul.o(i.RFT_ReceiveFile), (272 bytes).
    Removing lib_cardemul.o(i.RFT_SelectApplication), (56 bytes).
    Removing lib_cardemul.o(.data), (34 bytes).
    Removing lib_iso7816picc.o(i.PICC7816_ACK), (76 bytes).
    Removing lib_iso7816picc.o(i.PICC7816_Deselect), (52 bytes).
    Removing lib_iso7816picc.o(i.PICC7816_SendANotAck), (76 bytes).
    Removing lib_iso7816picc.o(i.PICC7816_SendAStatusCode), (72 bytes).
    Removing lib_iso7816picc.o(i.PICC7816_SendBuffer), (96 bytes).
    Removing lib_iso14443apicc.o(i.PICC14A_PPS), (188 bytes).
    Removing lib_iso14443apicc.o(i.PICC14A_RATS), (160 bytes).
    Removing lib_iso14443apicc.o(.bss), (141 bytes).
    Removing lib_iso14443apicc.o(.data), (1 bytes).
    Removing lib_picc.o(i.IsAnAvailableProtocol), (38 bytes).
    Removing lib_picc.o(i.PICC_AcFilter), (88 bytes).
    Removing lib_picc.o(i.PICC_Disable_Interrupt), (8 bytes).
    Removing lib_picc.o(i.PICC_Echo), (24 bytes).
    Removing lib_picc.o(i.PICC_Enable_Interrupt), (14 bytes).
    Removing lib_picc.o(i.PICC_GetBackscatteringLoad), (56 bytes).
    Removing lib_picc.o(i.PICC_Idle), (48 bytes).
    Removing lib_picc.o(i.PICC_IsCommandExists), (86 bytes).
    Removing lib_picc.o(i.PICC_IsResultCodeOk), (196 bytes).
    Removing lib_picc.o(i.PICC_Listen), (52 bytes).
    Removing lib_picc.o(i.PICC_PORsequence), (88 bytes).
    Removing lib_picc.o(i.PICC_PollData), (12 bytes).
    Removing lib_picc.o(i.PICC_ProtocolSelect), (120 bytes).
    Removing lib_picc.o(i.PICC_ReadRegister), (66 bytes).
    Removing lib_picc.o(i.PICC_Send), (80 bytes).
    Removing lib_picc.o(i.PICC_SetBackscatteringLoad), (68 bytes).
    Removing lib_picc.o(i.PICC_WriteRegister), (64 bytes).
    Removing lib_proprietaryp2p.o(i.P2P_SendACK), (24 bytes).
    Removing lib_proprietaryp2p.o(i.PP2PT_Send), (76 bytes).
    Removing lib_proprietaryp2p.o(i.PP2P_GetACK), (156 bytes).
    Removing lib_proprietaryp2p.o(i.PP2P_GetBuf), (196 bytes).
    Removing lib_proprietaryp2p.o(i.PP2P_GetCMD), (96 bytes).
    Removing lib_proprietaryp2p.o(i.PP2P_GetData), (88 bytes).
    Removing lib_proprietaryp2p.o(i.PP2P_GetNACK), (84 bytes).
    Removing lib_proprietaryp2p.o(i.PP2P_GetPreemptionToken), (64 bytes).
    Removing lib_proprietaryp2p.o(i.PP2P_GetSYM), (264 bytes).
    Removing lib_proprietaryp2p.o(i.PP2P_ReleaseCommunicationToken), (108 bytes).
    Removing lib_proprietaryp2p.o(i.PP2P_SendBUF), (148 bytes).
    Removing lib_proprietaryp2p.o(i.PP2P_SendCMD), (156 bytes).
    Removing lib_proprietaryp2p.o(i.PP2P_SendDATA), (156 bytes).
    Removing lib_proprietaryp2p.o(i.PP2P_SendReceive), (60 bytes).
    Removing lib_proprietaryp2p.o(i.PP2P_Server), (604 bytes).
    Removing lib_proprietaryp2p.o(i.PP2P_ServerInit), (32 bytes).
    Removing lib_proprietaryp2p.o(i.PP2P_TargetInit), (28 bytes).
    Removing lib_proprietaryp2p.o(i.PP2P_UnsupportedREQ), (28 bytes).
    Removing lib_proprietaryp2p.o(i.clientFillCMD), (64 bytes).
    Removing lib_proprietaryp2p.o(i.clientFillDAT), (64 bytes).
    Removing lib_proprietaryp2p.o(i.getNextFrame), (192 bytes).
    Removing lib_proprietaryp2p.o(.bss), (768 bytes).
    Removing lib_proprietaryp2p.o(.data), (92 bytes).
    Removing lib_configmanager.o(i.ConfigManager_ActivateP2PStack), (44 bytes).
    Removing lib_configmanager.o(i.ConfigManager_AutoMode), (288 bytes).
    Removing lib_configmanager.o(i.ConfigManager_CardEmulation), (44 bytes).
    Removing lib_configmanager.o(i.ConfigManager_DesactivateP2PStack), (10 bytes).
    Removing lib_configmanager.o(i.ConfigManager_P2P), (492 bytes).
    Removing lib_configmanager.o(i.ConfigManager_P2PInitiator), (64 bytes).
    Removing lib_configmanager.o(i.ConfigManager_P2PP), (172 bytes).
    Removing lib_configmanager.o(i.ConfigManager_P2PPInitiator), (60 bytes).
    Removing lib_configmanager.o(i.ConfigManager_P2PTarget), (72 bytes).
    Removing lib_configmanager.o(i.ConfigManager_PP2PTarget), (76 bytes).
    Removing lib_configmanager.o(i.ConfigManager_Start), (36 bytes).
    Removing lib_configmanager.o(i.ConfigManager_TagEmulation), (108 bytes).
    Removing lib_configmanager.o(i.ConfigManager_TagHunting), (232 bytes).
    Removing lib_configmanager.o(i.IsSymActivated), (36 bytes).
    Removing lib_configmanager.o(.bss), (16 bytes).
    Removing lib_flash_ndef.o(i.initFlashNDEF), (200 bytes).
    Removing lib_flash_ndef.o(i.manageFlashNDEF), (140 bytes).
    Removing lib_flash_ndef.o(i.readNDEFFromFlash), (48 bytes).
    Removing lib_flash_ndef.o(i.writeNDEFToFlash), (156 bytes).
    Removing lib_flash_ndef.o(.constdata), (75 bytes).
    Removing lib_ndef.o(i.NDEF_IdentifyBuffer), (226 bytes).
    Removing lib_ndef.o(i.NDEF_IdentifyNDEF), (328 bytes).
    Removing lib_ndef.o(i.NDEF_IdentifySPRecord), (228 bytes).
    Removing lib_ndef.o(i.NDEF_IsNDEFPresent), (34 bytes).
    Removing lib_ndef.o(i.NDEF_ParseForumExternalType), (64 bytes).
    Removing lib_ndef.o(i.NDEF_ParseMediaType), (116 bytes).
    Removing lib_ndef.o(i.NDEF_ParseRecordHeader), (66 bytes).
    Removing lib_ndef.o(i.NDEF_ParseSP), (144 bytes).
    Removing lib_ndef.o(i.NDEF_ParseURI), (76 bytes).
    Removing lib_ndef.o(i.NDEF_ParseWellKnownType), (140 bytes).
    Removing lib_ndef.o(i.NDEF_ReadNDEF), (70 bytes).
    Removing lib_ndef.o(i.NDEF_WriteNDEF), (40 bytes).
    Removing lib_ndef.o(.bss), (10384 bytes).
    Removing lib_ndef.o(.data), (16 bytes).
    Removing lib_ndef_aar.o(i.NDEF_AddAAR), (264 bytes).
    Removing lib_ndef_email.o(i.NDEF_FillEmailStruct), (260 bytes).
    Removing lib_ndef_email.o(i.NDEF_PrepareEmailMessage), (712 bytes).
    Removing lib_ndef_email.o(i.NDEF_ReadEmail), (150 bytes).
    Removing lib_ndef_email.o(i.NDEF_ReadURI_Email), (56 bytes).
    Removing lib_ndef_email.o(i.NDEF_WriteEmail), (64 bytes).
    Removing lib_ndef_geo.o(i.NDEF_FillGeoStruct), (148 bytes).
    Removing lib_ndef_geo.o(i.NDEF_PrepareGeoMessage), (616 bytes).
    Removing lib_ndef_geo.o(i.NDEF_ReadGeo), (160 bytes).
    Removing lib_ndef_geo.o(i.NDEF_ReadURI_Geo), (56 bytes).
    Removing lib_ndef_geo.o(i.NDEF_WriteGeo), (64 bytes).
    Removing lib_ndef_sms.o(i.NDEF_FillSMSStruct), (172 bytes).
    Removing lib_ndef_sms.o(i.NDEF_PrepareSMSMessage), (640 bytes).
    Removing lib_ndef_sms.o(i.NDEF_ReadSMS), (160 bytes).
    Removing lib_ndef_sms.o(i.NDEF_ReadURI_SMS), (56 bytes).
    Removing lib_ndef_sms.o(i.NDEF_WriteSMS), (64 bytes).
    Removing lib_ndef_uri.o(i.NDEF_Parse_WellKnowType), (1116 bytes).
    Removing lib_ndef_uri.o(i.NDEF_PrepareURIMessage), (544 bytes).
    Removing lib_ndef_uri.o(i.NDEF_ReadURI), (156 bytes).
    Removing lib_ndef_uri.o(i.NDEF_WriteURI), (64 bytes).
    Removing lib_ndef_uri.o(i.getUriType), (984 bytes).
    Removing lib_ndef_vcard.o(i.NDEF_ExtractVcard), (380 bytes).
    Removing lib_ndef_vcard.o(i.NDEF_FillVcardStruct), (140 bytes).
    Removing lib_ndef_vcard.o(i.NDEF_PrepareVcardMessage), (936 bytes).
    Removing lib_ndef_vcard.o(i.NDEF_ReadVcard), (30 bytes).
    Removing lib_ndef_vcard.o(i.NDEF_WriteVcard), (64 bytes).
    Removing lib_ndef_text.o(i.NDEF_WriteText), (208 bytes).
    Removing lib_95hf_wrapper.o(i.ReadData), (564 bytes).
    Removing lib_95hf_wrapper.o(i.WriteData), (648 bytes).
    Removing lib_95hf_wrapper.o(.data), (1 bytes).
    Removing misc.o(i.NVIC_SystemLPConfig), (24 bytes).
    Removing misc.o(i.SysTick_CLKSourceConfig), (24 bytes).
    Removing stm32f10x_crc.o(i.CRC_CalcBlockCRC), (28 bytes).
    Removing stm32f10x_crc.o(i.CRC_CalcCRC), (12 bytes).
    Removing stm32f10x_crc.o(i.CRC_GetCRC), (12 bytes).
    Removing stm32f10x_crc.o(i.CRC_GetIDRegister), (12 bytes).
    Removing stm32f10x_crc.o(i.CRC_ResetDR), (12 bytes).
    Removing stm32f10x_crc.o(i.CRC_SetIDRegister), (12 bytes).
    Removing stm32f10x_dma.o(i.DMA_ClearFlag), (24 bytes).
    Removing stm32f10x_dma.o(i.DMA_ClearITPendingBit), (24 bytes).
    Removing stm32f10x_dma.o(i.DMA_Cmd), (22 bytes).
    Removing stm32f10x_dma.o(i.DMA_DeInit), (228 bytes).
    Removing stm32f10x_dma.o(i.DMA_GetCurrDataCounter), (6 bytes).
    Removing stm32f10x_dma.o(i.DMA_GetFlagStatus), (32 bytes).
    Removing stm32f10x_dma.o(i.DMA_GetITStatus), (32 bytes).
    Removing stm32f10x_dma.o(i.DMA_ITConfig), (16 bytes).
    Removing stm32f10x_dma.o(i.DMA_Init), (58 bytes).
    Removing stm32f10x_dma.o(i.DMA_SetCurrDataCounter), (4 bytes).
    Removing stm32f10x_dma.o(i.DMA_StructInit), (26 bytes).
    Removing stm32f10x_exti.o(i.EXTI_ClearFlag), (12 bytes).
    Removing stm32f10x_exti.o(i.EXTI_DeInit), (36 bytes).
    Removing stm32f10x_exti.o(i.EXTI_GenerateSWInterrupt), (16 bytes).
    Removing stm32f10x_exti.o(i.EXTI_GetFlagStatus), (20 bytes).
    Removing stm32f10x_exti.o(i.EXTI_StructInit), (14 bytes).
    Removing stm32f10x_flash.o(i.FLASH_BootConfig), (92 bytes).
    Removing stm32f10x_flash.o(i.FLASH_ClearFlag), (20 bytes).
    Removing stm32f10x_flash.o(i.FLASH_EnableWriteProtection), (172 bytes).
    Removing stm32f10x_flash.o(i.FLASH_EraseAllBank1Pages), (56 bytes).
    Removing stm32f10x_flash.o(i.FLASH_EraseAllBank2Pages), (56 bytes).
    Removing stm32f10x_flash.o(i.FLASH_EraseAllPages), (88 bytes).
    Removing stm32f10x_flash.o(i.FLASH_EraseOptionBytes), (124 bytes).
    Removing stm32f10x_flash.o(i.FLASH_ErasePage), (112 bytes).
    Removing stm32f10x_flash.o(i.FLASH_GetBank1Status), (40 bytes).
    Removing stm32f10x_flash.o(i.FLASH_GetBank2Status), (40 bytes).
    Removing stm32f10x_flash.o(i.FLASH_GetFlagStatus), (40 bytes).
    Removing stm32f10x_flash.o(i.FLASH_GetPrefetchBufferStatus), (20 bytes).
    Removing stm32f10x_flash.o(i.FLASH_GetReadOutProtectionStatus), (20 bytes).
    Removing stm32f10x_flash.o(i.FLASH_GetStatus), (40 bytes).
    Removing stm32f10x_flash.o(i.FLASH_GetUserOptionByte), (12 bytes).
    Removing stm32f10x_flash.o(i.FLASH_GetWriteProtectionOptionByte), (12 bytes).
    Removing stm32f10x_flash.o(i.FLASH_HalfCycleAccessCmd), (24 bytes).
    Removing stm32f10x_flash.o(i.FLASH_ITConfig), (48 bytes).
    Removing stm32f10x_flash.o(i.FLASH_Lock), (24 bytes).
    Removing stm32f10x_flash.o(i.FLASH_LockBank1), (16 bytes).
    Removing stm32f10x_flash.o(i.FLASH_LockBank2), (16 bytes).
    Removing stm32f10x_flash.o(i.FLASH_PrefetchBufferCmd), (24 bytes).
    Removing stm32f10x_flash.o(i.FLASH_ProgramHalfWord), (96 bytes).
    Removing stm32f10x_flash.o(i.FLASH_ProgramOptionByteData), (76 bytes).
    Removing stm32f10x_flash.o(i.FLASH_ProgramWord), (268 bytes).
    Removing stm32f10x_flash.o(i.FLASH_ReadOutProtection), (136 bytes).
    Removing stm32f10x_flash.o(i.FLASH_SetLatency), (20 bytes).
    Removing stm32f10x_flash.o(i.FLASH_Unlock), (28 bytes).
    Removing stm32f10x_flash.o(i.FLASH_UnlockBank1), (24 bytes).
    Removing stm32f10x_flash.o(i.FLASH_UnlockBank2), (24 bytes).
    Removing stm32f10x_flash.o(i.FLASH_UserOptionByteConfig), (96 bytes).
    Removing stm32f10x_flash.o(i.FLASH_WaitForLastBank1Operation), (36 bytes).
    Removing stm32f10x_flash.o(i.FLASH_WaitForLastBank2Operation), (36 bytes).
    Removing stm32f10x_flash.o(i.FLASH_WaitForLastOperation), (36 bytes).
    Removing stm32f10x_gpio.o(i.GPIO_AFIODeInit), (22 bytes).
    Removing stm32f10x_gpio.o(i.GPIO_DeInit), (180 bytes).
    Removing stm32f10x_gpio.o(i.GPIO_ETH_MediaInterfaceConfig), (12 bytes).
    Removing stm32f10x_gpio.o(i.GPIO_EventOutputCmd), (12 bytes).
    Removing stm32f10x_gpio.o(i.GPIO_EventOutputConfig), (28 bytes).
    Removing stm32f10x_gpio.o(i.GPIO_PinLockConfig), (16 bytes).
    Removing stm32f10x_gpio.o(i.GPIO_PinRemapConfig), (88 bytes).
    Removing stm32f10x_gpio.o(i.GPIO_ReadOutputData), (6 bytes).
    Removing stm32f10x_gpio.o(i.GPIO_ReadOutputDataBit), (14 bytes).
    Removing stm32f10x_gpio.o(i.GPIO_StructInit), (16 bytes).
    Removing stm32f10x_gpio.o(i.GPIO_Write), (4 bytes).
    Removing stm32f10x_rcc.o(i.RCC_ADCCLKConfig), (20 bytes).
    Removing stm32f10x_rcc.o(i.RCC_AdjustHSICalibrationValue), (20 bytes).
    Removing stm32f10x_rcc.o(i.RCC_BackupResetCmd), (12 bytes).
    Removing stm32f10x_rcc.o(i.RCC_ClearFlag), (16 bytes).
    Removing stm32f10x_rcc.o(i.RCC_ClearITPendingBit), (12 bytes).
    Removing stm32f10x_rcc.o(i.RCC_ClockSecuritySystemCmd), (12 bytes).
    Removing stm32f10x_rcc.o(i.RCC_DeInit), (64 bytes).
    Removing stm32f10x_rcc.o(i.RCC_GetFlagStatus), (48 bytes).
    Removing stm32f10x_rcc.o(i.RCC_GetITStatus), (20 bytes).
    Removing stm32f10x_rcc.o(i.RCC_GetSYSCLKSource), (16 bytes).
    Removing stm32f10x_rcc.o(i.RCC_HCLKConfig), (20 bytes).
    Removing stm32f10x_rcc.o(i.RCC_HSEConfig), (52 bytes).
    Removing stm32f10x_rcc.o(i.RCC_HSICmd), (12 bytes).
    Removing stm32f10x_rcc.o(i.RCC_ITConfig), (24 bytes).
    Removing stm32f10x_rcc.o(i.RCC_LSEConfig), (32 bytes).
    Removing stm32f10x_rcc.o(i.RCC_LSICmd), (12 bytes).
    Removing stm32f10x_rcc.o(i.RCC_MCOConfig), (12 bytes).
    Removing stm32f10x_rcc.o(i.RCC_PCLK1Config), (20 bytes).
    Removing stm32f10x_rcc.o(i.RCC_PCLK2Config), (20 bytes).
    Removing stm32f10x_rcc.o(i.RCC_PLLCmd), (12 bytes).
    Removing stm32f10x_rcc.o(i.RCC_PLLConfig), (20 bytes).
    Removing stm32f10x_rcc.o(i.RCC_RTCCLKCmd), (12 bytes).
    Removing stm32f10x_rcc.o(i.RCC_RTCCLKConfig), (16 bytes).
    Removing stm32f10x_rcc.o(i.RCC_SYSCLKConfig), (20 bytes).
    Removing stm32f10x_rcc.o(i.RCC_USBCLKConfig), (12 bytes).
    Removing stm32f10x_rcc.o(i.RCC_WaitForHSEStartUp), (44 bytes).
    Removing stm32f10x_spi.o(i.I2S_Cmd), (20 bytes).
    Removing stm32f10x_spi.o(i.I2S_Init), (152 bytes).
    Removing stm32f10x_spi.o(i.I2S_StructInit), (18 bytes).
    Removing stm32f10x_spi.o(i.SPI_BiDirectionalLineConfig), (22 bytes).
    Removing stm32f10x_spi.o(i.SPI_CalculateCRC), (20 bytes).
    Removing stm32f10x_spi.o(i.SPI_DataSizeConfig), (16 bytes).
    Removing stm32f10x_spi.o(i.SPI_GetCRC), (12 bytes).
    Removing stm32f10x_spi.o(i.SPI_GetCRCPolynomial), (4 bytes).
    Removing stm32f10x_spi.o(i.SPI_I2S_ClearFlag), (6 bytes).
    Removing stm32f10x_spi.o(i.SPI_I2S_ClearITPendingBit), (14 bytes).
    Removing stm32f10x_spi.o(i.SPI_I2S_DMACmd), (16 bytes).
    Removing stm32f10x_spi.o(i.SPI_I2S_GetITStatus), (42 bytes).
    Removing stm32f10x_spi.o(i.SPI_I2S_ITConfig), (24 bytes).
    Removing stm32f10x_spi.o(i.SPI_NSSInternalSoftwareConfig), (24 bytes).
    Removing stm32f10x_spi.o(i.SPI_SSOutputCmd), (20 bytes).
    Removing stm32f10x_spi.o(i.SPI_TransmitCRC), (10 bytes).
    Removing stm32f10x_tim.o(i.TI1_Config), (108 bytes).
    Removing stm32f10x_tim.o(i.TI2_Config), (124 bytes).
    Removing stm32f10x_tim.o(i.TIM_ARRPreloadConfig), (20 bytes).
    Removing stm32f10x_tim.o(i.TIM_BDTRConfig), (34 bytes).
    Removing stm32f10x_tim.o(i.TIM_BDTRStructInit), (18 bytes).
    Removing stm32f10x_tim.o(i.TIM_CCPreloadControl), (20 bytes).
    Removing stm32f10x_tim.o(i.TIM_CCxCmd), (22 bytes).
    Removing stm32f10x_tim.o(i.TIM_CCxNCmd), (22 bytes).
    Removing stm32f10x_tim.o(i.TIM_ClearFlag), (6 bytes).
    Removing stm32f10x_tim.o(i.TIM_ClearOC1Ref), (12 bytes).
    Removing stm32f10x_tim.o(i.TIM_ClearOC2Ref), (20 bytes).
    Removing stm32f10x_tim.o(i.TIM_ClearOC3Ref), (12 bytes).
    Removing stm32f10x_tim.o(i.TIM_ClearOC4Ref), (20 bytes).
    Removing stm32f10x_tim.o(i.TIM_CounterModeConfig), (12 bytes).
    Removing stm32f10x_tim.o(i.TIM_CtrlPWMOutputs), (22 bytes).
    Removing stm32f10x_tim.o(i.TIM_DMACmd), (16 bytes).
    Removing stm32f10x_tim.o(i.TIM_DMAConfig), (8 bytes).
    Removing stm32f10x_tim.o(i.TIM_DeInit), (368 bytes).
    Removing stm32f10x_tim.o(i.TIM_ETRClockMode1Config), (18 bytes).
    Removing stm32f10x_tim.o(i.TIM_ETRClockMode2Config), (18 bytes).
    Removing stm32f10x_tim.o(i.TIM_ETRConfig), (24 bytes).
    Removing stm32f10x_tim.o(i.TIM_EncoderInterfaceConfig), (50 bytes).
    Removing stm32f10x_tim.o(i.TIM_ForcedOC1Config), (12 bytes).
    Removing stm32f10x_tim.o(i.TIM_ForcedOC2Config), (20 bytes).
    Removing stm32f10x_tim.o(i.TIM_ForcedOC3Config), (12 bytes).
    Removing stm32f10x_tim.o(i.TIM_ForcedOC4Config), (20 bytes).
    Removing stm32f10x_tim.o(i.TIM_GenerateEvent), (4 bytes).
    Removing stm32f10x_tim.o(i.TIM_GetCapture1), (4 bytes).
    Removing stm32f10x_tim.o(i.TIM_GetCapture2), (4 bytes).
    Removing stm32f10x_tim.o(i.TIM_GetCapture3), (4 bytes).
    Removing stm32f10x_tim.o(i.TIM_GetCapture4), (6 bytes).
    Removing stm32f10x_tim.o(i.TIM_GetCounter), (4 bytes).
    Removing stm32f10x_tim.o(i.TIM_GetFlagStatus), (14 bytes).
    Removing stm32f10x_tim.o(i.TIM_GetITStatus), (24 bytes).
    Removing stm32f10x_tim.o(i.TIM_GetPrescaler), (4 bytes).
    Removing stm32f10x_tim.o(i.TIM_ICInit), (300 bytes).
    Removing stm32f10x_tim.o(i.TIM_ICStructInit), (16 bytes).
    Removing stm32f10x_tim.o(i.TIM_ITRxExternalClockConfig), (18 bytes).
    Removing stm32f10x_tim.o(i.TIM_InternalClockConfig), (10 bytes).
    Removing stm32f10x_tim.o(i.TIM_OC1FastConfig), (12 bytes).
    Removing stm32f10x_tim.o(i.TIM_OC1Init), (128 bytes).
    Removing stm32f10x_tim.o(i.TIM_OC1NPolarityConfig), (12 bytes).
    Removing stm32f10x_tim.o(i.TIM_OC1PolarityConfig), (12 bytes).
    Removing stm32f10x_tim.o(i.TIM_OC1PreloadConfig), (12 bytes).
    Removing stm32f10x_tim.o(i.TIM_OC2FastConfig), (20 bytes).
    Removing stm32f10x_tim.o(i.TIM_OC2Init), (128 bytes).
    Removing stm32f10x_tim.o(i.TIM_OC2NPolarityConfig), (20 bytes).
    Removing stm32f10x_tim.o(i.TIM_OC2PolarityConfig), (20 bytes).
    Removing stm32f10x_tim.o(i.TIM_OC2PreloadConfig), (20 bytes).
    Removing stm32f10x_tim.o(i.TIM_OC3FastConfig), (12 bytes).
    Removing stm32f10x_tim.o(i.TIM_OC3Init), (124 bytes).
    Removing stm32f10x_tim.o(i.TIM_OC3NPolarityConfig), (20 bytes).
    Removing stm32f10x_tim.o(i.TIM_OC3PolarityConfig), (20 bytes).
    Removing stm32f10x_tim.o(i.TIM_OC3PreloadConfig), (12 bytes).
    Removing stm32f10x_tim.o(i.TIM_OC4FastConfig), (20 bytes).
    Removing stm32f10x_tim.o(i.TIM_OC4Init), (100 bytes).
    Removing stm32f10x_tim.o(i.TIM_OC4PolarityConfig), (20 bytes).
    Removing stm32f10x_tim.o(i.TIM_OC4PreloadConfig), (20 bytes).
    Removing stm32f10x_tim.o(i.TIM_OCStructInit), (20 bytes).
    Removing stm32f10x_tim.o(i.TIM_PWMIConfig), (108 bytes).
    Removing stm32f10x_tim.o(i.TIM_PrescalerConfig), (6 bytes).
    Removing stm32f10x_tim.o(i.TIM_SelectCCDMA), (20 bytes).
    Removing stm32f10x_tim.o(i.TIM_SelectCOM), (20 bytes).
    Removing stm32f10x_tim.o(i.TIM_SelectHallSensor), (20 bytes).
    Removing stm32f10x_tim.o(i.TIM_SelectInputTrigger), (12 bytes).
    Removing stm32f10x_tim.o(i.TIM_SelectMasterSlaveMode), (16 bytes).
    Removing stm32f10x_tim.o(i.TIM_SelectOCxM), (70 bytes).
    Removing stm32f10x_tim.o(i.TIM_SelectOnePulseMode), (16 bytes).
    Removing stm32f10x_tim.o(i.TIM_SelectOutputTrigger), (16 bytes).
    Removing stm32f10x_tim.o(i.TIM_SelectSlaveMode), (16 bytes).
    Removing stm32f10x_tim.o(i.TIM_SetAutoreload), (4 bytes).
    Removing stm32f10x_tim.o(i.TIM_SetClockDivision), (16 bytes).
    Removing stm32f10x_tim.o(i.TIM_SetCompare1), (4 bytes).
    Removing stm32f10x_tim.o(i.TIM_SetCompare2), (4 bytes).
    Removing stm32f10x_tim.o(i.TIM_SetCompare3), (4 bytes).
    Removing stm32f10x_tim.o(i.TIM_SetCompare4), (6 bytes).
    Removing stm32f10x_tim.o(i.TIM_SetIC1Prescaler), (16 bytes).
    Removing stm32f10x_tim.o(i.TIM_SetIC2Prescaler), (24 bytes).
    Removing stm32f10x_tim.o(i.TIM_SetIC3Prescaler), (16 bytes).
    Removing stm32f10x_tim.o(i.TIM_SetIC4Prescaler), (24 bytes).
    Removing stm32f10x_tim.o(i.TIM_TIxExternalClockConfig), (46 bytes).
    Removing stm32f10x_tim.o(i.TIM_TimeBaseStructInit), (18 bytes).
    Removing stm32f10x_tim.o(i.TIM_UpdateDisableConfig), (20 bytes).
    Removing stm32f10x_usart.o(i.USART_ClearFlag), (6 bytes).
    Removing stm32f10x_usart.o(i.USART_ClearITPendingBit), (12 bytes).
    Removing stm32f10x_usart.o(i.USART_ClockInit), (30 bytes).
    Removing stm32f10x_usart.o(i.USART_ClockStructInit), (12 bytes).
    Removing stm32f10x_usart.o(i.USART_DMACmd), (16 bytes).
    Removing stm32f10x_usart.o(i.USART_DeInit), (116 bytes).
    Removing stm32f10x_usart.o(i.USART_GetFlagStatus), (14 bytes).
    Removing stm32f10x_usart.o(i.USART_HalfDuplexCmd), (20 bytes).
    Removing stm32f10x_usart.o(i.USART_IrDACmd), (20 bytes).
    Removing stm32f10x_usart.o(i.USART_IrDAConfig), (16 bytes).
    Removing stm32f10x_usart.o(i.USART_LINBreakDetectLengthConfig), (16 bytes).
    Removing stm32f10x_usart.o(i.USART_LINCmd), (20 bytes).
    Removing stm32f10x_usart.o(i.USART_OneBitMethodCmd), (20 bytes).
    Removing stm32f10x_usart.o(i.USART_OverSampling8Cmd), (20 bytes).
    Removing stm32f10x_usart.o(i.USART_ReceiverWakeUpCmd), (20 bytes).
    Removing stm32f10x_usart.o(i.USART_SendBreak), (10 bytes).
    Removing stm32f10x_usart.o(i.USART_SendData), (8 bytes).
    Removing stm32f10x_usart.o(i.USART_SetAddress), (16 bytes).
    Removing stm32f10x_usart.o(i.USART_SetGuardTime), (16 bytes).
    Removing stm32f10x_usart.o(i.USART_SetPrescaler), (16 bytes).
    Removing stm32f10x_usart.o(i.USART_SmartCardCmd), (20 bytes).
    Removing stm32f10x_usart.o(i.USART_SmartCardNACKCmd), (20 bytes).
    Removing stm32f10x_usart.o(i.USART_StructInit), (22 bytes).
    Removing stm32f10x_usart.o(i.USART_WakeUpConfig), (16 bytes).
    Removing drv_lcdspi_ili9341.o(i.LCD_Clear), (48 bytes).
    Removing drv_lcdspi_ili9341.o(i.LCD_ClearLine), (44 bytes).
    Removing drv_lcdspi_ili9341.o(i.LCD_Clear_ActiveWindow), (44 bytes).
    Removing drv_lcdspi_ili9341.o(i.LCD_ClosedPolyLine), (2 bytes).
    Removing drv_lcdspi_ili9341.o(i.LCD_ClosedPolyLineRelative), (2 bytes).
    Removing drv_lcdspi_ili9341.o(i.LCD_CtrlLinesConfig), (2 bytes).
    Removing drv_lcdspi_ili9341.o(i.LCD_CtrlLinesConfig_ILI9341), (2 bytes).
    Removing drv_lcdspi_ili9341.o(i.LCD_DeInit), (2 bytes).
    Removing drv_lcdspi_ili9341.o(i.LCD_DisplayChar), (40 bytes).
    Removing drv_lcdspi_ili9341.o(i.LCD_DisplayOff), (10 bytes).
    Removing drv_lcdspi_ili9341.o(i.LCD_DisplayOn), (10 bytes).
    Removing drv_lcdspi_ili9341.o(i.LCD_DisplayRandomPic), (40 bytes).
    Removing drv_lcdspi_ili9341.o(i.LCD_DisplayStringLine), (44 bytes).
    Removing drv_lcdspi_ili9341.o(i.LCD_DisplayStringLineWSize), (84 bytes).
    Removing drv_lcdspi_ili9341.o(i.LCD_DrawChar), (184 bytes).
    Removing drv_lcdspi_ili9341.o(i.LCD_DrawCircle), (2 bytes).
    Removing drv_lcdspi_ili9341.o(i.LCD_DrawEllipse), (2 bytes).
    Removing drv_lcdspi_ili9341.o(i.LCD_DrawFullCircle), (2 bytes).
    Removing drv_lcdspi_ili9341.o(i.LCD_DrawFullEllipse), (2 bytes).
    Removing drv_lcdspi_ili9341.o(i.LCD_DrawFullRect), (64 bytes).
    Removing drv_lcdspi_ili9341.o(i.LCD_DrawLine), (80 bytes).
    Removing drv_lcdspi_ili9341.o(i.LCD_DrawMonoPict), (2 bytes).
    Removing drv_lcdspi_ili9341.o(i.LCD_DrawRect), (68 bytes).
    Removing drv_lcdspi_ili9341.o(i.LCD_DrawUniLine), (2 bytes).
    Removing drv_lcdspi_ili9341.o(i.LCD_FillPolyLine), (2 bytes).
    Removing drv_lcdspi_ili9341.o(i.LCD_FillTriangle), (8 bytes).
    Removing drv_lcdspi_ili9341.o(i.LCD_GetColors), (24 bytes).
    Removing drv_lcdspi_ili9341.o(i.LCD_Init), (22 bytes).
    Removing drv_lcdspi_ili9341.o(i.LCD_LayerInit), (2 bytes).
    Removing drv_lcdspi_ili9341.o(i.LCD_PolyLine), (2 bytes).
    Removing drv_lcdspi_ili9341.o(i.LCD_PolyLineRelative), (2 bytes).
    Removing drv_lcdspi_ili9341.o(i.LCD_PowerOn), (792 bytes).
    Removing drv_lcdspi_ili9341.o(i.LCD_ReSetColorKeying), (2 bytes).
    Removing drv_lcdspi_ili9341.o(i.LCD_SPIConfig), (188 bytes).
    Removing drv_lcdspi_ili9341.o(i.LCD_SetBackColor), (16 bytes).
    Removing drv_lcdspi_ili9341.o(i.LCD_SetColorKeying), (2 bytes).
    Removing drv_lcdspi_ili9341.o(i.LCD_SetColors), (28 bytes).
    Removing drv_lcdspi_ili9341.o(i.LCD_SetCursor), (112 bytes).
    Removing drv_lcdspi_ili9341.o(i.LCD_SetCursor_onwindows), (216 bytes).
    Removing drv_lcdspi_ili9341.o(i.LCD_SetDisplayWindow), (132 bytes).
    Removing drv_lcdspi_ili9341.o(i.LCD_SetLayer), (2 bytes).
    Removing drv_lcdspi_ili9341.o(i.LCD_SetTextColor), (16 bytes).
    Removing drv_lcdspi_ili9341.o(i.LCD_SetTransparency), (2 bytes).
    Removing drv_lcdspi_ili9341.o(i.LCD_Triangle), (2 bytes).
    Removing drv_lcdspi_ili9341.o(i.LCD_WindowModeDisable), (18 bytes).
    Removing drv_lcdspi_ili9341.o(i.LCD_WriteBMP), (2 bytes).
    Removing drv_lcdspi_ili9341.o(i.LCD_WriteBMP_FAT), (136 bytes).
    Removing drv_lcdspi_ili9341.o(i.LCD_WriteBMP_FAT_size), (128 bytes).
    Removing drv_lcdspi_ili9341.o(i.LCD_WriteRAM), (12 bytes).
    Removing drv_lcdspi_ili9341.o(i.LCD_WriteRAM_Close), (32 bytes).
    Removing drv_lcdspi_ili9341.o(i.LCD_WriteRAM_Prepare), (32 bytes).
    Removing drv_lcdspi_ili9341.o(i.LCD_nCS_StartByte), (44 bytes).
    Removing drv_lcdspi_ili9341.o(i.delay), (30 bytes).
    Removing drv_lcdspi_ili9341.o(.constdata), (4560 bytes).
    Removing drv_led.o(i.LED_AllOff), (36 bytes).
    Removing usb_init.o(i.USB_Init), (60 bytes).
    Removing usb_regs.o(i.ClearEPDoubleBuff), (40 bytes).
    Removing usb_regs.o(i.ClearEP_CTR_RX), (36 bytes).
    Removing usb_regs.o(i.ClearEP_CTR_TX), (32 bytes).
    Removing usb_regs.o(i.ClearEP_KIND), (40 bytes).
    Removing usb_regs.o(i.FreeUserBuffer), (84 bytes).
    Removing usb_regs.o(i.GetBTABLE), (12 bytes).
    Removing usb_regs.o(i.GetCNTR), (12 bytes).
    Removing usb_regs.o(i.GetDADDR), (12 bytes).
    Removing usb_regs.o(i.GetENDPOINT), (20 bytes).
    Removing usb_regs.o(i.GetEPAddress), (24 bytes).
    Removing usb_regs.o(i.GetEPDblBuf0Addr), (32 bytes).
    Removing usb_regs.o(i.GetEPDblBuf0Count), (36 bytes).
    Removing usb_regs.o(i.GetEPDblBuf1Addr), (32 bytes).
    Removing usb_regs.o(i.GetEPDblBuf1Count), (36 bytes).
    Removing usb_regs.o(i.GetEPDblBufDir), (72 bytes).
    Removing usb_regs.o(i.GetEPRxStatus), (24 bytes).
    Removing usb_regs.o(i.GetEPTxCount), (36 bytes).
    Removing usb_regs.o(i.GetEPTxStatus), (24 bytes).
    Removing usb_regs.o(i.GetEPType), (24 bytes).
    Removing usb_regs.o(i.GetFNR), (12 bytes).
    Removing usb_regs.o(i.GetISTR), (12 bytes).
    Removing usb_regs.o(i.GetRxStallStatus), (36 bytes).
    Removing usb_regs.o(i.GetTxStallStatus), (32 bytes).
    Removing usb_regs.o(i.SetCNTR), (12 bytes).
    Removing usb_regs.o(i.SetDADDR), (12 bytes).
    Removing usb_regs.o(i.SetDouBleBuffEPStall), (60 bytes).
    Removing usb_regs.o(i.SetENDPOINT), (16 bytes).
    Removing usb_regs.o(i.SetEPAddress), (44 bytes).
    Removing usb_regs.o(i.SetEPCountRxReg), (48 bytes).
    Removing usb_regs.o(i.SetEPDblBuf0Addr), (32 bytes).
    Removing usb_regs.o(i.SetEPDblBuf0Count), (104 bytes).
    Removing usb_regs.o(i.SetEPDblBuf1Addr), (36 bytes).
    Removing usb_regs.o(i.SetEPDblBuf1Count), (104 bytes).
    Removing usb_regs.o(i.SetEPDblBuffAddr), (52 bytes).
    Removing usb_regs.o(i.SetEPDblBuffCount), (196 bytes).
    Removing usb_regs.o(i.SetEPDoubleBuff), (44 bytes).
    Removing usb_regs.o(i.SetEPTxValid), (52 bytes).
    Removing usb_regs.o(i.SetEP_KIND), (44 bytes).
    Removing usb_regs.o(i.SetISTR), (12 bytes).
    Removing usb_regs.o(i.Set_Status_Out), (44 bytes).
    Removing usb_regs.o(i.ToWord), (8 bytes).
    Removing usb_regs.o(i.ToggleDTOG_RX), (40 bytes).
    Removing usb_regs.o(i.ToggleDTOG_TX), (40 bytes).
    Removing usb_pwr.o(i.PowerOff), (32 bytes).
    Removing usb_pwr.o(i.Resume), (176 bytes).
    Removing usb_pwr.o(i.Resume_Init), (36 bytes).
    Removing usb_pwr.o(i.Suspend), (40 bytes).
    Removing startup_stm32f10x_xl.o(HEAP), (1024 bytes).
    Removing core_cm3.o(.emb_text), (32 bytes).
    Removing system_stm32f10x.o(i.SystemCoreClockUpdate), (164 bytes).
    Removing usart.o(i._sys_exit), (6 bytes).
    Removing sys.o(.emb_text), (6 bytes).
    Removing sys.o(i.INTX_DISABLE), (4 bytes).
    Removing sys.o(i.INTX_ENABLE), (4 bytes).
    Removing sys.o(i.WFI_SET), (4 bytes).
    Removing lib_nfcdepinitiator.o(i.PCDNFCDEP_Atr), (548 bytes).
    Removing lib_nfcdepinitiator.o(i.PCDNFCDEP_Dep), (476 bytes).
    Removing lib_nfcdepinitiator.o(i.PCDNFCDEP_Dsl), (168 bytes).
    Removing lib_nfcdepinitiator.o(i.PCDNFCDEP_Init), (312 bytes).
    Removing lib_nfcdepinitiator.o(i.PCDNFCDEP_IsPresentNFCA), (68 bytes).
    Removing lib_nfcdepinitiator.o(i.PCDNFCDEP_IsPresentNFCF), (36 bytes).
    Removing lib_nfcdepinitiator.o(i.PCDNFCDEP_Psl), (404 bytes).
    Removing lib_nfcdepinitiator.o(i.PCDNFCDEP_ReqC), (152 bytes).
    Removing lib_nfcdepinitiator.o(i.PCDNFCDEP_Rls), (168 bytes).
    Removing lib_nfcdepinitiator.o(.bss), (1031 bytes).
    Removing lib_nfcdepinitiator.o(.data), (13 bytes).
    Removing lib_nfcdeptarget.o(i.PICCNFCDEP_Atr), (500 bytes).
    Removing lib_nfcdeptarget.o(i.PICCNFCDEP_CallBack), (24 bytes).
    Removing lib_nfcdeptarget.o(i.PICCNFCDEP_Dep), (408 bytes).
    Removing lib_nfcdeptarget.o(i.PICCNFCDEP_Dsl), (168 bytes).
    Removing lib_nfcdeptarget.o(i.PICCNFCDEP_Init), (164 bytes).
    Removing lib_nfcdeptarget.o(i.PICCNFCDEP_LLCPPaxCallBack), (24 bytes).
    Removing lib_nfcdeptarget.o(i.PICCNFCDEP_Psl), (356 bytes).
    Removing lib_nfcdeptarget.o(i.PICCNFCDEP_ReplyCommand), (188 bytes).
    Removing lib_nfcdeptarget.o(i.PICCNFCDEP_ReqC), (300 bytes).
    Removing lib_nfcdeptarget.o(i.PICCNFCDEP_Rls), (168 bytes).
    Removing lib_nfcdeptarget.o(.bss), (1048 bytes).
    Removing lib_nfcdeptarget.o(.data), (28 bytes).
    Removing lib_llcp.o(i.LLCP_AddService), (64 bytes).
    Removing lib_llcp.o(i.LLCP_Connect), (50 bytes).
    Removing lib_llcp.o(i.LLCP_ConnectService), (324 bytes).
    Removing lib_llcp.o(i.LLCP_DecodeHeader), (34 bytes).
    Removing lib_llcp.o(i.LLCP_Disconnect), (48 bytes).
    Removing lib_llcp.o(i.LLCP_GetLLC), (72 bytes).
    Removing lib_llcp.o(i.LLCP_GetService), (52 bytes).
    Removing lib_llcp.o(i.LLCP_HandlePDU), (424 bytes).
    Removing lib_llcp.o(i.LLCP_HandleTLVCONNECT), (110 bytes).
    Removing lib_llcp.o(i.LLCP_HandleTLVPAX), (208 bytes).
    Removing lib_llcp.o(i.LLCP_Init), (268 bytes).
    Removing lib_llcp.o(i.LLCP_NFCDEPdisconnect), (104 bytes).
    Removing lib_llcp.o(i.LLCP_RemoveConnection), (132 bytes).
    Removing lib_llcp.o(i.LLCP_RemoveService), (88 bytes).
    Removing lib_llcp.o(i.LLCP_Reply), (308 bytes).
    Removing lib_llcp.o(i.LLCP_ReplyToAGF), (24 bytes).
    Removing lib_llcp.o(i.LLCP_ReplyToCC), (112 bytes).
    Removing lib_llcp.o(i.LLCP_ReplyToCONNECT), (120 bytes).
    Removing lib_llcp.o(i.LLCP_ReplyToDISC), (18 bytes).
    Removing lib_llcp.o(i.LLCP_ReplyToDM), (48 bytes).
    Removing lib_llcp.o(i.LLCP_ReplyToFRMR), (24 bytes).
    Removing lib_llcp.o(i.LLCP_ReplyToI), (64 bytes).
    Removing lib_llcp.o(i.LLCP_ReplyToPAX), (76 bytes).
    Removing lib_llcp.o(i.LLCP_ReplyToRNR), (16 bytes).
    Removing lib_llcp.o(i.LLCP_ReplyToRR), (36 bytes).
    Removing lib_llcp.o(i.LLCP_ReplyToSNL), (6 bytes).
    Removing lib_llcp.o(i.LLCP_ReplyToSYMM), (16 bytes).
    Removing lib_llcp.o(i.LLCP_ReplyToUI), (64 bytes).
    Removing lib_llcp.o(i.LLCP_Send), (312 bytes).
    Removing lib_llcp.o(i.LLCP_SendCC), (38 bytes).
    Removing lib_llcp.o(i.LLCP_SendCONNECT), (66 bytes).
    Removing lib_llcp.o(i.LLCP_SendDISC), (48 bytes).
    Removing lib_llcp.o(i.LLCP_SendDM), (58 bytes).
    Removing lib_llcp.o(i.LLCP_SendFRMR), (8 bytes).
    Removing lib_llcp.o(i.LLCP_SendI), (178 bytes).
    Removing lib_llcp.o(i.LLCP_SendRNR), (6 bytes).
    Removing lib_llcp.o(i.LLCP_SendRR), (54 bytes).
    Removing lib_llcp.o(i.LLCP_SendReceiveTLVPAX), (26 bytes).
    Removing lib_llcp.o(i.LLCP_SendSNL), (6 bytes).
    Removing lib_llcp.o(i.LLCP_SendSYMM), (88 bytes).
    Removing lib_llcp.o(i.LLCP_SendUI), (6 bytes).
    Removing lib_llcp.o(i.LLCP_WritePAXTLV), (268 bytes).
    Removing lib_llcp.o(i.WritePDUHeader), (20 bytes).
    Removing lib_llcp.o(.bss), (1712 bytes).
    Removing lib_llcp.o(.data), (6 bytes).
    Removing lib_snep.o(i.SNEP_Connect2LLCPServer), (76 bytes).
    Removing lib_snep.o(i.SNEP_Disconnect2LLCPServer), (28 bytes).
    Removing lib_snep.o(i.SNEP_Init), (124 bytes).
    Removing lib_snep.o(i.SNEP_IsConnectionTerminated), (36 bytes).
    Removing lib_snep.o(i.SNEP_IsTransmissionComplete), (64 bytes).
    Removing lib_snep.o(i.SNEP_RemoveService), (60 bytes).
    Removing lib_snep.o(i.SNEP_RetrieveNDEF), (16 bytes).
    Removing lib_snep.o(i.SNEP_SendContinue), (64 bytes).
    Removing lib_snep.o(i.SNEP_SendNDEF), (84 bytes).
    Removing lib_snep.o(i.SNEP_SendPutCMD), (64 bytes).
    Removing lib_snep.o(i.SNEP_SendRES), (96 bytes).
    Removing lib_snep.o(i.Server_SNEP), (688 bytes).
    Removing lib_snep.o(.bss), (5168 bytes).
    Removing lib_snep.o(.data), (24 bytes).
    Removing dadd.o(.text), (334 bytes).
    Removing dmul.o(.text), (228 bytes).
    Removing ddiv.o(.text), (222 bytes).
    Removing dfixul.o(.text), (48 bytes).
    Removing cdrcmple.o(.text), (48 bytes).
    Removing depilogue.o(.text), (186 bytes).

722 unused section(s) (total 100984 bytes) removed from the image.

==============================================================================

Memory Map of the image

  Image Entry point : 0x00000000

  Load Region LR_IROM1 (Base: 0x08000000, Size: 0x000051c4, Max: 0x00080000, ABSOLUTE)

    Execution Region ER_IROM1 (Base: 0x08000000, Size: 0x00005010, Max: 0x00080000, ABSOLUTE)

    Base Addr    Size         Type   Attr      Idx    E Section Name        Object

    0x08000000   0x00000130   Data   RO         5715    RESET               startup_stm32f10x_xl.o
    0x08000130   0x00000000   Code   RO         6461  * .ARM.Collect$$$$00000000  mc_w.l(entry.o)
    0x08000130   0x00000004   Code   RO         6745    .ARM.Collect$$$$00000001  mc_w.l(entry2.o)
    0x08000134   0x00000004   Code   RO         6748    .ARM.Collect$$$$00000004  mc_w.l(entry5.o)
    0x08000138   0x00000000   Code   RO         6750    .ARM.Collect$$$$00000008  mc_w.l(entry7b.o)
    0x08000138   0x00000000   Code   RO         6752    .ARM.Collect$$$$0000000A  mc_w.l(entry8b.o)
    0x08000138   0x00000008   Code   RO         6753    .ARM.Collect$$$$0000000B  mc_w.l(entry9a.o)
    0x08000140   0x00000000   Code   RO         6755    .ARM.Collect$$$$0000000D  mc_w.l(entry10a.o)
    0x08000140   0x00000000   Code   RO         6757    .ARM.Collect$$$$0000000F  mc_w.l(entry11a.o)
    0x08000140   0x00000004   Code   RO         6746    .ARM.Collect$$$$00002712  mc_w.l(entry2.o)
    0x08000144   0x00000024   Code   RO         5716    .text               startup_stm32f10x_xl.o
    0x08000168   0x00000040   Code   RO         6466    .text               mc_w.l(memmovea.o)
    0x080001a8   0x00000024   Code   RO         6468    .text               mc_w.l(memseta.o)
    0x080001cc   0x00000062   Code   RO         6761    .text               mc_w.l(uldiv.o)
    0x0800022e   0x00000002   PAD
    0x08000230   0x00000024   Code   RO         6774    .text               mc_w.l(init.o)
    0x08000254   0x0000001e   Code   RO         6776    .text               mc_w.l(llshl.o)
    0x08000272   0x00000020   Code   RO         6778    .text               mc_w.l(llushr.o)
    0x08000292   0x00000004   Code   RO          618    i.BusFault_Handler  stm32f10x_it.o
    0x08000296   0x0000000c   Code   RO         4951    i.ByteSwap          usb_regs.o
    0x080002a2   0x00000002   PAD
    0x080002a4   0x00000054   Code   RO         5536    i.COMPOSITE_Data_Setup  usb_prop.o
    0x080002f8   0x00000014   Code   RO         5537    i.COMPOSITE_GetConfigDescriptor  usb_prop.o
    0x0800030c   0x00000014   Code   RO         5538    i.COMPOSITE_GetDeviceDescriptor  usb_prop.o
    0x08000320   0x00000028   Code   RO         5539    i.COMPOSITE_GetStringDescriptor  usb_prop.o
    0x08000348   0x00000016   Code   RO         5540    i.COMPOSITE_Get_Interface_Setting  usb_prop.o
    0x0800035e   0x00000006   Code   RO         5541    i.COMPOSITE_NoData_Setup  usb_prop.o
    0x08000364   0x000000bc   Code   RO         5542    i.COMPOSITE_Reset   usb_prop.o
    0x08000420   0x00000002   Code   RO         5543    i.COMPOSITE_Status_In  usb_prop.o
    0x08000422   0x00000002   Code   RO         5544    i.COMPOSITE_Status_Out  usb_prop.o
    0x08000424   0x00000024   Code   RO         5545    i.COMPOSITE_init    usb_prop.o
    0x08000448   0x000000c8   Code   RO         4903    i.CTR_HP            usb_int.o
    0x08000510   0x00000288   Code   RO         4904    i.CTR_LP            usb_int.o
    0x08000798   0x00000034   Code   RO         4952    i.ClearDTOG_RX      usb_regs.o
    0x080007cc   0x00000034   Code   RO         4953    i.ClearDTOG_TX      usb_regs.o
    0x08000800   0x00000028   Code   RO         4958    i.Clear_Status_Out  usb_regs.o
    0x08000828   0x00000002   Code   RO         5546    i.Composite_Device_ClearFeature  usb_prop.o
    0x0800082a   0x00000002   PAD
    0x0800082c   0x00000018   Code   RO         5547    i.Composite_Device_SetConfiguration  usb_prop.o
    0x08000844   0x00000002   Code   RO         5548    i.Composite_Device_SetDeviceAddress  usb_prop.o
    0x08000846   0x00000002   PAD
    0x08000848   0x00000060   Code   RO         2332    i.ConfigManager_HWInit  lib_configmanager.o
    0x080008a8   0x0000001c   Code   RO         2333    i.ConfigManager_IDN  lib_configmanager.o
    0x080008c4   0x00000010   Code   RO         2334    i.ConfigManager_Init  lib_configmanager.o
    0x080008d4   0x0000005c   Code   RO         2340    i.ConfigManager_PORsequence  lib_configmanager.o
    0x08000930   0x0000000c   Code   RO         2343    i.ConfigManager_Stop  lib_configmanager.o
    0x0800093c   0x000000c0   Code   RO         4758    i.DataStageIn       usb_core.o
    0x080009fc   0x000000bc   Code   RO         4759    i.DataStageOut      usb_core.o
    0x08000ab8   0x00000298   Code   RO         4760    i.Data_Setup0       usb_core.o
    0x08000d50   0x00000002   Code   RO          619    i.DebugMon_Handler  stm32f10x_it.o
    0x08000d52   0x00000002   Code   RO         5348    i.EP1_IN_Callback   usb_endp.o
    0x08000d54   0x00000002   Code   RO         5349    i.EP2_IN_Callback   usb_endp.o
    0x08000d56   0x00000002   Code   RO         5350    i.EP2_OUT_Callback  usb_endp.o
    0x08000d58   0x00000008   Code   RO         5351    i.EP3_IN_Callback   usb_endp.o
    0x08000d60   0x00000008   Code   RO         5352    i.EP3_OUT_Callback  usb_endp.o
    0x08000d68   0x00000044   Code   RO          620    i.EXTI15_10_IRQHandler  stm32f10x_it.o
    0x08000dac   0x00000058   Code   RO          621    i.EXTI4_IRQHandler  stm32f10x_it.o
    0x08000e04   0x000000fc   Code   RO          622    i.EXTI9_5_IRQHandler  stm32f10x_it.o
    0x08000f00   0x0000000c   Code   RO         2936    i.EXTI_ClearITPendingBit  stm32f10x_exti.o
    0x08000f0c   0x00000020   Code   RO         2940    i.EXTI_GetITStatus  stm32f10x_exti.o
    0x08000f2c   0x00000070   Code   RO         2941    i.EXTI_Init         stm32f10x_exti.o
    0x08000f9c   0x00000028   Code   RO         3199    i.GPIO_EXTILineConfig  stm32f10x_gpio.o
    0x08000fc4   0x000000a2   Code   RO         3202    i.GPIO_Init         stm32f10x_gpio.o
    0x08001066   0x00000006   Code   RO         3205    i.GPIO_ReadInputData  stm32f10x_gpio.o
    0x0800106c   0x0000000e   Code   RO         3206    i.GPIO_ReadInputDataBit  stm32f10x_gpio.o
    0x0800107a   0x00000004   Code   RO         3209    i.GPIO_ResetBits    stm32f10x_gpio.o
    0x0800107e   0x00000004   Code   RO         3210    i.GPIO_SetBits      stm32f10x_gpio.o
    0x08001082   0x0000000a   Code   RO         3213    i.GPIO_WriteBit     stm32f10x_gpio.o
    0x0800108c   0x00000020   Code   RO         4970    i.GetEPRxAddr       usb_regs.o
    0x080010ac   0x00000024   Code   RO         4971    i.GetEPRxCount      usb_regs.o
    0x080010d0   0x00000020   Code   RO         4973    i.GetEPTxAddr       usb_regs.o
    0x080010f0   0x0000002c   Code   RO         5390    i.HID_Allow512bytesBuffer  usb_hid.o
    0x0800111c   0x00000032   Code   RO         5391    i.HID_CalibrateTagDetection  usb_hid.o
    0x0800114e   0x00000002   PAD
    0x08001150   0x0000011c   Code   RO         5392    i.HID_ChainedCommand  usb_hid.o
    0x0800126c   0x000000dc   Code   RO         5393    i.HID_ChainedResponse  usb_hid.o
    0x08001348   0x00000024   Code   RO         5394    i.HID_ConfigureTypeBPrime  usb_hid.o
    0x0800136c   0x00000002   Code   RO         5395    i.HID_Data_In       usb_hid.o
    0x0800136e   0x00000002   PAD
    0x08001370   0x000000d8   Code   RO         5396    i.HID_Data_Out      usb_hid.o
    0x08001448   0x00000028   Code   RO         5397    i.HID_GetHardwareVersion  usb_hid.o
    0x08001470   0x0000001c   Code   RO         5398    i.HID_GetIRQOutState  usb_hid.o
    0x0800148c   0x00000014   Code   RO         5399    i.HID_GetInterfaceBus  usb_hid.o
    0x080014a0   0x00000024   Code   RO         5400    i.HID_GetMCUversion  usb_hid.o
    0x080014c4   0x00000100   Code   RO         5401    i.HID_GetTagDetectionRefValue  usb_hid.o
    0x080015c4   0x00000078   Code   RO         5402    i.HID_GotoTagDetectingState  usb_hid.o
    0x0800163c   0x00000022   Code   RO         5403    i.HID_IsWakeUp      usb_hid.o
    0x0800165e   0x0000001a   Code   RO         5404    i.HID_IsWakeUpByTagDetecting  usb_hid.o
    0x08001678   0x00000018   Code   RO         5405    i.HID_IsWakeUpByTimeOut  usb_hid.o
    0x08001690   0x00000050   Code   RO         5406    i.HID_MultiTagResPart2  usb_hid.o
    0x080016e0   0x00000014   Code   RO         5549    i.HID_Report        usb_prop.o
    0x080016f4   0x0000001c   Code   RO         5407    i.HID_Reset95HF     usb_hid.o
    0x08001710   0x0000007c   Code   RO         5408    i.HID_Run15693Anticollision  usb_hid.o
    0x0800178c   0x00000078   Code   RO         5409    i.HID_RunInventoty16slots  usb_hid.o
    0x08001804   0x0000006e   Code   RO         5410    i.HID_RunMultiTagHunting  usb_hid.o
    0x08001872   0x00000122   Code   RO         5411    i.HID_SendCustomCommand  usb_hid.o
    0x08001994   0x00000014   Code   RO         5412    i.HID_StartTagTraking  usb_hid.o
    0x080019a8   0x00000004   Code   RO          623    i.HardFault_Handler  stm32f10x_it.o
    0x080019ac   0x00000008   Code   RO          925    i.IRQOut_Config     drv_interrupt.o
    0x080019b4   0x0000005c   Code   RO          926    i.IRQOut_GPIO_Config  drv_interrupt.o
    0x08001a10   0x000002b8   Code   RO         1263    i.ISO14443A_AC      lib_iso14443apcd.o
    0x08001cc8   0x000000d0   Code   RO         1264    i.ISO14443A_ACLevel1  lib_iso14443apcd.o
    0x08001d98   0x000000d8   Code   RO         1265    i.ISO14443A_ACLevel2  lib_iso14443apcd.o
    0x08001e70   0x000000a0   Code   RO         1266    i.ISO14443A_ACLevel3  lib_iso14443apcd.o
    0x08001f10   0x00000040   Code   RO         1268    i.ISO14443A_CompleteStructure  lib_iso14443apcd.o
    0x08001f50   0x0000001c   Code   RO         1272    i.ISO14443A_HLTA    lib_iso14443apcd.o
    0x08001f6c   0x00000020   Code   RO         1274    i.ISO14443A_InitStructure  lib_iso14443apcd.o
    0x08001f8c   0x00000044   Code   RO         1275    i.ISO14443A_IsPresent  lib_iso14443apcd.o
    0x08001fd0   0x00000078   Code   RO         1276    i.ISO14443A_MultiAnticollision  lib_iso14443apcd.o
    0x08002048   0x000000e0   Code   RO         1277    i.ISO14443A_MultiTagHunting  lib_iso14443apcd.o
    0x08002128   0x0000002c   Code   RO         1278    i.ISO14443A_MultiTagPart2  lib_iso14443apcd.o
    0x08002154   0x0000003c   Code   RO         1280    i.ISO14443A_REQA    lib_iso14443apcd.o
    0x08002190   0x00000040   Code   RO         1455    i.ISO15693_CRC16    lib_iso15693pcd.o
    0x080021d0   0x00000010   Code   RO         1464    i.ISO15693_GetSelectOrAFIFlag  lib_iso15693pcd.o
    0x080021e0   0x00000136   Code   RO         1469    i.ISO15693_Inventory  lib_iso15693pcd.o
    0x08002316   0x000000b8   Code   RO         1470    i.ISO15693_Inventory16Slots  lib_iso15693pcd.o
    0x080023ce   0x00000032   Code   RO         1471    i.ISO15693_InventoryOneSlot  lib_iso15693pcd.o
    0x08002400   0x00000026   Code   RO         1472    i.ISO15693_IsATagInTheField  lib_iso15693pcd.o
    0x08002426   0x00000012   Code   RO         1473    i.ISO15693_IsAddressOrNbSlotsFlag  lib_iso15693pcd.o
    0x08002438   0x0000001a   Code   RO         1474    i.ISO15693_IsCollisionDetected  lib_iso15693pcd.o
    0x08002452   0x0000002a   Code   RO         1475    i.ISO15693_IsCorrectCRC16Residue  lib_iso15693pcd.o
    0x0800247c   0x00000012   Code   RO         1476    i.ISO15693_IsInventoryFlag  lib_iso15693pcd.o
    0x0800248e   0x00000002   PAD
    0x08002490   0x00000200   Code   RO         1482    i.ISO15693_RunAntiCollision  lib_iso15693pcd.o
    0x08002690   0x000000c0   Code   RO         1483    i.ISO15693_RunInventory16slots  lib_iso15693pcd.o
    0x08002750   0x0000001e   Code   RO         1484    i.ISO15693_SendEOF  lib_iso15693pcd.o
    0x0800276e   0x0000005c   Code   RO         1485    i.ISO15693_SplitInventoryResponse  lib_iso15693pcd.o
    0x080027ca   0x00000072   Code   RO         1486    i.ISO15693_StayQuiet  lib_iso15693pcd.o
    0x0800283c   0x00000070   Code   RO         4761    i.In0_Process       usb_core.o
    0x080028ac   0x000000b4   Code   RO          517    i.Interrupts_Config  hw_config.o
    0x08002960   0x00000024   Code   RO         4367    i.LCD_ChipSelect    drv_lcdspi_ili9341.o
    0x08002984   0x00000014   Code   RO         4375    i.LCD_CtrlLinesWrite  drv_lcdspi_ili9341.o
    0x08002998   0x00000024   Code   RO         4402    i.LCD_Rotate        drv_lcdspi_ili9341.o
    0x080029bc   0x0000003c   Code   RO         4418    i.LCD_WriteCommand  drv_lcdspi_ili9341.o
    0x080029f8   0x0000003c   Code   RO         4419    i.LCD_WriteData     drv_lcdspi_ili9341.o
    0x08002a34   0x00000040   Code   RO         4725    i.LED_Config        drv_led.o
    0x08002a74   0x00000018   Code   RO         4726    i.LED_Off           drv_led.o
    0x08002a8c   0x00000018   Code   RO         4727    i.LED_On            drv_led.o
    0x08002aa4   0x00000004   Code   RO          624    i.MemManage_Handler  stm32f10x_it.o
    0x08002aa8   0x00000002   Code   RO          625    i.NMI_Handler       stm32f10x_it.o
    0x08002aaa   0x00000002   Code   RO         4762    i.NOP_Process       usb_core.o
    0x08002aac   0x00000064   Code   RO         2785    i.NVIC_Init         misc.o
    0x08002b10   0x00000014   Code   RO         2786    i.NVIC_PriorityGroupConfig  misc.o
    0x08002b24   0x00000014   Code   RO         2787    i.NVIC_SetVectorTable  misc.o
    0x08002b38   0x00000138   Code   RO         4763    i.NoData_Setup0     usb_core.o
    0x08002c70   0x00000050   Code   RO         4764    i.Out0_Process      usb_core.o
    0x08002cc0   0x0000001c   Code   RO         1699    i.PCD_Echo          lib_pcd.o
    0x08002cdc   0x00000030   Code   RO         1702    i.PCD_Idle          lib_pcd.o
    0x08002d0c   0x000000fe   Code   RO         1704    i.PCD_IsReaderResultCodeOk  lib_pcd.o
    0x08002e0a   0x00000002   PAD
    0x08002e0c   0x00000078   Code   RO         1705    i.PCD_PORsequence   lib_pcd.o
    0x08002e84   0x0000001c   Code   RO         1708    i.PCD_SendEOF       lib_pcd.o
    0x08002ea0   0x00000062   Code   RO         1709    i.PCD_SendRecv      lib_pcd.o
    0x08002f02   0x00000002   PAD
    0x08002f04   0x00000028   Code   RO         4933    i.PMAToUserBufferCopy  usb_mem.o
    0x08002f2c   0x00000002   Code   RO          626    i.PendSV_Handler    stm32f10x_it.o
    0x08002f2e   0x00000002   PAD
    0x08002f30   0x00000048   Code   RO         4765    i.Post0_Process     usb_core.o
    0x08002f78   0x00000038   Code   RO         5651    i.PowerOn           usb_pwr.o
    0x08002fb0   0x00000018   Code   RO         3311    i.RCC_AHBPeriphClockCmd  stm32f10x_rcc.o
    0x08002fc8   0x00000018   Code   RO         3312    i.RCC_APB1PeriphClockCmd  stm32f10x_rcc.o
    0x08002fe0   0x00000018   Code   RO         3313    i.RCC_APB1PeriphResetCmd  stm32f10x_rcc.o
    0x08002ff8   0x00000018   Code   RO         3314    i.RCC_APB2PeriphClockCmd  stm32f10x_rcc.o
    0x08003010   0x00000018   Code   RO         3315    i.RCC_APB2PeriphResetCmd  stm32f10x_rcc.o
    0x08003028   0x00000090   Code   RO         3322    i.RCC_GetClocksFreq  stm32f10x_rcc.o
    0x080030b8   0x00000014   Code   RO         3515    i.SPI_Cmd           stm32f10x_spi.o
    0x080030cc   0x00000054   Code   RO         3522    i.SPI_I2S_DeInit    stm32f10x_spi.o
    0x08003120   0x0000000e   Code   RO         3523    i.SPI_I2S_GetFlagStatus  stm32f10x_spi.o
    0x0800312e   0x00000004   Code   RO         3526    i.SPI_I2S_ReceiveData  stm32f10x_spi.o
    0x08003132   0x00000004   Code   RO         3527    i.SPI_I2S_SendData  stm32f10x_spi.o
    0x08003136   0x00000038   Code   RO         3528    i.SPI_Init          stm32f10x_spi.o
    0x0800316e   0x00000036   Code   RO          896    i.SPI_SendReceiveBuffer  drv_spi.o
    0x080031a4   0x00000034   Code   RO          897    i.SPI_SendReceiveByte  drv_spi.o
    0x080031d8   0x00000018   Code   RO         3531    i.SPI_StructInit    stm32f10x_spi.o
    0x080031f0   0x00000002   Code   RO          627    i.SVC_Handler       stm32f10x_it.o
    0x080031f2   0x00000002   PAD
    0x080031f4   0x00000034   Code   RO          927    i.SendSPINSSPulse   drv_interrupt.o
    0x08003228   0x00000010   Code   RO         4981    i.SetBTABLE         usb_regs.o
    0x08003238   0x00000050   Code   RO         4766    i.SetDeviceAddress  usb_core.o
    0x08003288   0x00000024   Code   RO         4995    i.SetEPRxAddr       usb_regs.o
    0x080032ac   0x0000004c   Code   RO         4996    i.SetEPRxCount      usb_regs.o
    0x080032f8   0x00000040   Code   RO         4997    i.SetEPRxStatus     usb_regs.o
    0x08003338   0x00000034   Code   RO         4998    i.SetEPRxValid      usb_regs.o
    0x0800336c   0x00000020   Code   RO         4999    i.SetEPTxAddr       usb_regs.o
    0x0800338c   0x0000001c   Code   RO         5000    i.SetEPTxCount      usb_regs.o
    0x080033a8   0x00000040   Code   RO         5001    i.SetEPTxStatus     usb_regs.o
    0x080033e8   0x00000024   Code   RO         5003    i.SetEPType         usb_regs.o
    0x0800340c   0x00000008   Code   RO         5731    i.SetSysClock       system_stm32f10x.o
    0x08003414   0x000000e0   Code   RO         5732    i.SetSysClockTo72   system_stm32f10x.o
    0x080034f4   0x00000010   Code   RO          519    i.Set_System        hw_config.o
    0x08003504   0x000000b8   Code   RO         4767    i.Setup0_Process    usb_core.o
    0x080035bc   0x0000016c   Code   RO         4768    i.Standard_ClearFeature  usb_core.o
    0x08003728   0x0000002c   Code   RO         4769    i.Standard_GetConfiguration  usb_core.o
    0x08003754   0x00000024   Code   RO         4770    i.Standard_GetDescriptorData  usb_core.o
    0x08003778   0x0000002c   Code   RO         4771    i.Standard_GetInterface  usb_core.o
    0x080037a4   0x00000100   Code   RO         4772    i.Standard_GetStatus  usb_core.o
    0x080038a4   0x00000048   Code   RO         4773    i.Standard_SetConfiguration  usb_core.o
    0x080038ec   0x00000028   Code   RO         4774    i.Standard_SetDeviceFeature  usb_core.o
    0x08003914   0x000000d0   Code   RO         4775    i.Standard_SetEndPointFeature  usb_core.o
    0x080039e4   0x0000006c   Code   RO         4776    i.Standard_SetInterface  usb_core.o
    0x08003a50   0x0000002c   Code   RO          929    i.StartTimeOut      drv_interrupt.o
    0x08003a7c   0x00000010   Code   RO          931    i.StopTimeOut       drv_interrupt.o
    0x08003a8c   0x00000010   Code   RO          628    i.SysTick_Handler   stm32f10x_it.o
    0x08003a9c   0x00000060   Code   RO         5734    i.SystemInit        system_stm32f10x.o
    0x08003afc   0x00000010   Code   RO          629    i.TIM2_IRQHandler   stm32f10x_it.o
    0x08003b0c   0x0000003c   Code   RO          932    i.TIM3_IRQHandler   drv_interrupt.o
    0x08003b48   0x0000003c   Code   RO          933    i.TIM4_IRQHandler   drv_interrupt.o
    0x08003b84   0x00000006   Code   RO         3663    i.TIM_ClearITPendingBit  stm32f10x_tim.o
    0x08003b8a   0x00000014   Code   RO         3668    i.TIM_Cmd           stm32f10x_tim.o
    0x08003b9e   0x00000010   Code   RO         3693    i.TIM_ITConfig      stm32f10x_tim.o
    0x08003bae   0x00000004   Code   RO         3733    i.TIM_SetCounter    stm32f10x_tim.o
    0x08003bb2   0x00000002   PAD
    0x08003bb4   0x0000009c   Code   RO         3739    i.TIM_TimeBaseInit  stm32f10x_tim.o
    0x08003c50   0x00000014   Code   RO         3742    i.TIM_UpdateRequestConfig  stm32f10x_tim.o
    0x08003c64   0x0000004c   Code   RO          521    i.TimerDelay_ms_Config  hw_config.o
    0x08003cb0   0x0000004a   Code   RO          522    i.TimerDelay_us_Config  hw_config.o
    0x08003cfa   0x0000000c   Code   RO          523    i.Timer_Config      hw_config.o
    0x08003d06   0x0000000c   Code   RO          524    i.Timer_RCC_Config  hw_config.o
    0x08003d12   0x0000004a   Code   RO          525    i.Timer_Structure_Config  hw_config.o
    0x08003d5c   0x00000088   Code   RO         5765    i.USART1_IRQHandler  usart.o
    0x08003de4   0x00000014   Code   RO         4191    i.USART_Cmd         stm32f10x_usart.o
    0x08003df8   0x0000003e   Code   RO         4195    i.USART_GetITStatus  stm32f10x_usart.o
    0x08003e36   0x00000030   Code   RO         4197    i.USART_ITConfig    stm32f10x_usart.o
    0x08003e66   0x00000002   PAD
    0x08003e68   0x000000b0   Code   RO         4198    i.USART_Init        stm32f10x_usart.o
    0x08003f18   0x00000008   Code   RO         4205    i.USART_ReceiveData  stm32f10x_usart.o
    0x08003f20   0x0000002c   Code   RO          527    i.USB_Disconnect_Config  hw_config.o
    0x08003f4c   0x00000008   Code   RO          630    i.USB_HP_CAN1_TX_IRQHandler  stm32f10x_it.o
    0x08003f54   0x00000050   Code   RO         5518    i.USB_Istr          usb_istr.o
    0x08003fa4   0x00000008   Code   RO          631    i.USB_LP_CAN1_RX0_IRQHandler  stm32f10x_it.o
    0x08003fac   0x00000024   Code   RO         5311    i.USB_SIL_Init      usb_sil.o
    0x08003fd0   0x0000002e   Code   RO         5312    i.USB_SIL_Read      usb_sil.o
    0x08003ffe   0x0000002e   Code   RO         5313    i.USB_SIL_Write     usb_sil.o
    0x0800402c   0x00000004   Code   RO          632    i.UsageFault_Handler  stm32f10x_it.o
    0x08004030   0x00000038   Code   RO         4934    i.UserToPMABufferCopy  usb_mem.o
    0x08004068   0x00000020   Code   RO         6691    i.__0printf$8       mc_w.l(printf8.o)
    0x08004088   0x00000410   Code   RO         6698    i._printf_core      mc_w.l(printf8.o)
    0x08004498   0x00000024   Code   RO         6699    i._printf_post_padding  mc_w.l(printf8.o)
    0x080044bc   0x0000002e   Code   RO         6700    i._printf_pre_padding  mc_w.l(printf8.o)
    0x080044ea   0x00000002   PAD
    0x080044ec   0x00000018   Code   RO          528    i.decrement_delay   hw_config.o
    0x08004504   0x00000078   Code   RO          529    i.delayHighPriority_ms  hw_config.o
    0x0800457c   0x0000003c   Code   RO          530    i.delay_ms          hw_config.o
    0x080045b8   0x00000038   Code   RO          531    i.delay_us          hw_config.o
    0x080045f0   0x00000014   Code   RO          765    i.drv95HF_EnableInterrupt  drv_95hf.o
    0x08004604   0x00000068   Code   RO          766    i.drv95HF_GPIOConfigSPI  drv_95hf.o
    0x0800466c   0x00000014   Code   RO          768    i.drv95HF_GetInterfacePinState  drv_95hf.o
    0x08004680   0x0000000c   Code   RO          769    i.drv95HF_GetSerialInterface  drv_95hf.o
    0x0800468c   0x0000001c   Code   RO          771    i.drv95HF_InitConfigStructure  drv_95hf.o
    0x080046a8   0x0000001c   Code   RO          772    i.drv95HF_InitializeSPI  drv_95hf.o
    0x080046c4   0x00000018   Code   RO          773    i.drv95HF_InitilizeSerialInterface  drv_95hf.o
    0x080046dc   0x00000034   Code   RO          774    i.drv95HF_PoolingReading  drv_95hf.o
    0x08004710   0x00000014   Code   RO          775    i.drv95HF_RCCConfigSPI  drv_95hf.o
    0x08004724   0x000000b0   Code   RO          776    i.drv95HF_ReceiveSPIResponse  drv_95hf.o
    0x080047d4   0x0000004c   Code   RO          777    i.drv95HF_ResetSPI  drv_95hf.o
    0x08004820   0x000000b0   Code   RO          778    i.drv95HF_SPIPollingCommand  drv_95hf.o
    0x080048d0   0x00000048   Code   RO          780    i.drv95HF_SendIRQINPulse  drv_95hf.o
    0x08004918   0x00000050   Code   RO          781    i.drv95HF_SendReceive  drv_95hf.o
    0x08004968   0x00000070   Code   RO          782    i.drv95HF_SendSPICommand  drv_95hf.o
    0x080049d8   0x00000010   Code   RO          783    i.drv95HF_SendSPIResetByte  drv_95hf.o
    0x080049e8   0x00000044   Code   RO          784    i.drv95HF_StructureConfigSPI  drv_95hf.o
    0x08004a2c   0x00000054   Code   RO          934    i.drvInt_AppliTimeoutTimerConfig  drv_interrupt.o
    0x08004a80   0x00000038   Code   RO          936    i.drvInt_Enable_RFEvent_IRQ  drv_interrupt.o
    0x08004ab8   0x00000034   Code   RO          937    i.drvInt_Enable_Reply_IRQ  drv_interrupt.o
    0x08004aec   0x0000004c   Code   RO          938    i.drvInt_TimeoutTimerConfig  drv_interrupt.o
    0x08004b38   0x0000001c   Code   RO         5767    i.fputc             usart.o
    0x08004b54   0x000000d8   Code   RO            2    i.main              main.o
    0x08004c2c   0x000000a0   Code   RO         5768    i.uart_init         usart.o
    0x08004ccc   0x0000001e   Data   RO         4728    .constdata          drv_led.o
    0x08004cea   0x0000019a   Data   RO         5335    .constdata          usb_desc.o
    0x08004e84   0x0000018a   Data   RO         5413    .constdata          usb_hid.o
    0x0800500e   0x00000002   PAD
    0x08005010   0x00000000   Data   RO         6784    Region$$Table       anon$$obj.o


    Execution Region RW_IRAM1 (Base: 0x20000000, Size: 0x00007b28, Max: 0x00018000, ABSOLUTE)

    Base Addr    Size         Type   Attr      Idx    E Section Name        Object

    0x20000000   0x00000011   Data   RW            5    .data               main.o
    0x20000011   0x00000001   PAD
    0x20000012   0x00000002   Data   RW          532    .data               hw_config.o
    0x20000014   0x0000000c   Data   RW          633    .data               stm32f10x_it.o
    0x20000020   0x00000007   Data   RW          786    .data               drv_95hf.o
    0x20000027   0x00000001   PAD
    0x20000028   0x00000004   Data   RW          939    .data               drv_interrupt.o
    0x2000002c   0x00000006   Data   RW         1284    .data               lib_iso14443apcd.o
    0x20000032   0x00000008   Data   RW         2348    .data               lib_configmanager.o
    0x2000003a   0x00000014   Data   RW         3342    .data               stm32f10x_rcc.o
    0x2000004e   0x0000000a   Data   RW         4426    .data               drv_lcdspi_ili9341.o
    0x20000058   0x00000014   Data   RW         4729    .data               drv_led.o
    0x2000006c   0x00000003   Data   RW         4777    .data               usb_core.o
    0x2000006f   0x00000001   PAD
    0x20000070   0x00000014   Data   RW         4882    .data               usb_init.o
    0x20000084   0x00000004   Data   RW         4905    .data               usb_int.o
    0x20000088   0x00000034   Data   RW         5336    .data               usb_desc.o
    0x200000bc   0x00000006   Data   RW         5414    .data               usb_hid.o
    0x200000c2   0x00000002   PAD
    0x200000c4   0x0000003c   Data   RW         5519    .data               usb_istr.o
    0x20000100   0x00000090   Data   RW         5550    .data               usb_prop.o
    0x20000190   0x00000007   Data   RW         5655    .data               usb_pwr.o
    0x20000197   0x00000001   PAD
    0x20000198   0x00000014   Data   RW         5735    .data               system_stm32f10x.o
    0x200001ac   0x00000006   Data   RW         5770    .data               usart.o
    0x200001b2   0x00000002   PAD
    0x200001b4   0x00006a9a   Zero   RW            3    .bss                main.o
    0x20006c4e   0x00000211   Zero   RW          785    .bss                drv_95hf.o
    0x20006e5f   0x000003a6   Zero   RW         1282    .bss                lib_iso14443apcd.o
    0x20007205   0x00000003   PAD
    0x20007208   0x0000001c   Zero   RW         4881    .bss                usb_init.o
    0x20007224   0x00000100   Zero   RW         5769    .bss                usart.o
    0x20007324   0x00000004   PAD
    0x20007328   0x00000800   Zero   RW         5713    STACK               startup_stm32f10x_xl.o

