Component: ARM Compiler 5.05 update 1 (build 106) Tool: armlink [4d0efa]

==============================================================================

Section Cross References

    main.o(i.EVAL_ST95HF_HwUsed) refers to stm32f10x_rcc.o(i.RCC_APB2PeriphClockCmd) for RCC_APB2PeriphClockCmd
    main.o(i.EVAL_ST95HF_HwUsed) refers to stm32f10x_gpio.o(i.GPIO_Init) for GPIO_Init
    main.o(i.EVAL_ST95HF_HwUsed) refers to stm32f10x_gpio.o(i.GPIO_ReadInputData) for GPIO_ReadInputData
    main.o(i.main) refers to misc.o(i.NVIC_SetVectorTable) for NVIC_SetVectorTable
    main.o(i.main) refers to hw_config.o(i.Set_System) for Set_System
    main.o(i.main) refers to stm32f10x_rcc.o(i.RCC_AHBPeriphClockCmd) for RCC_AHBPeriphClockCmd
    main.o(i.main) refers to hw_config.o(i.Interrupts_Config) for Interrupts_Config
    main.o(i.main) refers to hw_config.o(i.Timer_Config) for Timer_Config
    main.o(i.main) refers to usart.o(i.uart_init) for uart_init
    main.o(i.main) refers to drv_led.o(i.LED_Config) for LED_Config
    main.o(i.main) refers to drv_led.o(i.LED_On) for LED_On
    main.o(i.main) refers to hw_config.o(i.delay_ms) for delay_ms
    main.o(i.main) refers to lib_configmanager.o(i.ConfigManager_HWInit) for ConfigManager_HWInit
    main.o(i.main) refers to menu.o(i.Menu_Init) for Menu_Init
    main.o(i.main) refers to drv_led.o(i.LED_Off) for LED_Off
    main.o(i.main) refers to printf8.o(i.__0printf$8) for __2printf
    main.o(i.main) refers to menu_writer.o(i.TagWriteEMAIL) for TagWriteEMAIL
    main.o(i.main) refers to system_stm32f10x.o(.data) for SystemCoreClock
    main.o(.data) refers to main.o(.bss) for TT3Tag
    menu_auto.o(i.autoMode) refers to memseta.o(.text) for __aeabi_memclr4
    menu_auto.o(i.autoMode) refers to strcat.o(.text) for strcat
    menu_auto.o(i.autoMode) refers to drv_lcdspi_ili9341.o(i.LCD_DisplayStringLine) for LCD_DisplayStringLine
    menu_auto.o(i.autoMode) refers to printf8.o(i.__0printf$8) for __2printf
    menu_auto.o(i.autoMode) refers to lib_flash_ndef.o(i.initFlashNDEF) for initFlashNDEF
    menu_auto.o(i.autoMode) refers to strcpy.o(.text) for strcpy
    menu_auto.o(i.autoMode) refers to lib_ndef_uri.o(i.NDEF_WriteURI) for NDEF_WriteURI
    menu_auto.o(i.autoMode) refers to hw_config.o(i.delay_ms) for delay_ms
    menu_auto.o(i.autoMode) refers to menu.o(i.IntExtOnOffConfig) for IntExtOnOffConfig
    menu_auto.o(i.autoMode) refers to menu.o(i.IntRotateOnOffConfig) for IntRotateOnOffConfig
    menu_auto.o(i.autoMode) refers to lib_configmanager.o(i.ConfigManager_AutoMode) for ConfigManager_AutoMode
    menu_auto.o(i.autoMode) refers to drv_led.o(i.LED_AllOff) for LED_AllOff
    menu_auto.o(i.autoMode) refers to drv_led.o(i.LED_On) for LED_On
    menu_auto.o(i.autoMode) refers to menu_reader.o(i.readNDEFfromTAG) for readNDEFfromTAG
    menu_auto.o(i.autoMode) refers to menu_auto.o(.bss) for manager
    menu_auto.o(i.autoMode) refers to lib_configmanager.o(.data) for devicemode
    menu_auto.o(i.autoMode) refers to menu.o(.bss) for url
    menu_auto.o(i.autoMode) refers to menu.o(.data) for KEYPress
    menu_auto.o(i.autoTypeA) refers to menu_auto.o(i.autoMode) for autoMode
    menu_auto.o(i.autoTypeA) refers to menu_auto.o(.bss) for manager
    menu_auto.o(i.autoTypeAll) refers to menu_auto.o(i.autoMode) for autoMode
    menu_auto.o(i.autoTypeAll) refers to menu_auto.o(.bss) for manager
    menu_auto.o(i.autoTypeB) refers to menu_auto.o(i.autoMode) for autoMode
    menu_auto.o(i.autoTypeB) refers to menu_auto.o(.bss) for manager
    menu_auto.o(i.autoTypeF) refers to menu_auto.o(i.autoMode) for autoMode
    menu_auto.o(i.autoTypeF) refers to menu_auto.o(.bss) for manager
    menu_auto.o(i.autoTypeP2P) refers to menu_auto.o(i.autoMode) for autoMode
    menu_auto.o(i.autoTypeP2P) refers to menu_auto.o(.bss) for manager
    menu_auto.o(i.autoTypeV) refers to menu_auto.o(i.autoMode) for autoMode
    menu_auto.o(i.autoTypeV) refers to menu_auto.o(.bss) for manager
    pongexample.o(i.PongCheckForUserAction) refers to pongexample.o(i.PongRefreshScreen) for PongRefreshScreen
    pongexample.o(i.PongCheckForUserAction) refers to lib_configmanager.o(i.ConfigManager_Stop) for ConfigManager_Stop
    pongexample.o(i.PongCheckForUserAction) refers to menu.o(.data) for KEYPressed
    pongexample.o(i.PongCheckForUserAction) refers to pongexample.o(.data) for pos2
    pongexample.o(i.PongConfigClient) refers to drv_lcdspi_ili9341.o(i.LCD_Rotate) for LCD_Rotate
    pongexample.o(i.PongConfigClient) refers to drv_led.o(i.LED_On) for LED_On
    pongexample.o(i.PongConfigClient) refers to drv_lcdspi_ili9341.o(i.LCD_SetBackColor) for LCD_SetBackColor
    pongexample.o(i.PongConfigClient) refers to drv_lcdspi_ili9341.o(i.LCD_SetTextColor) for LCD_SetTextColor
    pongexample.o(i.PongConfigClient) refers to drv_lcdspi_ili9341.o(i.LCD_Clear) for LCD_Clear
    pongexample.o(i.PongConfigClient) refers to menu.o(i.IntExtOnOffConfig) for IntExtOnOffConfig
[...]
    COMPOSITE_StringInterface                0x0805698d   Data          16  usb_desc.o(.constdata)
    BRIDGE_DeviceDescriptor                  0x0805699d   Data          18  usb_desc.o(.constdata)
    BRIDGE_ConfigDescriptor                  0x080569af   Data         125  usb_desc.o(.constdata)
    BRIDGE_StringLangID                      0x08056a2c   Data           4  usb_desc.o(.constdata)
    BRIDGE_StringVendor                      0x08056a30   Data          38  usb_desc.o(.constdata)
    BRIDGE_StringProduct                     0x08056a56   Data          18  usb_desc.o(.constdata)
    HID_ReportDescriptor                     0x08056a68   Data          52  usb_desc.o(.constdata)
    Region$$Table$$Base                      0x08056fe4   Number         0  anon$$obj.o(Region$$Table)
    Region$$Table$$Limit                     0x08057004   Number         0  anon$$obj.o(Region$$Table)
    TT3AttribInfo                            0x20000004   Data           4  main.o(.data)
    TT3NDEFfile                              0x20000008   Data           4  main.o(.data)
    SELStatus                                0x2000000c   Data           4  main.o(.data)
    USB_Control_Allowed                      0x20000010   Data           1  main.o(.data)
    pos1                                     0x20000012   Data           1  pongexample.o(.data)
    pos2                                     0x20000013   Data           1  pongexample.o(.data)
    posBallY                                 0x20000014   Data           1  pongexample.o(.data)
    score1                                   0x20000015   Data           1  pongexample.o(.data)
    score2                                   0x20000016   Data           1  pongexample.o(.data)
    posBallX                                 0x2000001a   Data           2  pongexample.o(.data)
    reversed                                 0x2000001c   Data           1  pongexample.o(.data)
    old_reversed                             0x2000001d   Data           1  pongexample.o(.data)
    reversed2                                0x2000001e   Data           1  pongexample.o(.data)
    old_reversed2                            0x2000001f   Data           1  pongexample.o(.data)
    APP_REQ_BURST                            0x20000031   Data           2  proprietary_p2p.o(.data)
    APP_RESET_CMD                            0x20000033   Data           2  proprietary_p2p.o(.data)
    APP_BURSTCONFIG_CMD                      0x20000035   Data           4  proprietary_p2p.o(.data)
    APP_TOGGLE_OBJECT                        0x20000039   Data           3  proprietary_p2p.o(.data)
    APP_START_CAM_OBJECT                     0x2000003c   Data           2  proprietary_p2p.o(.data)
    APP_GET_SENS_OBJECT                      0x2000003e   Data           2  proprietary_p2p.o(.data)
    APP_WIFIPAIRING_OBJECT                   0x20000040   Data           2  proprietary_p2p.o(.data)
    APP_GET_FIRMWARE_OBJECT                  0x20000042   Data           2  proprietary_p2p.o(.data)
    pendingACKCmd                            0x20000044   Data           1  proprietary_p2p.o(.data)
    uDataReady                               0x20000048   Data           1  stm32f10x_it.o(.data)
    RF_DataExpected                          0x20000049   Data           1  stm32f10x_it.o(.data)
    RF_DataReady                             0x2000004a   Data           1  stm32f10x_it.o(.data)
    screenRotated                            0x2000004b   Data           1  stm32f10x_it.o(.data)
    disableRotate                            0x2000004c   Data           1  stm32f10x_it.o(.data)
    DisableExitButtonAction                  0x2000004d   Data           1  stm32f10x_it.o(.data)
    exitOnRotate                             0x2000004e   Data           1  stm32f10x_it.o(.data)
    nb_ms_elapsed                            0x20000050   Data           4  stm32f10x_it.o(.data)
    KEYPress                                 0x20000054   Data           1  menu.o(.data)
    KEYPressed                               0x20000055   Data           1  menu.o(.data)
    lockKEYUpDown                            0x20000056   Data           1  menu.o(.data)
    rotate                                   0x20000057   Data           1  menu.o(.data)
    refreshMenu                              0x20000058   Data           1  menu.o(.data)
    IconsAddr                                0x2000005c   Data          20  menu.o(.data)
    IconRect                                 0x20000070   Data          20  menu.o(.data)
    MenuActivated                            0x20000084   Data           1  menu.o(.data)
    MenuItemIndex                            0x20000085   Data           1  menu.o(.data)
    nMenuLevel                               0x20000086   Data           1  menu.o(.data)
    ItemNumb                                 0x20000087   Data           4  menu.o(.data)
    psMenuItem                               0x2000008c   Data           4  menu.o(.data)
    psCurrentMenuItem                        0x20000090   Data           4  menu.o(.data)
    psCurrentMenu                            0x20000094   Data           4  menu.o(.data)
    TagEmulT4AMenuItems                      0x20000098   Data         112  menu.o(.data)
    TagEmulT4AMenu                           0x20000108   Data          12  menu.o(.data)
    TagEmulT2MenuItems                       0x20000114   Data          80  menu.o(.data)
    TagEmulT2Menu                            0x20000164   Data          12  menu.o(.data)
    TagReaderMenuItems                       0x20000170   Data          80  menu.o(.data)
    TagReaderMenu                            0x200001c0   Data          12  menu.o(.data)
    TagWriterMenuItems                       0x200001cc   Data         112  menu.o(.data)
    TagWriterMenu                            0x2000023c   Data          12  menu.o(.data)
    TagEmulMenuItems                         0x20000248   Data          48  menu.o(.data)
    TagEmulMenu                              0x20000278   Data          12  menu.o(.data)
    P2PMenuItems                             0x20000284   Data          80  menu.o(.data)
    P2PMenu                                  0x200002d4   Data          12  menu.o(.data)
    CardEmulMenuItems                        0x200002e0   Data          32  menu.o(.data)
    CardEmulMenu                             0x20000300   Data          12  menu.o(.data)
    MainMenuItems                            0x2000030c   Data          80  menu.o(.data)
    MainMenu                                 0x2000035c   Data          12  menu.o(.data)
    CRCString                                0x20000375   Data          20  menu_cardemul.o(.data)
    FileSizeString                           0x20000389   Data          20  menu_cardemul.o(.data)
    ElapsedTimeString                        0x2000039d   Data          20  menu_cardemul.o(.data)
    contentToWrite                           0x200003b1   Data           1  menu_tagemul.o(.data)
    writeChoice                              0x200003b2   Data           1  menu_writer.o(.data)
    uTimeOut                                 0x200003cb   Data           1  drv_95hf.o(.data)
    EnableTimeOut                            0x200003cc   Data           1  drv_95hf.o(.data)
    drv95HFConfig                            0x200003cd   Data           5  drv_95hf.o(.data)
    delay_appli                              0x200003d2   Data           2  drv_interrupt.o(.data)
    delay_timeout                            0x200003d4   Data           2  drv_interrupt.o(.data)
    FSC                                      0x200003dc   Data           2  lib_iso14443apcd.o(.data)
    FWI                                      0x200003de   Data           2  lib_iso14443apcd.o(.data)
    TechnoSelected                           0x200003e0   Data           1  lib_pcd.o(.data)
    UID_TypeA                                0x200003e1   Data          10  lib_piccemulator.o(.data)
    UID_Type2                                0x200003eb   Data          10  lib_piccemulator.o(.data)
    UID_Type4A                               0x200003f5   Data          10  lib_piccemulator.o(.data)
    RF_TechnoFounded                         0x200003ff   Data           1  lib_piccemulator.o(.data)
    SelectedTechno                           0x20000400   Data           1  lib_piccemulator.o(.data)
    ISO14443A_TT4Used                        0x20000401   Data           1  lib_piccemulator.o(.data)
    CardEmulator                             0x20000402   Data           4  lib_piccemulator.o(.data)
    PICCNFCT2_sector                         0x20000406   Data           1  lib_nfctype2picc.o(.data)
    ApplicationSelected                      0x20000409   Data           1  lib_nfctype4picc.o(.data)
    FileStatus                               0x2000040c   Data           1  lib_cardemul.o(.data)
    NbByteReceived                           0x20000410   Data           4  lib_cardemul.o(.data)
    FileSize                                 0x20000414   Data           4  lib_cardemul.o(.data)
    FileSizeReceive                          0x20000418   Data           4  lib_cardemul.o(.data)
    CRCFile                                  0x2000041c   Data           4  lib_cardemul.o(.data)
    CRCCalc                                  0x20000420   Data           4  lib_cardemul.o(.data)
    ElapsedTimeMs                            0x20000424   Data           4  lib_cardemul.o(.data)
    FILE_TRANSFER_END                        0x20000428   Data           1  lib_cardemul.o(.data)
    AppliFeedBackReady                       0x20000429   Data           1  lib_cardemul.o(.data)
    LastFrameId                              0x2000042a   Data           2  lib_cardemul.o(.data)
    Offset                                   0x2000042c   Data           2  lib_cardemul.o(.data)
    TimeSlot                                 0x2000042e   Data           1  lib_iso14443apicc.o(.data)
    P2PReceiveCMDCallBack                    0x20000430   Data           4  lib_proprietaryp2p.o(.data)
    P2PReceiveDATCallBack                    0x20000434   Data           4  lib_proprietaryp2p.o(.data)
    P2PAcknowledgedStatus                    0x20000438   Data           4  lib_proprietaryp2p.o(.data)
    P2PPopTXCallBack                         0x2000043c   Data           4  lib_proprietaryp2p.o(.data)
    P2PTxPendingCallBack                     0x20000440   Data           4  lib_proprietaryp2p.o(.data)
    P2PRxAcknowledged                        0x20000444   Data           4  lib_proprietaryp2p.o(.data)
    PP2P_SendBuff_Size                       0x20000448   Data           2  lib_proprietaryp2p.o(.data)
    PP2P_ReceiveBuff_Size                    0x2000044a   Data           2  lib_proprietaryp2p.o(.data)
    PP2P_HoldSendBuff_Size                   0x2000044c   Data           2  lib_proprietaryp2p.o(.data)
    OwnCommunicationToken                    0x2000044e   Data           1  lib_proprietaryp2p.o(.data)
    PP2PSymActivated                         0x2000044f   Data           1  lib_proprietaryp2p.o(.data)
    currentState                             0x20000451   Data           1  lib_proprietaryp2p.o(.data)
    SELECTAPPLI_PP2P_CMD                     0x20000452   Data          10  lib_proprietaryp2p.o(.data)
    SELECTAPPLI_PP2P_CMD_SIZE                0x2000045c   Data           1  lib_proprietaryp2p.o(.data)
    REQ_CMD_PP2P                             0x2000045d   Data           4  lib_proprietaryp2p.o(.data)
    REQ_CMD_PP2P_SIZE                        0x20000461   Data           1  lib_proprietaryp2p.o(.data)
    REQ_DAT_PP2P                             0x20000462   Data           4  lib_proprietaryp2p.o(.data)
    REQ_DAT_PP2P_SIZE                        0x20000466   Data           1  lib_proprietaryp2p.o(.data)
    REQ_CTOK_PP2P                            0x20000467   Data           4  lib_proprietaryp2p.o(.data)
    REQ_CTOK_PP2P_SIZE                       0x2000046b   Data           1  lib_proprietaryp2p.o(.data)
    REQ_RTOK_PP2P                            0x2000046c   Data           4  lib_proprietaryp2p.o(.data)
    REQ_RTOK_PP2P_SIZE                       0x20000470   Data           1  lib_proprietaryp2p.o(.data)
    REQ_PTOK_PP2P                            0x20000471   Data           4  lib_proprietaryp2p.o(.data)
    REQ_PTOK_PP2P_SIZE                       0x20000475   Data           1  lib_proprietaryp2p.o(.data)
    REQ_ACK_PP2P                             0x20000476   Data           2  lib_proprietaryp2p.o(.data)
    REQ_ACK_PP2P_SIZE                        0x20000478   Data           1  lib_proprietaryp2p.o(.data)
    REQ_NCK_PP2P                             0x20000479   Data           2  lib_proprietaryp2p.o(.data)
    REQ_NCK_PP2P_SIZE                        0x2000047b   Data           1  lib_proprietaryp2p.o(.data)
    REQ_SYM_PP2P                             0x2000047c   Data           4  lib_proprietaryp2p.o(.data)
    REQ_SYM_PP2P_SIZE                        0x20000480   Data           1  lib_proprietaryp2p.o(.data)
    REQ_BUF_PP2P                             0x20000481   Data           4  lib_proprietaryp2p.o(.data)
    REQ_BUF_PP2P_SIZE                        0x20000485   Data           1  lib_proprietaryp2p.o(.data)
    P2PReceiveBUFCallBack                    0x20000488   Data           4  lib_proprietaryp2p.o(.data)
    devicemode                               0x2000048d   Data           1  lib_configmanager.o(.data)
    nfc_tagtype                              0x2000048e   Data           1  lib_configmanager.o(.data)
    IcVers                                   0x2000048f   Data           1  lib_configmanager.o(.data)
    TargetMode                               0x20000490   Data           1  lib_configmanager.o(.data)
    uAppliTimeOut                            0x20000491   Data           1  lib_configmanager.o(.data)
    StopProcess                              0x20000492   Data           1  lib_configmanager.o(.data)
    commandReceived                          0x20000493   Data           1  lib_configmanager.o(.data)
    SPRecordStructAdd                        0x20000494   Data          16  lib_ndef.o(.data)
    updateFlash                              0x200004a4   Data           1  lib_95hf_wrapper.o(.data)
    GPIO_PORT                                0x200004c4   Data          20  drv_led.o(.data)
    StatusInfo                               0x200004da   Data           2  usb_core.o(.data)
    Data_Mul_MaxPacketSize                   0x200004dc   Data           1  usb_core.o(.data)
    EPindex                                  0x200004e0   Data           1  usb_init.o(.data)
    pInformation                             0x200004e4   Data           4  usb_init.o(.data)
    pProperty                                0x200004e8   Data           4  usb_init.o(.data)
    SaveState                                0x200004ec   Data           2  usb_init.o(.data)
    wInterrupt_Mask                          0x200004ee   Data           2  usb_init.o(.data)
    pUser_Standard_Requests                  0x200004f0   Data           4  usb_init.o(.data)
    SaveRState                               0x200004f4   Data           2  usb_int.o(.data)
    SaveTState                               0x200004f6   Data           2  usb_int.o(.data)
    COMPOSITE_StringSerial                   0x200004f8   Data          26  usb_desc.o(.data)
    BRIDGE_StringSerial                      0x20000512   Data          26  usb_desc.o(.data)
    buffersizeindex                          0x2000052c   Data           2  usb_hid.o(.data)
    NbHIDTrame                               0x2000052e   Data           1  usb_hid.o(.data)
    HIDTransaction                           0x2000052f   Data           1  usb_hid.o(.data)
    wIstr                                    0x20000534   Data           2  usb_istr.o(.data)
    bIntPackSOF                              0x20000536   Data           1  usb_istr.o(.data)
    pEpInt_IN                                0x20000538   Data          28  usb_istr.o(.data)
    pEpInt_OUT                               0x20000554   Data          28  usb_istr.o(.data)
    Device_Table                             0x20000570   Data           2  usb_prop.o(.data)
    Device_Property                          0x20000574   Data          48  usb_prop.o(.data)
    User_Standard_Requests                   0x200005a4   Data          36  usb_prop.o(.data)
    Device_Descriptor                        0x200005c8   Data           8  usb_prop.o(.data)
    Config_Descriptor                        0x200005d0   Data           8  usb_prop.o(.data)
    String_Descriptor                        0x200005d8   Data          32  usb_prop.o(.data)
    HID_Report_Descriptor                    0x200005f8   Data           8  usb_prop.o(.data)
    bDeviceState                             0x20000600   Data           4  usb_pwr.o(.data)
    fSuspendEnabled                          0x20000604   Data           1  usb_pwr.o(.data)
    ResumeS                                  0x20000605   Data           2  usb_pwr.o(.data)
    SystemCoreClock                          0x20000608   Data           4  system_stm32f10x.o(.data)
    AHBPrescTable                            0x2000060c   Data          16  system_stm32f10x.o(.data)
    __stdout                                 0x2000061c   Data           4  usart.o(.data)
    USART_RX_STA                             0x20000620   Data           2  usart.o(.data)
    NFCDepCallBack                           0x20000638   Data           4  lib_nfcdeptarget.o(.data)
    LLCPPaxCallBack                          0x2000063c   Data           4  lib_nfcdeptarget.o(.data)
    TT1Tag                                   0x20000640   Data         122  main.o(.bss)
    TT2Tag                                   0x200006ba   Data         512  main.o(.bss)
    TT3Tag                                   0x200008ba   Data        2064  main.o(.bss)
    CardCCfile                               0x200010ca   Data          16  main.o(.bss)
    CardNDEFfileT4A                          0x200010da   Data        8192  main.o(.bss)
    CardNDEFfileT4B                          0x200030da   Data        8192  main.o(.bss)
    TT5Tag                                   0x200050da   Data        8192  main.o(.bss)
    pp2pContext                              0x200070dc   Data          28  proprietary_p2p.o(.bss)
    url                                      0x200070f8   Data         880  menu.o(.bss)
    sms                                      0x20007468   Data         816  menu.o(.bss)
    email                                    0x20007798   Data        2564  menu.o(.bss)
    geo                                      0x2000819c   Data         140  menu.o(.bss)
    psPrevMenu                               0x20008228   Data          16  menu.o(.bss)
    Firmware_Buffer                          0x20008238   Data       30720  menu_cardemul.o(.bss)
    u95HFBuffer                              0x2000fa38   Data         529  drv_95hf.o(.bss)
    bufferSend                               0x2000fc49   Data         531  lib_iso7816pcd.o(.bss)
    bufferReceive                            0x2000fe5c   Data         531  lib_iso7816pcd.o(.bss)
    ISO14443A_Card                           0x2001027d   Data         141  lib_iso14443apcd.o(.bss)
    u95HFBufferAntiCol                       0x2001030a   Data         529  lib_iso14443apcd.o(.bss)
    ISO14443B_Card                           0x2001051b   Data          86  lib_iso14443bpcd.o(.bss)
    FELICA_Card                              0x20010571   Data          41  lib_iso18092pcd.o(.bss)
    PP2P_SendBuff                            0x20010627   Data         256  lib_proprietaryp2p.o(.bss)
    PP2P_ReceiveBuff                         0x20010727   Data         256  lib_proprietaryp2p.o(.bss)
    PP2P_HoldSendBuff                        0x20010827   Data         256  lib_proprietaryp2p.o(.bss)
    TagUID                                   0x20010927   Data          16  lib_configmanager.o(.bss)
    NDEF_Buffer                              0x20010938   Data        8192  lib_ndef.o(.bss)
    SPRecordStruct1                          0x20012938   Data         548  lib_ndef.o(.bss)
    SPRecordStruct2                          0x20012b5c   Data         548  lib_ndef.o(.bss)
    SPRecordStruct3                          0x20012d80   Data         548  lib_ndef.o(.bss)
    SPRecordStruct4                          0x20012fa4   Data         548  lib_ndef.o(.bss)
    Device_Info                              0x200131c8   Data          28  usb_init.o(.bss)
    USART_RX_BUF                             0x200131e4   Data         256  usart.o(.bss)
    __initial_sp                             0x20013f00   Data           0  startup_stm32f10x_xl.o(STACK)



==============================================================================

Memory Map of the image

  Image Entry point : 0x08000131

  Load Region LR_IROM1 (Base: 0x08000000, Size: 0x00057644, Max: 0x00080000, ABSOLUTE, COMPRESSED[0x000572d0])

    Execution Region ER_IROM1 (Base: 0x08000000, Size: 0x00057004, Max: 0x00080000, ABSOLUTE)

    Base Addr    Size         Type   Attr      Idx    E Section Name        Object

    0x08000000   0x00000130   Data   RO         6119    RESET               startup_stm32f10x_xl.o
    0x08000130   0x00000000   Code   RO         6865  * .ARM.Collect$$$$00000000  mc_w.l(entry.o)
    0x08000130   0x00000004   Code   RO         7149    .ARM.Collect$$$$00000001  mc_w.l(entry2.o)
    0x08000134   0x00000004   Code   RO         7152    .ARM.Collect$$$$00000004  mc_w.l(entry5.o)
    0x08000138   0x00000000   Code   RO         7154    .ARM.Collect$$$$00000008  mc_w.l(entry7b.o)
    0x08000138   0x00000000   Code   RO         7156    .ARM.Collect$$$$0000000A  mc_w.l(entry8b.o)
    0x08000138   0x00000008   Code   RO         7157    .ARM.Collect$$$$0000000B  mc_w.l(entry9a.o)
    0x08000140   0x00000000   Code   RO         7159    .ARM.Collect$$$$0000000D  mc_w.l(entry10a.o)
    0x08000140   0x00000000   Code   RO         7161    .ARM.Collect$$$$0000000F  mc_w.l(entry11a.o)
    0x08000140   0x00000004   Code   RO         7150    .ARM.Collect$$$$00002712  mc_w.l(entry2.o)
    0x08000144   0x00000024   Code   RO         6120    .text               startup_stm32f10x_xl.o
    0x08000168   0x00000040   Code   RO         6870    .text               mc_w.l(memmovea.o)
    0x080001a8   0x00000024   Code   RO         6872    .text               mc_w.l(memseta.o)
    0x080001cc   0x0000000e   Code   RO         6876    .text               mc_w.l(strlen.o)
    0x080001da   0x0000001a   Code   RO         6878    .text               mc_w.l(memcmp.o)
    0x080001f4   0x00000012   Code   RO         6880    .text               mc_w.l(strcpy.o)
    0x08000206   0x0000001e   Code   RO         6882    .text               mc_w.l(strncmp.o)
    0x08000224   0x00000062   Code   RO         7165    .text               mc_w.l(uldiv.o)
    0x08000286   0x00000002   PAD
    0x08000288   0x00000024   Code   RO         7178    .text               mc_w.l(init.o)
    0x080002ac   0x0000001e   Code   RO         7180    .text               mc_w.l(llshl.o)
    0x080002ca   0x00000020   Code   RO         7182    .text               mc_w.l(llushr.o)
    0x080002ea   0x00000056   Code   RO         7196    .text               mc_w.l(__dczerorl2.o)
    0x08000340   0x00000020   Code   RO          960    i.ApplicationClose  menu_cardemul.o
    0x08000360   0x00000088   Code   RO          961    i.ApplicationInit   menu_cardemul.o
    0x080003e8   0x00000004   Code   RO          618    i.BusFault_Handler  stm32f10x_it.o
    0x080003ec   0x0000000c   Code   RO         5358    i.ByteSwap          usb_regs.o
    0x080003f8   0x00000054   Code   RO         5940    i.COMPOSITE_Data_Setup  usb_prop.o
    0x0800044c   0x00000014   Code   RO         5941    i.COMPOSITE_GetConfigDescriptor  usb_prop.o
    0x08000460   0x00000014   Code   RO         5942    i.COMPOSITE_GetDeviceDescriptor  usb_prop.o
    0x08000474   0x00000028   Code   RO         5943    i.COMPOSITE_GetStringDescriptor  usb_prop.o
    0x0800049c   0x00000016   Code   RO         5944    i.COMPOSITE_Get_Interface_Setting  usb_prop.o
    0x080004b2   0x00000006   Code   RO         5945    i.COMPOSITE_NoData_Setup  usb_prop.o
    0x080004b8   0x000000bc   Code   RO         5946    i.COMPOSITE_Reset   usb_prop.o
    0x08000574   0x00000002   Code   RO         5947    i.COMPOSITE_Status_In  usb_prop.o
    0x08000576   0x00000002   Code   RO         5948    i.COMPOSITE_Status_Out  usb_prop.o
    0x08000578   0x00000024   Code   RO         5949    i.COMPOSITE_init    usb_prop.o
    0x0800059c   0x0000000c   Code   RO         3223    i.CRC_CalcCRC       stm32f10x_crc.o
    0x080005a8   0x0000000c   Code   RO         3226    i.CRC_ResetDR       stm32f10x_crc.o
    0x080005b4   0x000000c8   Code   RO         5310    i.CTR_HP            usb_int.o
    0x0800067c   0x00000288   Code   RO         5311    i.CTR_LP            usb_int.o
    0x08000904   0x00000320   Code   RO          962    i.CardEmul          menu_cardemul.o
    0x08000c24   0x0000006c   Code   RO          963    i.CardEmul14443A    menu_cardemul.o
    0x08000c90   0x000000e8   Code   RO          400    i.CheckForUserAction  proprietary_p2p.o
    0x08000d78   0x00000034   Code   RO         5359    i.ClearDTOG_RX      usb_regs.o
    0x08000dac   0x00000034   Code   RO         5360    i.ClearDTOG_TX      usb_regs.o
    0x08000de0   0x00000028   Code   RO         5365    i.Clear_Status_Out  usb_regs.o
    0x08000e08   0x00000002   Code   RO         5950    i.Composite_Device_ClearFeature  usb_prop.o
    0x08000e0a   0x00000002   PAD
    0x08000e0c   0x00000018   Code   RO         5951    i.Composite_Device_SetConfiguration  usb_prop.o
    0x08000e24   0x00000002   Code   RO         5952    i.Composite_Device_SetDeviceAddress  usb_prop.o
    0x08000e26   0x00000002   PAD
    0x08000e28   0x0000002c   Code   RO         2731    i.ConfigManager_CardEmulation  lib_configmanager.o
    0x08000e54   0x00000060   Code   RO         2733    i.ConfigManager_HWInit  lib_configmanager.o
    0x08000eb4   0x0000001c   Code   RO         2734    i.ConfigManager_IDN  lib_configmanager.o
    0x08000ed0   0x00000010   Code   RO         2735    i.ConfigManager_Init  lib_configmanager.o
    0x08000ee0   0x000000ac   Code   RO         2738    i.ConfigManager_P2PP  lib_configmanager.o
    0x08000f8c   0x0000003c   Code   RO         2739    i.ConfigManager_P2PPInitiator  lib_configmanager.o
    0x08000fc8   0x0000005c   Code   RO         2741    i.ConfigManager_PORsequence  lib_configmanager.o
    0x08001024   0x0000004c   Code   RO         2742    i.ConfigManager_PP2PTarget  lib_configmanager.o
    0x08001070   0x00000024   Code   RO         2743    i.ConfigManager_Start  lib_configmanager.o
    0x08001094   0x0000000c   Code   RO         2744    i.ConfigManager_Stop  lib_configmanager.o
    0x080010a0   0x0000006c   Code   RO         2745    i.ConfigManager_TagEmulation  lib_configmanager.o
    0x0800110c   0x000000e8   Code   RO         2746    i.ConfigManager_TagHunting  lib_configmanager.o
    0x080011f4   0x000000c0   Code   RO         5165    i.DataStageIn       usb_core.o
    0x080012b4   0x000000bc   Code   RO         5166    i.DataStageOut      usb_core.o
    0x08001370   0x00000298   Code   RO         5167    i.Data_Setup0       usb_core.o
    0x08001608   0x00000002   Code   RO          619    i.DebugMon_Handler  stm32f10x_it.o
    0x0800160a   0x00000002   PAD
    0x0800160c   0x000000b8   Code   RO          964    i.DisplayFWUScreen  menu_cardemul.o
    0x080016c4   0x00000038   Code   RO          793    i.DisplayIcons      menu.o
    0x080016fc   0x000000e0   Code   RO          794    i.DisplayMenu       menu.o
    0x080017dc   0x000000f4   Code   RO          796    i.DownFunc          menu.o
    0x080018d0   0x00000002   Code   RO         5755    i.EP1_IN_Callback   usb_endp.o
    0x080018d2   0x00000002   Code   RO         5756    i.EP2_IN_Callback   usb_endp.o
    0x080018d4   0x00000002   Code   RO         5757    i.EP2_OUT_Callback  usb_endp.o
    0x080018d6   0x00000008   Code   RO         5758    i.EP3_IN_Callback   usb_endp.o
    0x080018de   0x00000008   Code   RO         5759    i.EP3_OUT_Callback  usb_endp.o
    0x080018e6   0x00000002   PAD
    0x080018e8   0x00000044   Code   RO          620    i.EXTI15_10_IRQHandler  stm32f10x_it.o
    0x0800192c   0x00000058   Code   RO          621    i.EXTI4_IRQHandler  stm32f10x_it.o
    0x08001984   0x000000fc   Code   RO          622    i.EXTI9_5_IRQHandler  stm32f10x_it.o
    0x08001a80   0x0000000c   Code   RO         3337    i.EXTI_ClearITPendingBit  stm32f10x_exti.o
    0x08001a8c   0x00000020   Code   RO         3341    i.EXTI_GetITStatus  stm32f10x_exti.o
    0x08001aac   0x00000070   Code   RO         3342    i.EXTI_Init         stm32f10x_exti.o
    0x08001b1c   0x0000000e   Code   RO         3343    i.EXTI_StructInit   stm32f10x_exti.o
    0x08001b2a   0x00000002   PAD
    0x08001b2c   0x00000094   Code   RO         2055    i.FELICA_Init       lib_iso18092pcd.o
    0x08001bc0   0x00000012   Code   RO         2056    i.FELICA_Initialization  lib_iso18092pcd.o
    0x08001bd2   0x00000002   PAD
    0x08001bd4   0x00000060   Code   RO         2057    i.FELICA_IsPresent  lib_iso18092pcd.o
    0x08001c34   0x00000028   Code   RO         2058    i.FELICA_REQC       lib_iso18092pcd.o
    0x08001c5c   0x00000014   Code   RO         3391    i.FLASH_ClearFlag   stm32f10x_flash.o
    0x08001c70   0x00000070   Code   RO         3397    i.FLASH_ErasePage   stm32f10x_flash.o
    0x08001ce0   0x00000028   Code   RO         3398    i.FLASH_GetBank1Status  stm32f10x_flash.o
    0x08001d08   0x00000028   Code   RO         3399    i.FLASH_GetBank2Status  stm32f10x_flash.o
    0x08001d30   0x00000018   Code   RO         3408    i.FLASH_Lock        stm32f10x_flash.o
    0x08001d48   0x00000018   Code   RO          723    i.FLASH_PagesMask   common.o
    0x08001d60   0x0000010c   Code   RO         3414    i.FLASH_ProgramWord  stm32f10x_flash.o
    0x08001e6c   0x0000001c   Code   RO         3417    i.FLASH_Unlock      stm32f10x_flash.o
    0x08001e88   0x00000024   Code   RO         3421    i.FLASH_WaitForLastBank1Operation  stm32f10x_flash.o
    0x08001eac   0x00000024   Code   RO         3422    i.FLASH_WaitForLastBank2Operation  stm32f10x_flash.o
    0x08001ed0   0x00000024   Code   RO         3423    i.FLASH_WaitForLastOperation  stm32f10x_flash.o
    0x08001ef4   0x00000046   Code   RO         1663    i.FSCIToFSC         lib_iso14443apcd.o
    0x08001f3a   0x00000002   PAD
    0x08001f3c   0x00000050   Code   RO          797    i.FillTagEMAIL      menu.o
    0x08001f8c   0x00000040   Code   RO          798    i.FillTagGEO        menu.o
    0x08001fcc   0x00000038   Code   RO          799    i.FillTagSMS        menu.o
    0x08002004   0x00000040   Code   RO          800    i.FillTagURI        menu.o
    0x08002044   0x00000028   Code   RO         3600    i.GPIO_EXTILineConfig  stm32f10x_gpio.o
    0x0800206c   0x000000a2   Code   RO         3603    i.GPIO_Init         stm32f10x_gpio.o
    0x0800210e   0x00000006   Code   RO         3606    i.GPIO_ReadInputData  stm32f10x_gpio.o
    0x08002114   0x0000000e   Code   RO         3607    i.GPIO_ReadInputDataBit  stm32f10x_gpio.o
    0x08002122   0x00000004   Code   RO         3610    i.GPIO_ResetBits    stm32f10x_gpio.o
    0x08002126   0x00000004   Code   RO         3611    i.GPIO_SetBits      stm32f10x_gpio.o
    0x0800212a   0x0000000a   Code   RO         3614    i.GPIO_WriteBit     stm32f10x_gpio.o
    0x08002134   0x00000020   Code   RO         5377    i.GetEPRxAddr       usb_regs.o
    0x08002154   0x00000024   Code   RO         5378    i.GetEPRxCount      usb_regs.o
    0x08002178   0x00000020   Code   RO         5380    i.GetEPTxAddr       usb_regs.o
    0x08002198   0x0000002c   Code   RO         5794    i.HID_Allow512bytesBuffer  usb_hid.o
    0x080021c4   0x00000032   Code   RO         5795    i.HID_CalibrateTagDetection  usb_hid.o
    0x080021f6   0x00000002   PAD
    0x080021f8   0x0000011c   Code   RO         5796    i.HID_ChainedCommand  usb_hid.o
    0x08002314   0x000000dc   Code   RO         5797    i.HID_ChainedResponse  usb_hid.o
    0x080023f0   0x00000024   Code   RO         5798    i.HID_ConfigureTypeBPrime  usb_hid.o
    0x08002414   0x00000002   Code   RO         5799    i.HID_Data_In       usb_hid.o
    0x08002416   0x00000002   PAD
    0x08002418   0x000000d8   Code   RO         5800    i.HID_Data_Out      usb_hid.o
    0x080024f0   0x00000028   Code   RO         5801    i.HID_GetHardwareVersion  usb_hid.o
    0x08002518   0x0000001c   Code   RO         5802    i.HID_GetIRQOutState  usb_hid.o
    0x08002534   0x00000014   Code   RO         5803    i.HID_GetInterfaceBus  usb_hid.o
    0x08002548   0x00000024   Code   RO         5804    i.HID_GetMCUversion  usb_hid.o
    0x0800256c   0x00000100   Code   RO         5805    i.HID_GetTagDetectionRefValue  usb_hid.o
    0x0800266c   0x00000078   Code   RO         5806    i.HID_GotoTagDetectingState  usb_hid.o
    0x080026e4   0x00000022   Code   RO         5807    i.HID_IsWakeUp      usb_hid.o
    0x08002706   0x0000001a   Code   RO         5808    i.HID_IsWakeUpByTagDetecting  usb_hid.o
    0x08002720   0x00000018   Code   RO         5809    i.HID_IsWakeUpByTimeOut  usb_hid.o
    0x08002738   0x00000050   Code   RO         5810    i.HID_MultiTagResPart2  usb_hid.o
    0x08002788   0x00000014   Code   RO         5953    i.HID_Report        usb_prop.o
    0x0800279c   0x0000001c   Code   RO         5811    i.HID_Reset95HF     usb_hid.o
    0x080027b8   0x0000007c   Code   RO         5812    i.HID_Run15693Anticollision  usb_hid.o
    0x08002834   0x00000078   Code   RO         5813    i.HID_RunInventoty16slots  usb_hid.o
    0x080028ac   0x0000006e   Code   RO         5814    i.HID_RunMultiTagHunting  usb_hid.o
    0x0800291a   0x00000122   Code   RO         5815    i.HID_SendCustomCommand  usb_hid.o
    0x08002a3c   0x00000014   Code   RO         5816    i.HID_StartTagTraking  usb_hid.o
    0x08002a50   0x00000004   Code   RO          623    i.HardFault_Handler  stm32f10x_it.o
    0x08002a54   0x00000048   Code   RO          801    i.Hex2Char          menu.o
    0x08002a9c   0x00000008   Code   RO         1326    i.IRQOut_Config     drv_interrupt.o
    0x08002aa4   0x0000005c   Code   RO         1327    i.IRQOut_GPIO_Config  drv_interrupt.o
    0x08002b00   0x000002b8   Code   RO         1664    i.ISO14443A_AC      lib_iso14443apcd.o
    0x08002db8   0x000000d0   Code   RO         1665    i.ISO14443A_ACLevel1  lib_iso14443apcd.o
    0x08002e88   0x000000d8   Code   RO         1666    i.ISO14443A_ACLevel2  lib_iso14443apcd.o
    0x08002f60   0x000000a0   Code   RO         1667    i.ISO14443A_ACLevel3  lib_iso14443apcd.o
    0x08003000   0x000000c4   Code   RO         1668    i.ISO14443A_Anticollision  lib_iso14443apcd.o
    0x080030c4   0x00000040   Code   RO         1669    i.ISO14443A_CompleteStructure  lib_iso14443apcd.o
    0x08003104   0x000000c8   Code   RO         1670    i.ISO14443A_ConfigFDT  lib_iso14443apcd.o
    0x080031cc   0x000000a4   Code   RO         1671    i.ISO14443A_ConfigFDTforAnticollision  lib_iso14443apcd.o
    0x08003270   0x000000b4   Code   RO         1672    i.ISO14443A_ConfigFDTforRATS  lib_iso14443apcd.o
    0x08003324   0x0000001c   Code   RO         1673    i.ISO14443A_HLTA    lib_iso14443apcd.o
    0x08003340   0x00000034   Code   RO         1674    i.ISO14443A_Init    lib_iso14443apcd.o
    0x08003374   0x00000020   Code   RO         1675    i.ISO14443A_InitStructure  lib_iso14443apcd.o
    0x08003394   0x00000044   Code   RO         1676    i.ISO14443A_IsPresent  lib_iso14443apcd.o
    0x080033d8   0x00000078   Code   RO         1677    i.ISO14443A_MultiAnticollision  lib_iso14443apcd.o
    0x08003450   0x000000e0   Code   RO         1678    i.ISO14443A_MultiTagHunting  lib_iso14443apcd.o
    0x08003530   0x0000002c   Code   RO         1679    i.ISO14443A_MultiTagPart2  lib_iso14443apcd.o
    0x0800355c   0x00000098   Code   RO         1680    i.ISO14443A_RATS    lib_iso14443apcd.o
    0x080035f4   0x0000003c   Code   RO         1681    i.ISO14443A_REQA    lib_iso14443apcd.o
    0x08003630   0x00000048   Code   RO         1784    i.ISO14443BReadARConfigB  lib_iso14443bpcd.o
    0x08003678   0x0000005c   Code   RO         1785    i.ISO14443B_Anticollision  lib_iso14443bpcd.o
    0x080036d4   0x00000058   Code   RO         1786    i.ISO14443B_AttriB  lib_iso14443bpcd.o
    0x0800372c   0x0000002c   Code   RO         1787    i.ISO14443B_CompleteStruture  lib_iso14443bpcd.o
    0x08003758   0x00000080   Code   RO         1788    i.ISO14443B_Init    lib_iso14443bpcd.o
    0x080037d8   0x00000028   Code   RO         1789    i.ISO14443B_InitStructure  lib_iso14443bpcd.o
    0x08003800   0x00000038   Code   RO         1791    i.ISO14443B_IsPresent  lib_iso14443bpcd.o
    0x08003838   0x00000040   Code   RO         1792    i.ISO14443B_ReqB    lib_iso14443bpcd.o
    0x08003878   0x00000038   Code   RO         1793    i.ISO14443B_WriteARConfigB  lib_iso14443bpcd.o
    0x080038b0   0x00000048   Code   RO         1794    i.ISO14443B_WriteAndCheckARConfigB  lib_iso14443bpcd.o
    0x080038f8   0x00000040   Code   RO         1856    i.ISO15693_CRC16    lib_iso15693pcd.o
    0x08003938   0x00000052   Code   RO         1857    i.ISO15693_CreateRequestFlag  lib_iso15693pcd.o
    0x0800398a   0x000000ae   Code   RO         1859    i.ISO15693_ExtendedReadMultipleBlock  lib_iso15693pcd.o
    0x08003a38   0x00000082   Code   RO         1860    i.ISO15693_ExtendedReadSingleBlock  lib_iso15693pcd.o
    0x08003aba   0x000000c0   Code   RO         1861    i.ISO15693_ExtendedWriteSingleBlock  lib_iso15693pcd.o
    0x08003b7a   0x00000010   Code   RO         1862    i.ISO15693_GetAddressOrNbSlotsFlag  lib_iso15693pcd.o
    0x08003b8a   0x00000010   Code   RO         1863    i.ISO15693_GetOptionFlag  lib_iso15693pcd.o
    0x08003b9a   0x00000010   Code   RO         1864    i.ISO15693_GetProtocolExtensionFlag  lib_iso15693pcd.o
    0x08003baa   0x00000010   Code   RO         1865    i.ISO15693_GetSelectOrAFIFlag  lib_iso15693pcd.o
    0x08003bba   0x00000082   Code   RO         1866    i.ISO15693_GetSystemInfo  lib_iso15693pcd.o
    0x08003c3c   0x00000094   Code   RO         1868    i.ISO15693_GetUID   lib_iso15693pcd.o
    0x08003cd0   0x00000074   Code   RO         1869    i.ISO15693_Init     lib_iso15693pcd.o
    0x08003d44   0x00000136   Code   RO         1870    i.ISO15693_Inventory  lib_iso15693pcd.o
    0x08003e7a   0x000000b8   Code   RO         1871    i.ISO15693_Inventory16Slots  lib_iso15693pcd.o
    0x08003f32   0x00000032   Code   RO         1872    i.ISO15693_InventoryOneSlot  lib_iso15693pcd.o
    0x08003f64   0x00000026   Code   RO         1873    i.ISO15693_IsATagInTheField  lib_iso15693pcd.o
    0x08003f8a   0x00000012   Code   RO         1874    i.ISO15693_IsAddressOrNbSlotsFlag  lib_iso15693pcd.o
    0x08003f9c   0x0000001a   Code   RO         1875    i.ISO15693_IsCollisionDetected  lib_iso15693pcd.o
    0x08003fb6   0x0000002a   Code   RO         1876    i.ISO15693_IsCorrectCRC16Residue  lib_iso15693pcd.o
    0x08003fe0   0x00000012   Code   RO         1877    i.ISO15693_IsInventoryFlag  lib_iso15693pcd.o
    0x08003ff2   0x0000005e   Code   RO         1878    i.ISO15693_ReadBytesTagData  lib_iso15693pcd.o
    0x08004050   0x000000b6   Code   RO         1879    i.ISO15693_ReadMultipleBlock  lib_iso15693pcd.o
    0x08004106   0x000000a2   Code   RO         1880    i.ISO15693_ReadMultipleTagData  lib_iso15693pcd.o
    0x080041a8   0x00000098   Code   RO         1881    i.ISO15693_ReadSingleBlock  lib_iso15693pcd.o
    0x08004240   0x00000080   Code   RO         1882    i.ISO15693_ReadSingleTagData  lib_iso15693pcd.o
    0x080042c0   0x00000200   Code   RO         1883    i.ISO15693_RunAntiCollision  lib_iso15693pcd.o
    0x080044c0   0x000000c0   Code   RO         1884    i.ISO15693_RunInventory16slots  lib_iso15693pcd.o
    0x08004580   0x0000001e   Code   RO         1885    i.ISO15693_SendEOF  lib_iso15693pcd.o
    0x0800459e   0x0000005c   Code   RO         1886    i.ISO15693_SplitInventoryResponse  lib_iso15693pcd.o
    0x080045fa   0x00000072   Code   RO         1887    i.ISO15693_StayQuiet  lib_iso15693pcd.o
    0x0800466c   0x00000130   Code   RO         1888    i.ISO15693_TagSave  lib_iso15693pcd.o
    0x0800479c   0x00000096   Code   RO         1889    i.ISO15693_WriteBytes_TagData  lib_iso15693pcd.o
    0x08004832   0x000000d6   Code   RO         1890    i.ISO15693_WriteSingleBlock  lib_iso15693pcd.o
    0x08004908   0x00000090   Code   RO         1891    i.ISO15693_WriteTagData  lib_iso15693pcd.o
    0x08004998   0x00000034   Code   RO         1629    i.ISO7816_ReadBinary  lib_iso7816pcd.o
    0x080049cc   0x00000058   Code   RO         1630    i.ISO7816_SelectFile  lib_iso7816pcd.o
    0x08004a24   0x00000164   Code   RO         1631    i.ISO7816_SendReceiveAPDU  lib_iso7816pcd.o
    0x08004b88   0x00000044   Code   RO         1632    i.ISO7816_UpdateBinary  lib_iso7816pcd.o
    0x08004bcc   0x00000002   Code   RO          802    i.IdleFunc          menu.o
    0x08004bce   0x00000002   PAD
    0x08004bd0   0x00000070   Code   RO         5168    i.In0_Process       usb_core.o
    0x08004c40   0x00000154   Code   RO          401    i.InitiatorCheckForUserAction  proprietary_p2p.o
    0x08004d94   0x00000048   Code   RO          804    i.IntExtOnOffConfig  menu.o
    0x08004ddc   0x0000004c   Code   RO          805    i.IntRotateOnOffConfig  menu.o
    0x08004e28   0x000000b4   Code   RO          517    i.Interrupts_Config  hw_config.o
    0x08004edc   0x00000028   Code   RO         2098    i.IsAnAvailableProtocol  lib_pcd.o
    0x08004f04   0x00000026   Code   RO         2486    i.IsAnAvailableProtocol  lib_picc.o
    0x08004f2a   0x00000002   PAD
    0x08004f2c   0x00000024   Code   RO         4768    i.LCD_ChipSelect    drv_lcdspi_ili9341.o
    0x08004f50   0x00000030   Code   RO         4769    i.LCD_Clear         drv_lcdspi_ili9341.o
    0x08004f80   0x0000002c   Code   RO         4770    i.LCD_ClearLine     drv_lcdspi_ili9341.o
    0x08004fac   0x0000002c   Code   RO         4771    i.LCD_Clear_ActiveWindow  drv_lcdspi_ili9341.o
    0x08004fd8   0x00000014   Code   RO         4776    i.LCD_CtrlLinesWrite  drv_lcdspi_ili9341.o
    0x08004fec   0x00000028   Code   RO         4778    i.LCD_DisplayChar   drv_lcdspi_ili9341.o
    0x08005014   0x0000002c   Code   RO         4782    i.LCD_DisplayStringLine  drv_lcdspi_ili9341.o
    0x08005040   0x000000b8   Code   RO         4784    i.LCD_DrawChar      drv_lcdspi_ili9341.o
    0x080050f8   0x00000050   Code   RO         4790    i.LCD_DrawLine      drv_lcdspi_ili9341.o
    0x08005148   0x00000044   Code   RO         4792    i.LCD_DrawRect      drv_lcdspi_ili9341.o
    0x0800518c   0x00000024   Code   RO         4803    i.LCD_Rotate        drv_lcdspi_ili9341.o
    0x080051b0   0x00000010   Code   RO         4805    i.LCD_SetBackColor  drv_lcdspi_ili9341.o
    0x080051c0   0x00000070   Code   RO         4808    i.LCD_SetCursor     drv_lcdspi_ili9341.o
    0x08005230   0x000000d8   Code   RO         4809    i.LCD_SetCursor_onwindows  drv_lcdspi_ili9341.o
    0x08005308   0x00000084   Code   RO         4810    i.LCD_SetDisplayWindow  drv_lcdspi_ili9341.o
    0x0800538c   0x00000010   Code   RO         4812    i.LCD_SetTextColor  drv_lcdspi_ili9341.o
    0x0800539c   0x00000012   Code   RO         4815    i.LCD_WindowModeDisable  drv_lcdspi_ili9341.o
    0x080053ae   0x00000002   PAD
    0x080053b0   0x00000088   Code   RO         4817    i.LCD_WriteBMP_FAT  drv_lcdspi_ili9341.o
    0x08005438   0x00000080   Code   RO         4818    i.LCD_WriteBMP_FAT_size  drv_lcdspi_ili9341.o
    0x080054b8   0x0000003c   Code   RO         4819    i.LCD_WriteCommand  drv_lcdspi_ili9341.o
    0x080054f4   0x0000003c   Code   RO         4820    i.LCD_WriteData     drv_lcdspi_ili9341.o
    0x08005530   0x0000000c   Code   RO         4821    i.LCD_WriteRAM      drv_lcdspi_ili9341.o
    0x0800553c   0x00000020   Code   RO         4822    i.LCD_WriteRAM_Close  drv_lcdspi_ili9341.o
    0x0800555c   0x00000020   Code   RO         4823    i.LCD_WriteRAM_Prepare  drv_lcdspi_ili9341.o
    0x0800557c   0x0000002c   Code   RO         4824    i.LCD_nCS_StartByte  drv_lcdspi_ili9341.o
    0x080055a8   0x00000024   Code   RO         5125    i.LED_AllOff        drv_led.o
    0x080055cc   0x00000040   Code   RO         5126    i.LED_Config        drv_led.o
    0x0800560c   0x00000018   Code   RO         5127    i.LED_Off           drv_led.o
    0x08005624   0x00000018   Code   RO         5128    i.LED_On            drv_led.o
    0x0800563c   0x00000040   Code   RO         5129    i.LED_Troggle       drv_led.o
    0x0800567c   0x00000024   Code   RO          402    i.LastCmdAcknowledged  proprietary_p2p.o
    0x080056a0   0x00000004   Code   RO          624    i.MemManage_Handler  stm32f10x_it.o
    0x080056a4   0x00000034   Code   RO          806    i.Menu_Init         menu.o
    0x080056d8   0x00000108   Code   RO         2956    i.NDEF_AddAAR       lib_ndef_aar.o
    0x080057e0   0x00000104   Code   RO         2969    i.NDEF_FillEmailStruct  lib_ndef_email.o
    0x080058e4   0x00000094   Code   RO         3004    i.NDEF_FillGeoStruct  lib_ndef_geo.o
    0x08005978   0x000000ac   Code   RO         3039    i.NDEF_FillSMSStruct  lib_ndef_sms.o
    0x08005a24   0x00000148   Code   RO         2883    i.NDEF_IdentifyNDEF  lib_ndef.o
    0x08005b6c   0x000000e4   Code   RO         2884    i.NDEF_IdentifySPRecord  lib_ndef.o
    0x08005c50   0x00000022   Code   RO         2885    i.NDEF_IsNDEFPresent  lib_ndef.o
    0x08005c72   0x00000002   PAD
    0x08005c74   0x00000040   Code   RO         2886    i.NDEF_ParseForumExternalType  lib_ndef.o
    0x08005cb4   0x00000074   Code   RO         2887    i.NDEF_ParseMediaType  lib_ndef.o
    0x08005d28   0x00000042   Code   RO         2888    i.NDEF_ParseRecordHeader  lib_ndef.o
    0x08005d6a   0x00000002   PAD
    0x08005d6c   0x00000090   Code   RO         2889    i.NDEF_ParseSP      lib_ndef.o
    0x08005dfc   0x0000004c   Code   RO         2890    i.NDEF_ParseURI     lib_ndef.o
    0x08005e48   0x0000008c   Code   RO         2891    i.NDEF_ParseWellKnownType  lib_ndef.o
    0x08005ed4   0x0000045c   Code   RO         3074    i.NDEF_Parse_WellKnowType  lib_ndef_uri.o
    0x08006330   0x000002c8   Code   RO         2970    i.NDEF_PrepareEmailMessage  lib_ndef_email.o
    0x080065f8   0x00000268   Code   RO         3005    i.NDEF_PrepareGeoMessage  lib_ndef_geo.o
    0x08006860   0x00000280   Code   RO         3040    i.NDEF_PrepareSMSMessage  lib_ndef_sms.o
    0x08006ae0   0x00000220   Code   RO         3075    i.NDEF_PrepareURIMessage  lib_ndef_uri.o
    0x08006d00   0x00000096   Code   RO         2971    i.NDEF_ReadEmail    lib_ndef_email.o
    0x08006d96   0x000000a0   Code   RO         3006    i.NDEF_ReadGeo      lib_ndef_geo.o
    0x08006e36   0x000000a0   Code   RO         3041    i.NDEF_ReadSMS      lib_ndef_sms.o
    0x08006ed6   0x0000009c   Code   RO         3076    i.NDEF_ReadURI      lib_ndef_uri.o
    0x08006f72   0x00000038   Code   RO         2972    i.NDEF_ReadURI_Email  lib_ndef_email.o
    0x08006faa   0x00000038   Code   RO         3007    i.NDEF_ReadURI_Geo  lib_ndef_geo.o
    0x08006fe2   0x00000038   Code   RO         3042    i.NDEF_ReadURI_SMS  lib_ndef_sms.o
    0x0800701a   0x00000002   PAD
    0x0800701c   0x00000040   Code   RO         2973    i.NDEF_WriteEmail   lib_ndef_email.o
    0x0800705c   0x00000040   Code   RO         3008    i.NDEF_WriteGeo     lib_ndef_geo.o
    0x0800709c   0x00000028   Code   RO         2893    i.NDEF_WriteNDEF    lib_ndef.o
    0x080070c4   0x00000040   Code   RO         3043    i.NDEF_WriteSMS     lib_ndef_sms.o
    0x08007104   0x000000d0   Code   RO         3148    i.NDEF_WriteText    lib_ndef_text.o
    0x080071d4   0x00000040   Code   RO         3077    i.NDEF_WriteURI     lib_ndef_uri.o
    0x08007214   0x00000002   Code   RO          625    i.NMI_Handler       stm32f10x_it.o
    0x08007216   0x00000002   Code   RO         5169    i.NOP_Process       usb_core.o
    0x08007218   0x00000064   Code   RO         3186    i.NVIC_Init         misc.o
    0x0800727c   0x00000014   Code   RO         3187    i.NVIC_PriorityGroupConfig  misc.o
    0x08007290   0x00000014   Code   RO         3188    i.NVIC_SetVectorTable  misc.o
    0x080072a4   0x00000138   Code   RO         5170    i.NoData_Setup0     usb_core.o
    0x080073dc   0x00000050   Code   RO         5171    i.Out0_Process      usb_core.o
    0x0800742c   0x00000018   Code   RO         2594    i.P2P_SendACK       lib_proprietaryp2p.o
    0x08007444   0x00000034   Code   RO         1428    i.PCDNFCT1_ReadAll  lib_nfctype1pcd.o
    0x08007478   0x000000c0   Code   RO         1429    i.PCDNFCT1_ReadNDEF  lib_nfctype1pcd.o
    0x08007538   0x00000050   Code   RO         1430    i.PCDNFCT1_WriteErase  lib_nfctype1pcd.o
    0x08007588   0x000000f0   Code   RO         1431    i.PCDNFCT1_WriteNDEF  lib_nfctype1pcd.o
    0x08007678   0x00000028   Code   RO         1457    i.PCDNFCT2_Read     lib_nfctype2pcd.o
    0x080076a0   0x00000184   Code   RO         1458    i.PCDNFCT2_ReadNDEF  lib_nfctype2pcd.o
    0x08007824   0x0000006c   Code   RO         1459    i.PCDNFCT2_SectorSelect  lib_nfctype2pcd.o
    0x08007890   0x00000034   Code   RO         1460    i.PCDNFCT2_Write    lib_nfctype2pcd.o
    0x080078c4   0x0000020c   Code   RO         1461    i.PCDNFCT2_WriteNDEF  lib_nfctype2pcd.o
    0x08007ad0   0x00000044   Code   RO         1491    i.PCDNFCT3_ReadAttribInfo  lib_nfctype3pcd.o
    0x08007b14   0x00000100   Code   RO         1492    i.PCDNFCT3_ReadMessage  lib_nfctype3pcd.o
    0x08007c14   0x00000078   Code   RO         1493    i.PCDNFCT3_ReadNDEF  lib_nfctype3pcd.o
    0x08007c8c   0x0000001c   Code   RO         1494    i.PCDNFCT3_UpdateCheckSum  lib_nfctype3pcd.o
    0x08007ca8   0x00000064   Code   RO         1495    i.PCDNFCT3_WriteAttribInfo  lib_nfctype3pcd.o
    0x08007d0c   0x0000013c   Code   RO         1496    i.PCDNFCT3_WriteMessage  lib_nfctype3pcd.o
    0x08007e48   0x000000e4   Code   RO         1497    i.PCDNFCT3_WriteNDEF  lib_nfctype3pcd.o
    0x08007f2c   0x0000002a   Code   RO         1536    i.PCDNFCT4_ReadBinary  lib_nfctype4pcd.o
    0x08007f56   0x00000002   PAD
    0x08007f58   0x00000164   Code   RO         1537    i.PCDNFCT4_ReadNDEF  lib_nfctype4pcd.o
    0x080080bc   0x00000030   Code   RO         1538    i.PCDNFCT4_SelectApplication  lib_nfctype4pcd.o
    0x080080ec   0x00000028   Code   RO         1539    i.PCDNFCT4_SelectCCfile  lib_nfctype4pcd.o
    0x08008114   0x00000030   Code   RO         1540    i.PCDNFCT4_SelectNDEFfile  lib_nfctype4pcd.o
    0x08008144   0x0000002a   Code   RO         1541    i.PCDNFCT4_UpdateBinary  lib_nfctype4pcd.o
    0x0800816e   0x00000002   PAD
    0x08008170   0x00000160   Code   RO         1542    i.PCDNFCT4_WriteNDEF  lib_nfctype4pcd.o
    0x080082d0   0x00000080   Code   RO         1580    i.PCDNFCT5_ExtendedGetSystemInfo  lib_nfctype5pcd.o
    0x08008350   0x00000120   Code   RO         1585    i.PCDNFCT5_ReadNDEF  lib_nfctype5pcd.o
    0x08008470   0x000001f8   Code   RO         1586    i.PCDNFCT5_WriteNDEF  lib_nfctype5pcd.o
    0x08008668   0x00000020   Code   RO         2099    i.PCD_CheckSendReceive  lib_pcd.o
    0x08008688   0x0000001c   Code   RO         2100    i.PCD_Echo          lib_pcd.o
    0x080086a4   0x00000014   Code   RO         2101    i.PCD_FieldOff      lib_pcd.o
    0x080086b8   0x00000030   Code   RO         2103    i.PCD_Idle          lib_pcd.o
    0x080086e8   0x0000006a   Code   RO         2104    i.PCD_IsCRCOk       lib_pcd.o
    0x08008752   0x000000fe   Code   RO         2105    i.PCD_IsReaderResultCodeOk  lib_pcd.o
    0x08008850   0x00000078   Code   RO         2106    i.PCD_PORsequence   lib_pcd.o
    0x080088c8   0x00000070   Code   RO         2107    i.PCD_ProtocolSelect  lib_pcd.o
    0x08008938   0x00000042   Code   RO         2108    i.PCD_ReadRegister  lib_pcd.o
    0x0800897a   0x00000002   PAD
    0x0800897c   0x0000001c   Code   RO         2109    i.PCD_SendEOF       lib_pcd.o
    0x08008998   0x00000062   Code   RO         2110    i.PCD_SendRecv      lib_pcd.o
    0x080089fa   0x00000002   PAD
    0x080089fc   0x00000114   Code   RO         2111    i.PCD_TagDetectCalibration  lib_pcd.o
    0x08008b10   0x0000008c   Code   RO         2112    i.PCD_WaitforTagDetection  lib_pcd.o
    0x08008b9c   0x0000003e   Code   RO         2113    i.PCD_WriteRegister  lib_pcd.o
    0x08008bda   0x00000002   PAD
    0x08008bdc   0x000000bc   Code   RO         2463    i.PICC14A_PPS       lib_iso14443apicc.o
    0x08008c98   0x000000a0   Code   RO         2464    i.PICC14A_RATS      lib_iso14443apicc.o
    0x08008d38   0x0000004c   Code   RO         2426    i.PICC7816_ACK      lib_iso7816picc.o
    0x08008d84   0x00000034   Code   RO         2427    i.PICC7816_Deselect  lib_iso7816picc.o
    0x08008db8   0x00000048   Code   RO         2429    i.PICC7816_SendAStatusCode  lib_iso7816picc.o
    0x08008e00   0x00000060   Code   RO         2430    i.PICC7816_SendBuffer  lib_iso7816picc.o
    0x08008e60   0x0000001c   Code   RO         2203    i.PICCEmul_CheckForPCD  lib_piccemulator.o
    0x08008e7c   0x00000094   Code   RO         2204    i.PICCEmul_DisablePICCEmulation  lib_piccemulator.o
    0x08008f10   0x00000058   Code   RO         2205    i.PICCEmul_Init     lib_piccemulator.o
    0x08008f68   0x000000ec   Code   RO         2206    i.PICCEmul_Init14443APicc  lib_piccemulator.o
    0x08009054   0x0000003c   Code   RO         2207    i.PICCEmul_InitPICCEmulation  lib_piccemulator.o
    0x08009090   0x0000007c   Code   RO         2208    i.PICCEmul_InitializeProtocol  lib_piccemulator.o
    0x0800910c   0x0000006c   Code   RO         2209    i.PICCEmul_Listen   lib_piccemulator.o
    0x08009178   0x00000068   Code   RO         2210    i.PICCEmul_ManagePICCEmulation  lib_piccemulator.o
    0x080091e0   0x000000a4   Code   RO         2211    i.PICCEmul_RFField_CutOff  lib_piccemulator.o
    0x08009284   0x000000cc   Code   RO         2212    i.PICCEmul_ReceiveCommand  lib_piccemulator.o
    0x08009350   0x000001f4   Code   RO         6434    i.PICCNFCDEP_Atr    DEMO_BOARD_ST95HF.lib(lib_nfcdeptarget.o)
    0x08009544   0x00000018   Code   RO         6435    i.PICCNFCDEP_CallBack  DEMO_BOARD_ST95HF.lib(lib_nfcdeptarget.o)
    0x0800955c   0x00000198   Code   RO         6436    i.PICCNFCDEP_Dep    DEMO_BOARD_ST95HF.lib(lib_nfcdeptarget.o)
    0x080096f4   0x000000a8   Code   RO         6437    i.PICCNFCDEP_Dsl    DEMO_BOARD_ST95HF.lib(lib_nfcdeptarget.o)
    0x0800979c   0x000000a4   Code   RO         6438    i.PICCNFCDEP_Init   DEMO_BOARD_ST95HF.lib(lib_nfcdeptarget.o)
    0x08009840   0x00000018   Code   RO         6439    i.PICCNFCDEP_LLCPPaxCallBack  DEMO_BOARD_ST95HF.lib(lib_nfcdeptarget.o)
    0x08009858   0x00000164   Code   RO         6440    i.PICCNFCDEP_Psl    DEMO_BOARD_ST95HF.lib(lib_nfcdeptarget.o)
    0x080099bc   0x000000bc   Code   RO         6441    i.PICCNFCDEP_ReplyCommand  DEMO_BOARD_ST95HF.lib(lib_nfcdeptarget.o)
    0x08009a78   0x0000012c   Code   RO         6442    i.PICCNFCDEP_ReqC   DEMO_BOARD_ST95HF.lib(lib_nfcdeptarget.o)
    0x08009ba4   0x000000a8   Code   RO         6443    i.PICCNFCDEP_Rls    DEMO_BOARD_ST95HF.lib(lib_nfcdeptarget.o)
    0x08009c4c   0x00000018   Code   RO         2269    i.PICCNFCT2_ACK     lib_nfctype2picc.o
    0x08009c64   0x0000001c   Code   RO         2270    i.PICCNFCT2_Init    lib_nfctype2picc.o
    0x08009c80   0x00000018   Code   RO         2271    i.PICCNFCT2_NACK    lib_nfctype2picc.o
    0x08009c98   0x0000004c   Code   RO         2272    i.PICCNFCT2_Read    lib_nfctype2picc.o
    0x08009ce4   0x00000048   Code   RO         2273    i.PICCNFCT2_ReplyCommand  lib_nfctype2picc.o
    0x08009d2c   0x00000050   Code   RO         2274    i.PICCNFCT2_SelectSector  lib_nfctype2picc.o
    0x08009d7c   0x00000070   Code   RO         2275    i.PICCNFCT2_Write   lib_nfctype2picc.o
    0x08009dec   0x00000002   Code   RO         2321    i.PICCNFCT4_DeInit  lib_nfctype4picc.o
    0x08009dee   0x00000002   PAD
    0x08009df0   0x00000078   Code   RO         2322    i.PICCNFCT4_GetCommandId  lib_nfctype4picc.o
    0x08009e68   0x00000018   Code   RO         2323    i.PICCNFCT4_Init    lib_nfctype4picc.o
    0x08009e80   0x0000002c   Code   RO         2324    i.PICCNFCT4_IsReadWriteParametersOk  lib_nfctype4picc.o
    0x08009eac   0x000000a8   Code   RO         2325    i.PICCNFCT4_ReadBinary  lib_nfctype4picc.o
    0x08009f54   0x0000020c   Code   RO         2326    i.PICCNFCT4_ReplyCommand  lib_nfctype4picc.o
    0x0800a160   0x0000005c   Code   RO         2327    i.PICCNFCT4_Select  lib_nfctype4picc.o
    0x0800a1bc   0x0000001c   Code   RO         2328    i.PICCNFCT4_SelectApplication  lib_nfctype4picc.o
    0x0800a1d8   0x0000001c   Code   RO         2329    i.PICCNFCT4_SelectCCfile  lib_nfctype4picc.o
    0x0800a1f4   0x0000001c   Code   RO         2330    i.PICCNFCT4_SelectNDEFfile  lib_nfctype4picc.o
    0x0800a210   0x00000110   Code   RO         2331    i.PICCNFCT4_UpdateBinary  lib_nfctype4picc.o
    0x0800a320   0x00000058   Code   RO         2487    i.PICC_AcFilter     lib_picc.o
    0x0800a378   0x00000008   Code   RO         2488    i.PICC_Disable_Interrupt  lib_picc.o
    0x0800a380   0x00000018   Code   RO         2489    i.PICC_Echo         lib_picc.o
    0x0800a398   0x0000000e   Code   RO         2490    i.PICC_Enable_Interrupt  lib_picc.o
    0x0800a3a6   0x00000002   PAD
    0x0800a3a8   0x00000038   Code   RO         2491    i.PICC_GetBackscatteringLoad  lib_picc.o
    0x0800a3e0   0x000000c4   Code   RO         2494    i.PICC_IsResultCodeOk  lib_picc.o
    0x0800a4a4   0x00000034   Code   RO         2495    i.PICC_Listen       lib_picc.o
    0x0800a4d8   0x00000058   Code   RO         2496    i.PICC_PORsequence  lib_picc.o
    0x0800a530   0x0000000c   Code   RO         2497    i.PICC_PollData     lib_picc.o
    0x0800a53c   0x00000078   Code   RO         2498    i.PICC_ProtocolSelect  lib_picc.o
    0x0800a5b4   0x00000042   Code   RO         2499    i.PICC_ReadRegister  lib_picc.o
    0x0800a5f6   0x00000002   PAD
    0x0800a5f8   0x00000050   Code   RO         2500    i.PICC_Send         lib_picc.o
    0x0800a648   0x00000044   Code   RO         2501    i.PICC_SetBackscatteringLoad  lib_picc.o
    0x0800a68c   0x00000040   Code   RO         2502    i.PICC_WriteRegister  lib_picc.o
    0x0800a6cc   0x00000028   Code   RO         5340    i.PMAToUserBufferCopy  usb_mem.o
    0x0800a6f4   0x0000004c   Code   RO         2595    i.PP2PT_Send        lib_proprietaryp2p.o
    0x0800a740   0x0000009c   Code   RO         2596    i.PP2P_GetACK       lib_proprietaryp2p.o
    0x0800a7dc   0x000000c4   Code   RO         2597    i.PP2P_GetBuf       lib_proprietaryp2p.o
    0x0800a8a0   0x00000060   Code   RO         2598    i.PP2P_GetCMD       lib_proprietaryp2p.o
    0x0800a900   0x00000058   Code   RO         2599    i.PP2P_GetData      lib_proprietaryp2p.o
    0x0800a958   0x00000054   Code   RO         2600    i.PP2P_GetNACK      lib_proprietaryp2p.o
    0x0800a9ac   0x00000040   Code   RO         2601    i.PP2P_GetPreemptionToken  lib_proprietaryp2p.o
    0x0800a9ec   0x00000108   Code   RO         2602    i.PP2P_GetSYM       lib_proprietaryp2p.o
    0x0800aaf4   0x0000006c   Code   RO         2603    i.PP2P_ReleaseCommunicationToken  lib_proprietaryp2p.o
    0x0800ab60   0x00000094   Code   RO         2604    i.PP2P_SendBUF      lib_proprietaryp2p.o
    0x0800abf4   0x0000009c   Code   RO         2605    i.PP2P_SendCMD      lib_proprietaryp2p.o
    0x0800ac90   0x0000009c   Code   RO         2606    i.PP2P_SendDATA     lib_proprietaryp2p.o
    0x0800ad2c   0x0000003c   Code   RO         2607    i.PP2P_SendReceive  lib_proprietaryp2p.o
    0x0800ad68   0x0000025c   Code   RO         2608    i.PP2P_Server       lib_proprietaryp2p.o
    0x0800afc4   0x00000020   Code   RO         2609    i.PP2P_ServerInit   lib_proprietaryp2p.o
    0x0800afe4   0x0000001c   Code   RO         2610    i.PP2P_TargetInit   lib_proprietaryp2p.o
    0x0800b000   0x00000002   Code   RO          626    i.PendSV_Handler    stm32f10x_it.o
    0x0800b002   0x00000002   PAD
    0x0800b004   0x00000060   Code   RO          350    i.PongCheckForUserAction  pongexample.o
    0x0800b064   0x000000d4   Code   RO          351    i.PongConfigClient  pongexample.o
    0x0800b138   0x000002ec   Code   RO          352    i.PongConfigServer  pongexample.o
    0x0800b424   0x000000d0   Code   RO          353    i.PongInitiator_SendRequestReceiveResponse  pongexample.o
    0x0800b4f4   0x000006bc   Code   RO          354    i.PongRefreshScreen  pongexample.o
    0x0800bbb0   0x00000070   Code   RO          355    i.PongTarget_ReceiveRequestSendResponse  pongexample.o
    0x0800bc20   0x00000104   Code   RO          403    i.PopDataCommand    proprietary_p2p.o
    0x0800bd24   0x00000048   Code   RO         5172    i.Post0_Process     usb_core.o
    0x0800bd6c   0x00000038   Code   RO         6055    i.PowerOn           usb_pwr.o
    0x0800bda4   0x0000018c   Code   RO          404    i.ProprietaryP2PConfigClient  proprietary_p2p.o
    0x0800bf30   0x00000118   Code   RO          405    i.ProprietaryP2PConfigServer  proprietary_p2p.o
    0x0800c048   0x00000018   Code   RO         3712    i.RCC_AHBPeriphClockCmd  stm32f10x_rcc.o
    0x0800c060   0x00000018   Code   RO         3713    i.RCC_APB1PeriphClockCmd  stm32f10x_rcc.o
    0x0800c078   0x00000018   Code   RO         3714    i.RCC_APB1PeriphResetCmd  stm32f10x_rcc.o
    0x0800c090   0x00000018   Code   RO         3715    i.RCC_APB2PeriphClockCmd  stm32f10x_rcc.o
    0x0800c0a8   0x00000018   Code   RO         3716    i.RCC_APB2PeriphResetCmd  stm32f10x_rcc.o
    0x0800c0c0   0x00000090   Code   RO         3723    i.RCC_GetClocksFreq  stm32f10x_rcc.o
    0x0800c150   0x00000118   Code   RO         2398    i.RFT_OperationFeedback  lib_cardemul.o
    0x0800c268   0x00000110   Code   RO         2399    i.RFT_ReceiveFile   lib_cardemul.o
    0x0800c378   0x00000038   Code   RO         2400    i.RFT_SelectApplication  lib_cardemul.o
    0x0800c3b0   0x00000234   Code   RO         3161    i.ReadData          lib_95hf_wrapper.o
    0x0800c5e4   0x000000cc   Code   RO          807    i.ReadKey           menu.o
    0x0800c6b0   0x00000078   Code   RO          808    i.ReturnFunc        menu.o
    0x0800c728   0x00000014   Code   RO         3916    i.SPI_Cmd           stm32f10x_spi.o
    0x0800c73c   0x00000010   Code   RO         3917    i.SPI_DataSizeConfig  stm32f10x_spi.o
    0x0800c74c   0x00000054   Code   RO         3923    i.SPI_I2S_DeInit    stm32f10x_spi.o
    0x0800c7a0   0x0000000e   Code   RO         3924    i.SPI_I2S_GetFlagStatus  stm32f10x_spi.o
    0x0800c7ae   0x00000004   Code   RO         3927    i.SPI_I2S_ReceiveData  stm32f10x_spi.o
    0x0800c7b2   0x00000004   Code   RO         3928    i.SPI_I2S_SendData  stm32f10x_spi.o
    0x0800c7b6   0x00000038   Code   RO         3929    i.SPI_Init          stm32f10x_spi.o
    0x0800c7ee   0x00000036   Code   RO         1297    i.SPI_SendReceiveBuffer  drv_spi.o
    0x0800c824   0x00000034   Code   RO         1298    i.SPI_SendReceiveByte  drv_spi.o
    0x0800c858   0x00000018   Code   RO         3932    i.SPI_StructInit    stm32f10x_spi.o
    0x0800c870   0x00000002   Code   RO          627    i.SVC_Handler       stm32f10x_it.o
    0x0800c872   0x00000002   PAD
    0x0800c874   0x00000074   Code   RO          810    i.SelFunc           menu.o
    0x0800c8e8   0x00000034   Code   RO         1328    i.SendSPINSSPulse   drv_interrupt.o
    0x0800c91c   0x00000010   Code   RO         5388    i.SetBTABLE         usb_regs.o
    0x0800c92c   0x00000050   Code   RO         5173    i.SetDeviceAddress  usb_core.o
    0x0800c97c   0x00000024   Code   RO         5402    i.SetEPRxAddr       usb_regs.o
    0x0800c9a0   0x0000004c   Code   RO         5403    i.SetEPRxCount      usb_regs.o
    0x0800c9ec   0x00000040   Code   RO         5404    i.SetEPRxStatus     usb_regs.o
    0x0800ca2c   0x00000034   Code   RO         5405    i.SetEPRxValid      usb_regs.o
    0x0800ca60   0x00000020   Code   RO         5406    i.SetEPTxAddr       usb_regs.o
    0x0800ca80   0x0000001c   Code   RO         5407    i.SetEPTxCount      usb_regs.o
    0x0800ca9c   0x00000040   Code   RO         5408    i.SetEPTxStatus     usb_regs.o
    0x0800cadc   0x00000024   Code   RO         5410    i.SetEPType         usb_regs.o
    0x0800cb00   0x00000008   Code   RO         6135    i.SetSysClock       system_stm32f10x.o
    0x0800cb08   0x000000e0   Code   RO         6136    i.SetSysClockTo72   system_stm32f10x.o
    0x0800cbe8   0x00000010   Code   RO          519    i.Set_System        hw_config.o
    0x0800cbf8   0x000000b8   Code   RO         5174    i.Setup0_Process    usb_core.o
    0x0800ccb0   0x00000324   Code   RO          811    i.ShowMenuIcons     menu.o
    0x0800cfd4   0x0000016c   Code   RO         5175    i.Standard_ClearFeature  usb_core.o
    0x0800d140   0x0000002c   Code   RO         5176    i.Standard_GetConfiguration  usb_core.o
    0x0800d16c   0x00000024   Code   RO         5177    i.Standard_GetDescriptorData  usb_core.o
    0x0800d190   0x0000002c   Code   RO         5178    i.Standard_GetInterface  usb_core.o
    0x0800d1bc   0x00000100   Code   RO         5179    i.Standard_GetStatus  usb_core.o
    0x0800d2bc   0x00000048   Code   RO         5180    i.Standard_SetConfiguration  usb_core.o
    0x0800d304   0x00000028   Code   RO         5181    i.Standard_SetDeviceFeature  usb_core.o
    0x0800d32c   0x000000d0   Code   RO         5182    i.Standard_SetEndPointFeature  usb_core.o
    0x0800d3fc   0x0000006c   Code   RO         5183    i.Standard_SetInterface  usb_core.o
    0x0800d468   0x0000002c   Code   RO         1329    i.StartAppliTimeOut  drv_interrupt.o
    0x0800d494   0x0000002c   Code   RO         1330    i.StartTimeOut      drv_interrupt.o
    0x0800d4c0   0x00000010   Code   RO         1331    i.StopAppliTimeOut  drv_interrupt.o
    0x0800d4d0   0x00000010   Code   RO         1332    i.StopTimeOut       drv_interrupt.o
    0x0800d4e0   0x00000010   Code   RO          628    i.SysTick_Handler   stm32f10x_it.o
    0x0800d4f0   0x00000060   Code   RO         6138    i.SystemInit        system_stm32f10x.o
    0x0800d550   0x00000010   Code   RO          629    i.TIM2_IRQHandler   stm32f10x_it.o
    0x0800d560   0x0000003c   Code   RO         1333    i.TIM3_IRQHandler   drv_interrupt.o
    0x0800d59c   0x0000003c   Code   RO         1334    i.TIM4_IRQHandler   drv_interrupt.o
    0x0800d5d8   0x00000006   Code   RO         4064    i.TIM_ClearITPendingBit  stm32f10x_tim.o
    0x0800d5de   0x00000014   Code   RO         4069    i.TIM_Cmd           stm32f10x_tim.o
    0x0800d5f2   0x00000010   Code   RO         4094    i.TIM_ITConfig      stm32f10x_tim.o
    0x0800d602   0x00000004   Code   RO         4134    i.TIM_SetCounter    stm32f10x_tim.o
    0x0800d606   0x00000002   PAD
    0x0800d608   0x0000009c   Code   RO         4140    i.TIM_TimeBaseInit  stm32f10x_tim.o
    0x0800d6a4   0x00000014   Code   RO         4143    i.TIM_UpdateRequestConfig  stm32f10x_tim.o
    0x0800d6b8   0x00000060   Code   RO         1682    i.TOPAZ_ID          lib_iso14443apcd.o
    0x0800d718   0x000003b8   Code   RO          998    i.TagDetectWakeUp   menu_reader.o
    0x0800dad0   0x00000260   Code   RO         1030    i.TagEmul           menu_tagemul.o
    0x0800dd30   0x00000034   Code   RO         1031    i.TagEmulT2         menu_tagemul.o
    0x0800dd64   0x00000048   Code   RO         1032    i.TagEmulT2GEO      menu_tagemul.o
    0x0800ddac   0x00000048   Code   RO         1033    i.TagEmulT2SMS      menu_tagemul.o
    0x0800ddf4   0x00000048   Code   RO         1034    i.TagEmulT2URI      menu_tagemul.o
    0x0800de3c   0x00000034   Code   RO         1035    i.TagEmulT4A        menu_tagemul.o
    0x0800de70   0x0000004c   Code   RO         1036    i.TagEmulT4AEMAIL   menu_tagemul.o
    0x0800debc   0x0000004c   Code   RO         1037    i.TagEmulT4AGEO     menu_tagemul.o
    0x0800df08   0x0000004c   Code   RO         1038    i.TagEmulT4ASMS     menu_tagemul.o
    0x0800df54   0x0000004c   Code   RO         1039    i.TagEmulT4AURI     menu_tagemul.o
    0x0800dfa0   0x00000030   Code   RO         1040    i.TagEmulT4AVCARD   menu_tagemul.o
    0x0800dfd0   0x000002fc   Code   RO          999    i.TagHunting        menu_reader.o
    0x0800e2cc   0x00000214   Code   RO         1000    i.TagReading        menu_reader.o
    0x0800e4e0   0x00000038   Code   RO         1106    i.TagWriteEMAIL     menu_writer.o
    0x0800e518   0x00000034   Code   RO         1107    i.TagWriteGEO       menu_writer.o
    0x0800e54c   0x00000038   Code   RO         1108    i.TagWriteSMS       menu_writer.o
    0x0800e584   0x00000014   Code   RO         1109    i.TagWriteText      menu_writer.o
    0x0800e598   0x00000040   Code   RO         1110    i.TagWriteURI       menu_writer.o
    0x0800e5d8   0x00000014   Code   RO         1111    i.TagWriteVCARD     menu_writer.o
    0x0800e5ec   0x000003c0   Code   RO         1112    i.TagWriting        menu_writer.o
    0x0800e9ac   0x0000004c   Code   RO          521    i.TimerDelay_ms_Config  hw_config.o
    0x0800e9f8   0x0000004a   Code   RO          522    i.TimerDelay_us_Config  hw_config.o
    0x0800ea42   0x0000000c   Code   RO          523    i.Timer_Config      hw_config.o
    0x0800ea4e   0x0000000c   Code   RO          524    i.Timer_RCC_Config  hw_config.o
    0x0800ea5a   0x0000004a   Code   RO          525    i.Timer_Structure_Config  hw_config.o
    0x0800eaa4   0x00000088   Code   RO         6169    i.USART1_IRQHandler  usart.o
    0x0800eb2c   0x00000014   Code   RO         4592    i.USART_Cmd         stm32f10x_usart.o
    0x0800eb40   0x0000003e   Code   RO         4596    i.USART_GetITStatus  stm32f10x_usart.o
    0x0800eb7e   0x00000030   Code   RO         4598    i.USART_ITConfig    stm32f10x_usart.o
    0x0800ebae   0x00000002   PAD
    0x0800ebb0   0x000000b0   Code   RO         4599    i.USART_Init        stm32f10x_usart.o
    0x0800ec60   0x00000008   Code   RO         4606    i.USART_ReceiveData  stm32f10x_usart.o
    0x0800ec68   0x0000013c   Code   RO          812    i.USBRemoteControl  menu.o
    0x0800eda4   0x00000020   Code   RO          526    i.USB_Cable_Config  hw_config.o
    0x0800edc4   0x0000002c   Code   RO          527    i.USB_Disconnect_Config  hw_config.o
    0x0800edf0   0x00000008   Code   RO          630    i.USB_HP_CAN1_TX_IRQHandler  stm32f10x_it.o
    0x0800edf8   0x00000050   Code   RO         5922    i.USB_Istr          usb_istr.o
    0x0800ee48   0x00000008   Code   RO          631    i.USB_LP_CAN1_RX0_IRQHandler  stm32f10x_it.o
    0x0800ee50   0x00000024   Code   RO         5718    i.USB_SIL_Init      usb_sil.o
    0x0800ee74   0x0000002e   Code   RO         5719    i.USB_SIL_Read      usb_sil.o
    0x0800eea2   0x0000002e   Code   RO         5720    i.USB_SIL_Write     usb_sil.o
    0x0800eed0   0x000000f0   Code   RO          813    i.UpFunc            menu.o
    0x0800efc0   0x00000004   Code   RO          632    i.UsageFault_Handler  stm32f10x_it.o
    0x0800efc4   0x00000038   Code   RO         5341    i.UserToPMABufferCopy  usb_mem.o
    0x0800effc   0x0000000e   Code   RO          814    i.WaitDebounce      menu.o
    0x0800f00a   0x00000002   PAD
    0x0800f00c   0x00000288   Code   RO         3162    i.WriteData         lib_95hf_wrapper.o
    0x0800f294   0x00000020   Code   RO         7095    i.__0printf$8       mc_w.l(printf8.o)
    0x0800f2b4   0x00000028   Code   RO         7097    i.__0sprintf$8      mc_w.l(printf8.o)
    0x0800f2dc   0x0000000e   Code   RO         7190    i.__scatterload_copy  mc_w.l(handlers.o)
    0x0800f2ea   0x00000002   Code   RO         7191    i.__scatterload_null  mc_w.l(handlers.o)
    0x0800f2ec   0x0000000e   Code   RO         7192    i.__scatterload_zeroinit  mc_w.l(handlers.o)
    0x0800f2fa   0x00000002   PAD
    0x0800f2fc   0x00000410   Code   RO         7102    i._printf_core      mc_w.l(printf8.o)
    0x0800f70c   0x00000024   Code   RO         7103    i._printf_post_padding  mc_w.l(printf8.o)
    0x0800f730   0x0000002e   Code   RO         7104    i._printf_pre_padding  mc_w.l(printf8.o)
    0x0800f75e   0x0000000a   Code   RO         7106    i._sputc            mc_w.l(printf8.o)
    0x0800f768   0x00000040   Code   RO         2612    i.clientFillCMD     lib_proprietaryp2p.o
    0x0800f7a8   0x00000040   Code   RO         2613    i.clientFillDAT     lib_proprietaryp2p.o
    0x0800f7e8   0x00000018   Code   RO          528    i.decrement_delay   hw_config.o
    0x0800f800   0x00000078   Code   RO          529    i.delayHighPriority_ms  hw_config.o
    0x0800f878   0x0000003c   Code   RO          530    i.delay_ms          hw_config.o
    0x0800f8b4   0x00000038   Code   RO          531    i.delay_us          hw_config.o
    0x0800f8ec   0x00000014   Code   RO         1165    i.drv95HF_DisableInterrupt  drv_95hf.o
    0x0800f900   0x00000014   Code   RO         1166    i.drv95HF_EnableInterrupt  drv_95hf.o
    0x0800f914   0x00000068   Code   RO         1167    i.drv95HF_GPIOConfigSPI  drv_95hf.o
    0x0800f97c   0x00000014   Code   RO         1169    i.drv95HF_GetInterfacePinState  drv_95hf.o
    0x0800f990   0x0000000c   Code   RO         1170    i.drv95HF_GetSerialInterface  drv_95hf.o
    0x0800f99c   0x0000001c   Code   RO         1172    i.drv95HF_InitConfigStructure  drv_95hf.o
    0x0800f9b8   0x0000001c   Code   RO         1173    i.drv95HF_InitializeSPI  drv_95hf.o
    0x0800f9d4   0x00000018   Code   RO         1174    i.drv95HF_InitilizeSerialInterface  drv_95hf.o
    0x0800f9ec   0x00000034   Code   RO         1175    i.drv95HF_PoolingReading  drv_95hf.o
    0x0800fa20   0x00000014   Code   RO         1176    i.drv95HF_RCCConfigSPI  drv_95hf.o
    0x0800fa34   0x000000b0   Code   RO         1177    i.drv95HF_ReceiveSPIResponse  drv_95hf.o
    0x0800fae4   0x0000004c   Code   RO         1178    i.drv95HF_ResetSPI  drv_95hf.o
    0x0800fb30   0x000000b0   Code   RO         1179    i.drv95HF_SPIPollingCommand  drv_95hf.o
    0x0800fbe0   0x00000048   Code   RO         1181    i.drv95HF_SendIRQINPulse  drv_95hf.o
    0x0800fc28   0x00000050   Code   RO         1182    i.drv95HF_SendReceive  drv_95hf.o
    0x0800fc78   0x00000070   Code   RO         1183    i.drv95HF_SendSPICommand  drv_95hf.o
    0x0800fce8   0x00000010   Code   RO         1184    i.drv95HF_SendSPIResetByte  drv_95hf.o
    0x0800fcf8   0x00000044   Code   RO         1185    i.drv95HF_StructureConfigSPI  drv_95hf.o
    0x0800fd3c   0x00000054   Code   RO         1335    i.drvInt_AppliTimeoutTimerConfig  drv_interrupt.o
    0x0800fd90   0x00000034   Code   RO         1336    i.drvInt_Disable_95HF_IRQ  drv_interrupt.o
    0x0800fdc4   0x00000038   Code   RO         1337    i.drvInt_Enable_RFEvent_IRQ  drv_interrupt.o
    0x0800fdfc   0x00000034   Code   RO         1338    i.drvInt_Enable_Reply_IRQ  drv_interrupt.o
    0x0800fe30   0x0000004c   Code   RO         1339    i.drvInt_TimeoutTimerConfig  drv_interrupt.o
    0x0800fe7c   0x0000003c   Code   RO          766    i.file_CRC          firmware_saving.o
    0x0800feb8   0x0000001c   Code   RO         6171    i.fputc             usart.o
    0x0800fed4   0x000000c0   Code   RO         2614    i.getNextFrame      lib_proprietaryp2p.o
    0x0800ff94   0x000003d8   Code   RO         3078    i.getUriType        lib_ndef_uri.o
    0x0801036c   0x000000a8   Code   RO          406    i.handleCommand     proprietary_p2p.o
    0x08010414   0x000000ec   Code   RO          407    i.handleCommandFromWOD  proprietary_p2p.o
    0x08010500   0x0000002c   Code   RO          408    i.handleData        proprietary_p2p.o
    0x0801052c   0x00000006   Code   RO          409    i.handleDataFromWOD  proprietary_p2p.o
    0x08010532   0x00000002   PAD
    0x08010534   0x000000c8   Code   RO         2849    i.initFlashNDEF     lib_flash_ndef.o
    0x080105fc   0x00000034   Code   RO          410    i.initPP2PContext   proprietary_p2p.o
    0x08010630   0x0000001c   Code   RO          411    i.isCommunicationTokenRequested  proprietary_p2p.o
    0x0801064c   0x00000020   Code   RO          412    i.isLastCmdAcknoledge  proprietary_p2p.o
    0x0801066c   0x0000001c   Code   RO          413    i.isPendingStreamToSend  proprietary_p2p.o
    0x08010688   0x00000100   Code   RO            2    i.main              main.o
    0x08010788   0x0000008c   Code   RO         2850    i.manageFlashNDEF   lib_flash_ndef.o
    0x08010814   0x0000001c   Code   RO          725    i.random            common.o
    0x08010830   0x00000030   Code   RO         2851    i.readNDEFFromFlash  lib_flash_ndef.o
    0x08010860   0x00000250   Code   RO         1001    i.readNDEFfromTAG   menu_reader.o
    0x08010ab0   0x0000004c   Code   RO          415    i.refreshRxDataInfo  proprietary_p2p.o
    0x08010afc   0x00000108   Code   RO          416    i.refreshScreen     proprietary_p2p.o
    0x08010c04   0x0000001c   Code   RO          417    i.refreshTxCMDInfo  proprietary_p2p.o
    0x08010c20   0x0000004c   Code   RO          418    i.refreshTxDataInfo  proprietary_p2p.o
    0x08010c6c   0x000000a0   Code   RO         6172    i.uart_init         usart.o
    0x08010d0c   0x0000009c   Code   RO         2852    i.writeNDEFToFlash  lib_flash_ndef.o
    0x08010da8   0x00001e21   Data   RO            4    .constdata          main.o
    0x08012bc9   0x00042a83   Data   RO          817    .constdata          menu.o
    0x0805564c   0x00000010   Data   RO         1002    .constdata          menu_reader.o
    0x0805565c   0x00000004   Data   RO         1113    .constdata          menu_writer.o
    0x08055660   0x00000028   Data   RO         1498    .constdata          lib_nfctype3pcd.o
    0x08055688   0x0000000a   Data   RO         1684    .constdata          lib_iso14443apcd.o
    0x08055692   0x00000002   PAD
    0x08055694   0x0000000d   Data   RO         1796    .constdata          lib_iso14443bpcd.o
    0x080556a1   0x00000007   Data   RO         2060    .constdata          lib_iso18092pcd.o
    0x080556a8   0x00000021   Data   RO         2332    .constdata          lib_nfctype4picc.o
    0x080556c9   0x0000004b   Data   RO         2853    .constdata          lib_flash_ndef.o
    0x08055714   0x000011d0   Data   RO         4826    .constdata          drv_lcdspi_ili9341.o
    0x080568e4   0x0000001e   Data   RO         5130    .constdata          drv_led.o
    0x08056902   0x0000019a   Data   RO         5742    .constdata          usb_desc.o
    0x08056a9c   0x0000018a   Data   RO         5817    .constdata          usb_hid.o
    0x08056c26   0x00000002   PAD
    0x08056c28   0x000003bc   Data   RO          818    .conststring        menu.o
    0x08056fe4   0x00000020   Data   RO         7188    Region$$Table       anon$$obj.o


    Execution Region RW_IRAM1 (Base: 0x20000000, Size: 0x00013f00, Max: 0x00018000, ABSOLUTE, COMPRESSED[0x000002cc])

    Base Addr    Size         Type   Attr      Idx    E Section Name        Object

    0x20000000   0x00000011   Data   RW            5    .data               main.o
    0x20000011   0x00000001   PAD
    0x20000012   0x00000014   Data   RW          356    .data               pongexample.o
    0x20000026   0x00000002   PAD
    0x20000028   0x0000001d   Data   RW          420    .data               proprietary_p2p.o
    0x20000045   0x00000001   PAD
    0x20000046   0x00000002   Data   RW          532    .data               hw_config.o
    0x20000048   0x0000000c   Data   RW          633    .data               stm32f10x_it.o
    0x20000054   0x00000314   Data   RW          819    .data               menu.o
    0x20000368   0x00000049   Data   RW          966    .data               menu_cardemul.o
    0x200003b1   0x00000001   Data   RW         1041    .data               menu_tagemul.o
    0x200003b2   0x00000019   Data   RW         1114    .data               menu_writer.o
    0x200003cb   0x00000007   Data   RW         1187    .data               drv_95hf.o
    0x200003d2   0x00000004   Data   RW         1340    .data               drv_interrupt.o
    0x200003d6   0x00000003   Data   RW         1634    .data               lib_iso7816pcd.o
    0x200003d9   0x00000001   PAD
    0x200003da   0x00000006   Data   RW         1685    .data               lib_iso14443apcd.o
    0x200003e0   0x00000001   Data   RW         2114    .data               lib_pcd.o
    0x200003e1   0x00000025   Data   RW         2213    .data               lib_piccemulator.o
    0x20000406   0x00000003   Data   RW         2276    .data               lib_nfctype2picc.o
    0x20000409   0x00000002   Data   RW         2333    .data               lib_nfctype4picc.o
    0x2000040b   0x00000001   PAD
    0x2000040c   0x00000022   Data   RW         2401    .data               lib_cardemul.o
    0x2000042e   0x00000001   Data   RW         2466    .data               lib_iso14443apicc.o
    0x2000042f   0x00000001   PAD
    0x20000430   0x0000005c   Data   RW         2616    .data               lib_proprietaryp2p.o
    0x2000048c   0x00000008   Data   RW         2749    .data               lib_configmanager.o
    0x20000494   0x00000010   Data   RW         2895    .data               lib_ndef.o
    0x200004a4   0x00000001   Data   RW         3163    .data               lib_95hf_wrapper.o
    0x200004a5   0x00000014   Data   RW         3743    .data               stm32f10x_rcc.o
    0x200004b9   0x00000001   PAD
    0x200004ba   0x0000000a   Data   RW         4827    .data               drv_lcdspi_ili9341.o
    0x200004c4   0x00000015   Data   RW         5131    .data               drv_led.o
    0x200004d9   0x00000001   PAD
    0x200004da   0x00000003   Data   RW         5184    .data               usb_core.o
    0x200004dd   0x00000003   PAD
    0x200004e0   0x00000014   Data   RW         5289    .data               usb_init.o
    0x200004f4   0x00000004   Data   RW         5312    .data               usb_int.o
    0x200004f8   0x00000034   Data   RW         5743    .data               usb_desc.o
    0x2000052c   0x00000006   Data   RW         5818    .data               usb_hid.o
    0x20000532   0x00000002   PAD
    0x20000534   0x0000003c   Data   RW         5923    .data               usb_istr.o
    0x20000570   0x00000090   Data   RW         5954    .data               usb_prop.o
    0x20000600   0x00000007   Data   RW         6059    .data               usb_pwr.o
    0x20000607   0x00000001   PAD
    0x20000608   0x00000014   Data   RW         6139    .data               system_stm32f10x.o
    0x2000061c   0x00000006   Data   RW         6174    .data               usart.o
    0x20000622   0x00000002   PAD
    0x20000624   0x0000001c   Data   RW         6445    .data               DEMO_BOARD_ST95HF.lib(lib_nfcdeptarget.o)
    0x20000640   0x00006a9a   Zero   RW            3    .bss                main.o
    0x200070da   0x00000002   PAD
    0x200070dc   0x0000001c   Zero   RW          419    .bss                proprietary_p2p.o
    0x200070f8   0x00001140   Zero   RW          816    .bss                menu.o
    0x20008238   0x00007800   Zero   RW          965    .bss                menu_cardemul.o
    0x2000fa38   0x00000211   Zero   RW         1186    .bss                drv_95hf.o
    0x2000fc49   0x0000052c   Zero   RW         1633    .bss                lib_iso7816pcd.o
    0x20010175   0x000003a6   Zero   RW         1683    .bss                lib_iso14443apcd.o
    0x2001051b   0x00000056   Zero   RW         1795    .bss                lib_iso14443bpcd.o
    0x20010571   0x00000029   Zero   RW         2059    .bss                lib_iso18092pcd.o
    0x2001059a   0x0000008d   Zero   RW         2465    .bss                lib_iso14443apicc.o
    0x20010627   0x00000300   Zero   RW         2615    .bss                lib_proprietaryp2p.o
    0x20010927   0x00000010   Zero   RW         2748    .bss                lib_configmanager.o
    0x20010937   0x00000001   PAD
    0x20010938   0x00002890   Zero   RW         2894    .bss                lib_ndef.o
    0x200131c8   0x0000001c   Zero   RW         5288    .bss                usb_init.o
    0x200131e4   0x00000100   Zero   RW         6173    .bss                usart.o
    0x200132e4   0x00000418   Zero   RW         6444    .bss                DEMO_BOARD_ST95HF.lib(lib_nfcdeptarget.o)
    0x200136fc   0x00000004   PAD
    0x20013700   0x00000800   Zero   RW         6117    STACK               startup_stm32f10x_xl.o


==============================================================================

Image component sizes


      Code (inc. data)   RO Data    RW Data    ZI Data      Debug   Object Name

        52          0          0          0          0       1594   common.o
      1104        132          0          7        529      12347   drv_95hf.o
       712        108          0          4          0       8959   drv_interrupt.o
      1658        118       4560         10          0      20441   drv_lcdspi_ili9341.o
       212         50         30         21          0       4149   drv_led.o
       106          0          0          0          0       1894   drv_spi.o
        60         10          0          0          0       1357   firmware_saving.o
       780         32          0          2          0       7902   hw_config.o
      1212         88          0          1          0       3795   lib_95hf_wrapper.o
       608         58          0         34          0       3691   lib_cardemul.o
       972        126          0          8         16      10122   lib_configmanager.o
       544        102         75          0          0       4284   lib_flash_ndef.o
      3030        228         10          6        934      17902   lib_iso14443apcd.o
       348         18          0          1        141       2606   lib_iso14443apicc.o
       712         88         13          0         86       8381   lib_iso14443bpcd.o
      4256         32          0          0          0      32378   lib_iso15693pcd.o
       302         36          7          0         41       3817   lib_iso18092pcd.o
       564         46          0          3       1324       4242   lib_iso7816pcd.o
       296         34          0          0          0       3516   lib_iso7816picc.o
      1236        110          0         16      10384       8657   lib_ndef.o
       264         20          0          0          0       1568   lib_ndef_aar.o
      1242         80          0          0          0       4936   lib_ndef_email.o
      1044         48          0          0          0       4774   lib_ndef_geo.o
      1092         66          0          0          0       4886   lib_ndef_sms.o
       208         12          0          0          0        793   lib_ndef_text.o
      2864        892          0          0          0       5723   lib_ndef_uri.o
       564         36          0          0          0       4025   lib_nfctype1pcd.o
      1112         36          0          0          0       5370   lib_nfctype2pcd.o
       416         68          0          3          0       5839   lib_nfctype2picc.o
      1116         70         40          0          0       6724   lib_nfctype3pcd.o
       928         42          0          0          0       7202   lib_nfctype4pcd.o
      1330        110         33          2          0      11765   lib_nfctype4picc.o
       920         10          0          0          0       3855   lib_nfctype5pcd.o
      1430         96          0          1          0      12895   lib_pcd.o
       974         62          0          0          0      11711   lib_picc.o
      1264        214          0         37          0      10406   lib_piccemulator.o
      2660        530          0         92        768      17098   lib_proprietaryp2p.o
       256         48       7713         17      27290     325860   main.o
      2876        488     273983        788       4416      17102   menu.o
      1260        514          0         73      30720       4570   menu_cardemul.o
      2840        858         16          0          0       4086   menu_reader.o
      1280        556          0          1          0       6345   menu_tagemul.o
      1228        524          4         25          0       5330   menu_writer.o
       140         24          0          0          0       2461   misc.o
      3100        326          0         20          0       6490   pongexample.o
      2582        738          0         29         28      14496   proprietary_p2p.o
        36          8        304          0       2048        876   startup_stm32f10x_xl.o
        24          8          0          0          0       1208   stm32f10x_crc.o
       170         14          0          0          0       3226   stm32f10x_exti.o
       640         54          0          0          0       9140   stm32f10x_flash.o
       240          6          0          0          0       5963   stm32f10x_gpio.o
       480         68          0         12          0       9152   stm32f10x_it.o
       264         46          0         20          0       7004   stm32f10x_rcc.o
       222         12          0          0          0       6417   stm32f10x_spi.o
       222         42          0          0          0       5518   stm32f10x_tim.o
       314          4          0          0          0       5434   stm32f10x_usart.o
       328         28          0         20          0       3005   system_stm32f10x.o
       324         26          0          6        256       3864   usart.o
      3058        288          0          3          0      16679   usb_core.o
         0          0        410         52          0       1753   usb_desc.o
        22          0          0          0          0       2808   usb_endp.o
      2208        136        394          6          0      17837   usb_hid.o
         0          0          0         20         28       3987   usb_init.o
       848         58          0          4          0       2705   usb_int.o
        80         18          0         60          0       1756   usb_istr.o
        96         10          0          0          0       2104   usb_mem.o
       468         76          0        144          0      13209   usb_prop.o
        56         10          0          7          0       2473   usb_pwr.o
       660         96          0          0          0      11008   usb_regs.o
       128          8          0          0          0       2546   usb_sil.o

    ----------------------------------------------------------------------
     64700       8900     287628       1572      79012     808016   Object Totals
         0          0         32          0          0          0   (incl. Generated)
        58          0          4         17          3          0   (incl. Padding)

    ----------------------------------------------------------------------

      Code (inc. data)   RO Data    RW Data    ZI Data      Debug   Library Member Name

         0          0          0          0          0     207028   lib_nfcdepinitiator.o
      2300        184          0         28       1048      13216   lib_nfcdeptarget.o
        86          0          0          0          0          0   __dczerorl2.o
         0          0          0          0          0          0   entry.o
         0          0          0          0          0          0   entry10a.o
         0          0          0          0          0          0   entry11a.o
         8          4          0          0          0          0   entry2.o
         4          0          0          0          0          0   entry5.o
         0          0          0          0          0          0   entry7b.o
         0          0          0          0          0          0   entry8b.o
         8          4          0          0          0          0   entry9a.o
        30          0          0          0          0          0   handlers.o
        36          8          0          0          0         68   init.o
        30          0          0          0          0         68   llshl.o
        32          0          0          0          0         68   llushr.o
        26          0          0          0          0         80   memcmp.o
        64          0          0          0          0         76   memmovea.o
        36          0          0          0          0        108   memseta.o
      1204         60          0          0          0        504   printf8.o
        18          0          0          0          0         68   strcpy.o
        14          0          0          0          0         68   strlen.o
        30          0          0          0          0         80   strncmp.o
        98          0          0          0          0         92   uldiv.o

    ----------------------------------------------------------------------
      4028        260          0         28       1052     221524   Library Totals
         4          0          0          0          4          0   (incl. Padding)

    ----------------------------------------------------------------------

      Code (inc. data)   RO Data    RW Data    ZI Data      Debug   Library Name

      2300        184          0         28       1048     220244   DEMO_BOARD_ST95HF.lib
      1724         76          0          0          0       1280   mc_w.l

    ----------------------------------------------------------------------
      4028        260          0         28       1052     221524   Library Totals

    ----------------------------------------------------------------------

==============================================================================


      Code (inc. data)   RO Data    RW Data    ZI Data      Debug   

     68728       9160     287628       1600      80064    1000704   Grand Totals
     68728       9160     287628        716      80064    1000704   ELF Image Totals (compressed)
     68728       9160     287628        716          0          0   ROM Totals

==============================================================================

    Total RO  Size (Code + RO Data)               356356 ( 348.00kB)
    Total RW  Size (RW Data + ZI Data)             81664 (  79.75kB)
    Total ROM Size (Code + RO Data + RW Data)     357072 ( 348.70kB)

==============================================================================

