<html>
<body>
<pre>
<h1>µVision Build Log</h1>
<h2>Tool Versions:</h2>
IDE-Version: ¦ÌVision V5.18.0.0
Copyright (C) 2016 ARM Ltd and ARM Germany GmbH. All rights reserved.
License Information: Yin yk15281095690@163.com, yk, LIC=47GSB-26R9L-Y7NRW-Q8QDG-15VID-1CTKQ
 
Tool Versions:
Toolchain:       MDK-ARM Standard  Version: 5.18
Toolchain Path:  E:\MDK\ARM\ARMCC\Bin
C Compiler:      Armcc.exe V5.06 update 1 (build 61)
Assembler:       Armasm.exe V5.06 update 1 (build 61)
Linker/Locator:  ArmLink.exe V5.06 update 1 (build 61)
Library Manager: ArmAr.exe V5.06 update 1 (build 61)
Hex Converter:   FromElf.exe V5.06 update 1 (build 61)
CPU DLL:         SARMCM3.DLL V5.18
Dialog DLL:      DCM.DLL V1.13.6.0
Target DLL:      Segger\JL2CM3.dll V2.99.18.0
Dialog DLL:      TCM.DLL V1.14.8.0
 
<h2>Project:</h2>
D:\GitHubFiles\STM32\Project\NFC\SoftWare\EVAL-ST95HF_FW_V3.7.3\Project\95HF_Example\ST95HF\ST95HF_DEMOBOARD_MB1145B\MDK-ARM\DEMO_BOARD_ST95HF.uvprojx
Project File Date:  01/27/2021

<h2>Output:</h2>
*** Using Compiler 'V5.06 update 1 (build 61)', folder: 'E:\MDK\ARM\ARMCC\Bin'
Rebuild target 'DEMO_BOARD_ST95HF'
compiling Firmware_Saving.c...
compiling common.c...
compiling hw_config.c...
compiling menu_auto.c...
compiling menu_reader.c...
compiling proprietary_p2p.c...
compiling stm32f10x_it.c...
compiling menu_cardemul.c...
compiling main.c...
compiling PongExample.c...
compiling miscellaneous.c...
compiling menu.c...
compiling menu_writer.c...
compiling drv_spi.c...
compiling drv_uart.c...
compiling menu_Tagemul.c...
compiling drv_95HF.c...
compiling drv_interrupt.c...
compiling lib_nfctype1pcd.c...
compiling lib_nfctype2pcd.c...
compiling lib_nfctype3pcd.c...
compiling lib_nfctype4pcd.c...
compiling lib_nfctype5pcd.c...
compiling lib_iso7816pcd.c...
compiling lib_iso14443Apcd.c...
compiling lib_iso18092pcd.c...
compiling lib_iso14443Bpcd.c...
compiling lib_PCD.c...
compiling lib_iso15693pcd.c...
compiling lib_iso7816picc.c...
compiling lib_nfctype2picc.c...
compiling lib_PICCemulator.c...
compiling lib_cardemul.c...
compiling lib_nfctype4picc.c...
compiling lib_iso14443Apicc.c...
compiling lib_flash_ndef.c...
compiling lib_PICC.c...
compiling lib_NDEF.c...
compiling lib_ConfigManager.c...
compiling lib_proprietaryP2P.c...
compiling lib_NDEF_AAR.c...
compiling lib_NDEF_SMS.c...
compiling lib_NDEF_Geo.c...
compiling lib_NDEF_Email.c...
compiling lib_NDEF_URI.c...
compiling lib_NDEF_Text.c...
compiling misc.c...
compiling lib_NDEF_Vcard.c...
compiling lib_95HF_wrapper.c...
compiling stm32f10x_crc.c...
compiling stm32f10x_dma.c...
compiling stm32f10x_exti.c...
compiling stm32f10x_gpio.c...
compiling stm32f10x_spi.c...
compiling stm32f10x_rcc.c...
compiling stm32f10x_flash.c...
compiling drv_LED.c...
compiling drv_lcdspi_ili9341.c...
compiling stm32f10x_usart.c...
compiling usb_init.c...
compiling usb_core.c...
compiling stm32f10x_tim.c...
compiling usb_mem.c...
compiling usb_int.c...
compiling usb_regs.c...
compiling usb_sil.c...
compiling usb_desc.c...
compiling mass_mal.c...
compiling memory.c...
compiling msd_rw.c...
compiling usb_endp.c...
compiling nand_if.c...
compiling usb_istr.c...
compiling usb_prop.c...
compiling scsi_data.c...
compiling usb_pwr.c...
compiling usb_bot.c...
compiling usb_scsi.c...
compiling usb_hid.c...
assembling startup_stm32f10x_xl.s...
compiling core_cm3.c...
compiling system_stm32f10x.c...
compiling usart.c...
compiling sys.c...
linking...
Program Size: Code=68708 RO-data=287628 RW-data=1600 ZI-data=80064  
FromELF: creating hex file...
".\Obj\DEMO_BOARD_ST95HF.axf" - 0 Error(s), 0 Warning(s).

<h2>Collection of Component include folders:</h2>
  D:\GitHubFiles\STM32\Project\NFC\SoftWare\EVAL-ST95HF_FW_V3.7.3\Project\95HF_Example\ST95HF\ST95HF_DEMOBOARD_MB1145B\MDK-ARM\RTE
  E:\MDK\ARM\PACK\Keil\STM32F1xx_DFP\2.3.0\Device\Include

<h2>Collection of Component Files used:</h2>
Build Time Elapsed:  00:00:07
</pre>
</body>
</html>
