<html>
<body>
<pre>
<h1>µVision Build Log</h1>
<h2>Tool Versions:</h2>
IDE-Version: ¦ÌVision V5.33.0.0
Copyright (C) 2020 ARM Ltd and ARM Germany GmbH. All rights reserved.
License Information: l yj, 1, LIC=R4HVE-5F7IE-4AGDE-57XF0-DIAF6-AA5QT
 
Tool Versions:
Toolchain:       MDK-ARM Professional  Version: 5.33.0.0
Toolchain Path:  D:\WorkSoftware\kei5\ARM\ARMCC\Bin
C Compiler:      Armcc.exe V5.06 update 7 (build 960)
Assembler:       Armasm.exe V5.06 update 7 (build 960)
Linker/Locator:  ArmLink.exe V5.06 update 7 (build 960)
Library Manager: ArmAr.exe V5.06 update 7 (build 960)
Hex Converter:   FromElf.exe V5.06 update 7 (build 960)
CPU DLL:         SARMCM3.DLL V5.33.0.0
Dialog DLL:      DCM.DLL V1.17.3.0
Target DLL:      Segger\JL2CM3.dll V2.99.38.0
Dialog DLL:      TCM.DLL V1.48.0.0
 
<h2>Project:</h2>
C:\Users\liuyongjing\Desktop\yinke\STM32\Project\NFC\SoftWare\EVAL-ST95HF_FW_V3.7.3(yinke)\Project\95HF_Example\ST95HF\ST95HF_DEMOBOARD_MB1145B\MDK-ARM\DEMO_BOARD_ST95HF.uvprojx
Project File Date:  03/18/2021

<h2>Output:</h2>
*** Using Compiler 'V5.06 update 7 (build 960)', folder: 'D:\WorkSoftware\kei5\ARM\ARMCC\Bin'
Rebuild target 'DEMO_BOARD_ST95HF'
compiling common.c...
compiling hw_config.c...
compiling Firmware_Saving.c...
compiling menu_cardemul.c...
compiling stm32f10x_it.c...
compiling PongExample.c...
compiling proprietary_p2p.c...
compiling main.c...
compiling menu_reader.c...
compiling menu_auto.c...
compiling miscellaneous.c...
compiling drv_interrupt.c...
compiling menu_Tagemul.c...
compiling drv_spi.c...
compiling drv_95HF.c...
compiling drv_uart.c...
compiling menu_writer.c...
compiling menu.c...
compiling lib_nfctype1pcd.c...
compiling lib_nfctype2pcd.c...
compiling lib_nfctype3pcd.c...
compiling lib_nfctype4pcd.c...
compiling lib_nfctype5pcd.c...
compiling lib_iso7816pcd.c...
compiling lib_iso14443Bpcd.c...
compiling lib_iso18092pcd.c...
compiling lib_iso14443Apcd.c...
compiling lib_PCD.c...
compiling lib_nfctype2picc.c...
compiling lib_iso15693pcd.c...
compiling lib_PICCemulator.c...
compiling lib_nfctype4picc.c...
compiling lib_cardemul.c...
compiling lib_flash_ndef.c...
compiling lib_PICC.c...
compiling lib_iso14443Apicc.c...
compiling lib_iso7816picc.c...
compiling lib_NDEF.c...
compiling lib_NDEF_AAR.c...
compiling lib_NDEF_Email.c...
compiling lib_proprietaryP2P.c...
compiling lib_NDEF_Geo.c...
compiling lib_ConfigManager.c...
compiling lib_NDEF_SMS.c...
compiling lib_NDEF_URI.c...
compiling misc.c...
compiling stm32f10x_crc.c...
compiling stm32f10x_exti.c...
compiling lib_NDEF_Text.c...
compiling stm32f10x_dma.c...
compiling lib_NDEF_Vcard.c...
compiling stm32f10x_gpio.c...
compiling lib_95HF_wrapper.c...
compiling stm32f10x_flash.c...
compiling stm32f10x_rcc.c...
compiling stm32f10x_spi.c...
compiling stm32f10x_usart.c...
compiling drv_LED.c...
compiling usb_init.c...
compiling usb_int.c...
compiling drv_lcdspi_ili9341.c...
compiling usb_mem.c...
compiling usb_core.c...
compiling usb_regs.c...
compiling stm32f10x_tim.c...
compiling mass_mal.c...
compiling memory.c...
compiling usb_sil.c...
compiling usb_desc.c...
compiling msd_rw.c...
assembling startup_stm32f10x_xl.s...
compiling scsi_data.c...
compiling nand_if.c...
compiling usb_bot.c...
compiling usb_scsi.c...
compiling usb_istr.c...
compiling usb_endp.c...
compiling core_cm3.c...
compiling usb_pwr.c...
compiling usb_prop.c...
compiling mcc_crypto_card.c...
compiling mcc_macros.c...
compiling usb_hid.c...
compiling rfal_crc.c...
compiling system_stm32f10x.c...
compiling usart.c...
compiling mcc_raw_request.c...
compiling sys.c...
compiling mcc.c...
compiling mcc_crypto_reader.c...
compiling mcc_crypto.c...
compiling lib_nfcm1picc.c...
linking...
Program Size: Code=71900 RO-data=287628 RW-data=1648 ZI-data=85736  
FromELF: creating hex file...
".\Obj\DEMO_BOARD_ST95HF.axf" - 0 Error(s), 0 Warning(s).

<h2>Software Packages used:</h2>

Package Vendor: Keil
                http://www.keil.com/pack/Keil.STM32F1xx_DFP.2.0.0.pack
                Keil.STM32F1xx_DFP.2.0.0
                STMicroelectronics STM32F1 Series Device Support, Drivers and Examples

<h2>Collection of Component include folders:</h2>
  D:\WorkSoftware\kei5\ARM\PACK\Keil\STM32F1xx_DFP\2.0.0\Device\Include

<h2>Collection of Component Files used:</h2>
Build Time Elapsed:  00:00:08
</pre>
</body>
</html>
