<!doctype html public "-//w3c//dtd html 4.0 transitional//en">
<html><head>
<title>Static Call Graph - [.\Obj\DEMO_BOARD_ST95HF.axf]</title></head>
<body><HR>
<H1>Static Call Graph for image .\Obj\DEMO_BOARD_ST95HF.axf</H1><HR>
<BR><P>#&#060CALLGRAPH&#062# ARM Linker, 5060750: Last Updated: Thu Mar 18 11:27:21 2021
<BR><P>
<H3>Maximum Stack Usage =       2984 bytes + Unknown(Cycles, Untraceable Function Pointers)</H3><H3>
Call chain for Maximum Stack Depth:</H3>
EP3_OUT_Callback &rArr; HID_Data_Out &rArr; HID_SendCustomCommand &rArr; HID_Run15693Anticollision &rArr; ISO15693_RunAntiCollision &rArr; ISO15693_Inventory16Slots &rArr; ISO15693_Inventory &rArr; PCD_SendRecv &rArr; drv95HF_SendReceive &rArr; drv95HF_SendSPICommand &rArr; SPI_SendReceiveBuffer &rArr; SPI_SendReceiveByte
<P>
<H3>
Mutually Recursive functions
</H3> <LI><a href="#[4a]">ADC1_2_IRQHandler</a>&nbsp;&nbsp;&nbsp;&rArr;&nbsp;&nbsp;&nbsp;<a href="#[4a]">ADC1_2_IRQHandler</a><BR>
 <LI><a href="#[19f]">NDEF_IdentifySPRecord</a>&nbsp;&nbsp;&nbsp;&rArr;&nbsp;&nbsp;&nbsp;<a href="#[19e]">NDEF_ParseRecordHeader</a><BR>
</UL>
<P>
<H3>
Function Pointers
</H3><UL>
 <LI><a href="#[4a]">ADC1_2_IRQHandler</a> from startup_stm32f10x_xl.o(.text) referenced from startup_stm32f10x_xl.o(RESET)
 <LI><a href="#[67]">ADC3_IRQHandler</a> from startup_stm32f10x_xl.o(.text) referenced from startup_stm32f10x_xl.o(RESET)
 <LI><a href="#[32]">BusFault_Handler</a> from stm32f10x_it.o(i.BusFault_Handler) referenced from startup_stm32f10x_xl.o(RESET)
 <LI><a href="#[4d]">CAN1_RX1_IRQHandler</a> from startup_stm32f10x_xl.o(.text) referenced from startup_stm32f10x_xl.o(RESET)
 <LI><a href="#[4e]">CAN1_SCE_IRQHandler</a> from startup_stm32f10x_xl.o(.text) referenced from startup_stm32f10x_xl.o(RESET)
 <LI><a href="#[25]">COMPOSITE_Data_Setup</a> from usb_prop.o(i.COMPOSITE_Data_Setup) referenced 2 times from usb_prop.o(.data)
 <LI><a href="#[29]">COMPOSITE_GetConfigDescriptor</a> from usb_prop.o(i.COMPOSITE_GetConfigDescriptor) referenced 2 times from usb_prop.o(.data)
 <LI><a href="#[28]">COMPOSITE_GetDeviceDescriptor</a> from usb_prop.o(i.COMPOSITE_GetDeviceDescriptor) referenced 2 times from usb_prop.o(.data)
 <LI><a href="#[2a]">COMPOSITE_GetStringDescriptor</a> from usb_prop.o(i.COMPOSITE_GetStringDescriptor) referenced 2 times from usb_prop.o(.data)
 <LI><a href="#[27]">COMPOSITE_Get_Interface_Setting</a> from usb_prop.o(i.COMPOSITE_Get_Interface_Setting) referenced 2 times from usb_prop.o(.data)
 <LI><a href="#[26]">COMPOSITE_NoData_Setup</a> from usb_prop.o(i.COMPOSITE_NoData_Setup) referenced 2 times from usb_prop.o(.data)
 <LI><a href="#[22]">COMPOSITE_Reset</a> from usb_prop.o(i.COMPOSITE_Reset) referenced 2 times from usb_prop.o(.data)
 <LI><a href="#[23]">COMPOSITE_Status_In</a> from usb_prop.o(i.COMPOSITE_Status_In) referenced 2 times from usb_prop.o(.data)
 <LI><a href="#[24]">COMPOSITE_Status_Out</a> from usb_prop.o(i.COMPOSITE_Status_Out) referenced 2 times from usb_prop.o(.data)
 <LI><a href="#[21]">COMPOSITE_init</a> from usb_prop.o(i.COMPOSITE_init) referenced 2 times from usb_prop.o(.data)
 <LI><a href="#[78]">CardEmul</a> from menu_cardemul.o(i.CardEmul) referenced from menu_cardemul.o(i.CardEmul14443A)
 <LI><a href="#[1a]">CardEmul14443A</a> from menu_cardemul.o(i.CardEmul14443A) referenced 2 times from menu.o(.data)
 <LI><a href="#[83]">CheckForUserAction</a> from proprietary_p2p.o(i.CheckForUserAction) referenced from proprietary_p2p.o(i.ProprietaryP2PConfigClient)
 <LI><a href="#[2c]">Composite_Device_ClearFeature</a> from usb_prop.o(i.Composite_Device_ClearFeature) referenced 2 times from usb_prop.o(.data)
 <LI><a href="#[2b]">Composite_Device_SetConfiguration</a> from usb_prop.o(i.Composite_Device_SetConfiguration) referenced 2 times from usb_prop.o(.data)
 <LI><a href="#[2d]">Composite_Device_SetDeviceAddress</a> from usb_prop.o(i.Composite_Device_SetDeviceAddress) referenced 2 times from usb_prop.o(.data)
 <LI><a href="#[43]">DMA1_Channel1_IRQHandler</a> from startup_stm32f10x_xl.o(.text) referenced from startup_stm32f10x_xl.o(RESET)
 <LI><a href="#[44]">DMA1_Channel2_IRQHandler</a> from startup_stm32f10x_xl.o(.text) referenced from startup_stm32f10x_xl.o(RESET)
 <LI><a href="#[45]">DMA1_Channel3_IRQHandler</a> from startup_stm32f10x_xl.o(.text) referenced from startup_stm32f10x_xl.o(RESET)
 <LI><a href="#[46]">DMA1_Channel4_IRQHandler</a> from startup_stm32f10x_xl.o(.text) referenced from startup_stm32f10x_xl.o(RESET)
 <LI><a href="#[47]">DMA1_Channel5_IRQHandler</a> from startup_stm32f10x_xl.o(.text) referenced from startup_stm32f10x_xl.o(RESET)
 <LI><a href="#[48]">DMA1_Channel6_IRQHandler</a> from startup_stm32f10x_xl.o(.text) referenced from startup_stm32f10x_xl.o(RESET)
 <LI><a href="#[49]">DMA1_Channel7_IRQHandler</a> from startup_stm32f10x_xl.o(.text) referenced from startup_stm32f10x_xl.o(RESET)
 <LI><a href="#[70]">DMA2_Channel1_IRQHandler</a> from startup_stm32f10x_xl.o(.text) referenced from startup_stm32f10x_xl.o(RESET)
 <LI><a href="#[71]">DMA2_Channel2_IRQHandler</a> from startup_stm32f10x_xl.o(.text) referenced from startup_stm32f10x_xl.o(RESET)
 <LI><a href="#[72]">DMA2_Channel3_IRQHandler</a> from startup_stm32f10x_xl.o(.text) referenced from startup_stm32f10x_xl.o(RESET)
 <LI><a href="#[73]">DMA2_Channel4_5_IRQHandler</a> from startup_stm32f10x_xl.o(.text) referenced from startup_stm32f10x_xl.o(RESET)
 <LI><a href="#[35]">DebugMon_Handler</a> from stm32f10x_it.o(i.DebugMon_Handler) referenced from startup_stm32f10x_xl.o(RESET)
 <LI><a href="#[1b]">EP1_IN_Callback</a> from usb_endp.o(i.EP1_IN_Callback) referenced 2 times from usb_istr.o(.data)
 <LI><a href="#[1c]">EP2_IN_Callback</a> from usb_endp.o(i.EP2_IN_Callback) referenced 2 times from usb_istr.o(.data)
 <LI><a href="#[1f]">EP2_OUT_Callback</a> from usb_endp.o(i.EP2_OUT_Callback) referenced 2 times from usb_istr.o(.data)
 <LI><a href="#[1d]">EP3_IN_Callback</a> from usb_endp.o(i.EP3_IN_Callback) referenced 2 times from usb_istr.o(.data)
 <LI><a href="#[20]">EP3_OUT_Callback</a> from usb_endp.o(i.EP3_OUT_Callback) referenced 2 times from usb_istr.o(.data)
 <LI><a href="#[3e]">EXTI0_IRQHandler</a> from startup_stm32f10x_xl.o(.text) referenced from startup_stm32f10x_xl.o(RESET)
 <LI><a href="#[60]">EXTI15_10_IRQHandler</a> from stm32f10x_it.o(i.EXTI15_10_IRQHandler) referenced from startup_stm32f10x_xl.o(RESET)
 <LI><a href="#[3f]">EXTI1_IRQHandler</a> from startup_stm32f10x_xl.o(.text) referenced from startup_stm32f10x_xl.o(RESET)
 <LI><a href="#[40]">EXTI2_IRQHandler</a> from startup_stm32f10x_xl.o(.text) referenced from startup_stm32f10x_xl.o(RESET)
 <LI><a href="#[41]">EXTI3_IRQHandler</a> from startup_stm32f10x_xl.o(.text) referenced from startup_stm32f10x_xl.o(RESET)
 <LI><a href="#[42]">EXTI4_IRQHandler</a> from stm32f10x_it.o(i.EXTI4_IRQHandler) referenced from startup_stm32f10x_xl.o(RESET)
 <LI><a href="#[4f]">EXTI9_5_IRQHandler</a> from stm32f10x_it.o(i.EXTI9_5_IRQHandler) referenced from startup_stm32f10x_xl.o(RESET)
 <LI><a href="#[3c]">FLASH_IRQHandler</a> from startup_stm32f10x_xl.o(.text) referenced from startup_stm32f10x_xl.o(RESET)
 <LI><a href="#[68]">FSMC_IRQHandler</a> from startup_stm32f10x_xl.o(.text) referenced from startup_stm32f10x_xl.o(RESET)
 <LI><a href="#[77]">HID_Report</a> from usb_prop.o(i.HID_Report) referenced from usb_prop.o(i.COMPOSITE_Data_Setup)
 <LI><a href="#[30]">HardFault_Handler</a> from stm32f10x_it.o(i.HardFault_Handler) referenced from startup_stm32f10x_xl.o(RESET)
 <LI><a href="#[58]">I2C1_ER_IRQHandler</a> from startup_stm32f10x_xl.o(.text) referenced from startup_stm32f10x_xl.o(RESET)
 <LI><a href="#[57]">I2C1_EV_IRQHandler</a> from startup_stm32f10x_xl.o(.text) referenced from startup_stm32f10x_xl.o(RESET)
 <LI><a href="#[5a]">I2C2_ER_IRQHandler</a> from startup_stm32f10x_xl.o(.text) referenced from startup_stm32f10x_xl.o(RESET)
 <LI><a href="#[59]">I2C2_EV_IRQHandler</a> from startup_stm32f10x_xl.o(.text) referenced from startup_stm32f10x_xl.o(RESET)
 <LI><a href="#[1]">IdleFunc</a> from menu.o(i.IdleFunc) referenced 92 times from menu.o(.data)
 <LI><a href="#[87]">InitiatorCheckForUserAction</a> from proprietary_p2p.o(i.InitiatorCheckForUserAction) referenced from proprietary_p2p.o(i.ProprietaryP2PConfigServer)
 <LI><a href="#[84]">LastCmdAcknowledged</a> from proprietary_p2p.o(i.LastCmdAcknowledged) referenced from proprietary_p2p.o(i.ProprietaryP2PConfigServer)
 <LI><a href="#[31]">MemManage_Handler</a> from stm32f10x_it.o(i.MemManage_Handler) referenced from startup_stm32f10x_xl.o(RESET)
 <LI><a href="#[2f]">NMI_Handler</a> from stm32f10x_it.o(i.NMI_Handler) referenced from startup_stm32f10x_xl.o(RESET)
 <LI><a href="#[1e]">NOP_Process</a> from usb_core.o(i.NOP_Process) referenced 30 times from usb_istr.o(.data)
 <LI><a href="#[39]">PVD_IRQHandler</a> from startup_stm32f10x_xl.o(.text) referenced from startup_stm32f10x_xl.o(RESET)
 <LI><a href="#[36]">PendSV_Handler</a> from stm32f10x_it.o(i.PendSV_Handler) referenced from startup_stm32f10x_xl.o(RESET)
 <LI><a href="#[7d]">PongCheckForUserAction</a> from pongexample.o(i.PongCheckForUserAction) referenced from pongexample.o(i.PongConfigClient)
 <LI><a href="#[16]">PongConfigClient</a> from pongexample.o(i.PongConfigClient) referenced 2 times from menu.o(.data)
 <LI><a href="#[17]">PongConfigServer</a> from pongexample.o(i.PongConfigServer) referenced 2 times from menu.o(.data)
 <LI><a href="#[7c]">PongTarget_ReceiveRequestSendResponse</a> from pongexample.o(i.PongTarget_ReceiveRequestSendResponse) referenced from pongexample.o(i.PongConfigClient)
 <LI><a href="#[81]">PopDataCommand</a> from proprietary_p2p.o(i.PopDataCommand) referenced from proprietary_p2p.o(i.ProprietaryP2PConfigClient)
 <LI><a href="#[18]">ProprietaryP2PConfigClient</a> from proprietary_p2p.o(i.ProprietaryP2PConfigClient) referenced 2 times from menu.o(.data)
 <LI><a href="#[19]">ProprietaryP2PConfigServer</a> from proprietary_p2p.o(i.ProprietaryP2PConfigServer) referenced 2 times from menu.o(.data)
 <LI><a href="#[3d]">RCC_IRQHandler</a> from startup_stm32f10x_xl.o(.text) referenced from startup_stm32f10x_xl.o(RESET)
 <LI><a href="#[61]">RTCAlarm_IRQHandler</a> from startup_stm32f10x_xl.o(.text) referenced from startup_stm32f10x_xl.o(RESET)
 <LI><a href="#[3b]">RTC_IRQHandler</a> from startup_stm32f10x_xl.o(.text) referenced from startup_stm32f10x_xl.o(RESET)
 <LI><a href="#[2e]">Reset_Handler</a> from startup_stm32f10x_xl.o(.text) referenced from startup_stm32f10x_xl.o(RESET)
 <LI><a href="#[7]">ReturnFunc</a> from menu.o(i.ReturnFunc) referenced 14 times from menu.o(.data)
 <LI><a href="#[69]">SDIO_IRQHandler</a> from startup_stm32f10x_xl.o(.text) referenced from startup_stm32f10x_xl.o(RESET)
 <LI><a href="#[5b]">SPI1_IRQHandler</a> from startup_stm32f10x_xl.o(.text) referenced from startup_stm32f10x_xl.o(RESET)
 <LI><a href="#[5c]">SPI2_IRQHandler</a> from startup_stm32f10x_xl.o(.text) referenced from startup_stm32f10x_xl.o(RESET)
 <LI><a href="#[6b]">SPI3_IRQHandler</a> from startup_stm32f10x_xl.o(.text) referenced from startup_stm32f10x_xl.o(RESET)
 <LI><a href="#[34]">SVC_Handler</a> from stm32f10x_it.o(i.SVC_Handler) referenced from startup_stm32f10x_xl.o(RESET)
 <LI><a href="#[7a]">Standard_GetConfiguration</a> from usb_core.o(i.Standard_GetConfiguration) referenced from usb_core.o(i.Data_Setup0)
 <LI><a href="#[7b]">Standard_GetInterface</a> from usb_core.o(i.Standard_GetInterface) referenced from usb_core.o(i.Data_Setup0)
 <LI><a href="#[79]">Standard_GetStatus</a> from usb_core.o(i.Standard_GetStatus) referenced from usb_core.o(i.Data_Setup0)
 <LI><a href="#[37]">SysTick_Handler</a> from stm32f10x_it.o(i.SysTick_Handler) referenced from startup_stm32f10x_xl.o(RESET)
 <LI><a href="#[75]">SystemInit</a> from system_stm32f10x.o(i.SystemInit) referenced from startup_stm32f10x_xl.o(.text)
 <LI><a href="#[3a]">TAMPER_IRQHandler</a> from startup_stm32f10x_xl.o(.text) referenced from startup_stm32f10x_xl.o(RESET)
 <LI><a href="#[50]">TIM1_BRK_TIM9_IRQHandler</a> from startup_stm32f10x_xl.o(.text) referenced from startup_stm32f10x_xl.o(RESET)
 <LI><a href="#[53]">TIM1_CC_IRQHandler</a> from startup_stm32f10x_xl.o(.text) referenced from startup_stm32f10x_xl.o(RESET)
 <LI><a href="#[52]">TIM1_TRG_COM_TIM11_IRQHandler</a> from startup_stm32f10x_xl.o(.text) referenced from startup_stm32f10x_xl.o(RESET)
 <LI><a href="#[51]">TIM1_UP_TIM10_IRQHandler</a> from startup_stm32f10x_xl.o(.text) referenced from startup_stm32f10x_xl.o(RESET)
 <LI><a href="#[54]">TIM2_IRQHandler</a> from stm32f10x_it.o(i.TIM2_IRQHandler) referenced from startup_stm32f10x_xl.o(RESET)
 <LI><a href="#[55]">TIM3_IRQHandler</a> from drv_interrupt.o(i.TIM3_IRQHandler) referenced from startup_stm32f10x_xl.o(RESET)
 <LI><a href="#[56]">TIM4_IRQHandler</a> from drv_interrupt.o(i.TIM4_IRQHandler) referenced from startup_stm32f10x_xl.o(RESET)
 <LI><a href="#[6a]">TIM5_IRQHandler</a> from startup_stm32f10x_xl.o(.text) referenced from startup_stm32f10x_xl.o(RESET)
 <LI><a href="#[6e]">TIM6_IRQHandler</a> from startup_stm32f10x_xl.o(.text) referenced from startup_stm32f10x_xl.o(RESET)
 <LI><a href="#[6f]">TIM7_IRQHandler</a> from startup_stm32f10x_xl.o(.text) referenced from startup_stm32f10x_xl.o(RESET)
 <LI><a href="#[63]">TIM8_BRK_TIM12_IRQHandler</a> from startup_stm32f10x_xl.o(.text) referenced from startup_stm32f10x_xl.o(RESET)
 <LI><a href="#[66]">TIM8_CC_IRQHandler</a> from startup_stm32f10x_xl.o(.text) referenced from startup_stm32f10x_xl.o(RESET)
 <LI><a href="#[65]">TIM8_TRG_COM_TIM14_IRQHandler</a> from startup_stm32f10x_xl.o(.text) referenced from startup_stm32f10x_xl.o(RESET)
 <LI><a href="#[64]">TIM8_UP_TIM13_IRQHandler</a> from startup_stm32f10x_xl.o(.text) referenced from startup_stm32f10x_xl.o(RESET)
 <LI><a href="#[d]">TagDetectWakeUp</a> from menu_reader.o(i.TagDetectWakeUp) referenced 2 times from menu.o(.data)
 <LI><a href="#[b]">TagEmulT2</a> from menu_tagemul.o(i.TagEmulT2) referenced 2 times from menu.o(.data)
 <LI><a href="#[8]">TagEmulT2GEO</a> from menu_tagemul.o(i.TagEmulT2GEO) referenced 2 times from menu.o(.data)
 <LI><a href="#[a]">TagEmulT2SMS</a> from menu_tagemul.o(i.TagEmulT2SMS) referenced 2 times from menu.o(.data)
 <LI><a href="#[9]">TagEmulT2URI</a> from menu_tagemul.o(i.TagEmulT2URI) referenced 2 times from menu.o(.data)
 <LI><a href="#[6]">TagEmulT4A</a> from menu_tagemul.o(i.TagEmulT4A) referenced 2 times from menu.o(.data)
 <LI><a href="#[4]">TagEmulT4AEMAIL</a> from menu_tagemul.o(i.TagEmulT4AEMAIL) referenced 2 times from menu.o(.data)
 <LI><a href="#[0]">TagEmulT4AGEO</a> from menu_tagemul.o(i.TagEmulT4AGEO) referenced 2 times from menu.o(.data)
 <LI><a href="#[3]">TagEmulT4ASMS</a> from menu_tagemul.o(i.TagEmulT4ASMS) referenced 2 times from menu.o(.data)
 <LI><a href="#[2]">TagEmulT4AURI</a> from menu_tagemul.o(i.TagEmulT4AURI) referenced 2 times from menu.o(.data)
 <LI><a href="#[5]">TagEmulT4AVCARD</a> from menu_tagemul.o(i.TagEmulT4AVCARD) referenced 2 times from menu.o(.data)
 <LI><a href="#[c]">TagHunting</a> from menu_reader.o(i.TagHunting) referenced 2 times from menu.o(.data)
 <LI><a href="#[e]">TagReading</a> from menu_reader.o(i.TagReading) referenced 2 times from menu.o(.data)
 <LI><a href="#[14]">TagWriteEMAIL</a> from menu_writer.o(i.TagWriteEMAIL) referenced 2 times from menu.o(.data)
 <LI><a href="#[11]">TagWriteGEO</a> from menu_writer.o(i.TagWriteGEO) referenced 2 times from menu.o(.data)
 <LI><a href="#[13]">TagWriteSMS</a> from menu_writer.o(i.TagWriteSMS) referenced 2 times from menu.o(.data)
 <LI><a href="#[10]">TagWriteText</a> from menu_writer.o(i.TagWriteText) referenced 2 times from menu.o(.data)
 <LI><a href="#[12]">TagWriteURI</a> from menu_writer.o(i.TagWriteURI) referenced 2 times from menu.o(.data)
 <LI><a href="#[15]">TagWriteVCARD</a> from menu_writer.o(i.TagWriteVCARD) referenced 2 times from menu.o(.data)
 <LI><a href="#[6c]">UART4_IRQHandler</a> from startup_stm32f10x_xl.o(.text) referenced from startup_stm32f10x_xl.o(RESET)
 <LI><a href="#[6d]">UART5_IRQHandler</a> from startup_stm32f10x_xl.o(.text) referenced from startup_stm32f10x_xl.o(RESET)
 <LI><a href="#[5d]">USART1_IRQHandler</a> from usart.o(i.USART1_IRQHandler) referenced from startup_stm32f10x_xl.o(RESET)
 <LI><a href="#[5e]">USART2_IRQHandler</a> from startup_stm32f10x_xl.o(.text) referenced from startup_stm32f10x_xl.o(RESET)
 <LI><a href="#[5f]">USART3_IRQHandler</a> from startup_stm32f10x_xl.o(.text) referenced from startup_stm32f10x_xl.o(RESET)
 <LI><a href="#[f]">USBRemoteControl</a> from menu.o(i.USBRemoteControl) referenced 2 times from menu.o(.data)
 <LI><a href="#[62]">USBWakeUp_IRQHandler</a> from startup_stm32f10x_xl.o(.text) referenced from startup_stm32f10x_xl.o(RESET)
 <LI><a href="#[4b]">USB_HP_CAN1_TX_IRQHandler</a> from stm32f10x_it.o(i.USB_HP_CAN1_TX_IRQHandler) referenced from startup_stm32f10x_xl.o(RESET)
 <LI><a href="#[4c]">USB_LP_CAN1_RX0_IRQHandler</a> from stm32f10x_it.o(i.USB_LP_CAN1_RX0_IRQHandler) referenced from startup_stm32f10x_xl.o(RESET)
 <LI><a href="#[33]">UsageFault_Handler</a> from stm32f10x_it.o(i.UsageFault_Handler) referenced from startup_stm32f10x_xl.o(RESET)
 <LI><a href="#[38]">WWDG_IRQHandler</a> from startup_stm32f10x_xl.o(.text) referenced from startup_stm32f10x_xl.o(RESET)
 <LI><a href="#[76]">__main</a> from entry.o(.ARM.Collect$$$$00000000) referenced from startup_stm32f10x_xl.o(.text)
 <LI><a href="#[89]">_sputc</a> from printf8.o(i._sputc) referenced from printf8.o(i.__0sprintf$8)
 <LI><a href="#[88]">fputc</a> from usart.o(i.fputc) referenced from printf8.o(i.__0printf$8)
 <LI><a href="#[7f]">handleCommand</a> from proprietary_p2p.o(i.handleCommand) referenced from proprietary_p2p.o(i.ProprietaryP2PConfigClient)
 <LI><a href="#[85]">handleCommandFromWOD</a> from proprietary_p2p.o(i.handleCommandFromWOD) referenced from proprietary_p2p.o(i.ProprietaryP2PConfigServer)
 <LI><a href="#[80]">handleData</a> from proprietary_p2p.o(i.handleData) referenced from proprietary_p2p.o(i.ProprietaryP2PConfigClient)
 <LI><a href="#[86]">handleDataFromWOD</a> from proprietary_p2p.o(i.handleDataFromWOD) referenced from proprietary_p2p.o(i.ProprietaryP2PConfigServer)
 <LI><a href="#[7e]">isCommunicationTokenRequested</a> from proprietary_p2p.o(i.isCommunicationTokenRequested) referenced from proprietary_p2p.o(i.ProprietaryP2PConfigClient)
 <LI><a href="#[82]">isLastCmdAcknoledge</a> from proprietary_p2p.o(i.isLastCmdAcknoledge) referenced from proprietary_p2p.o(i.ProprietaryP2PConfigClient)
 <LI><a href="#[74]">main</a> from main.o(i.main) referenced from entry9a.o(.ARM.Collect$$$$0000000B)
</UL>
<P>
<H3>
Global Symbols
</H3>
<P><STRONG><a name="[76]"></a>__main</STRONG> (Thumb, 0 bytes, Stack size unknown bytes, entry.o(.ARM.Collect$$$$00000000))
<BR>[Address Reference Count : 1]<UL><LI> startup_stm32f10x_xl.o(.text)
</UL>
<P><STRONG><a name="[29a]"></a>_main_stk</STRONG> (Thumb, 0 bytes, Stack size unknown bytes, entry2.o(.ARM.Collect$$$$00000001))

<P><STRONG><a name="[8a]"></a>_main_scatterload</STRONG> (Thumb, 0 bytes, Stack size unknown bytes, entry5.o(.ARM.Collect$$$$00000004))
<BR><BR>[Calls]<UL><LI><a href="#[8b]">&gt;&gt;</a>&nbsp;&nbsp;&nbsp;__scatterload
</UL>

<P><STRONG><a name="[92]"></a>__main_after_scatterload</STRONG> (Thumb, 0 bytes, Stack size unknown bytes, entry5.o(.ARM.Collect$$$$00000004))
<BR><BR>[Called By]<UL><LI><a href="#[8b]">&gt;&gt;</a>&nbsp;&nbsp;&nbsp;__scatterload
</UL>

<P><STRONG><a name="[29b]"></a>_main_clock</STRONG> (Thumb, 0 bytes, Stack size unknown bytes, entry7b.o(.ARM.Collect$$$$00000008))

<P><STRONG><a name="[29c]"></a>_main_cpp_init</STRONG> (Thumb, 0 bytes, Stack size unknown bytes, entry8b.o(.ARM.Collect$$$$0000000A))

<P><STRONG><a name="[29d]"></a>_main_init</STRONG> (Thumb, 0 bytes, Stack size unknown bytes, entry9a.o(.ARM.Collect$$$$0000000B))

<P><STRONG><a name="[29e]"></a>__rt_final_cpp</STRONG> (Thumb, 0 bytes, Stack size unknown bytes, entry10a.o(.ARM.Collect$$$$0000000D))

<P><STRONG><a name="[29f]"></a>__rt_final_exit</STRONG> (Thumb, 0 bytes, Stack size unknown bytes, entry11a.o(.ARM.Collect$$$$0000000F))

<P><STRONG><a name="[2e]"></a>Reset_Handler</STRONG> (Thumb, 8 bytes, Stack size 0 bytes, startup_stm32f10x_xl.o(.text))
<BR>[Address Reference Count : 1]<UL><LI> startup_stm32f10x_xl.o(RESET)
</UL>
<P><STRONG><a name="[4a]"></a>ADC1_2_IRQHandler</STRONG> (Thumb, 0 bytes, Stack size 0 bytes, startup_stm32f10x_xl.o(.text))
<BR><BR>[Calls]<UL><LI><a href="#[4a]">&gt;&gt;</a>&nbsp;&nbsp;&nbsp;ADC1_2_IRQHandler
</UL>
<BR>[Called By]<UL><LI><a href="#[4a]">&gt;&gt;</a>&nbsp;&nbsp;&nbsp;ADC1_2_IRQHandler
</UL>
<BR>[Address Reference Count : 1]<UL><LI> startup_stm32f10x_xl.o(RESET)
</UL>
<P><STRONG><a name="[67]"></a>ADC3_IRQHandler</STRONG> (Thumb, 0 bytes, Stack size 0 bytes, startup_stm32f10x_xl.o(.text))
<BR>[Address Reference Count : 1]<UL><LI> startup_stm32f10x_xl.o(RESET)
</UL>
<P><STRONG><a name="[4d]"></a>CAN1_RX1_IRQHandler</STRONG> (Thumb, 0 bytes, Stack size 0 bytes, startup_stm32f10x_xl.o(.text))
<BR>[Address Reference Count : 1]<UL><LI> startup_stm32f10x_xl.o(RESET)
</UL>
<P><STRONG><a name="[4e]"></a>CAN1_SCE_IRQHandler</STRONG> (Thumb, 0 bytes, Stack size 0 bytes, startup_stm32f10x_xl.o(.text))
<BR>[Address Reference Count : 1]<UL><LI> startup_stm32f10x_xl.o(RESET)
</UL>
<P><STRONG><a name="[43]"></a>DMA1_Channel1_IRQHandler</STRONG> (Thumb, 0 bytes, Stack size 0 bytes, startup_stm32f10x_xl.o(.text))
<BR>[Address Reference Count : 1]<UL><LI> startup_stm32f10x_xl.o(RESET)
</UL>
<P><STRONG><a name="[44]"></a>DMA1_Channel2_IRQHandler</STRONG> (Thumb, 0 bytes, Stack size 0 bytes, startup_stm32f10x_xl.o(.text))
<BR>[Address Reference Count : 1]<UL><LI> startup_stm32f10x_xl.o(RESET)
</UL>
<P><STRONG><a name="[45]"></a>DMA1_Channel3_IRQHandler</STRONG> (Thumb, 0 bytes, Stack size 0 bytes, startup_stm32f10x_xl.o(.text))
<BR>[Address Reference Count : 1]<UL><LI> startup_stm32f10x_xl.o(RESET)
</UL>
<P><STRONG><a name="[46]"></a>DMA1_Channel4_IRQHandler</STRONG> (Thumb, 0 bytes, Stack size 0 bytes, startup_stm32f10x_xl.o(.text))
<BR>[Address Reference Count : 1]<UL><LI> startup_stm32f10x_xl.o(RESET)
</UL>
<P><STRONG><a name="[47]"></a>DMA1_Channel5_IRQHandler</STRONG> (Thumb, 0 bytes, Stack size 0 bytes, startup_stm32f10x_xl.o(.text))
<BR>[Address Reference Count : 1]<UL><LI> startup_stm32f10x_xl.o(RESET)
</UL>
<P><STRONG><a name="[48]"></a>DMA1_Channel6_IRQHandler</STRONG> (Thumb, 0 bytes, Stack size 0 bytes, startup_stm32f10x_xl.o(.text))
<BR>[Address Reference Count : 1]<UL><LI> startup_stm32f10x_xl.o(RESET)
</UL>
<P><STRONG><a name="[49]"></a>DMA1_Channel7_IRQHandler</STRONG> (Thumb, 0 bytes, Stack size 0 bytes, startup_stm32f10x_xl.o(.text))
<BR>[Address Reference Count : 1]<UL><LI> startup_stm32f10x_xl.o(RESET)
</UL>
<P><STRONG><a name="[70]"></a>DMA2_Channel1_IRQHandler</STRONG> (Thumb, 0 bytes, Stack size 0 bytes, startup_stm32f10x_xl.o(.text))
<BR>[Address Reference Count : 1]<UL><LI> startup_stm32f10x_xl.o(RESET)
</UL>
<P><STRONG><a name="[71]"></a>DMA2_Channel2_IRQHandler</STRONG> (Thumb, 0 bytes, Stack size 0 bytes, startup_stm32f10x_xl.o(.text))
<BR>[Address Reference Count : 1]<UL><LI> startup_stm32f10x_xl.o(RESET)
</UL>
<P><STRONG><a name="[72]"></a>DMA2_Channel3_IRQHandler</STRONG> (Thumb, 0 bytes, Stack size 0 bytes, startup_stm32f10x_xl.o(.text))
<BR>[Address Reference Count : 1]<UL><LI> startup_stm32f10x_xl.o(RESET)
</UL>
<P><STRONG><a name="[73]"></a>DMA2_Channel4_5_IRQHandler</STRONG> (Thumb, 0 bytes, Stack size 0 bytes, startup_stm32f10x_xl.o(.text))
<BR>[Address Reference Count : 1]<UL><LI> startup_stm32f10x_xl.o(RESET)
</UL>
<P><STRONG><a name="[3e]"></a>EXTI0_IRQHandler</STRONG> (Thumb, 0 bytes, Stack size 0 bytes, startup_stm32f10x_xl.o(.text))
<BR>[Address Reference Count : 1]<UL><LI> startup_stm32f10x_xl.o(RESET)
</UL>
<P><STRONG><a name="[3f]"></a>EXTI1_IRQHandler</STRONG> (Thumb, 0 bytes, Stack size 0 bytes, startup_stm32f10x_xl.o(.text))
<BR>[Address Reference Count : 1]<UL><LI> startup_stm32f10x_xl.o(RESET)
</UL>
<P><STRONG><a name="[40]"></a>EXTI2_IRQHandler</STRONG> (Thumb, 0 bytes, Stack size 0 bytes, startup_stm32f10x_xl.o(.text))
<BR>[Address Reference Count : 1]<UL><LI> startup_stm32f10x_xl.o(RESET)
</UL>
<P><STRONG><a name="[41]"></a>EXTI3_IRQHandler</STRONG> (Thumb, 0 bytes, Stack size 0 bytes, startup_stm32f10x_xl.o(.text))
<BR>[Address Reference Count : 1]<UL><LI> startup_stm32f10x_xl.o(RESET)
</UL>
<P><STRONG><a name="[3c]"></a>FLASH_IRQHandler</STRONG> (Thumb, 0 bytes, Stack size 0 bytes, startup_stm32f10x_xl.o(.text))
<BR>[Address Reference Count : 1]<UL><LI> startup_stm32f10x_xl.o(RESET)
</UL>
<P><STRONG><a name="[68]"></a>FSMC_IRQHandler</STRONG> (Thumb, 0 bytes, Stack size 0 bytes, startup_stm32f10x_xl.o(.text))
<BR>[Address Reference Count : 1]<UL><LI> startup_stm32f10x_xl.o(RESET)
</UL>
<P><STRONG><a name="[58]"></a>I2C1_ER_IRQHandler</STRONG> (Thumb, 0 bytes, Stack size 0 bytes, startup_stm32f10x_xl.o(.text))
<BR>[Address Reference Count : 1]<UL><LI> startup_stm32f10x_xl.o(RESET)
</UL>
<P><STRONG><a name="[57]"></a>I2C1_EV_IRQHandler</STRONG> (Thumb, 0 bytes, Stack size 0 bytes, startup_stm32f10x_xl.o(.text))
<BR>[Address Reference Count : 1]<UL><LI> startup_stm32f10x_xl.o(RESET)
</UL>
<P><STRONG><a name="[5a]"></a>I2C2_ER_IRQHandler</STRONG> (Thumb, 0 bytes, Stack size 0 bytes, startup_stm32f10x_xl.o(.text))
<BR>[Address Reference Count : 1]<UL><LI> startup_stm32f10x_xl.o(RESET)
</UL>
<P><STRONG><a name="[59]"></a>I2C2_EV_IRQHandler</STRONG> (Thumb, 0 bytes, Stack size 0 bytes, startup_stm32f10x_xl.o(.text))
<BR>[Address Reference Count : 1]<UL><LI> startup_stm32f10x_xl.o(RESET)
</UL>
<P><STRONG><a name="[39]"></a>PVD_IRQHandler</STRONG> (Thumb, 0 bytes, Stack size 0 bytes, startup_stm32f10x_xl.o(.text))
<BR>[Address Reference Count : 1]<UL><LI> startup_stm32f10x_xl.o(RESET)
</UL>
<P><STRONG><a name="[3d]"></a>RCC_IRQHandler</STRONG> (Thumb, 0 bytes, Stack size 0 bytes, startup_stm32f10x_xl.o(.text))
<BR>[Address Reference Count : 1]<UL><LI> startup_stm32f10x_xl.o(RESET)
</UL>
<P><STRONG><a name="[61]"></a>RTCAlarm_IRQHandler</STRONG> (Thumb, 0 bytes, Stack size 0 bytes, startup_stm32f10x_xl.o(.text))
<BR>[Address Reference Count : 1]<UL><LI> startup_stm32f10x_xl.o(RESET)
</UL>
<P><STRONG><a name="[3b]"></a>RTC_IRQHandler</STRONG> (Thumb, 0 bytes, Stack size 0 bytes, startup_stm32f10x_xl.o(.text))
<BR>[Address Reference Count : 1]<UL><LI> startup_stm32f10x_xl.o(RESET)
</UL>
<P><STRONG><a name="[69]"></a>SDIO_IRQHandler</STRONG> (Thumb, 0 bytes, Stack size 0 bytes, startup_stm32f10x_xl.o(.text))
<BR>[Address Reference Count : 1]<UL><LI> startup_stm32f10x_xl.o(RESET)
</UL>
<P><STRONG><a name="[5b]"></a>SPI1_IRQHandler</STRONG> (Thumb, 0 bytes, Stack size 0 bytes, startup_stm32f10x_xl.o(.text))
<BR>[Address Reference Count : 1]<UL><LI> startup_stm32f10x_xl.o(RESET)
</UL>
<P><STRONG><a name="[5c]"></a>SPI2_IRQHandler</STRONG> (Thumb, 0 bytes, Stack size 0 bytes, startup_stm32f10x_xl.o(.text))
<BR>[Address Reference Count : 1]<UL><LI> startup_stm32f10x_xl.o(RESET)
</UL>
<P><STRONG><a name="[6b]"></a>SPI3_IRQHandler</STRONG> (Thumb, 0 bytes, Stack size 0 bytes, startup_stm32f10x_xl.o(.text))
<BR>[Address Reference Count : 1]<UL><LI> startup_stm32f10x_xl.o(RESET)
</UL>
<P><STRONG><a name="[3a]"></a>TAMPER_IRQHandler</STRONG> (Thumb, 0 bytes, Stack size 0 bytes, startup_stm32f10x_xl.o(.text))
<BR>[Address Reference Count : 1]<UL><LI> startup_stm32f10x_xl.o(RESET)
</UL>
<P><STRONG><a name="[50]"></a>TIM1_BRK_TIM9_IRQHandler</STRONG> (Thumb, 0 bytes, Stack size 0 bytes, startup_stm32f10x_xl.o(.text))
<BR>[Address Reference Count : 1]<UL><LI> startup_stm32f10x_xl.o(RESET)
</UL>
<P><STRONG><a name="[53]"></a>TIM1_CC_IRQHandler</STRONG> (Thumb, 0 bytes, Stack size 0 bytes, startup_stm32f10x_xl.o(.text))
<BR>[Address Reference Count : 1]<UL><LI> startup_stm32f10x_xl.o(RESET)
</UL>
<P><STRONG><a name="[52]"></a>TIM1_TRG_COM_TIM11_IRQHandler</STRONG> (Thumb, 0 bytes, Stack size 0 bytes, startup_stm32f10x_xl.o(.text))
<BR>[Address Reference Count : 1]<UL><LI> startup_stm32f10x_xl.o(RESET)
</UL>
<P><STRONG><a name="[51]"></a>TIM1_UP_TIM10_IRQHandler</STRONG> (Thumb, 0 bytes, Stack size 0 bytes, startup_stm32f10x_xl.o(.text))
<BR>[Address Reference Count : 1]<UL><LI> startup_stm32f10x_xl.o(RESET)
</UL>
<P><STRONG><a name="[6a]"></a>TIM5_IRQHandler</STRONG> (Thumb, 0 bytes, Stack size 0 bytes, startup_stm32f10x_xl.o(.text))
<BR>[Address Reference Count : 1]<UL><LI> startup_stm32f10x_xl.o(RESET)
</UL>
<P><STRONG><a name="[6e]"></a>TIM6_IRQHandler</STRONG> (Thumb, 0 bytes, Stack size 0 bytes, startup_stm32f10x_xl.o(.text))
<BR>[Address Reference Count : 1]<UL><LI> startup_stm32f10x_xl.o(RESET)
</UL>
<P><STRONG><a name="[6f]"></a>TIM7_IRQHandler</STRONG> (Thumb, 0 bytes, Stack size 0 bytes, startup_stm32f10x_xl.o(.text))
<BR>[Address Reference Count : 1]<UL><LI> startup_stm32f10x_xl.o(RESET)
</UL>
<P><STRONG><a name="[63]"></a>TIM8_BRK_TIM12_IRQHandler</STRONG> (Thumb, 0 bytes, Stack size 0 bytes, startup_stm32f10x_xl.o(.text))
<BR>[Address Reference Count : 1]<UL><LI> startup_stm32f10x_xl.o(RESET)
</UL>
<P><STRONG><a name="[66]"></a>TIM8_CC_IRQHandler</STRONG> (Thumb, 0 bytes, Stack size 0 bytes, startup_stm32f10x_xl.o(.text))
<BR>[Address Reference Count : 1]<UL><LI> startup_stm32f10x_xl.o(RESET)
</UL>
<P><STRONG><a name="[65]"></a>TIM8_TRG_COM_TIM14_IRQHandler</STRONG> (Thumb, 0 bytes, Stack size 0 bytes, startup_stm32f10x_xl.o(.text))
<BR>[Address Reference Count : 1]<UL><LI> startup_stm32f10x_xl.o(RESET)
</UL>
<P><STRONG><a name="[64]"></a>TIM8_UP_TIM13_IRQHandler</STRONG> (Thumb, 0 bytes, Stack size 0 bytes, startup_stm32f10x_xl.o(.text))
<BR>[Address Reference Count : 1]<UL><LI> startup_stm32f10x_xl.o(RESET)
</UL>
<P><STRONG><a name="[6c]"></a>UART4_IRQHandler</STRONG> (Thumb, 0 bytes, Stack size 0 bytes, startup_stm32f10x_xl.o(.text))
<BR>[Address Reference Count : 1]<UL><LI> startup_stm32f10x_xl.o(RESET)
</UL>
<P><STRONG><a name="[6d]"></a>UART5_IRQHandler</STRONG> (Thumb, 0 bytes, Stack size 0 bytes, startup_stm32f10x_xl.o(.text))
<BR>[Address Reference Count : 1]<UL><LI> startup_stm32f10x_xl.o(RESET)
</UL>
<P><STRONG><a name="[5e]"></a>USART2_IRQHandler</STRONG> (Thumb, 0 bytes, Stack size 0 bytes, startup_stm32f10x_xl.o(.text))
<BR>[Address Reference Count : 1]<UL><LI> startup_stm32f10x_xl.o(RESET)
</UL>
<P><STRONG><a name="[5f]"></a>USART3_IRQHandler</STRONG> (Thumb, 0 bytes, Stack size 0 bytes, startup_stm32f10x_xl.o(.text))
<BR>[Address Reference Count : 1]<UL><LI> startup_stm32f10x_xl.o(RESET)
</UL>
<P><STRONG><a name="[62]"></a>USBWakeUp_IRQHandler</STRONG> (Thumb, 0 bytes, Stack size 0 bytes, startup_stm32f10x_xl.o(.text))
<BR>[Address Reference Count : 1]<UL><LI> startup_stm32f10x_xl.o(RESET)
</UL>
<P><STRONG><a name="[38]"></a>WWDG_IRQHandler</STRONG> (Thumb, 0 bytes, Stack size 0 bytes, startup_stm32f10x_xl.o(.text))
<BR>[Address Reference Count : 1]<UL><LI> startup_stm32f10x_xl.o(RESET)
</UL>
<P><STRONG><a name="[91]"></a>__aeabi_llsl</STRONG> (Thumb, 30 bytes, Stack size 0 bytes, llshl.o(.text))
<BR><BR>[Called By]<UL><LI><a href="#[282]">&gt;&gt;</a>&nbsp;&nbsp;&nbsp;mccSetKey
<LI><a href="#[8f]">&gt;&gt;</a>&nbsp;&nbsp;&nbsp;__aeabi_uldivmod
</UL>

<P><STRONG><a name="[2a0]"></a>_ll_shift_l</STRONG> (Thumb, 0 bytes, Stack size 0 bytes, llshl.o(.text), UNUSED)

<P><STRONG><a name="[90]"></a>__aeabi_llsr</STRONG> (Thumb, 32 bytes, Stack size 0 bytes, llushr.o(.text))
<BR><BR>[Called By]<UL><LI><a href="#[28d]">&gt;&gt;</a>&nbsp;&nbsp;&nbsp;mccCryptoInit
<LI><a href="#[8f]">&gt;&gt;</a>&nbsp;&nbsp;&nbsp;__aeabi_uldivmod
</UL>

<P><STRONG><a name="[2a1]"></a>_ll_ushift_r</STRONG> (Thumb, 0 bytes, Stack size 0 bytes, llushr.o(.text), UNUSED)

<P><STRONG><a name="[2a2]"></a>___aeabi_memcpy8$move</STRONG> (Thumb, 0 bytes, Stack size 8 bytes, memmovea.o(.text), UNUSED)

<P><STRONG><a name="[ab]"></a>__aeabi_memcpy</STRONG> (Thumb, 64 bytes, Stack size 8 bytes, memmovea.o(.text))
<BR><BR>[Stack]<UL><LI>Max Depth = 8<LI>Call Chain = __aeabi_memcpy
</UL>
<BR>[Called By]<UL><LI><a href="#[16c]">&gt;&gt;</a>&nbsp;&nbsp;&nbsp;PP2P_SendDATA
<LI><a href="#[16b]">&gt;&gt;</a>&nbsp;&nbsp;&nbsp;PP2P_SendCMD
<LI><a href="#[ac]">&gt;&gt;</a>&nbsp;&nbsp;&nbsp;NDEF_AddAAR
<LI><a href="#[18]">&gt;&gt;</a>&nbsp;&nbsp;&nbsp;ProprietaryP2PConfigClient
<LI><a href="#[81]">&gt;&gt;</a>&nbsp;&nbsp;&nbsp;PopDataCommand
<LI><a href="#[223]">&gt;&gt;</a>&nbsp;&nbsp;&nbsp;PP2P_SendBUF
<LI><a href="#[247]">&gt;&gt;</a>&nbsp;&nbsp;&nbsp;initFlashNDEF
<LI><a href="#[e]">&gt;&gt;</a>&nbsp;&nbsp;&nbsp;TagReading
<LI><a href="#[24c]">&gt;&gt;</a>&nbsp;&nbsp;&nbsp;TagWriting
<LI><a href="#[1cd]">&gt;&gt;</a>&nbsp;&nbsp;&nbsp;PCDNFCT4_ReadNDEF
<LI><a href="#[1c7]">&gt;&gt;</a>&nbsp;&nbsp;&nbsp;PCDNFCT3_ReadNDEF
<LI><a href="#[1c1]">&gt;&gt;</a>&nbsp;&nbsp;&nbsp;PCDNFCT2_ReadNDEF
<LI><a href="#[1bd]">&gt;&gt;</a>&nbsp;&nbsp;&nbsp;PCDNFCT1_ReadNDEF
<LI><a href="#[1b1]">&gt;&gt;</a>&nbsp;&nbsp;&nbsp;NDEF_ReadURI
<LI><a href="#[1af]">&gt;&gt;</a>&nbsp;&nbsp;&nbsp;NDEF_ReadSMS
<LI><a href="#[1ad]">&gt;&gt;</a>&nbsp;&nbsp;&nbsp;NDEF_ReadGeo
<LI><a href="#[1ab]">&gt;&gt;</a>&nbsp;&nbsp;&nbsp;NDEF_ReadEmail
<LI><a href="#[19c]">&gt;&gt;</a>&nbsp;&nbsp;&nbsp;NDEF_IdentifyNDEF
<LI><a href="#[c]">&gt;&gt;</a>&nbsp;&nbsp;&nbsp;TagHunting
<LI><a href="#[1a]">&gt;&gt;</a>&nbsp;&nbsp;&nbsp;CardEmul14443A
<LI><a href="#[111]">&gt;&gt;</a>&nbsp;&nbsp;&nbsp;PCD_Idle
<LI><a href="#[d5]">&gt;&gt;</a>&nbsp;&nbsp;&nbsp;FELICA_IsPresent
<LI><a href="#[165]">&gt;&gt;</a>&nbsp;&nbsp;&nbsp;ISO15693_WriteSingleBlock
<LI><a href="#[162]">&gt;&gt;</a>&nbsp;&nbsp;&nbsp;ISO15693_TagSave
<LI><a href="#[159]">&gt;&gt;</a>&nbsp;&nbsp;&nbsp;ISO15693_ReadMultipleTagData
<LI><a href="#[151]">&gt;&gt;</a>&nbsp;&nbsp;&nbsp;ISO15693_Inventory16Slots
<LI><a href="#[148]">&gt;&gt;</a>&nbsp;&nbsp;&nbsp;ISO15693_ExtendedWriteSingleBlock
<LI><a href="#[13f]">&gt;&gt;</a>&nbsp;&nbsp;&nbsp;ISO14443B_CompleteStruture
<LI><a href="#[f1]">&gt;&gt;</a>&nbsp;&nbsp;&nbsp;PCD_WriteRegister
<LI><a href="#[f0]">&gt;&gt;</a>&nbsp;&nbsp;&nbsp;PCD_ProtocolSelect
<LI><a href="#[118]">&gt;&gt;</a>&nbsp;&nbsp;&nbsp;ISO14443A_MultiTagPart2
<LI><a href="#[120]">&gt;&gt;</a>&nbsp;&nbsp;&nbsp;ISO14443A_MultiTagHunting
<LI><a href="#[167]">&gt;&gt;</a>&nbsp;&nbsp;&nbsp;ISO7816_SendReceiveAPDU
<LI><a href="#[163]">&gt;&gt;</a>&nbsp;&nbsp;&nbsp;ISO15693_WriteBytes_TagData
<LI><a href="#[169]">&gt;&gt;</a>&nbsp;&nbsp;&nbsp;ISO7816_UpdateBinary
<LI><a href="#[168]">&gt;&gt;</a>&nbsp;&nbsp;&nbsp;ISO7816_SelectFile
<LI><a href="#[1ca]">&gt;&gt;</a>&nbsp;&nbsp;&nbsp;PCDNFCT3_WriteNDEF
<LI><a href="#[1c9]">&gt;&gt;</a>&nbsp;&nbsp;&nbsp;PCDNFCT3_WriteMessage
<LI><a href="#[1c8]">&gt;&gt;</a>&nbsp;&nbsp;&nbsp;PCDNFCT3_WriteAttribInfo
<LI><a href="#[1c6]">&gt;&gt;</a>&nbsp;&nbsp;&nbsp;PCDNFCT3_ReadMessage
<LI><a href="#[1c4]">&gt;&gt;</a>&nbsp;&nbsp;&nbsp;PCDNFCT2_WriteNDEF
<LI><a href="#[12c]">&gt;&gt;</a>&nbsp;&nbsp;&nbsp;PCD_SendRecv
<LI><a href="#[1a7]">&gt;&gt;</a>&nbsp;&nbsp;&nbsp;NDEF_PrepareGeoMessage
<LI><a href="#[19a]">&gt;&gt;</a>&nbsp;&nbsp;&nbsp;NDEF_FillGeoStruct
<LI><a href="#[1a6]">&gt;&gt;</a>&nbsp;&nbsp;&nbsp;NDEF_PrepareEmailMessage
<LI><a href="#[198]">&gt;&gt;</a>&nbsp;&nbsp;&nbsp;NDEF_FillEmailStruct
<LI><a href="#[197]">&gt;&gt;</a>&nbsp;&nbsp;&nbsp;WriteData
<LI><a href="#[195]">&gt;&gt;</a>&nbsp;&nbsp;&nbsp;ReadData
<LI><a href="#[19f]">&gt;&gt;</a>&nbsp;&nbsp;&nbsp;NDEF_IdentifySPRecord
<LI><a href="#[27a]">&gt;&gt;</a>&nbsp;&nbsp;&nbsp;readNDEFFromFlash
<LI><a href="#[220]">&gt;&gt;</a>&nbsp;&nbsp;&nbsp;getNextFrame
<LI><a href="#[222]">&gt;&gt;</a>&nbsp;&nbsp;&nbsp;clientFillDAT
<LI><a href="#[221]">&gt;&gt;</a>&nbsp;&nbsp;&nbsp;clientFillCMD
<LI><a href="#[c5]">&gt;&gt;</a>&nbsp;&nbsp;&nbsp;PP2P_Server
<LI><a href="#[21f]">&gt;&gt;</a>&nbsp;&nbsp;&nbsp;PP2PT_Send
<LI><a href="#[21c]">&gt;&gt;</a>&nbsp;&nbsp;&nbsp;PICC_WriteRegister
<LI><a href="#[218]">&gt;&gt;</a>&nbsp;&nbsp;&nbsp;RFT_ReceiveFile
<LI><a href="#[20f]">&gt;&gt;</a>&nbsp;&nbsp;&nbsp;PP2P_ReleaseCommunicationToken
<LI><a href="#[211]">&gt;&gt;</a>&nbsp;&nbsp;&nbsp;PP2P_GetNACK
<LI><a href="#[20c]">&gt;&gt;</a>&nbsp;&nbsp;&nbsp;PP2P_GetBuf
<LI><a href="#[1e1]">&gt;&gt;</a>&nbsp;&nbsp;&nbsp;PICC7816_SendBuffer
<LI><a href="#[212]">&gt;&gt;</a>&nbsp;&nbsp;&nbsp;PICCNFCT4_UpdateBinary
<LI><a href="#[18a]">&gt;&gt;</a>&nbsp;&nbsp;&nbsp;PICC_Send
<LI><a href="#[1dc]">&gt;&gt;</a>&nbsp;&nbsp;&nbsp;PICC_ProtocolSelect
<LI><a href="#[1e8]">&gt;&gt;</a>&nbsp;&nbsp;&nbsp;PICC_AcFilter
<LI><a href="#[1eb]">&gt;&gt;</a>&nbsp;&nbsp;&nbsp;PICCNFCT4_Init
<LI><a href="#[1a9]">&gt;&gt;</a>&nbsp;&nbsp;&nbsp;NDEF_PrepareURIMessage
<LI><a href="#[1a5]">&gt;&gt;</a>&nbsp;&nbsp;&nbsp;NDEF_Parse_WellKnowType
<LI><a href="#[1a8]">&gt;&gt;</a>&nbsp;&nbsp;&nbsp;NDEF_PrepareSMSMessage
<LI><a href="#[19b]">&gt;&gt;</a>&nbsp;&nbsp;&nbsp;NDEF_FillSMSStruct
<LI><a href="#[280]">&gt;&gt;</a>&nbsp;&nbsp;&nbsp;mccSendRawRequest
<LI><a href="#[11f]">&gt;&gt;</a>&nbsp;&nbsp;&nbsp;HID_RunMultiTagHunting
<LI><a href="#[11d]">&gt;&gt;</a>&nbsp;&nbsp;&nbsp;HID_RunInventoty16slots
<LI><a href="#[11b]">&gt;&gt;</a>&nbsp;&nbsp;&nbsp;HID_Run15693Anticollision
<LI><a href="#[117]">&gt;&gt;</a>&nbsp;&nbsp;&nbsp;HID_MultiTagResPart2
<LI><a href="#[10b]">&gt;&gt;</a>&nbsp;&nbsp;&nbsp;HID_GetHardwareVersion
<LI><a href="#[106]">&gt;&gt;</a>&nbsp;&nbsp;&nbsp;HID_ChainedCommand
<LI><a href="#[1fb]">&gt;&gt;</a>&nbsp;&nbsp;&nbsp;PICCNFCDEP_Dep
<LI><a href="#[1f9]">&gt;&gt;</a>&nbsp;&nbsp;&nbsp;PICCNFCDEP_Atr
<LI><a href="#[203]">&gt;&gt;</a>&nbsp;&nbsp;&nbsp;PICCNFCM1_Write_Step2
<LI><a href="#[202]">&gt;&gt;</a>&nbsp;&nbsp;&nbsp;PICCNFCM1_Read
</UL>

<P><STRONG><a name="[103]"></a>__aeabi_memcpy4</STRONG> (Thumb, 0 bytes, Stack size 8 bytes, memmovea.o(.text))
<BR><BR>[Stack]<UL><LI>Max Depth = 8<LI>Call Chain = __aeabi_memcpy4
</UL>
<BR>[Called By]<UL><LI><a href="#[229]">&gt;&gt;</a>&nbsp;&nbsp;&nbsp;refreshTxDataInfo
<LI><a href="#[279]">&gt;&gt;</a>&nbsp;&nbsp;&nbsp;refreshRxDataInfo
<LI><a href="#[b1]">&gt;&gt;</a>&nbsp;&nbsp;&nbsp;refreshScreen
<LI><a href="#[85]">&gt;&gt;</a>&nbsp;&nbsp;&nbsp;handleCommandFromWOD
<LI><a href="#[17]">&gt;&gt;</a>&nbsp;&nbsp;&nbsp;PongConfigServer
<LI><a href="#[24c]">&gt;&gt;</a>&nbsp;&nbsp;&nbsp;TagWriting
<LI><a href="#[c]">&gt;&gt;</a>&nbsp;&nbsp;&nbsp;TagHunting
<LI><a href="#[205]">&gt;&gt;</a>&nbsp;&nbsp;&nbsp;PICCNFCT4_GetCommandId
<LI><a href="#[107]">&gt;&gt;</a>&nbsp;&nbsp;&nbsp;HID_ConfigureTypeBPrime
<LI><a href="#[102]">&gt;&gt;</a>&nbsp;&nbsp;&nbsp;HID_Allow512bytesBuffer
</UL>

<P><STRONG><a name="[1d6]"></a>__aeabi_memmove</STRONG> (Thumb, 0 bytes, Stack size 8 bytes, memmovea.o(.text))
<BR><BR>[Stack]<UL><LI>Max Depth = 8<LI>Call Chain = __aeabi_memmove
</UL>
<BR>[Called By]<UL><LI><a href="#[1d5]">&gt;&gt;</a>&nbsp;&nbsp;&nbsp;PCDNFCT5_WriteNDEF
</UL>

<P><STRONG><a name="[2a3]"></a>__aeabi_memmove4</STRONG> (Thumb, 0 bytes, Stack size 8 bytes, memmovea.o(.text), UNUSED)

<P><STRONG><a name="[2a4]"></a>__aeabi_memmove8</STRONG> (Thumb, 0 bytes, Stack size 8 bytes, memmovea.o(.text), UNUSED)

<P><STRONG><a name="[8d]"></a>__aeabi_memset</STRONG> (Thumb, 14 bytes, Stack size 0 bytes, memseta.o(.text))
<BR><BR>[Called By]<UL><LI><a href="#[81]">&gt;&gt;</a>&nbsp;&nbsp;&nbsp;PopDataCommand
<LI><a href="#[8e]">&gt;&gt;</a>&nbsp;&nbsp;&nbsp;_memset$wrapper
<LI><a href="#[8c]">&gt;&gt;</a>&nbsp;&nbsp;&nbsp;__aeabi_memclr
</UL>

<P><STRONG><a name="[2a5]"></a>__aeabi_memset4</STRONG> (Thumb, 0 bytes, Stack size 0 bytes, memseta.o(.text), UNUSED)

<P><STRONG><a name="[2a6]"></a>__aeabi_memset8</STRONG> (Thumb, 0 bytes, Stack size 0 bytes, memseta.o(.text), UNUSED)

<P><STRONG><a name="[8c]"></a>__aeabi_memclr</STRONG> (Thumb, 4 bytes, Stack size 0 bytes, memseta.o(.text))
<BR><BR>[Calls]<UL><LI><a href="#[8d]">&gt;&gt;</a>&nbsp;&nbsp;&nbsp;__aeabi_memset
</UL>
<BR>[Called By]<UL><LI><a href="#[24b]">&gt;&gt;</a>&nbsp;&nbsp;&nbsp;readNDEFfromTAG
<LI><a href="#[141]">&gt;&gt;</a>&nbsp;&nbsp;&nbsp;ISO14443B_InitStructure
<LI><a href="#[280]">&gt;&gt;</a>&nbsp;&nbsp;&nbsp;mccSendRawRequest
<LI><a href="#[287]">&gt;&gt;</a>&nbsp;&nbsp;&nbsp;mccCopyToRawBuffer
</UL>

<P><STRONG><a name="[f3]"></a>__aeabi_memclr4</STRONG> (Thumb, 0 bytes, Stack size 0 bytes, memseta.o(.text))
<BR><BR>[Called By]<UL><LI><a href="#[e]">&gt;&gt;</a>&nbsp;&nbsp;&nbsp;TagReading
<LI><a href="#[d5]">&gt;&gt;</a>&nbsp;&nbsp;&nbsp;FELICA_IsPresent
<LI><a href="#[11e]">&gt;&gt;</a>&nbsp;&nbsp;&nbsp;ISO15693_RunInventory16slots
<LI><a href="#[11c]">&gt;&gt;</a>&nbsp;&nbsp;&nbsp;ISO15693_RunAntiCollision
<LI><a href="#[1c9]">&gt;&gt;</a>&nbsp;&nbsp;&nbsp;PCDNFCT3_WriteMessage
<LI><a href="#[1c8]">&gt;&gt;</a>&nbsp;&nbsp;&nbsp;PCDNFCT3_WriteAttribInfo
<LI><a href="#[1c6]">&gt;&gt;</a>&nbsp;&nbsp;&nbsp;PCDNFCT3_ReadMessage
<LI><a href="#[102]">&gt;&gt;</a>&nbsp;&nbsp;&nbsp;HID_Allow512bytesBuffer
</UL>

<P><STRONG><a name="[2a7]"></a>__aeabi_memclr8</STRONG> (Thumb, 0 bytes, Stack size 0 bytes, memseta.o(.text), UNUSED)

<P><STRONG><a name="[8e]"></a>_memset$wrapper</STRONG> (Thumb, 18 bytes, Stack size 8 bytes, memseta.o(.text), UNUSED)
<BR><BR>[Calls]<UL><LI><a href="#[8d]">&gt;&gt;</a>&nbsp;&nbsp;&nbsp;__aeabi_memset
</UL>

<P><STRONG><a name="[196]"></a>strlen</STRONG> (Thumb, 14 bytes, Stack size 0 bytes, strlen.o(.text))
<BR><BR>[Called By]<UL><LI><a href="#[ac]">&gt;&gt;</a>&nbsp;&nbsp;&nbsp;NDEF_AddAAR
<LI><a href="#[1a7]">&gt;&gt;</a>&nbsp;&nbsp;&nbsp;NDEF_PrepareGeoMessage
<LI><a href="#[1a6]">&gt;&gt;</a>&nbsp;&nbsp;&nbsp;NDEF_PrepareEmailMessage
<LI><a href="#[1a9]">&gt;&gt;</a>&nbsp;&nbsp;&nbsp;NDEF_PrepareURIMessage
<LI><a href="#[1a8]">&gt;&gt;</a>&nbsp;&nbsp;&nbsp;NDEF_PrepareSMSMessage
</UL>

<P><STRONG><a name="[199]"></a>memcmp</STRONG> (Thumb, 26 bytes, Stack size 12 bytes, memcmp.o(.text))
<BR><BR>[Stack]<UL><LI>Max Depth = 12<LI>Call Chain = memcmp
</UL>
<BR>[Called By]<UL><LI><a href="#[e]">&gt;&gt;</a>&nbsp;&nbsp;&nbsp;TagReading
<LI><a href="#[24c]">&gt;&gt;</a>&nbsp;&nbsp;&nbsp;TagWriting
<LI><a href="#[c]">&gt;&gt;</a>&nbsp;&nbsp;&nbsp;TagHunting
<LI><a href="#[19a]">&gt;&gt;</a>&nbsp;&nbsp;&nbsp;NDEF_FillGeoStruct
<LI><a href="#[198]">&gt;&gt;</a>&nbsp;&nbsp;&nbsp;NDEF_FillEmailStruct
<LI><a href="#[1a2]">&gt;&gt;</a>&nbsp;&nbsp;&nbsp;NDEF_ParseWellKnownType
<LI><a href="#[1a4]">&gt;&gt;</a>&nbsp;&nbsp;&nbsp;NDEF_ParseURI
<LI><a href="#[1a1]">&gt;&gt;</a>&nbsp;&nbsp;&nbsp;NDEF_ParseMediaType
<LI><a href="#[1a0]">&gt;&gt;</a>&nbsp;&nbsp;&nbsp;NDEF_ParseForumExternalType
<LI><a href="#[1aa]">&gt;&gt;</a>&nbsp;&nbsp;&nbsp;getUriType
<LI><a href="#[19b]">&gt;&gt;</a>&nbsp;&nbsp;&nbsp;NDEF_FillSMSStruct
<LI><a href="#[1f9]">&gt;&gt;</a>&nbsp;&nbsp;&nbsp;PICCNFCDEP_Atr
</UL>

<P><STRONG><a name="[fe]"></a>strcpy</STRONG> (Thumb, 18 bytes, Stack size 0 bytes, strcpy.o(.text))
<BR><BR>[Called By]<UL><LI><a href="#[24c]">&gt;&gt;</a>&nbsp;&nbsp;&nbsp;TagWriting
<LI><a href="#[101]">&gt;&gt;</a>&nbsp;&nbsp;&nbsp;FillTagURI
<LI><a href="#[100]">&gt;&gt;</a>&nbsp;&nbsp;&nbsp;FillTagSMS
<LI><a href="#[ff]">&gt;&gt;</a>&nbsp;&nbsp;&nbsp;FillTagGEO
<LI><a href="#[fd]">&gt;&gt;</a>&nbsp;&nbsp;&nbsp;FillTagEMAIL
</UL>

<P><STRONG><a name="[206]"></a>strncmp</STRONG> (Thumb, 30 bytes, Stack size 12 bytes, strncmp.o(.text))
<BR><BR>[Stack]<UL><LI>Max Depth = 12<LI>Call Chain = strncmp
</UL>
<BR>[Called By]<UL><LI><a href="#[205]">&gt;&gt;</a>&nbsp;&nbsp;&nbsp;PICCNFCT4_GetCommandId
</UL>

<P><STRONG><a name="[8f]"></a>__aeabi_uldivmod</STRONG> (Thumb, 98 bytes, Stack size 40 bytes, uldiv.o(.text), UNUSED)
<BR><BR>[Calls]<UL><LI><a href="#[90]">&gt;&gt;</a>&nbsp;&nbsp;&nbsp;__aeabi_llsr
<LI><a href="#[91]">&gt;&gt;</a>&nbsp;&nbsp;&nbsp;__aeabi_llsl
</UL>
<BR>[Called By]<UL><LI><a href="#[260]">&gt;&gt;</a>&nbsp;&nbsp;&nbsp;_printf_core
</UL>

<P><STRONG><a name="[8b]"></a>__scatterload</STRONG> (Thumb, 28 bytes, Stack size 0 bytes, init.o(.text))
<BR><BR>[Calls]<UL><LI><a href="#[92]">&gt;&gt;</a>&nbsp;&nbsp;&nbsp;__main_after_scatterload
</UL>
<BR>[Called By]<UL><LI><a href="#[8a]">&gt;&gt;</a>&nbsp;&nbsp;&nbsp;_main_scatterload
</UL>

<P><STRONG><a name="[2a8]"></a>__scatterload_rt2</STRONG> (Thumb, 0 bytes, Stack size 0 bytes, init.o(.text), UNUSED)

<P><STRONG><a name="[2a9]"></a>__decompress</STRONG> (Thumb, 0 bytes, Stack size unknown bytes, __dczerorl2.o(.text), UNUSED)

<P><STRONG><a name="[2aa]"></a>__decompress1</STRONG> (Thumb, 86 bytes, Stack size unknown bytes, __dczerorl2.o(.text), UNUSED)

<P><STRONG><a name="[32]"></a>BusFault_Handler</STRONG> (Thumb, 4 bytes, Stack size 0 bytes, stm32f10x_it.o(i.BusFault_Handler))
<BR>[Address Reference Count : 1]<UL><LI> startup_stm32f10x_xl.o(RESET)
</UL>
<P><STRONG><a name="[23a]"></a>ByteSwap</STRONG> (Thumb, 12 bytes, Stack size 0 bytes, usb_regs.o(i.ByteSwap))
<BR><BR>[Called By]<UL><LI><a href="#[a5]">&gt;&gt;</a>&nbsp;&nbsp;&nbsp;Setup0_Process
</UL>

<P><STRONG><a name="[25]"></a>COMPOSITE_Data_Setup</STRONG> (Thumb, 74 bytes, Stack size 16 bytes, usb_prop.o(i.COMPOSITE_Data_Setup))
<BR><BR>[Stack]<UL><LI>Max Depth = 16<LI>Call Chain = COMPOSITE_Data_Setup
</UL>
<BR>[Address Reference Count : 1]<UL><LI> usb_prop.o(.data)
</UL>
<P><STRONG><a name="[29]"></a>COMPOSITE_GetConfigDescriptor</STRONG> (Thumb, 14 bytes, Stack size 8 bytes, usb_prop.o(i.COMPOSITE_GetConfigDescriptor))
<BR><BR>[Stack]<UL><LI>Max Depth = 16<LI>Call Chain = COMPOSITE_GetConfigDescriptor &rArr; Standard_GetDescriptorData
</UL>
<BR>[Calls]<UL><LI><a href="#[95]">&gt;&gt;</a>&nbsp;&nbsp;&nbsp;Standard_GetDescriptorData
</UL>
<BR>[Address Reference Count : 1]<UL><LI> usb_prop.o(.data)
</UL>
<P><STRONG><a name="[28]"></a>COMPOSITE_GetDeviceDescriptor</STRONG> (Thumb, 14 bytes, Stack size 8 bytes, usb_prop.o(i.COMPOSITE_GetDeviceDescriptor))
<BR><BR>[Stack]<UL><LI>Max Depth = 16<LI>Call Chain = COMPOSITE_GetDeviceDescriptor &rArr; Standard_GetDescriptorData
</UL>
<BR>[Calls]<UL><LI><a href="#[95]">&gt;&gt;</a>&nbsp;&nbsp;&nbsp;Standard_GetDescriptorData
</UL>
<BR>[Address Reference Count : 1]<UL><LI> usb_prop.o(.data)
</UL>
<P><STRONG><a name="[2a]"></a>COMPOSITE_GetStringDescriptor</STRONG> (Thumb, 32 bytes, Stack size 16 bytes, usb_prop.o(i.COMPOSITE_GetStringDescriptor))
<BR><BR>[Stack]<UL><LI>Max Depth = 24<LI>Call Chain = COMPOSITE_GetStringDescriptor &rArr; Standard_GetDescriptorData
</UL>
<BR>[Calls]<UL><LI><a href="#[95]">&gt;&gt;</a>&nbsp;&nbsp;&nbsp;Standard_GetDescriptorData
</UL>
<BR>[Address Reference Count : 1]<UL><LI> usb_prop.o(.data)
</UL>
<P><STRONG><a name="[27]"></a>COMPOSITE_Get_Interface_Setting</STRONG> (Thumb, 22 bytes, Stack size 0 bytes, usb_prop.o(i.COMPOSITE_Get_Interface_Setting))
<BR>[Address Reference Count : 1]<UL><LI> usb_prop.o(.data)
</UL>
<P><STRONG><a name="[26]"></a>COMPOSITE_NoData_Setup</STRONG> (Thumb, 6 bytes, Stack size 0 bytes, usb_prop.o(i.COMPOSITE_NoData_Setup))
<BR>[Address Reference Count : 1]<UL><LI> usb_prop.o(.data)
</UL>
<P><STRONG><a name="[22]"></a>COMPOSITE_Reset</STRONG> (Thumb, 166 bytes, Stack size 8 bytes, usb_prop.o(i.COMPOSITE_Reset))
<BR><BR>[Stack]<UL><LI>Max Depth = 20<LI>Call Chain = COMPOSITE_Reset &rArr; SetEPTxStatus
</UL>
<BR>[Calls]<UL><LI><a href="#[98]">&gt;&gt;</a>&nbsp;&nbsp;&nbsp;SetEPTxStatus
<LI><a href="#[9e]">&gt;&gt;</a>&nbsp;&nbsp;&nbsp;SetEPTxCount
<LI><a href="#[9a]">&gt;&gt;</a>&nbsp;&nbsp;&nbsp;SetEPRxCount
<LI><a href="#[a0]">&gt;&gt;</a>&nbsp;&nbsp;&nbsp;SetDeviceAddress
<LI><a href="#[97]">&gt;&gt;</a>&nbsp;&nbsp;&nbsp;SetEPType
<LI><a href="#[9b]">&gt;&gt;</a>&nbsp;&nbsp;&nbsp;SetEPTxAddr
<LI><a href="#[9d]">&gt;&gt;</a>&nbsp;&nbsp;&nbsp;SetEPRxValid
<LI><a href="#[9f]">&gt;&gt;</a>&nbsp;&nbsp;&nbsp;SetEPRxStatus
<LI><a href="#[99]">&gt;&gt;</a>&nbsp;&nbsp;&nbsp;SetEPRxAddr
<LI><a href="#[96]">&gt;&gt;</a>&nbsp;&nbsp;&nbsp;SetBTABLE
<LI><a href="#[9c]">&gt;&gt;</a>&nbsp;&nbsp;&nbsp;Clear_Status_Out
</UL>
<BR>[Address Reference Count : 1]<UL><LI> usb_prop.o(.data)
</UL>
<P><STRONG><a name="[23]"></a>COMPOSITE_Status_In</STRONG> (Thumb, 2 bytes, Stack size 0 bytes, usb_prop.o(i.COMPOSITE_Status_In))
<BR>[Address Reference Count : 1]<UL><LI> usb_prop.o(.data)
</UL>
<P><STRONG><a name="[24]"></a>COMPOSITE_Status_Out</STRONG> (Thumb, 2 bytes, Stack size 0 bytes, usb_prop.o(i.COMPOSITE_Status_Out))
<BR>[Address Reference Count : 1]<UL><LI> usb_prop.o(.data)
</UL>
<P><STRONG><a name="[21]"></a>COMPOSITE_init</STRONG> (Thumb, 26 bytes, Stack size 8 bytes, usb_prop.o(i.COMPOSITE_init))
<BR><BR>[Stack]<UL><LI>Max Depth = 8<LI>Call Chain = COMPOSITE_init
</UL>
<BR>[Calls]<UL><LI><a href="#[a1]">&gt;&gt;</a>&nbsp;&nbsp;&nbsp;PowerOn
<LI><a href="#[a2]">&gt;&gt;</a>&nbsp;&nbsp;&nbsp;USB_SIL_Init
</UL>
<BR>[Address Reference Count : 1]<UL><LI> usb_prop.o(.data)
</UL>
<P><STRONG><a name="[277]"></a>CRC_CalcCRC</STRONG> (Thumb, 8 bytes, Stack size 0 bytes, stm32f10x_crc.o(i.CRC_CalcCRC))
<BR><BR>[Called By]<UL><LI><a href="#[a8]">&gt;&gt;</a>&nbsp;&nbsp;&nbsp;file_CRC
</UL>

<P><STRONG><a name="[276]"></a>CRC_ResetDR</STRONG> (Thumb, 8 bytes, Stack size 0 bytes, stm32f10x_crc.o(i.CRC_ResetDR))
<BR><BR>[Called By]<UL><LI><a href="#[a8]">&gt;&gt;</a>&nbsp;&nbsp;&nbsp;file_CRC
</UL>

<P><STRONG><a name="[25c]"></a>CTR_HP</STRONG> (Thumb, 174 bytes, Stack size 8 bytes, usb_int.o(i.CTR_HP))
<BR><BR>[Stack]<UL><LI>Max Depth = 8<LI>Call Chain = CTR_HP
</UL>
<BR>[Called By]<UL><LI><a href="#[4b]">&gt;&gt;</a>&nbsp;&nbsp;&nbsp;USB_HP_CAN1_TX_IRQHandler
</UL>

<P><STRONG><a name="[a3]"></a>CTR_LP</STRONG> (Thumb, 616 bytes, Stack size 8 bytes, usb_int.o(i.CTR_LP))
<BR><BR>[Stack]<UL><LI>Max Depth = 116<LI>Call Chain = CTR_LP &rArr; Setup0_Process &rArr; Data_Setup0 &rArr; DataStageIn &rArr; UserToPMABufferCopy
</UL>
<BR>[Calls]<UL><LI><a href="#[a5]">&gt;&gt;</a>&nbsp;&nbsp;&nbsp;Setup0_Process
<LI><a href="#[a6]">&gt;&gt;</a>&nbsp;&nbsp;&nbsp;Out0_Process
<LI><a href="#[a4]">&gt;&gt;</a>&nbsp;&nbsp;&nbsp;In0_Process
</UL>
<BR>[Called By]<UL><LI><a href="#[25d]">&gt;&gt;</a>&nbsp;&nbsp;&nbsp;USB_Istr
</UL>

<P><STRONG><a name="[78]"></a>CardEmul</STRONG> (Thumb, 258 bytes, Stack size 8 bytes, menu_cardemul.o(i.CardEmul))
<BR><BR>[Stack]<UL><LI>Max Depth = 32<LI>Call Chain = CardEmul &rArr; file_CRC
</UL>
<BR>[Calls]<UL><LI><a href="#[a9]">&gt;&gt;</a>&nbsp;&nbsp;&nbsp;ConfigManager_Stop
<LI><a href="#[a8]">&gt;&gt;</a>&nbsp;&nbsp;&nbsp;file_CRC
<LI><a href="#[a7]">&gt;&gt;</a>&nbsp;&nbsp;&nbsp;__2sprintf
</UL>
<BR>[Address Reference Count : 1]<UL><LI> menu_cardemul.o(i.CardEmul14443A)
</UL>
<P><STRONG><a name="[1a]"></a>CardEmul14443A</STRONG> (Thumb, 64 bytes, Stack size 96 bytes, menu_cardemul.o(i.CardEmul14443A))
<BR><BR>[Stack]<UL><LI>Max Depth = 1952<LI>Call Chain = CardEmul14443A &rArr; NDEF_AddAAR &rArr; WriteData &rArr; PCDNFCT5_WriteNDEF &rArr; ISO15693_WriteBytes_TagData &rArr; ISO15693_WriteTagData &rArr; ISO15693_WriteSingleBlock &rArr; PCD_SendRecv &rArr; drv95HF_SendReceive &rArr; drv95HF_SendSPICommand &rArr; SPI_SendReceiveBuffer &rArr; SPI_SendReceiveByte
</UL>
<BR>[Calls]<UL><LI><a href="#[aa]">&gt;&gt;</a>&nbsp;&nbsp;&nbsp;NDEF_WriteNDEF
<LI><a href="#[ac]">&gt;&gt;</a>&nbsp;&nbsp;&nbsp;NDEF_AddAAR
<LI><a href="#[ae]">&gt;&gt;</a>&nbsp;&nbsp;&nbsp;ConfigManager_CardEmulation
<LI><a href="#[ad]">&gt;&gt;</a>&nbsp;&nbsp;&nbsp;ApplicationInit
<LI><a href="#[93]">&gt;&gt;</a>&nbsp;&nbsp;&nbsp;ApplicationClose
<LI><a href="#[ab]">&gt;&gt;</a>&nbsp;&nbsp;&nbsp;__aeabi_memcpy
</UL>
<BR>[Address Reference Count : 1]<UL><LI> menu.o(.data)
</UL>
<P><STRONG><a name="[83]"></a>CheckForUserAction</STRONG> (Thumb, 186 bytes, Stack size 8 bytes, proprietary_p2p.o(i.CheckForUserAction))
<BR><BR>[Stack]<UL><LI>Max Depth = 184<LI>Call Chain = CheckForUserAction &rArr; refreshScreen &rArr; LCD_DisplayStringLine &rArr; LCD_DisplayChar &rArr; LCD_DrawChar &rArr; LCD_SetCursor &rArr; LCD_WriteData &rArr; LCD_CtrlLinesWrite
</UL>
<BR>[Calls]<UL><LI><a href="#[b0]">&gt;&gt;</a>&nbsp;&nbsp;&nbsp;isPendingStreamToSend
<LI><a href="#[b1]">&gt;&gt;</a>&nbsp;&nbsp;&nbsp;refreshScreen
<LI><a href="#[a9]">&gt;&gt;</a>&nbsp;&nbsp;&nbsp;ConfigManager_Stop
<LI><a href="#[af]">&gt;&gt;</a>&nbsp;&nbsp;&nbsp;LCD_DisplayStringLine
</UL>
<BR>[Address Reference Count : 1]<UL><LI> proprietary_p2p.o(i.ProprietaryP2PConfigClient)
</UL>
<P><STRONG><a name="[23f]"></a>ClearDTOG_RX</STRONG> (Thumb, 48 bytes, Stack size 0 bytes, usb_regs.o(i.ClearDTOG_RX))
<BR><BR>[Called By]<UL><LI><a href="#[1b9]">&gt;&gt;</a>&nbsp;&nbsp;&nbsp;Standard_ClearFeature
</UL>

<P><STRONG><a name="[23e]"></a>ClearDTOG_TX</STRONG> (Thumb, 48 bytes, Stack size 0 bytes, usb_regs.o(i.ClearDTOG_TX))
<BR><BR>[Called By]<UL><LI><a href="#[1b9]">&gt;&gt;</a>&nbsp;&nbsp;&nbsp;Standard_ClearFeature
</UL>

<P><STRONG><a name="[9c]"></a>Clear_Status_Out</STRONG> (Thumb, 34 bytes, Stack size 0 bytes, usb_regs.o(i.Clear_Status_Out))
<BR><BR>[Called By]<UL><LI><a href="#[22]">&gt;&gt;</a>&nbsp;&nbsp;&nbsp;COMPOSITE_Reset
</UL>

<P><STRONG><a name="[2c]"></a>Composite_Device_ClearFeature</STRONG> (Thumb, 2 bytes, Stack size 0 bytes, usb_prop.o(i.Composite_Device_ClearFeature))
<BR>[Address Reference Count : 1]<UL><LI> usb_prop.o(.data)
</UL>
<P><STRONG><a name="[2b]"></a>Composite_Device_SetConfiguration</STRONG> (Thumb, 16 bytes, Stack size 0 bytes, usb_prop.o(i.Composite_Device_SetConfiguration))
<BR>[Address Reference Count : 1]<UL><LI> usb_prop.o(.data)
</UL>
<P><STRONG><a name="[2d]"></a>Composite_Device_SetDeviceAddress</STRONG> (Thumb, 2 bytes, Stack size 0 bytes, usb_prop.o(i.Composite_Device_SetDeviceAddress))
<BR>[Address Reference Count : 1]<UL><LI> usb_prop.o(.data)
</UL>
<P><STRONG><a name="[ae]"></a>ConfigManager_CardEmulation</STRONG> (Thumb, 40 bytes, Stack size 16 bytes, lib_configmanager.o(i.ConfigManager_CardEmulation))
<BR><BR>[Stack]<UL><LI>Max Depth = 768<LI>Call Chain = ConfigManager_CardEmulation &rArr; PICCEmul_ManagePICCEmulation &rArr; PICCEmul_ReceiveCommand &rArr; PICCNFCT4_ReplyCommand &rArr; PICCNFCT4_UpdateBinary &rArr; RFT_ReceiveFile &rArr; PICC7816_SendBuffer &rArr; PICC_Send &rArr; drv95HF_SendReceive &rArr; drv95HF_SendSPICommand &rArr; SPI_SendReceiveBuffer &rArr; SPI_SendReceiveByte
</UL>
<BR>[Calls]<UL><LI><a href="#[b2]">&gt;&gt;</a>&nbsp;&nbsp;&nbsp;ConfigManager_Start
<LI><a href="#[b4]">&gt;&gt;</a>&nbsp;&nbsp;&nbsp;PICCEmul_ManagePICCEmulation
<LI><a href="#[b3]">&gt;&gt;</a>&nbsp;&nbsp;&nbsp;PICCEmul_InitPICCEmulation
<LI><a href="#[b5]">&gt;&gt;</a>&nbsp;&nbsp;&nbsp;PICCEmul_DisablePICCEmulation
</UL>
<BR>[Called By]<UL><LI><a href="#[16]">&gt;&gt;</a>&nbsp;&nbsp;&nbsp;PongConfigClient
<LI><a href="#[1a]">&gt;&gt;</a>&nbsp;&nbsp;&nbsp;CardEmul14443A
</UL>

<P><STRONG><a name="[b6]"></a>ConfigManager_HWInit</STRONG> (Thumb, 60 bytes, Stack size 8 bytes, lib_configmanager.o(i.ConfigManager_HWInit))
<BR><BR>[Stack]<UL><LI>Max Depth = 624<LI>Call Chain = ConfigManager_HWInit &rArr; ConfigManager_PORsequence &rArr; drv95HF_SendReceive &rArr; drv95HF_SendSPICommand &rArr; SPI_SendReceiveBuffer &rArr; SPI_SendReceiveByte
</UL>
<BR>[Calls]<UL><LI><a href="#[b8]">&gt;&gt;</a>&nbsp;&nbsp;&nbsp;ConfigManager_PORsequence
<LI><a href="#[b7]">&gt;&gt;</a>&nbsp;&nbsp;&nbsp;ConfigManager_Init
<LI><a href="#[b9]">&gt;&gt;</a>&nbsp;&nbsp;&nbsp;ConfigManager_IDN
<LI><a href="#[ba]">&gt;&gt;</a>&nbsp;&nbsp;&nbsp;__2printf
</UL>
<BR>[Called By]<UL><LI><a href="#[74]">&gt;&gt;</a>&nbsp;&nbsp;&nbsp;main
</UL>

<P><STRONG><a name="[bf]"></a>ConfigManager_P2PP</STRONG> (Thumb, 160 bytes, Stack size 24 bytes, lib_configmanager.o(i.ConfigManager_P2PP))
<BR><BR>[Stack]<UL><LI>Max Depth = 1488<LI>Call Chain = ConfigManager_P2PP &rArr; ConfigManager_TagHunting &rArr; FELICA_Initialization &rArr; FELICA_Init &rArr; PCD_WriteRegister &rArr; drv95HF_SendReceive &rArr; drv95HF_SendSPICommand &rArr; SPI_SendReceiveBuffer &rArr; SPI_SendReceiveByte
</UL>
<BR>[Calls]<UL><LI><a href="#[c2]">&gt;&gt;</a>&nbsp;&nbsp;&nbsp;ConfigManager_TagHunting
<LI><a href="#[c1]">&gt;&gt;</a>&nbsp;&nbsp;&nbsp;StartAppliTimeOut
<LI><a href="#[c0]">&gt;&gt;</a>&nbsp;&nbsp;&nbsp;random
<LI><a href="#[b2]">&gt;&gt;</a>&nbsp;&nbsp;&nbsp;ConfigManager_Start
<LI><a href="#[b4]">&gt;&gt;</a>&nbsp;&nbsp;&nbsp;PICCEmul_ManagePICCEmulation
<LI><a href="#[b3]">&gt;&gt;</a>&nbsp;&nbsp;&nbsp;PICCEmul_InitPICCEmulation
</UL>
<BR>[Called By]<UL><LI><a href="#[19]">&gt;&gt;</a>&nbsp;&nbsp;&nbsp;ProprietaryP2PConfigServer
<LI><a href="#[18]">&gt;&gt;</a>&nbsp;&nbsp;&nbsp;ProprietaryP2PConfigClient
</UL>

<P><STRONG><a name="[c3]"></a>ConfigManager_P2PPInitiator</STRONG> (Thumb, 50 bytes, Stack size 8 bytes, lib_configmanager.o(i.ConfigManager_P2PPInitiator))
<BR><BR>[Stack]<UL><LI>Max Depth = 920<LI>Call Chain = ConfigManager_P2PPInitiator &rArr; PP2P_Server &rArr; PP2P_SendReceive &rArr; PCD_SendRecv &rArr; drv95HF_SendReceive &rArr; drv95HF_SendSPICommand &rArr; SPI_SendReceiveBuffer &rArr; SPI_SendReceiveByte
</UL>
<BR>[Calls]<UL><LI><a href="#[c6]">&gt;&gt;</a>&nbsp;&nbsp;&nbsp;PCD_FieldOff
<LI><a href="#[a9]">&gt;&gt;</a>&nbsp;&nbsp;&nbsp;ConfigManager_Stop
<LI><a href="#[c4]">&gt;&gt;</a>&nbsp;&nbsp;&nbsp;PP2P_ServerInit
<LI><a href="#[c5]">&gt;&gt;</a>&nbsp;&nbsp;&nbsp;PP2P_Server
</UL>
<BR>[Called By]<UL><LI><a href="#[19]">&gt;&gt;</a>&nbsp;&nbsp;&nbsp;ProprietaryP2PConfigServer
</UL>

<P><STRONG><a name="[ca]"></a>ConfigManager_PP2PTarget</STRONG> (Thumb, 68 bytes, Stack size 16 bytes, lib_configmanager.o(i.ConfigManager_PP2PTarget))
<BR><BR>[Stack]<UL><LI>Max Depth = 768<LI>Call Chain = ConfigManager_PP2PTarget &rArr; PICCEmul_ManagePICCEmulation &rArr; PICCEmul_ReceiveCommand &rArr; PICCNFCT4_ReplyCommand &rArr; PICCNFCT4_UpdateBinary &rArr; RFT_ReceiveFile &rArr; PICC7816_SendBuffer &rArr; PICC_Send &rArr; drv95HF_SendReceive &rArr; drv95HF_SendSPICommand &rArr; SPI_SendReceiveBuffer &rArr; SPI_SendReceiveByte
</UL>
<BR>[Calls]<UL><LI><a href="#[a9]">&gt;&gt;</a>&nbsp;&nbsp;&nbsp;ConfigManager_Stop
<LI><a href="#[cb]">&gt;&gt;</a>&nbsp;&nbsp;&nbsp;PP2P_TargetInit
<LI><a href="#[b4]">&gt;&gt;</a>&nbsp;&nbsp;&nbsp;PICCEmul_ManagePICCEmulation
<LI><a href="#[b5]">&gt;&gt;</a>&nbsp;&nbsp;&nbsp;PICCEmul_DisablePICCEmulation
</UL>
<BR>[Called By]<UL><LI><a href="#[18]">&gt;&gt;</a>&nbsp;&nbsp;&nbsp;ProprietaryP2PConfigClient
</UL>

<P><STRONG><a name="[a9]"></a>ConfigManager_Stop</STRONG> (Thumb, 8 bytes, Stack size 0 bytes, lib_configmanager.o(i.ConfigManager_Stop))
<BR><BR>[Called By]<UL><LI><a href="#[ca]">&gt;&gt;</a>&nbsp;&nbsp;&nbsp;ConfigManager_PP2PTarget
<LI><a href="#[c3]">&gt;&gt;</a>&nbsp;&nbsp;&nbsp;ConfigManager_P2PPInitiator
<LI><a href="#[87]">&gt;&gt;</a>&nbsp;&nbsp;&nbsp;InitiatorCheckForUserAction
<LI><a href="#[83]">&gt;&gt;</a>&nbsp;&nbsp;&nbsp;CheckForUserAction
<LI><a href="#[7d]">&gt;&gt;</a>&nbsp;&nbsp;&nbsp;PongCheckForUserAction
<LI><a href="#[78]">&gt;&gt;</a>&nbsp;&nbsp;&nbsp;CardEmul
<LI><a href="#[4f]">&gt;&gt;</a>&nbsp;&nbsp;&nbsp;EXTI9_5_IRQHandler
<LI><a href="#[42]">&gt;&gt;</a>&nbsp;&nbsp;&nbsp;EXTI4_IRQHandler
<LI><a href="#[ea]">&gt;&gt;</a>&nbsp;&nbsp;&nbsp;HID_Data_Out
</UL>

<P><STRONG><a name="[cc]"></a>ConfigManager_TagEmulation</STRONG> (Thumb, 96 bytes, Stack size 24 bytes, lib_configmanager.o(i.ConfigManager_TagEmulation))
<BR><BR>[Stack]<UL><LI>Max Depth = 776<LI>Call Chain = ConfigManager_TagEmulation &rArr; PICCEmul_ManagePICCEmulation &rArr; PICCEmul_ReceiveCommand &rArr; PICCNFCT4_ReplyCommand &rArr; PICCNFCT4_UpdateBinary &rArr; RFT_ReceiveFile &rArr; PICC7816_SendBuffer &rArr; PICC_Send &rArr; drv95HF_SendReceive &rArr; drv95HF_SendSPICommand &rArr; SPI_SendReceiveBuffer &rArr; SPI_SendReceiveByte
</UL>
<BR>[Calls]<UL><LI><a href="#[cd]">&gt;&gt;</a>&nbsp;&nbsp;&nbsp;StopAppliTimeOut
<LI><a href="#[c1]">&gt;&gt;</a>&nbsp;&nbsp;&nbsp;StartAppliTimeOut
<LI><a href="#[b2]">&gt;&gt;</a>&nbsp;&nbsp;&nbsp;ConfigManager_Start
<LI><a href="#[b4]">&gt;&gt;</a>&nbsp;&nbsp;&nbsp;PICCEmul_ManagePICCEmulation
<LI><a href="#[b3]">&gt;&gt;</a>&nbsp;&nbsp;&nbsp;PICCEmul_InitPICCEmulation
<LI><a href="#[b5]">&gt;&gt;</a>&nbsp;&nbsp;&nbsp;PICCEmul_DisablePICCEmulation
</UL>
<BR>[Called By]<UL><LI><a href="#[246]">&gt;&gt;</a>&nbsp;&nbsp;&nbsp;TagEmul
</UL>

<P><STRONG><a name="[c2]"></a>ConfigManager_TagHunting</STRONG> (Thumb, 232 bytes, Stack size 8 bytes, lib_configmanager.o(i.ConfigManager_TagHunting))
<BR><BR>[Stack]<UL><LI>Max Depth = 1464<LI>Call Chain = ConfigManager_TagHunting &rArr; FELICA_Initialization &rArr; FELICA_Init &rArr; PCD_WriteRegister &rArr; drv95HF_SendReceive &rArr; drv95HF_SendSPICommand &rArr; SPI_SendReceiveBuffer &rArr; SPI_SendReceiveByte
</UL>
<BR>[Calls]<UL><LI><a href="#[c6]">&gt;&gt;</a>&nbsp;&nbsp;&nbsp;PCD_FieldOff
<LI><a href="#[ce]">&gt;&gt;</a>&nbsp;&nbsp;&nbsp;delay_ms
<LI><a href="#[d5]">&gt;&gt;</a>&nbsp;&nbsp;&nbsp;FELICA_IsPresent
<LI><a href="#[d4]">&gt;&gt;</a>&nbsp;&nbsp;&nbsp;FELICA_Initialization
<LI><a href="#[d8]">&gt;&gt;</a>&nbsp;&nbsp;&nbsp;ISO15693_GetUID
<LI><a href="#[d6]">&gt;&gt;</a>&nbsp;&nbsp;&nbsp;ISO14443B_IsPresent
<LI><a href="#[d7]">&gt;&gt;</a>&nbsp;&nbsp;&nbsp;ISO14443B_Anticollision
<LI><a href="#[d1]">&gt;&gt;</a>&nbsp;&nbsp;&nbsp;TOPAZ_ID
<LI><a href="#[d0]">&gt;&gt;</a>&nbsp;&nbsp;&nbsp;ISO14443A_IsPresent
<LI><a href="#[cf]">&gt;&gt;</a>&nbsp;&nbsp;&nbsp;ISO14443A_Init
<LI><a href="#[d2]">&gt;&gt;</a>&nbsp;&nbsp;&nbsp;ISO14443A_Anticollision
<LI><a href="#[d3]">&gt;&gt;</a>&nbsp;&nbsp;&nbsp;MifareTest
<LI><a href="#[b2]">&gt;&gt;</a>&nbsp;&nbsp;&nbsp;ConfigManager_Start
</UL>
<BR>[Called By]<UL><LI><a href="#[bf]">&gt;&gt;</a>&nbsp;&nbsp;&nbsp;ConfigManager_P2PP
<LI><a href="#[17]">&gt;&gt;</a>&nbsp;&nbsp;&nbsp;PongConfigServer
<LI><a href="#[e]">&gt;&gt;</a>&nbsp;&nbsp;&nbsp;TagReading
<LI><a href="#[24c]">&gt;&gt;</a>&nbsp;&nbsp;&nbsp;TagWriting
<LI><a href="#[c]">&gt;&gt;</a>&nbsp;&nbsp;&nbsp;TagHunting
</UL>

<P><STRONG><a name="[35]"></a>DebugMon_Handler</STRONG> (Thumb, 2 bytes, Stack size 0 bytes, stm32f10x_it.o(i.DebugMon_Handler))
<BR>[Address Reference Count : 1]<UL><LI> startup_stm32f10x_xl.o(RESET)
</UL>
<P><STRONG><a name="[e0]"></a>DisplayIcons</STRONG> (Thumb, 48 bytes, Stack size 8 bytes, menu.o(i.DisplayIcons))
<BR><BR>[Stack]<UL><LI>Max Depth = 112<LI>Call Chain = DisplayIcons &rArr; LCD_WriteBMP_FAT &rArr; LCD_WindowModeDisable &rArr; LCD_SetDisplayWindow &rArr; LCD_WriteData &rArr; LCD_CtrlLinesWrite
</UL>
<BR>[Calls]<UL><LI><a href="#[e1]">&gt;&gt;</a>&nbsp;&nbsp;&nbsp;LCD_WriteBMP_FAT
</UL>
<BR>[Called By]<UL><LI><a href="#[22d]">&gt;&gt;</a>&nbsp;&nbsp;&nbsp;ShowMenuIcons
</UL>

<P><STRONG><a name="[e2]"></a>DisplayMenu</STRONG> (Thumb, 208 bytes, Stack size 16 bytes, menu.o(i.DisplayMenu))
<BR><BR>[Stack]<UL><LI>Max Depth = 128<LI>Call Chain = DisplayMenu &rArr; LCD_DisplayStringLine &rArr; LCD_DisplayChar &rArr; LCD_DrawChar &rArr; LCD_SetCursor &rArr; LCD_WriteData &rArr; LCD_CtrlLinesWrite
</UL>
<BR>[Calls]<UL><LI><a href="#[e5]">&gt;&gt;</a>&nbsp;&nbsp;&nbsp;LCD_SetTextColor
<LI><a href="#[e4]">&gt;&gt;</a>&nbsp;&nbsp;&nbsp;LCD_SetBackColor
<LI><a href="#[e6]">&gt;&gt;</a>&nbsp;&nbsp;&nbsp;LCD_Clear
<LI><a href="#[e3]">&gt;&gt;</a>&nbsp;&nbsp;&nbsp;LED_AllOff
<LI><a href="#[af]">&gt;&gt;</a>&nbsp;&nbsp;&nbsp;LCD_DisplayStringLine
<LI><a href="#[e7]">&gt;&gt;</a>&nbsp;&nbsp;&nbsp;IntRotateOnOffConfig
</UL>
<BR>[Called By]<UL><LI><a href="#[19]">&gt;&gt;</a>&nbsp;&nbsp;&nbsp;ProprietaryP2PConfigServer
<LI><a href="#[18]">&gt;&gt;</a>&nbsp;&nbsp;&nbsp;ProprietaryP2PConfigClient
<LI><a href="#[17]">&gt;&gt;</a>&nbsp;&nbsp;&nbsp;PongConfigServer
<LI><a href="#[16]">&gt;&gt;</a>&nbsp;&nbsp;&nbsp;PongConfigClient
<LI><a href="#[d]">&gt;&gt;</a>&nbsp;&nbsp;&nbsp;TagDetectWakeUp
<LI><a href="#[f]">&gt;&gt;</a>&nbsp;&nbsp;&nbsp;USBRemoteControl
<LI><a href="#[234]">&gt;&gt;</a>&nbsp;&nbsp;&nbsp;SelFunc
<LI><a href="#[7]">&gt;&gt;</a>&nbsp;&nbsp;&nbsp;ReturnFunc
</UL>

<P><STRONG><a name="[e8]"></a>DownFunc</STRONG> (Thumb, 218 bytes, Stack size 8 bytes, menu.o(i.DownFunc))
<BR><BR>[Stack]<UL><LI>Max Depth = 120<LI>Call Chain = DownFunc &rArr; LCD_DisplayStringLine &rArr; LCD_DisplayChar &rArr; LCD_DrawChar &rArr; LCD_SetCursor &rArr; LCD_WriteData &rArr; LCD_CtrlLinesWrite
</UL>
<BR>[Calls]<UL><LI><a href="#[e5]">&gt;&gt;</a>&nbsp;&nbsp;&nbsp;LCD_SetTextColor
<LI><a href="#[e4]">&gt;&gt;</a>&nbsp;&nbsp;&nbsp;LCD_SetBackColor
<LI><a href="#[af]">&gt;&gt;</a>&nbsp;&nbsp;&nbsp;LCD_DisplayStringLine
</UL>
<BR>[Called By]<UL><LI><a href="#[4f]">&gt;&gt;</a>&nbsp;&nbsp;&nbsp;EXTI9_5_IRQHandler
</UL>

<P><STRONG><a name="[1b]"></a>EP1_IN_Callback</STRONG> (Thumb, 2 bytes, Stack size 0 bytes, usb_endp.o(i.EP1_IN_Callback))
<BR>[Address Reference Count : 1]<UL><LI> usb_istr.o(.data)
</UL>
<P><STRONG><a name="[1c]"></a>EP2_IN_Callback</STRONG> (Thumb, 2 bytes, Stack size 0 bytes, usb_endp.o(i.EP2_IN_Callback))
<BR>[Address Reference Count : 1]<UL><LI> usb_istr.o(.data)
</UL>
<P><STRONG><a name="[1f]"></a>EP2_OUT_Callback</STRONG> (Thumb, 2 bytes, Stack size 0 bytes, usb_endp.o(i.EP2_OUT_Callback))
<BR>[Address Reference Count : 1]<UL><LI> usb_istr.o(.data)
</UL>
<P><STRONG><a name="[1d]"></a>EP3_IN_Callback</STRONG> (Thumb, 8 bytes, Stack size 8 bytes, usb_endp.o(i.EP3_IN_Callback))
<BR><BR>[Stack]<UL><LI>Max Depth = 8<LI>Call Chain = EP3_IN_Callback
</UL>
<BR>[Calls]<UL><LI><a href="#[e9]">&gt;&gt;</a>&nbsp;&nbsp;&nbsp;HID_Data_In
</UL>
<BR>[Address Reference Count : 1]<UL><LI> usb_istr.o(.data)
</UL>
<P><STRONG><a name="[20]"></a>EP3_OUT_Callback</STRONG> (Thumb, 8 bytes, Stack size 8 bytes, usb_endp.o(i.EP3_OUT_Callback))
<BR><BR>[Stack]<UL><LI>Max Depth = 2984<LI>Call Chain = EP3_OUT_Callback &rArr; HID_Data_Out &rArr; HID_SendCustomCommand &rArr; HID_Run15693Anticollision &rArr; ISO15693_RunAntiCollision &rArr; ISO15693_Inventory16Slots &rArr; ISO15693_Inventory &rArr; PCD_SendRecv &rArr; drv95HF_SendReceive &rArr; drv95HF_SendSPICommand &rArr; SPI_SendReceiveBuffer &rArr; SPI_SendReceiveByte
</UL>
<BR>[Calls]<UL><LI><a href="#[ea]">&gt;&gt;</a>&nbsp;&nbsp;&nbsp;HID_Data_Out
</UL>
<BR>[Address Reference Count : 1]<UL><LI> usb_istr.o(.data)
</UL>
<P><STRONG><a name="[60]"></a>EXTI15_10_IRQHandler</STRONG> (Thumb, 52 bytes, Stack size 8 bytes, stm32f10x_it.o(i.EXTI15_10_IRQHandler))
<BR><BR>[Stack]<UL><LI>Max Depth = 8<LI>Call Chain = EXTI15_10_IRQHandler
</UL>
<BR>[Calls]<UL><LI><a href="#[eb]">&gt;&gt;</a>&nbsp;&nbsp;&nbsp;EXTI_GetITStatus
<LI><a href="#[ec]">&gt;&gt;</a>&nbsp;&nbsp;&nbsp;EXTI_ClearITPendingBit
</UL>
<BR>[Address Reference Count : 1]<UL><LI> startup_stm32f10x_xl.o(RESET)
</UL>
<P><STRONG><a name="[42]"></a>EXTI4_IRQHandler</STRONG> (Thumb, 64 bytes, Stack size 8 bytes, stm32f10x_it.o(i.EXTI4_IRQHandler))
<BR><BR>[Stack]<UL><LI>Max Depth = 40<LI>Call Chain = EXTI4_IRQHandler &rArr; LCD_Rotate &rArr; LCD_WriteData &rArr; LCD_CtrlLinesWrite
</UL>
<BR>[Calls]<UL><LI><a href="#[ed]">&gt;&gt;</a>&nbsp;&nbsp;&nbsp;LCD_Rotate
<LI><a href="#[a9]">&gt;&gt;</a>&nbsp;&nbsp;&nbsp;ConfigManager_Stop
<LI><a href="#[ec]">&gt;&gt;</a>&nbsp;&nbsp;&nbsp;EXTI_ClearITPendingBit
</UL>
<BR>[Address Reference Count : 1]<UL><LI> startup_stm32f10x_xl.o(RESET)
</UL>
<P><STRONG><a name="[4f]"></a>EXTI9_5_IRQHandler</STRONG> (Thumb, 228 bytes, Stack size 8 bytes, stm32f10x_it.o(i.EXTI9_5_IRQHandler))
<BR><BR>[Stack]<UL><LI>Max Depth = 128<LI>Call Chain = EXTI9_5_IRQHandler &rArr; UpFunc &rArr; LCD_DisplayStringLine &rArr; LCD_DisplayChar &rArr; LCD_DrawChar &rArr; LCD_SetCursor &rArr; LCD_WriteData &rArr; LCD_CtrlLinesWrite
</UL>
<BR>[Calls]<UL><LI><a href="#[a9]">&gt;&gt;</a>&nbsp;&nbsp;&nbsp;ConfigManager_Stop
<LI><a href="#[ee]">&gt;&gt;</a>&nbsp;&nbsp;&nbsp;UpFunc
<LI><a href="#[eb]">&gt;&gt;</a>&nbsp;&nbsp;&nbsp;EXTI_GetITStatus
<LI><a href="#[ec]">&gt;&gt;</a>&nbsp;&nbsp;&nbsp;EXTI_ClearITPendingBit
<LI><a href="#[e8]">&gt;&gt;</a>&nbsp;&nbsp;&nbsp;DownFunc
</UL>
<BR>[Address Reference Count : 1]<UL><LI> startup_stm32f10x_xl.o(RESET)
</UL>
<P><STRONG><a name="[ec]"></a>EXTI_ClearITPendingBit</STRONG> (Thumb, 6 bytes, Stack size 0 bytes, stm32f10x_exti.o(i.EXTI_ClearITPendingBit))
<BR><BR>[Called By]<UL><LI><a href="#[e7]">&gt;&gt;</a>&nbsp;&nbsp;&nbsp;IntRotateOnOffConfig
<LI><a href="#[94]">&gt;&gt;</a>&nbsp;&nbsp;&nbsp;IntExtOnOffConfig
<LI><a href="#[4f]">&gt;&gt;</a>&nbsp;&nbsp;&nbsp;EXTI9_5_IRQHandler
<LI><a href="#[42]">&gt;&gt;</a>&nbsp;&nbsp;&nbsp;EXTI4_IRQHandler
<LI><a href="#[60]">&gt;&gt;</a>&nbsp;&nbsp;&nbsp;EXTI15_10_IRQHandler
</UL>

<P><STRONG><a name="[eb]"></a>EXTI_GetITStatus</STRONG> (Thumb, 28 bytes, Stack size 0 bytes, stm32f10x_exti.o(i.EXTI_GetITStatus))
<BR><BR>[Called By]<UL><LI><a href="#[4f]">&gt;&gt;</a>&nbsp;&nbsp;&nbsp;EXTI9_5_IRQHandler
<LI><a href="#[60]">&gt;&gt;</a>&nbsp;&nbsp;&nbsp;EXTI15_10_IRQHandler
</UL>

<P><STRONG><a name="[16e]"></a>EXTI_Init</STRONG> (Thumb, 108 bytes, Stack size 12 bytes, stm32f10x_exti.o(i.EXTI_Init))
<BR><BR>[Stack]<UL><LI>Max Depth = 12<LI>Call Chain = EXTI_Init
</UL>
<BR>[Called By]<UL><LI><a href="#[e7]">&gt;&gt;</a>&nbsp;&nbsp;&nbsp;IntRotateOnOffConfig
<LI><a href="#[94]">&gt;&gt;</a>&nbsp;&nbsp;&nbsp;IntExtOnOffConfig
<LI><a href="#[26a]">&gt;&gt;</a>&nbsp;&nbsp;&nbsp;drvInt_Enable_Reply_IRQ
<LI><a href="#[272]">&gt;&gt;</a>&nbsp;&nbsp;&nbsp;drvInt_Enable_RFEvent_IRQ
<LI><a href="#[269]">&gt;&gt;</a>&nbsp;&nbsp;&nbsp;drvInt_Disable_95HF_IRQ
</UL>

<P><STRONG><a name="[16d]"></a>EXTI_StructInit</STRONG> (Thumb, 14 bytes, Stack size 0 bytes, stm32f10x_exti.o(i.EXTI_StructInit))
<BR><BR>[Called By]<UL><LI><a href="#[e7]">&gt;&gt;</a>&nbsp;&nbsp;&nbsp;IntRotateOnOffConfig
<LI><a href="#[94]">&gt;&gt;</a>&nbsp;&nbsp;&nbsp;IntExtOnOffConfig
</UL>

<P><STRONG><a name="[d4]"></a>FELICA_Initialization</STRONG> (Thumb, 18 bytes, Stack size 536 bytes, lib_iso18092pcd.o(i.FELICA_Initialization))
<BR><BR>[Stack]<UL><LI>Max Depth = 1456<LI>Call Chain = FELICA_Initialization &rArr; FELICA_Init &rArr; PCD_WriteRegister &rArr; drv95HF_SendReceive &rArr; drv95HF_SendSPICommand &rArr; SPI_SendReceiveBuffer &rArr; SPI_SendReceiveByte
</UL>
<BR>[Calls]<UL><LI><a href="#[ef]">&gt;&gt;</a>&nbsp;&nbsp;&nbsp;FELICA_Init
</UL>
<BR>[Called By]<UL><LI><a href="#[c2]">&gt;&gt;</a>&nbsp;&nbsp;&nbsp;ConfigManager_TagHunting
</UL>

<P><STRONG><a name="[d5]"></a>FELICA_IsPresent</STRONG> (Thumb, 82 bytes, Stack size 536 bytes, lib_iso18092pcd.o(i.FELICA_IsPresent))
<BR><BR>[Stack]<UL><LI>Max Depth = 1160<LI>Call Chain = FELICA_IsPresent &rArr; FELICA_REQC &rArr; PCD_CheckSendReceive &rArr; drv95HF_SendReceive &rArr; drv95HF_SendSPICommand &rArr; SPI_SendReceiveBuffer &rArr; SPI_SendReceiveByte
</UL>
<BR>[Calls]<UL><LI><a href="#[f4]">&gt;&gt;</a>&nbsp;&nbsp;&nbsp;FELICA_REQC
<LI><a href="#[f3]">&gt;&gt;</a>&nbsp;&nbsp;&nbsp;__aeabi_memclr4
<LI><a href="#[ab]">&gt;&gt;</a>&nbsp;&nbsp;&nbsp;__aeabi_memcpy
</UL>
<BR>[Called By]<UL><LI><a href="#[c2]">&gt;&gt;</a>&nbsp;&nbsp;&nbsp;ConfigManager_TagHunting
</UL>

<P><STRONG><a name="[297]"></a>FLASH_ClearFlag</STRONG> (Thumb, 14 bytes, Stack size 0 bytes, stm32f10x_flash.o(i.FLASH_ClearFlag))
<BR><BR>[Called By]<UL><LI><a href="#[27b]">&gt;&gt;</a>&nbsp;&nbsp;&nbsp;writeNDEFToFlash
</UL>

<P><STRONG><a name="[f6]"></a>FLASH_ErasePage</STRONG> (Thumb, 102 bytes, Stack size 20 bytes, stm32f10x_flash.o(i.FLASH_ErasePage))
<BR><BR>[Stack]<UL><LI>Max Depth = 24<LI>Call Chain = FLASH_ErasePage &rArr; FLASH_WaitForLastBank2Operation
</UL>
<BR>[Calls]<UL><LI><a href="#[f8]">&gt;&gt;</a>&nbsp;&nbsp;&nbsp;FLASH_WaitForLastBank2Operation
<LI><a href="#[f7]">&gt;&gt;</a>&nbsp;&nbsp;&nbsp;FLASH_WaitForLastBank1Operation
</UL>
<BR>[Called By]<UL><LI><a href="#[27b]">&gt;&gt;</a>&nbsp;&nbsp;&nbsp;writeNDEFToFlash
</UL>

<P><STRONG><a name="[fb]"></a>FLASH_GetBank1Status</STRONG> (Thumb, 34 bytes, Stack size 0 bytes, stm32f10x_flash.o(i.FLASH_GetBank1Status))
<BR><BR>[Called By]<UL><LI><a href="#[fa]">&gt;&gt;</a>&nbsp;&nbsp;&nbsp;FLASH_WaitForLastOperation
<LI><a href="#[f7]">&gt;&gt;</a>&nbsp;&nbsp;&nbsp;FLASH_WaitForLastBank1Operation
</UL>

<P><STRONG><a name="[fc]"></a>FLASH_GetBank2Status</STRONG> (Thumb, 34 bytes, Stack size 0 bytes, stm32f10x_flash.o(i.FLASH_GetBank2Status))
<BR><BR>[Called By]<UL><LI><a href="#[f8]">&gt;&gt;</a>&nbsp;&nbsp;&nbsp;FLASH_WaitForLastBank2Operation
</UL>

<P><STRONG><a name="[299]"></a>FLASH_Lock</STRONG> (Thumb, 20 bytes, Stack size 0 bytes, stm32f10x_flash.o(i.FLASH_Lock))
<BR><BR>[Called By]<UL><LI><a href="#[27b]">&gt;&gt;</a>&nbsp;&nbsp;&nbsp;writeNDEFToFlash
</UL>

<P><STRONG><a name="[298]"></a>FLASH_PagesMask</STRONG> (Thumb, 24 bytes, Stack size 8 bytes, common.o(i.FLASH_PagesMask))
<BR><BR>[Stack]<UL><LI>Max Depth = 8<LI>Call Chain = FLASH_PagesMask
</UL>
<BR>[Called By]<UL><LI><a href="#[27b]">&gt;&gt;</a>&nbsp;&nbsp;&nbsp;writeNDEFToFlash
</UL>

<P><STRONG><a name="[f9]"></a>FLASH_ProgramWord</STRONG> (Thumb, 258 bytes, Stack size 36 bytes, stm32f10x_flash.o(i.FLASH_ProgramWord))
<BR><BR>[Stack]<UL><LI>Max Depth = 40<LI>Call Chain = FLASH_ProgramWord &rArr; FLASH_WaitForLastOperation
</UL>
<BR>[Calls]<UL><LI><a href="#[fa]">&gt;&gt;</a>&nbsp;&nbsp;&nbsp;FLASH_WaitForLastOperation
<LI><a href="#[f8]">&gt;&gt;</a>&nbsp;&nbsp;&nbsp;FLASH_WaitForLastBank2Operation
<LI><a href="#[f7]">&gt;&gt;</a>&nbsp;&nbsp;&nbsp;FLASH_WaitForLastBank1Operation
</UL>
<BR>[Called By]<UL><LI><a href="#[27b]">&gt;&gt;</a>&nbsp;&nbsp;&nbsp;writeNDEFToFlash
</UL>

<P><STRONG><a name="[296]"></a>FLASH_Unlock</STRONG> (Thumb, 16 bytes, Stack size 0 bytes, stm32f10x_flash.o(i.FLASH_Unlock))
<BR><BR>[Called By]<UL><LI><a href="#[27b]">&gt;&gt;</a>&nbsp;&nbsp;&nbsp;writeNDEFToFlash
</UL>

<P><STRONG><a name="[f7]"></a>FLASH_WaitForLastBank1Operation</STRONG> (Thumb, 36 bytes, Stack size 4 bytes, stm32f10x_flash.o(i.FLASH_WaitForLastBank1Operation))
<BR><BR>[Stack]<UL><LI>Max Depth = 4<LI>Call Chain = FLASH_WaitForLastBank1Operation
</UL>
<BR>[Calls]<UL><LI><a href="#[fb]">&gt;&gt;</a>&nbsp;&nbsp;&nbsp;FLASH_GetBank1Status
</UL>
<BR>[Called By]<UL><LI><a href="#[f9]">&gt;&gt;</a>&nbsp;&nbsp;&nbsp;FLASH_ProgramWord
<LI><a href="#[f6]">&gt;&gt;</a>&nbsp;&nbsp;&nbsp;FLASH_ErasePage
</UL>

<P><STRONG><a name="[f8]"></a>FLASH_WaitForLastBank2Operation</STRONG> (Thumb, 36 bytes, Stack size 4 bytes, stm32f10x_flash.o(i.FLASH_WaitForLastBank2Operation))
<BR><BR>[Stack]<UL><LI>Max Depth = 4<LI>Call Chain = FLASH_WaitForLastBank2Operation
</UL>
<BR>[Calls]<UL><LI><a href="#[fc]">&gt;&gt;</a>&nbsp;&nbsp;&nbsp;FLASH_GetBank2Status
</UL>
<BR>[Called By]<UL><LI><a href="#[f9]">&gt;&gt;</a>&nbsp;&nbsp;&nbsp;FLASH_ProgramWord
<LI><a href="#[f6]">&gt;&gt;</a>&nbsp;&nbsp;&nbsp;FLASH_ErasePage
</UL>

<P><STRONG><a name="[fa]"></a>FLASH_WaitForLastOperation</STRONG> (Thumb, 36 bytes, Stack size 4 bytes, stm32f10x_flash.o(i.FLASH_WaitForLastOperation))
<BR><BR>[Stack]<UL><LI>Max Depth = 4<LI>Call Chain = FLASH_WaitForLastOperation
</UL>
<BR>[Calls]<UL><LI><a href="#[fb]">&gt;&gt;</a>&nbsp;&nbsp;&nbsp;FLASH_GetBank1Status
</UL>
<BR>[Called By]<UL><LI><a href="#[f9]">&gt;&gt;</a>&nbsp;&nbsp;&nbsp;FLASH_ProgramWord
</UL>

<P><STRONG><a name="[fd]"></a>FillTagEMAIL</STRONG> (Thumb, 42 bytes, Stack size 8 bytes, menu.o(i.FillTagEMAIL))
<BR><BR>[Stack]<UL><LI>Max Depth = 8<LI>Call Chain = FillTagEMAIL
</UL>
<BR>[Calls]<UL><LI><a href="#[fe]">&gt;&gt;</a>&nbsp;&nbsp;&nbsp;strcpy
</UL>
<BR>[Called By]<UL><LI><a href="#[14]">&gt;&gt;</a>&nbsp;&nbsp;&nbsp;TagWriteEMAIL
<LI><a href="#[4]">&gt;&gt;</a>&nbsp;&nbsp;&nbsp;TagEmulT4AEMAIL
</UL>

<P><STRONG><a name="[ff]"></a>FillTagGEO</STRONG> (Thumb, 34 bytes, Stack size 8 bytes, menu.o(i.FillTagGEO))
<BR><BR>[Stack]<UL><LI>Max Depth = 8<LI>Call Chain = FillTagGEO
</UL>
<BR>[Calls]<UL><LI><a href="#[fe]">&gt;&gt;</a>&nbsp;&nbsp;&nbsp;strcpy
</UL>
<BR>[Called By]<UL><LI><a href="#[11]">&gt;&gt;</a>&nbsp;&nbsp;&nbsp;TagWriteGEO
<LI><a href="#[0]">&gt;&gt;</a>&nbsp;&nbsp;&nbsp;TagEmulT4AGEO
<LI><a href="#[8]">&gt;&gt;</a>&nbsp;&nbsp;&nbsp;TagEmulT2GEO
</UL>

<P><STRONG><a name="[100]"></a>FillTagSMS</STRONG> (Thumb, 32 bytes, Stack size 8 bytes, menu.o(i.FillTagSMS))
<BR><BR>[Stack]<UL><LI>Max Depth = 8<LI>Call Chain = FillTagSMS
</UL>
<BR>[Calls]<UL><LI><a href="#[fe]">&gt;&gt;</a>&nbsp;&nbsp;&nbsp;strcpy
</UL>
<BR>[Called By]<UL><LI><a href="#[13]">&gt;&gt;</a>&nbsp;&nbsp;&nbsp;TagWriteSMS
<LI><a href="#[3]">&gt;&gt;</a>&nbsp;&nbsp;&nbsp;TagEmulT4ASMS
<LI><a href="#[a]">&gt;&gt;</a>&nbsp;&nbsp;&nbsp;TagEmulT2SMS
</UL>

<P><STRONG><a name="[101]"></a>FillTagURI</STRONG> (Thumb, 32 bytes, Stack size 8 bytes, menu.o(i.FillTagURI))
<BR><BR>[Stack]<UL><LI>Max Depth = 8<LI>Call Chain = FillTagURI
</UL>
<BR>[Calls]<UL><LI><a href="#[fe]">&gt;&gt;</a>&nbsp;&nbsp;&nbsp;strcpy
</UL>
<BR>[Called By]<UL><LI><a href="#[12]">&gt;&gt;</a>&nbsp;&nbsp;&nbsp;TagWriteURI
<LI><a href="#[2]">&gt;&gt;</a>&nbsp;&nbsp;&nbsp;TagEmulT4AURI
<LI><a href="#[9]">&gt;&gt;</a>&nbsp;&nbsp;&nbsp;TagEmulT2URI
</UL>

<P><STRONG><a name="[12a]"></a>GPIO_EXTILineConfig</STRONG> (Thumb, 34 bytes, Stack size 8 bytes, stm32f10x_gpio.o(i.GPIO_EXTILineConfig))
<BR><BR>[Stack]<UL><LI>Max Depth = 8<LI>Call Chain = GPIO_EXTILineConfig
</UL>
<BR>[Called By]<UL><LI><a href="#[126]">&gt;&gt;</a>&nbsp;&nbsp;&nbsp;IRQOut_GPIO_Config
</UL>

<P><STRONG><a name="[127]"></a>GPIO_Init</STRONG> (Thumb, 162 bytes, Stack size 20 bytes, stm32f10x_gpio.o(i.GPIO_Init))
<BR><BR>[Stack]<UL><LI>Max Depth = 20<LI>Call Chain = GPIO_Init
</UL>
<BR>[Called By]<UL><LI><a href="#[238]">&gt;&gt;</a>&nbsp;&nbsp;&nbsp;USB_Disconnect_Config
<LI><a href="#[27d]">&gt;&gt;</a>&nbsp;&nbsp;&nbsp;uart_init
<LI><a href="#[126]">&gt;&gt;</a>&nbsp;&nbsp;&nbsp;IRQOut_GPIO_Config
<LI><a href="#[26b]">&gt;&gt;</a>&nbsp;&nbsp;&nbsp;drv95HF_GPIOConfigSPI
</UL>

<P><STRONG><a name="[10d]"></a>GPIO_ReadInputData</STRONG> (Thumb, 6 bytes, Stack size 0 bytes, stm32f10x_gpio.o(i.GPIO_ReadInputData))
<BR><BR>[Called By]<UL><LI><a href="#[10c]">&gt;&gt;</a>&nbsp;&nbsp;&nbsp;HID_GetIRQOutState
</UL>

<P><STRONG><a name="[1f2]"></a>GPIO_ReadInputDataBit</STRONG> (Thumb, 14 bytes, Stack size 0 bytes, stm32f10x_gpio.o(i.GPIO_ReadInputDataBit))
<BR><BR>[Called By]<UL><LI><a href="#[10f]">&gt;&gt;</a>&nbsp;&nbsp;&nbsp;drv95HF_GetInterfacePinState
<LI><a href="#[22d]">&gt;&gt;</a>&nbsp;&nbsp;&nbsp;ShowMenuIcons
<LI><a href="#[22c]">&gt;&gt;</a>&nbsp;&nbsp;&nbsp;ReadKey
<LI><a href="#[1e3]">&gt;&gt;</a>&nbsp;&nbsp;&nbsp;PICCEmul_Listen
</UL>

<P><STRONG><a name="[173]"></a>GPIO_ResetBits</STRONG> (Thumb, 4 bytes, Stack size 0 bytes, stm32f10x_gpio.o(i.GPIO_ResetBits))
<BR><BR>[Called By]<UL><LI><a href="#[25b]">&gt;&gt;</a>&nbsp;&nbsp;&nbsp;USB_Cable_Config
<LI><a href="#[121]">&gt;&gt;</a>&nbsp;&nbsp;&nbsp;SendSPINSSPulse
<LI><a href="#[1d7]">&gt;&gt;</a>&nbsp;&nbsp;&nbsp;drv95HF_SendSPICommand
<LI><a href="#[c9]">&gt;&gt;</a>&nbsp;&nbsp;&nbsp;drv95HF_ResetSPI
<LI><a href="#[270]">&gt;&gt;</a>&nbsp;&nbsp;&nbsp;drv95HF_ReceiveSPIResponse
<LI><a href="#[26f]">&gt;&gt;</a>&nbsp;&nbsp;&nbsp;drv95HF_SPIPollingCommand
<LI><a href="#[172]">&gt;&gt;</a>&nbsp;&nbsp;&nbsp;LCD_ChipSelect
</UL>

<P><STRONG><a name="[174]"></a>GPIO_SetBits</STRONG> (Thumb, 4 bytes, Stack size 0 bytes, stm32f10x_gpio.o(i.GPIO_SetBits))
<BR><BR>[Called By]<UL><LI><a href="#[25b]">&gt;&gt;</a>&nbsp;&nbsp;&nbsp;USB_Cable_Config
<LI><a href="#[121]">&gt;&gt;</a>&nbsp;&nbsp;&nbsp;SendSPINSSPulse
<LI><a href="#[1d7]">&gt;&gt;</a>&nbsp;&nbsp;&nbsp;drv95HF_SendSPICommand
<LI><a href="#[c9]">&gt;&gt;</a>&nbsp;&nbsp;&nbsp;drv95HF_ResetSPI
<LI><a href="#[270]">&gt;&gt;</a>&nbsp;&nbsp;&nbsp;drv95HF_ReceiveSPIResponse
<LI><a href="#[26f]">&gt;&gt;</a>&nbsp;&nbsp;&nbsp;drv95HF_SPIPollingCommand
<LI><a href="#[26b]">&gt;&gt;</a>&nbsp;&nbsp;&nbsp;drv95HF_GPIOConfigSPI
<LI><a href="#[172]">&gt;&gt;</a>&nbsp;&nbsp;&nbsp;LCD_ChipSelect
</UL>

<P><STRONG><a name="[128]"></a>GPIO_WriteBit</STRONG> (Thumb, 10 bytes, Stack size 0 bytes, stm32f10x_gpio.o(i.GPIO_WriteBit))
<BR><BR>[Called By]<UL><LI><a href="#[126]">&gt;&gt;</a>&nbsp;&nbsp;&nbsp;IRQOut_GPIO_Config
<LI><a href="#[c7]">&gt;&gt;</a>&nbsp;&nbsp;&nbsp;drv95HF_SendIRQINPulse
<LI><a href="#[188]">&gt;&gt;</a>&nbsp;&nbsp;&nbsp;LCD_nCS_StartByte
<LI><a href="#[178]">&gt;&gt;</a>&nbsp;&nbsp;&nbsp;LCD_WriteRAM_Close
[...]
</UL>

<P><STRONG><a name="[1b0]"></a>NDEF_ReadURI_SMS</STRONG> (Thumb, 56 bytes, Stack size 24 bytes, lib_ndef_sms.o(i.NDEF_ReadURI_SMS))
<BR><BR>[Stack]<UL><LI>Max Depth = 76<LI>Call Chain = NDEF_ReadURI_SMS &rArr; NDEF_FillSMSStruct &rArr; memcmp
</UL>
<BR>[Calls]<UL><LI><a href="#[19b]">&gt;&gt;</a>&nbsp;&nbsp;&nbsp;NDEF_FillSMSStruct
</UL>
<BR>[Called By]<UL><LI><a href="#[1af]">&gt;&gt;</a>&nbsp;&nbsp;&nbsp;NDEF_ReadSMS
</UL>

<P><STRONG><a name="[1a5]"></a>NDEF_Parse_WellKnowType</STRONG> (Thumb, 700 bytes, Stack size 24 bytes, lib_ndef_uri.o(i.NDEF_Parse_WellKnowType))
<BR><BR>[Stack]<UL><LI>Max Depth = 32<LI>Call Chain = NDEF_Parse_WellKnowType &rArr; __aeabi_memcpy
</UL>
<BR>[Calls]<UL><LI><a href="#[ab]">&gt;&gt;</a>&nbsp;&nbsp;&nbsp;__aeabi_memcpy
</UL>
<BR>[Called By]<UL><LI><a href="#[1b1]">&gt;&gt;</a>&nbsp;&nbsp;&nbsp;NDEF_ReadURI
</UL>

<P><STRONG><a name="[d9]"></a>DataStageIn</STRONG> (Thumb, 166 bytes, Stack size 32 bytes, usb_core.o(i.DataStageIn))
<BR><BR>[Stack]<UL><LI>Max Depth = 52<LI>Call Chain = DataStageIn &rArr; UserToPMABufferCopy
</UL>
<BR>[Calls]<UL><LI><a href="#[db]">&gt;&gt;</a>&nbsp;&nbsp;&nbsp;UserToPMABufferCopy
<LI><a href="#[9e]">&gt;&gt;</a>&nbsp;&nbsp;&nbsp;SetEPTxCount
<LI><a href="#[da]">&gt;&gt;</a>&nbsp;&nbsp;&nbsp;GetEPTxAddr
</UL>
<BR>[Called By]<UL><LI><a href="#[a4]">&gt;&gt;</a>&nbsp;&nbsp;&nbsp;In0_Process
<LI><a href="#[df]">&gt;&gt;</a>&nbsp;&nbsp;&nbsp;Data_Setup0
</UL>

<P><STRONG><a name="[dc]"></a>DataStageOut</STRONG> (Thumb, 166 bytes, Stack size 24 bytes, usb_core.o(i.DataStageOut))
<BR><BR>[Stack]<UL><LI>Max Depth = 44<LI>Call Chain = DataStageOut &rArr; PMAToUserBufferCopy
</UL>
<BR>[Calls]<UL><LI><a href="#[9e]">&gt;&gt;</a>&nbsp;&nbsp;&nbsp;SetEPTxCount
<LI><a href="#[de]">&gt;&gt;</a>&nbsp;&nbsp;&nbsp;PMAToUserBufferCopy
<LI><a href="#[dd]">&gt;&gt;</a>&nbsp;&nbsp;&nbsp;GetEPRxAddr
</UL>
<BR>[Called By]<UL><LI><a href="#[a6]">&gt;&gt;</a>&nbsp;&nbsp;&nbsp;Out0_Process
</UL>

<P><STRONG><a name="[df]"></a>Data_Setup0</STRONG> (Thumb, 628 bytes, Stack size 40 bytes, usb_core.o(i.Data_Setup0))
<BR><BR>[Stack]<UL><LI>Max Depth = 92<LI>Call Chain = Data_Setup0 &rArr; DataStageIn &rArr; UserToPMABufferCopy
</UL>
<BR>[Calls]<UL><LI><a href="#[d9]">&gt;&gt;</a>&nbsp;&nbsp;&nbsp;DataStageIn
</UL>
<BR>[Called By]<UL><LI><a href="#[a5]">&gt;&gt;</a>&nbsp;&nbsp;&nbsp;Setup0_Process
</UL>

<P><STRONG><a name="[1b6]"></a>NoData_Setup0</STRONG> (Thumb, 290 bytes, Stack size 16 bytes, usb_core.o(i.NoData_Setup0))
<BR><BR>[Stack]<UL><LI>Max Depth = 60<LI>Call Chain = NoData_Setup0 &rArr; Standard_ClearFeature &rArr; SetEPTxStatus
</UL>
<BR>[Calls]<UL><LI><a href="#[1ba]">&gt;&gt;</a>&nbsp;&nbsp;&nbsp;Standard_SetInterface
<LI><a href="#[1bb]">&gt;&gt;</a>&nbsp;&nbsp;&nbsp;Standard_SetEndPointFeature
<LI><a href="#[1b8]">&gt;&gt;</a>&nbsp;&nbsp;&nbsp;Standard_SetDeviceFeature
<LI><a href="#[1b7]">&gt;&gt;</a>&nbsp;&nbsp;&nbsp;Standard_SetConfiguration
<LI><a href="#[1b9]">&gt;&gt;</a>&nbsp;&nbsp;&nbsp;Standard_ClearFeature
</UL>
<BR>[Called By]<UL><LI><a href="#[a5]">&gt;&gt;</a>&nbsp;&nbsp;&nbsp;Setup0_Process
</UL>

<P><STRONG><a name="[102]"></a>HID_Allow512bytesBuffer</STRONG> (Thumb, 38 bytes, Stack size 248 bytes, usb_hid.o(i.HID_Allow512bytesBuffer))
<BR><BR>[Stack]<UL><LI>Max Depth = 848<LI>Call Chain = HID_Allow512bytesBuffer &rArr; drv95HF_SendReceive &rArr; drv95HF_SendSPICommand &rArr; SPI_SendReceiveBuffer &rArr; SPI_SendReceiveByte
</UL>
<BR>[Calls]<UL><LI><a href="#[bb]">&gt;&gt;</a>&nbsp;&nbsp;&nbsp;drv95HF_SendReceive
<LI><a href="#[f3]">&gt;&gt;</a>&nbsp;&nbsp;&nbsp;__aeabi_memclr4
<LI><a href="#[103]">&gt;&gt;</a>&nbsp;&nbsp;&nbsp;__aeabi_memcpy4
</UL>
<BR>[Called By]<UL><LI><a href="#[109]">&gt;&gt;</a>&nbsp;&nbsp;&nbsp;HID_SendCustomCommand
</UL>

<P><STRONG><a name="[104]"></a>HID_CalibrateTagDetection</STRONG> (Thumb, 50 bytes, Stack size 16 bytes, usb_hid.o(i.HID_CalibrateTagDetection))
<BR><BR>[Stack]<UL><LI>Max Depth = 664<LI>Call Chain = HID_CalibrateTagDetection &rArr; HID_GetTagDetectionRefValue &rArr; PCD_Idle &rArr; drv95HF_SendSPICommand &rArr; SPI_SendReceiveBuffer &rArr; SPI_SendReceiveByte
</UL>
<BR>[Calls]<UL><LI><a href="#[105]">&gt;&gt;</a>&nbsp;&nbsp;&nbsp;HID_GetTagDetectionRefValue
</UL>
<BR>[Called By]<UL><LI><a href="#[109]">&gt;&gt;</a>&nbsp;&nbsp;&nbsp;HID_SendCustomCommand
</UL>

<P><STRONG><a name="[106]"></a>HID_ChainedCommand</STRONG> (Thumb, 270 bytes, Stack size 544 bytes, usb_hid.o(i.HID_ChainedCommand))
<BR><BR>[Stack]<UL><LI>Max Depth = 1144<LI>Call Chain = HID_ChainedCommand &rArr; drv95HF_SendReceive &rArr; drv95HF_SendSPICommand &rArr; SPI_SendReceiveBuffer &rArr; SPI_SendReceiveByte
</UL>
<BR>[Calls]<UL><LI><a href="#[bb]">&gt;&gt;</a>&nbsp;&nbsp;&nbsp;drv95HF_SendReceive
<LI><a href="#[ab]">&gt;&gt;</a>&nbsp;&nbsp;&nbsp;__aeabi_memcpy
</UL>
<BR>[Called By]<UL><LI><a href="#[109]">&gt;&gt;</a>&nbsp;&nbsp;&nbsp;HID_SendCustomCommand
</UL>

<P><STRONG><a name="[124]"></a>HID_ChainedResponse</STRONG> (Thumb, 210 bytes, Stack size 8 bytes, usb_hid.o(i.HID_ChainedResponse))
<BR><BR>[Stack]<UL><LI>Max Depth = 8<LI>Call Chain = HID_ChainedResponse
</UL>
<BR>[Called By]<UL><LI><a href="#[109]">&gt;&gt;</a>&nbsp;&nbsp;&nbsp;HID_SendCustomCommand
</UL>

<P><STRONG><a name="[107]"></a>HID_ConfigureTypeBPrime</STRONG> (Thumb, 30 bytes, Stack size 248 bytes, usb_hid.o(i.HID_ConfigureTypeBPrime))
<BR><BR>[Stack]<UL><LI>Max Depth = 848<LI>Call Chain = HID_ConfigureTypeBPrime &rArr; drv95HF_SendReceive &rArr; drv95HF_SendSPICommand &rArr; SPI_SendReceiveBuffer &rArr; SPI_SendReceiveByte
</UL>
<BR>[Calls]<UL><LI><a href="#[bb]">&gt;&gt;</a>&nbsp;&nbsp;&nbsp;drv95HF_SendReceive
<LI><a href="#[103]">&gt;&gt;</a>&nbsp;&nbsp;&nbsp;__aeabi_memcpy4
</UL>
<BR>[Called By]<UL><LI><a href="#[109]">&gt;&gt;</a>&nbsp;&nbsp;&nbsp;HID_SendCustomCommand
</UL>

<P><STRONG><a name="[10b]"></a>HID_GetHardwareVersion</STRONG> (Thumb, 32 bytes, Stack size 24 bytes, usb_hid.o(i.HID_GetHardwareVersion))
<BR><BR>[Stack]<UL><LI>Max Depth = 32<LI>Call Chain = HID_GetHardwareVersion &rArr; __aeabi_memcpy
</UL>
<BR>[Calls]<UL><LI><a href="#[ab]">&gt;&gt;</a>&nbsp;&nbsp;&nbsp;__aeabi_memcpy
</UL>
<BR>[Called By]<UL><LI><a href="#[109]">&gt;&gt;</a>&nbsp;&nbsp;&nbsp;HID_SendCustomCommand
</UL>

<P><STRONG><a name="[10c]"></a>HID_GetIRQOutState</STRONG> (Thumb, 22 bytes, Stack size 8 bytes, usb_hid.o(i.HID_GetIRQOutState))
<BR><BR>[Stack]<UL><LI>Max Depth = 8<LI>Call Chain = HID_GetIRQOutState
</UL>
<BR>[Calls]<UL><LI><a href="#[10d]">&gt;&gt;</a>&nbsp;&nbsp;&nbsp;GPIO_ReadInputData
</UL>
<BR>[Called By]<UL><LI><a href="#[116]">&gt;&gt;</a>&nbsp;&nbsp;&nbsp;HID_IsWakeUp
</UL>

<P><STRONG><a name="[10e]"></a>HID_GetInterfaceBus</STRONG> (Thumb, 20 bytes, Stack size 8 bytes, usb_hid.o(i.HID_GetInterfaceBus))
<BR><BR>[Stack]<UL><LI>Max Depth = 16<LI>Call Chain = HID_GetInterfaceBus &rArr; drv95HF_GetInterfacePinState
</UL>
<BR>[Calls]<UL><LI><a href="#[10f]">&gt;&gt;</a>&nbsp;&nbsp;&nbsp;drv95HF_GetInterfacePinState
</UL>
<BR>[Called By]<UL><LI><a href="#[109]">&gt;&gt;</a>&nbsp;&nbsp;&nbsp;HID_SendCustomCommand
</UL>

<P><STRONG><a name="[122]"></a>HID_GetMCUversion</STRONG> (Thumb, 30 bytes, Stack size 8 bytes, usb_hid.o(i.HID_GetMCUversion))
<BR><BR>[Stack]<UL><LI>Max Depth = 8<LI>Call Chain = HID_GetMCUversion
</UL>
<BR>[Called By]<UL><LI><a href="#[109]">&gt;&gt;</a>&nbsp;&nbsp;&nbsp;HID_SendCustomCommand
</UL>

<P><STRONG><a name="[105]"></a>HID_GetTagDetectionRefValue</STRONG> (Thumb, 236 bytes, Stack size 32 bytes, usb_hid.o(i.HID_GetTagDetectionRefValue))
<BR><BR>[Stack]<UL><LI>Max Depth = 648<LI>Call Chain = HID_GetTagDetectionRefValue &rArr; PCD_Idle &rArr; drv95HF_SendSPICommand &rArr; SPI_SendReceiveBuffer &rArr; SPI_SendReceiveByte
</UL>
<BR>[Calls]<UL><LI><a href="#[c9]">&gt;&gt;</a>&nbsp;&nbsp;&nbsp;drv95HF_ResetSPI
<LI><a href="#[112]">&gt;&gt;</a>&nbsp;&nbsp;&nbsp;drv95HF_PoolingReading
<LI><a href="#[c8]">&gt;&gt;</a>&nbsp;&nbsp;&nbsp;drv95HF_GetSerialInterface
<LI><a href="#[111]">&gt;&gt;</a>&nbsp;&nbsp;&nbsp;PCD_Idle
<LI><a href="#[110]">&gt;&gt;</a>&nbsp;&nbsp;&nbsp;PCD_Echo
<LI><a href="#[114]">&gt;&gt;</a>&nbsp;&nbsp;&nbsp;HID_IsWakeUpByTimeOut
<LI><a href="#[113]">&gt;&gt;</a>&nbsp;&nbsp;&nbsp;HID_IsWakeUpByTagDetecting
</UL>
<BR>[Called By]<UL><LI><a href="#[104]">&gt;&gt;</a>&nbsp;&nbsp;&nbsp;HID_CalibrateTagDetection
</UL>

<P><STRONG><a name="[115]"></a>HID_GotoTagDetectingState</STRONG> (Thumb, 96 bytes, Stack size 32 bytes, usb_hid.o(i.HID_GotoTagDetectingState))
<BR><BR>[Stack]<UL><LI>Max Depth = 648<LI>Call Chain = HID_GotoTagDetectingState &rArr; PCD_Idle &rArr; drv95HF_SendSPICommand &rArr; SPI_SendReceiveBuffer &rArr; SPI_SendReceiveByte
</UL>
<BR>[Calls]<UL><LI><a href="#[c9]">&gt;&gt;</a>&nbsp;&nbsp;&nbsp;drv95HF_ResetSPI
<LI><a href="#[c8]">&gt;&gt;</a>&nbsp;&nbsp;&nbsp;drv95HF_GetSerialInterface
<LI><a href="#[111]">&gt;&gt;</a>&nbsp;&nbsp;&nbsp;PCD_Idle
<LI><a href="#[110]">&gt;&gt;</a>&nbsp;&nbsp;&nbsp;PCD_Echo
</UL>
<BR>[Called By]<UL><LI><a href="#[109]">&gt;&gt;</a>&nbsp;&nbsp;&nbsp;HID_SendCustomCommand
</UL>

<P><STRONG><a name="[116]"></a>HID_IsWakeUp</STRONG> (Thumb, 34 bytes, Stack size 16 bytes, usb_hid.o(i.HID_IsWakeUp))
<BR><BR>[Stack]<UL><LI>Max Depth = 24<LI>Call Chain = HID_IsWakeUp &rArr; HID_GetIRQOutState
</UL>
<BR>[Calls]<UL><LI><a href="#[10c]">&gt;&gt;</a>&nbsp;&nbsp;&nbsp;HID_GetIRQOutState
</UL>
<BR>[Called By]<UL><LI><a href="#[109]">&gt;&gt;</a>&nbsp;&nbsp;&nbsp;HID_SendCustomCommand
</UL>

<P><STRONG><a name="[113]"></a>HID_IsWakeUpByTagDetecting</STRONG> (Thumb, 26 bytes, Stack size 0 bytes, usb_hid.o(i.HID_IsWakeUpByTagDetecting))
<BR><BR>[Called By]<UL><LI><a href="#[105]">&gt;&gt;</a>&nbsp;&nbsp;&nbsp;HID_GetTagDetectionRefValue
</UL>

<P><STRONG><a name="[114]"></a>HID_IsWakeUpByTimeOut</STRONG> (Thumb, 24 bytes, Stack size 0 bytes, usb_hid.o(i.HID_IsWakeUpByTimeOut))
<BR><BR>[Called By]<UL><LI><a href="#[105]">&gt;&gt;</a>&nbsp;&nbsp;&nbsp;HID_GetTagDetectionRefValue
</UL>

<P><STRONG><a name="[117]"></a>HID_MultiTagResPart2</STRONG> (Thumb, 80 bytes, Stack size 128 bytes, usb_hid.o(i.HID_MultiTagResPart2))
<BR><BR>[Stack]<UL><LI>Max Depth = 152<LI>Call Chain = HID_MultiTagResPart2 &rArr; ISO14443A_MultiTagPart2 &rArr; __aeabi_memcpy
</UL>
<BR>[Calls]<UL><LI><a href="#[118]">&gt;&gt;</a>&nbsp;&nbsp;&nbsp;ISO14443A_MultiTagPart2
<LI><a href="#[ab]">&gt;&gt;</a>&nbsp;&nbsp;&nbsp;__aeabi_memcpy
</UL>
<BR>[Called By]<UL><LI><a href="#[109]">&gt;&gt;</a>&nbsp;&nbsp;&nbsp;HID_SendCustomCommand
</UL>

<P><STRONG><a name="[119]"></a>HID_Reset95HF</STRONG> (Thumb, 28 bytes, Stack size 16 bytes, usb_hid.o(i.HID_Reset95HF))
<BR><BR>[Stack]<UL><LI>Max Depth = 640<LI>Call Chain = HID_Reset95HF &rArr; PCD_PORsequence &rArr; PCD_Echo &rArr; drv95HF_SendReceive &rArr; drv95HF_SendSPICommand &rArr; SPI_SendReceiveBuffer &rArr; SPI_SendReceiveByte
</UL>
<BR>[Calls]<UL><LI><a href="#[11a]">&gt;&gt;</a>&nbsp;&nbsp;&nbsp;PCD_PORsequence
</UL>
<BR>[Called By]<UL><LI><a href="#[109]">&gt;&gt;</a>&nbsp;&nbsp;&nbsp;HID_SendCustomCommand
</UL>

<P><STRONG><a name="[11b]"></a>HID_Run15693Anticollision</STRONG> (Thumb, 124 bytes, Stack size 208 bytes, usb_hid.o(i.HID_Run15693Anticollision))
<BR><BR>[Stack]<UL><LI>Max Depth = 2360<LI>Call Chain = HID_Run15693Anticollision &rArr; ISO15693_RunAntiCollision &rArr; ISO15693_Inventory16Slots &rArr; ISO15693_Inventory &rArr; PCD_SendRecv &rArr; drv95HF_SendReceive &rArr; drv95HF_SendSPICommand &rArr; SPI_SendReceiveBuffer &rArr; SPI_SendReceiveByte
</UL>
<BR>[Calls]<UL><LI><a href="#[11c]">&gt;&gt;</a>&nbsp;&nbsp;&nbsp;ISO15693_RunAntiCollision
<LI><a href="#[ab]">&gt;&gt;</a>&nbsp;&nbsp;&nbsp;__aeabi_memcpy
</UL>
<BR>[Called By]<UL><LI><a href="#[109]">&gt;&gt;</a>&nbsp;&nbsp;&nbsp;HID_SendCustomCommand
</UL>

<P><STRONG><a name="[11d]"></a>HID_RunInventoty16slots</STRONG> (Thumb, 120 bytes, Stack size 208 bytes, usb_hid.o(i.HID_RunInventoty16slots))
<BR><BR>[Stack]<UL><LI>Max Depth = 1816<LI>Call Chain = HID_RunInventoty16slots &rArr; ISO15693_RunInventory16slots &rArr; ISO15693_Inventory16Slots &rArr; ISO15693_Inventory &rArr; PCD_SendRecv &rArr; drv95HF_SendReceive &rArr; drv95HF_SendSPICommand &rArr; SPI_SendReceiveBuffer &rArr; SPI_SendReceiveByte
</UL>
<BR>[Calls]<UL><LI><a href="#[11e]">&gt;&gt;</a>&nbsp;&nbsp;&nbsp;ISO15693_RunInventory16slots
<LI><a href="#[ab]">&gt;&gt;</a>&nbsp;&nbsp;&nbsp;__aeabi_memcpy
</UL>
<BR>[Called By]<UL><LI><a href="#[109]">&gt;&gt;</a>&nbsp;&nbsp;&nbsp;HID_SendCustomCommand
</UL>

<P><STRONG><a name="[11f]"></a>HID_RunMultiTagHunting</STRONG> (Thumb, 110 bytes, Stack size 240 bytes, usb_hid.o(i.HID_RunMultiTagHunting))
<BR><BR>[Stack]<UL><LI>Max Depth = 1248<LI>Call Chain = HID_RunMultiTagHunting &rArr; ISO14443A_MultiTagHunting &rArr; ISO14443A_MultiAnticollision &rArr; ISO14443A_ACLevel3 &rArr; ISO14443A_AC &rArr; PCD_SendRecv &rArr; drv95HF_SendReceive &rArr; drv95HF_SendSPICommand &rArr; SPI_SendReceiveBuffer &rArr; SPI_SendReceiveByte
</UL>
<BR>[Calls]<UL><LI><a href="#[120]">&gt;&gt;</a>&nbsp;&nbsp;&nbsp;ISO14443A_MultiTagHunting
<LI><a href="#[ab]">&gt;&gt;</a>&nbsp;&nbsp;&nbsp;__aeabi_memcpy
</UL>
<BR>[Called By]<UL><LI><a href="#[109]">&gt;&gt;</a>&nbsp;&nbsp;&nbsp;HID_SendCustomCommand
</UL>

<P><STRONG><a name="[109]"></a>HID_SendCustomCommand</STRONG> (Thumb, 290 bytes, Stack size 16 bytes, usb_hid.o(i.HID_SendCustomCommand))
<BR><BR>[Stack]<UL><LI>Max Depth = 2376<LI>Call Chain = HID_SendCustomCommand &rArr; HID_Run15693Anticollision &rArr; ISO15693_RunAntiCollision &rArr; ISO15693_Inventory16Slots &rArr; ISO15693_Inventory &rArr; PCD_SendRecv &rArr; drv95HF_SendReceive &rArr; drv95HF_SendSPICommand &rArr; SPI_SendReceiveBuffer &rArr; SPI_SendReceiveByte
</UL>
<BR>[Calls]<UL><LI><a href="#[121]">&gt;&gt;</a>&nbsp;&nbsp;&nbsp;SendSPINSSPulse
<LI><a href="#[c7]">&gt;&gt;</a>&nbsp;&nbsp;&nbsp;drv95HF_SendIRQINPulse
<LI><a href="#[c9]">&gt;&gt;</a>&nbsp;&nbsp;&nbsp;drv95HF_ResetSPI
<LI><a href="#[112]">&gt;&gt;</a>&nbsp;&nbsp;&nbsp;drv95HF_PoolingReading
<LI><a href="#[c8]">&gt;&gt;</a>&nbsp;&nbsp;&nbsp;drv95HF_GetSerialInterface
<LI><a href="#[123]">&gt;&gt;</a>&nbsp;&nbsp;&nbsp;HID_StartTagTraking
<LI><a href="#[11f]">&gt;&gt;</a>&nbsp;&nbsp;&nbsp;HID_RunMultiTagHunting
<LI><a href="#[11d]">&gt;&gt;</a>&nbsp;&nbsp;&nbsp;HID_RunInventoty16slots
<LI><a href="#[11b]">&gt;&gt;</a>&nbsp;&nbsp;&nbsp;HID_Run15693Anticollision
<LI><a href="#[119]">&gt;&gt;</a>&nbsp;&nbsp;&nbsp;HID_Reset95HF
<LI><a href="#[117]">&gt;&gt;</a>&nbsp;&nbsp;&nbsp;HID_MultiTagResPart2
<LI><a href="#[116]">&gt;&gt;</a>&nbsp;&nbsp;&nbsp;HID_IsWakeUp
<LI><a href="#[115]">&gt;&gt;</a>&nbsp;&nbsp;&nbsp;HID_GotoTagDetectingState
<LI><a href="#[122]">&gt;&gt;</a>&nbsp;&nbsp;&nbsp;HID_GetMCUversion
<LI><a href="#[10e]">&gt;&gt;</a>&nbsp;&nbsp;&nbsp;HID_GetInterfaceBus
<LI><a href="#[10b]">&gt;&gt;</a>&nbsp;&nbsp;&nbsp;HID_GetHardwareVersion
<LI><a href="#[107]">&gt;&gt;</a>&nbsp;&nbsp;&nbsp;HID_ConfigureTypeBPrime
<LI><a href="#[124]">&gt;&gt;</a>&nbsp;&nbsp;&nbsp;HID_ChainedResponse
<LI><a href="#[106]">&gt;&gt;</a>&nbsp;&nbsp;&nbsp;HID_ChainedCommand
<LI><a href="#[104]">&gt;&gt;</a>&nbsp;&nbsp;&nbsp;HID_CalibrateTagDetection
<LI><a href="#[102]">&gt;&gt;</a>&nbsp;&nbsp;&nbsp;HID_Allow512bytesBuffer
</UL>
<BR>[Called By]<UL><LI><a href="#[ea]">&gt;&gt;</a>&nbsp;&nbsp;&nbsp;HID_Data_Out
</UL>

<P><STRONG><a name="[123]"></a>HID_StartTagTraking</STRONG> (Thumb, 14 bytes, Stack size 0 bytes, usb_hid.o(i.HID_StartTagTraking))
<BR><BR>[Called By]<UL><LI><a href="#[109]">&gt;&gt;</a>&nbsp;&nbsp;&nbsp;HID_SendCustomCommand
</UL>

<P><STRONG><a name="[235]"></a>SetSysClock</STRONG> (Thumb, 8 bytes, Stack size 8 bytes, system_stm32f10x.o(i.SetSysClock))
<BR><BR>[Stack]<UL><LI>Max Depth = 20<LI>Call Chain = SetSysClock &rArr; SetSysClockTo72
</UL>
<BR>[Calls]<UL><LI><a href="#[236]">&gt;&gt;</a>&nbsp;&nbsp;&nbsp;SetSysClockTo72
</UL>
<BR>[Called By]<UL><LI><a href="#[75]">&gt;&gt;</a>&nbsp;&nbsp;&nbsp;SystemInit
</UL>

<P><STRONG><a name="[236]"></a>SetSysClockTo72</STRONG> (Thumb, 214 bytes, Stack size 12 bytes, system_stm32f10x.o(i.SetSysClockTo72))
<BR><BR>[Stack]<UL><LI>Max Depth = 12<LI>Call Chain = SetSysClockTo72
</UL>
<BR>[Called By]<UL><LI><a href="#[235]">&gt;&gt;</a>&nbsp;&nbsp;&nbsp;SetSysClock
</UL>

<P><STRONG><a name="[264]"></a>attachParityInformation</STRONG> (Thumb, 64 bytes, Stack size 16 bytes, mcc.o(i.attachParityInformation))
<BR><BR>[Stack]<UL><LI>Max Depth = 16<LI>Call Chain = attachParityInformation
</UL>
<BR>[Calls]<UL><LI><a href="#[265]">&gt;&gt;</a>&nbsp;&nbsp;&nbsp;mccParityOdd
</UL>
<BR>[Called By]<UL><LI><a href="#[18d]">&gt;&gt;</a>&nbsp;&nbsp;&nbsp;mccAuthenticateStep1
</UL>

<P><STRONG><a name="[266]"></a>attachParityInformationOld</STRONG> (Thumb, 60 bytes, Stack size 16 bytes, mcc.o(i.attachParityInformationOld))
<BR><BR>[Stack]<UL><LI>Max Depth = 16<LI>Call Chain = attachParityInformationOld
</UL>
<BR>[Calls]<UL><LI><a href="#[265]">&gt;&gt;</a>&nbsp;&nbsp;&nbsp;mccParityOdd
</UL>
<BR>[Called By]<UL><LI><a href="#[190]">&gt;&gt;</a>&nbsp;&nbsp;&nbsp;mccSendRequest
</UL>

<P><STRONG><a name="[267]"></a>buildCommand</STRONG> (Thumb, 40 bytes, Stack size 24 bytes, mcc.o(i.buildCommand))
<BR><BR>[Stack]<UL><LI>Max Depth = 48<LI>Call Chain = buildCommand &rArr; rfalCrcCalculateCcitt
</UL>
<BR>[Calls]<UL><LI><a href="#[268]">&gt;&gt;</a>&nbsp;&nbsp;&nbsp;rfalCrcCalculateCcitt
</UL>
<BR>[Called By]<UL><LI><a href="#[18d]">&gt;&gt;</a>&nbsp;&nbsp;&nbsp;mccAuthenticateStep1
</UL>

<P><STRONG><a name="[290]"></a>correctLfsrValues</STRONG> (Thumb, 34 bytes, Stack size 0 bytes, mcc_crypto.o(i.correctLfsrValues))
<BR><BR>[Called By]<UL><LI><a href="#[28e]">&gt;&gt;</a>&nbsp;&nbsp;&nbsp;mccLfsrUpdateBit
</UL>

<P><STRONG><a name="[287]"></a>mccCopyToRawBuffer</STRONG> (Thumb, 50 bytes, Stack size 16 bytes, mcc_raw_request.o(i.mccCopyToRawBuffer))
<BR><BR>[Stack]<UL><LI>Max Depth = 16<LI>Call Chain = mccCopyToRawBuffer
</UL>
<BR>[Calls]<UL><LI><a href="#[8c]">&gt;&gt;</a>&nbsp;&nbsp;&nbsp;__aeabi_memclr
</UL>
<BR>[Called By]<UL><LI><a href="#[280]">&gt;&gt;</a>&nbsp;&nbsp;&nbsp;mccSendRawRequest
</UL>

<P><STRONG><a name="[292]"></a>mccExtractMessage</STRONG> (Thumb, 58 bytes, Stack size 12 bytes, mcc_raw_request.o(i.mccExtractMessage))
<BR><BR>[Stack]<UL><LI>Max Depth = 12<LI>Call Chain = mccExtractMessage
</UL>
<BR>[Called By]<UL><LI><a href="#[280]">&gt;&gt;</a>&nbsp;&nbsp;&nbsp;mccSendRawRequest
</UL>

<P><STRONG><a name="[293]"></a>rfalCrcUpdateCcitt</STRONG> (Thumb, 26 bytes, Stack size 0 bytes, rfal_crc.o(i.rfalCrcUpdateCcitt))
<BR><BR>[Called By]<UL><LI><a href="#[268]">&gt;&gt;</a>&nbsp;&nbsp;&nbsp;rfalCrcCalculateCcitt
</UL>

<P><STRONG><a name="[260]"></a>_printf_core</STRONG> (Thumb, 996 bytes, Stack size 104 bytes, printf8.o(i._printf_core), UNUSED)
<BR><BR>[Calls]<UL><LI><a href="#[8f]">&gt;&gt;</a>&nbsp;&nbsp;&nbsp;__aeabi_uldivmod
<LI><a href="#[262]">&gt;&gt;</a>&nbsp;&nbsp;&nbsp;_printf_pre_padding
<LI><a href="#[263]">&gt;&gt;</a>&nbsp;&nbsp;&nbsp;_printf_post_padding
</UL>
<BR>[Called By]<UL><LI><a href="#[261]">&gt;&gt;</a>&nbsp;&nbsp;&nbsp;__0sprintf$8
<LI><a href="#[25f]">&gt;&gt;</a>&nbsp;&nbsp;&nbsp;__0printf$8
</UL>

<P><STRONG><a name="[263]"></a>_printf_post_padding</STRONG> (Thumb, 36 bytes, Stack size 24 bytes, printf8.o(i._printf_post_padding), UNUSED)
<BR><BR>[Called By]<UL><LI><a href="#[260]">&gt;&gt;</a>&nbsp;&nbsp;&nbsp;_printf_core
</UL>

<P><STRONG><a name="[262]"></a>_printf_pre_padding</STRONG> (Thumb, 46 bytes, Stack size 24 bytes, printf8.o(i._printf_pre_padding), UNUSED)
<BR><BR>[Called By]<UL><LI><a href="#[260]">&gt;&gt;</a>&nbsp;&nbsp;&nbsp;_printf_core
</UL>

<P><STRONG><a name="[89]"></a>_sputc</STRONG> (Thumb, 10 bytes, Stack size 0 bytes, printf8.o(i._sputc))
<BR><BR>[Called By]<UL><LI><a href="#[261]">&gt;&gt;</a>&nbsp;&nbsp;&nbsp;__0sprintf$8
</UL>
<BR>[Address Reference Count : 1]<UL><LI> printf8.o(i.__0sprintf$8)
</UL><P>
<H3>
Undefined Global Symbols
</H3><HR></body></html>
