Component: ARM Compiler 5.06 update 7 (build 960) Tool: armlink [4d3601]

==============================================================================

Section Cross References

    main.o(i.EVAL_ST95HF_HwUsed) refers to stm32f10x_rcc.o(i.RCC_APB2PeriphClockCmd) for RCC_APB2PeriphClockCmd
    main.o(i.EVAL_ST95HF_HwUsed) refers to stm32f10x_gpio.o(i.GPIO_Init) for GPIO_Init
    main.o(i.EVAL_ST95HF_HwUsed) refers to stm32f10x_gpio.o(i.GPIO_ReadInputData) for GPIO_ReadInputData
    main.o(i.main) refers to misc.o(i.NVIC_SetVectorTable) for NVIC_SetVectorTable
    main.o(i.main) refers to hw_config.o(i.Set_System) for Set_System
    main.o(i.main) refers to stm32f10x_rcc.o(i.RCC_AHBPeriphClockCmd) for RCC_AHBPeriphClockCmd
    main.o(i.main) refers to hw_config.o(i.Interrupts_Config) for Interrupts_Config
    main.o(i.main) refers to hw_config.o(i.Timer_Config) for Timer_Config
    main.o(i.main) refers to usart.o(i.uart_init) for uart_init
    main.o(i.main) refers to hw_config.o(i.delay_ms) for delay_ms
    main.o(i.main) refers to lib_configmanager.o(i.ConfigManager_HWInit) for ConfigManager_HWInit
    main.o(i.main) refers to printf8.o(i.__0printf$8) for __2printf
    main.o(i.main) refers to menu_tagemul.o(i.TagEmulT2) for TagEmulT2
    main.o(i.main) refers to system_stm32f10x.o(.data) for SystemCoreClock
    main.o(.data) refers to main.o(.bss) for TT3Tag
    menu_auto.o(i.autoMode) refers to memseta.o(.text) for __aeabi_memclr4
    menu_auto.o(i.autoMode) refers to strcat.o(.text) for strcat
    menu_auto.o(i.autoMode) refers to drv_lcdspi_ili9341.o(i.LCD_DisplayStringLine) for LCD_DisplayStringLine
    menu_auto.o(i.autoMode) refers to printf8.o(i.__0printf$8) for __2printf
    menu_auto.o(i.autoMode) refers to lib_flash_ndef.o(i.initFlashNDEF) for initFlashNDEF
    menu_auto.o(i.autoMode) refers to strcpy.o(.text) for strcpy
    menu_auto.o(i.autoMode) refers to lib_ndef_uri.o(i.NDEF_WriteURI) for NDEF_WriteURI
    menu_auto.o(i.autoMode) refers to hw_config.o(i.delay_ms) for delay_ms
    menu_auto.o(i.autoMode) refers to menu.o(i.IntExtOnOffConfig) for IntExtOnOffConfig
    menu_auto.o(i.autoMode) refers to menu.o(i.IntRotateOnOffConfig) for IntRotateOnOffConfig
    menu_auto.o(i.autoMode) refers to lib_configmanager.o(i.ConfigManager_AutoMode) for ConfigManager_AutoMode
    menu_auto.o(i.autoMode) refers to drv_led.o(i.LED_AllOff) for LED_AllOff
    menu_auto.o(i.autoMode) refers to drv_led.o(i.LED_On) for LED_On
    menu_auto.o(i.autoMode) refers to menu_reader.o(i.readNDEFfromTAG) for readNDEFfromTAG
    menu_auto.o(i.autoMode) refers to menu_auto.o(.bss) for manager
    menu_auto.o(i.autoMode) refers to lib_configmanager.o(.data) for devicemode
    menu_auto.o(i.autoMode) refers to menu.o(.bss) for url
    menu_auto.o(i.autoMode) refers to menu.o(.data) for KEYPress
    menu_auto.o(i.autoTypeA) refers to menu_auto.o(i.autoMode) for autoMode
    menu_auto.o(i.autoTypeA) refers to menu_auto.o(.bss) for manager
    menu_auto.o(i.autoTypeAll) refers to menu_auto.o(i.autoMode) for autoMode
    menu_auto.o(i.autoTypeAll) refers to menu_auto.o(.bss) for manager
    menu_auto.o(i.autoTypeB) refers to menu_auto.o(i.autoMode) for autoMode
    menu_auto.o(i.autoTypeB) refers to menu_auto.o(.bss) for manager
    menu_auto.o(i.autoTypeF) refers to menu_auto.o(i.autoMode) for autoMode
    menu_auto.o(i.autoTypeF) refers to menu_auto.o(.bss) for manager
    menu_auto.o(i.autoTypeP2P) refers to menu_auto.o(i.autoMode) for autoMode
    menu_auto.o(i.autoTypeP2P) refers to menu_auto.o(.bss) for manager
    menu_auto.o(i.autoTypeV) refers to menu_auto.o(i.autoMode) for autoMode
    menu_auto.o(i.autoTypeV) refers to menu_auto.o(.bss) for manager
    pongexample.o(i.PongCheckForUserAction) refers to pongexample.o(i.PongRefreshScreen) for PongRefreshScreen
    pongexample.o(i.PongCheckForUserAction) refers to lib_configmanager.o(i.ConfigManager_Stop) for ConfigManager_Stop
    pongexample.o(i.PongCheckForUserAction) refers to menu.o(.data) for KEYPressed
    pongexample.o(i.PongCheckForUserAction) refers to pongexample.o(.data) for pos2
    pongexample.o(i.PongConfigClient) refers to drv_lcdspi_ili9341.o(i.LCD_Rotate) for LCD_Rotate
    pongexample.o(i.PongConfigClient) refers to drv_led.o(i.LED_On) for LED_On
    pongexample.o(i.PongConfigClient) refers to drv_lcdspi_ili9341.o(i.LCD_SetBackColor) for LCD_SetBackColor
    pongexample.o(i.PongConfigClient) refers to drv_lcdspi_ili9341.o(i.LCD_SetTextColor) for LCD_SetTextColor
    pongexample.o(i.PongConfigClient) refers to drv_lcdspi_ili9341.o(i.LCD_Clear) for LCD_Clear
    pongexample.o(i.PongConfigClient) refers to menu.o(i.IntExtOnOffConfig) for IntExtOnOffConfig
    pongexample.o(i.PongConfigClient) refers to drv_led.o(i.LED_Off) for LED_Off
    pongexample.o(i.PongConfigClient) refers to lib_configmanager.o(i.ConfigManager_CardEmulation) for ConfigManager_CardEmulation
    pongexample.o(i.PongConfigClient) refers to menu.o(i.DisplayMenu) for DisplayMenu
[...]
    SaveState                                0x200004ec   Data           2  usb_init.o(.data)
    wInterrupt_Mask                          0x200004ee   Data           2  usb_init.o(.data)
    pUser_Standard_Requests                  0x200004f0   Data           4  usb_init.o(.data)
    SaveRState                               0x200004f4   Data           2  usb_int.o(.data)
    SaveTState                               0x200004f6   Data           2  usb_int.o(.data)
    COMPOSITE_StringSerial                   0x200004f8   Data          26  usb_desc.o(.data)
    BRIDGE_StringSerial                      0x20000512   Data          26  usb_desc.o(.data)
    buffersizeindex                          0x2000052c   Data           2  usb_hid.o(.data)
    NbHIDTrame                               0x2000052e   Data           1  usb_hid.o(.data)
    HIDTransaction                           0x2000052f   Data           1  usb_hid.o(.data)
    wIstr                                    0x20000534   Data           2  usb_istr.o(.data)
    bIntPackSOF                              0x20000536   Data           1  usb_istr.o(.data)
    pEpInt_IN                                0x20000538   Data          28  usb_istr.o(.data)
    pEpInt_OUT                               0x20000554   Data          28  usb_istr.o(.data)
    Device_Table                             0x20000570   Data           2  usb_prop.o(.data)
    Device_Property                          0x20000574   Data          48  usb_prop.o(.data)
    User_Standard_Requests                   0x200005a4   Data          36  usb_prop.o(.data)
    Device_Descriptor                        0x200005c8   Data           8  usb_prop.o(.data)
    Config_Descriptor                        0x200005d0   Data           8  usb_prop.o(.data)
    String_Descriptor                        0x200005d8   Data          32  usb_prop.o(.data)
    HID_Report_Descriptor                    0x200005f8   Data           8  usb_prop.o(.data)
    bDeviceState                             0x20000600   Data           4  usb_pwr.o(.data)
    fSuspendEnabled                          0x20000604   Data           1  usb_pwr.o(.data)
    ResumeS                                  0x20000605   Data           2  usb_pwr.o(.data)
    SystemCoreClock                          0x20000608   Data           4  system_stm32f10x.o(.data)
    AHBPrescTable                            0x2000060c   Data          16  system_stm32f10x.o(.data)
    handle                                   0x2000061c   Data           4  mcc.o(.data)
    err                                      0x20000620   Data           2  mcc.o(.data)
    numBytesReceived                         0x20000622   Data           2  mcc.o(.data)
    mifare_reply                             0x20000624   Data           1  mcc.o(.data)
    __stdout                                 0x20000628   Data           4  usart.o(.data)
    USART_RX_STA                             0x2000062c   Data           2  usart.o(.data)
    NFCDepCallBack                           0x20000668   Data           4  lib_nfcdeptarget.o(.data)
    LLCPPaxCallBack                          0x2000066c   Data           4  lib_nfcdeptarget.o(.data)
    TT1Tag                                   0x20000670   Data         122  main.o(.bss)
    TT2Tag                                   0x200006ea   Data         512  main.o(.bss)
    TT3Tag                                   0x200008ea   Data        2064  main.o(.bss)
    CardCCfile                               0x200010fa   Data          16  main.o(.bss)
    CardNDEFfileT4A                          0x2000110a   Data        8192  main.o(.bss)
    CardNDEFfileT4B                          0x2000310a   Data        8192  main.o(.bss)
    TT5Tag                                   0x2000510a   Data        8192  main.o(.bss)
    dataOut                                  0x2000710a   Data         256  main.o(.bss)
    pp2pContext                              0x2000720c   Data          28  proprietary_p2p.o(.bss)
    url                                      0x20007228   Data         880  menu.o(.bss)
    sms                                      0x20007598   Data         816  menu.o(.bss)
    email                                    0x200078c8   Data        2564  menu.o(.bss)
    geo                                      0x200082cc   Data         140  menu.o(.bss)
    psPrevMenu                               0x20008358   Data          16  menu.o(.bss)
    Firmware_Buffer                          0x20008368   Data       30720  menu_cardemul.o(.bss)
    u95HFBuffer                              0x2000fb68   Data         529  drv_95hf.o(.bss)
    bufferSend                               0x2000fd79   Data         531  lib_iso7816pcd.o(.bss)
    bufferReceive                            0x2000ff8c   Data         531  lib_iso7816pcd.o(.bss)
    ISO14443A_Card                           0x200103ad   Data         141  lib_iso14443apcd.o(.bss)
    u95HFBufferAntiCol                       0x2001043a   Data         529  lib_iso14443apcd.o(.bss)
    ISO14443B_Card                           0x2001064b   Data          86  lib_iso14443bpcd.o(.bss)
    FELICA_Card                              0x200106a1   Data          41  lib_iso18092pcd.o(.bss)
    PP2P_SendBuff                            0x20010757   Data         256  lib_proprietaryp2p.o(.bss)
    PP2P_ReceiveBuff                         0x20010857   Data         256  lib_proprietaryp2p.o(.bss)
    PP2P_HoldSendBuff                        0x20010957   Data         256  lib_proprietaryp2p.o(.bss)
    TagUID                                   0x20010a57   Data          16  lib_configmanager.o(.bss)
    NDEF_Buffer                              0x20010a68   Data        8192  lib_ndef.o(.bss)
    SPRecordStruct1                          0x20012a68   Data         548  lib_ndef.o(.bss)
    SPRecordStruct2                          0x20012c8c   Data         548  lib_ndef.o(.bss)
    SPRecordStruct3                          0x20012eb0   Data         548  lib_ndef.o(.bss)
    SPRecordStruct4                          0x200130d4   Data         548  lib_ndef.o(.bss)
    Device_Info                              0x200132f8   Data          28  usb_init.o(.bss)
    buffer                                   0x20013314   Data         128  mcc.o(.bss)
    card                                     0x200133a0   Data         141  mcc.o(.bss)
    mccRvBuffer95HF                          0x2001362b   Data         255  mcc_raw_request.o(.bss)
    USART_RX_BUF                             0x2001372a   Data         256  usart.o(.bss)
    __initial_sp                             0x20015558   Data           0  startup_stm32f10x_xl.o(STACK)



==============================================================================

Memory Map of the image

  Image Entry point : 0x08000131

  Load Region LR_IROM1 (Base: 0x08000000, Size: 0x00058210, Max: 0x00080000, ABSOLUTE, COMPRESSED[0x00057e90])

    Execution Region ER_IROM1 (Exec base: 0x08000000, Load base: 0x08000000, Size: 0x00057ba0, Max: 0x00080000, ABSOLUTE)

    Exec Addr    Load Addr    Size         Type   Attr      Idx    E Section Name        Object

    0x08000000   0x08000000   0x00000130   Data   RO         6129    RESET               startup_stm32f10x_xl.o
    0x08000130   0x08000130   0x00000000   Code   RO         7270  * .ARM.Collect$$$$00000000  mc_w.l(entry.o)
    0x08000130   0x08000130   0x00000004   Code   RO         7558    .ARM.Collect$$$$00000001  mc_w.l(entry2.o)
    0x08000134   0x08000134   0x00000004   Code   RO         7561    .ARM.Collect$$$$00000004  mc_w.l(entry5.o)
    0x08000138   0x08000138   0x00000000   Code   RO         7563    .ARM.Collect$$$$00000008  mc_w.l(entry7b.o)
    0x08000138   0x08000138   0x00000000   Code   RO         7565    .ARM.Collect$$$$0000000A  mc_w.l(entry8b.o)
    0x08000138   0x08000138   0x00000008   Code   RO         7566    .ARM.Collect$$$$0000000B  mc_w.l(entry9a.o)
    0x08000140   0x08000140   0x00000004   Code   RO         7573    .ARM.Collect$$$$0000000E  mc_w.l(entry12b.o)
    0x08000144   0x08000144   0x00000000   Code   RO         7568    .ARM.Collect$$$$0000000F  mc_w.l(entry10a.o)
    0x08000144   0x08000144   0x00000000   Code   RO         7570    .ARM.Collect$$$$00000011  mc_w.l(entry11a.o)
    0x08000144   0x08000144   0x00000004   Code   RO         7559    .ARM.Collect$$$$00002712  mc_w.l(entry2.o)
    0x08000148   0x08000148   0x00000024   Code   RO         6130    .text               startup_stm32f10x_xl.o
    0x0800016c   0x0800016c   0x0000001e   Code   RO         7273    .text               mc_w.l(llshl.o)
    0x0800018a   0x0800018a   0x00000020   Code   RO         7275    .text               mc_w.l(llushr.o)
    0x080001aa   0x080001aa   0x00000040   Code   RO         7279    .text               mc_w.l(memmovea.o)
    0x080001ea   0x080001ea   0x00000024   Code   RO         7281    .text               mc_w.l(memseta.o)
    0x0800020e   0x0800020e   0x0000000e   Code   RO         7285    .text               mc_w.l(strlen.o)
    0x0800021c   0x0800021c   0x0000001a   Code   RO         7287    .text               mc_w.l(memcmp.o)
    0x08000236   0x08000236   0x00000012   Code   RO         7289    .text               mc_w.l(strcpy.o)
    0x08000248   0x08000248   0x0000001e   Code   RO         7291    .text               mc_w.l(strncmp.o)
    0x08000266   0x08000266   0x00000062   Code   RO         7576    .text               mc_w.l(uldiv.o)
    0x080002c8   0x080002c8   0x00000024   Code   RO         7589    .text               mc_w.l(init.o)
    0x080002ec   0x080002ec   0x00000056   Code   RO         7603    .text               mc_w.l(__dczerorl2.o)
    0x08000342   0x08000342   0x00000002   PAD
    0x08000344   0x08000344   0x00000014   Code   RO          963    i.ApplicationClose  menu_cardemul.o
    0x08000358   0x08000358   0x00000078   Code   RO          964    i.ApplicationInit   menu_cardemul.o
    0x080003d0   0x080003d0   0x00000004   Code   RO          621    i.BusFault_Handler  stm32f10x_it.o
    0x080003d4   0x080003d4   0x0000000c   Code   RO         5368    i.ByteSwap          usb_regs.o
    0x080003e0   0x080003e0   0x00000054   Code   RO         5950    i.COMPOSITE_Data_Setup  usb_prop.o
    0x08000434   0x08000434   0x00000014   Code   RO         5951    i.COMPOSITE_GetConfigDescriptor  usb_prop.o
    0x08000448   0x08000448   0x00000014   Code   RO         5952    i.COMPOSITE_GetDeviceDescriptor  usb_prop.o
    0x0800045c   0x0800045c   0x00000028   Code   RO         5953    i.COMPOSITE_GetStringDescriptor  usb_prop.o
    0x08000484   0x08000484   0x00000016   Code   RO         5954    i.COMPOSITE_Get_Interface_Setting  usb_prop.o
    0x0800049a   0x0800049a   0x00000006   Code   RO         5955    i.COMPOSITE_NoData_Setup  usb_prop.o
    0x080004a0   0x080004a0   0x000000bc   Code   RO         5956    i.COMPOSITE_Reset   usb_prop.o
    0x0800055c   0x0800055c   0x00000002   Code   RO         5957    i.COMPOSITE_Status_In  usb_prop.o
    0x0800055e   0x0800055e   0x00000002   Code   RO         5958    i.COMPOSITE_Status_Out  usb_prop.o
    0x08000560   0x08000560   0x00000024   Code   RO         5959    i.COMPOSITE_init    usb_prop.o
    0x08000584   0x08000584   0x0000000c   Code   RO         3233    i.CRC_CalcCRC       stm32f10x_crc.o
    0x08000590   0x08000590   0x0000000c   Code   RO         3236    i.CRC_ResetDR       stm32f10x_crc.o
    0x0800059c   0x0800059c   0x000000c8   Code   RO         5320    i.CTR_HP            usb_int.o
    0x08000664   0x08000664   0x00000288   Code   RO         5321    i.CTR_LP            usb_int.o
    0x080008ec   0x080008ec   0x00000184   Code   RO          965    i.CardEmul          menu_cardemul.o
    0x08000a70   0x08000a70   0x00000060   Code   RO          966    i.CardEmul14443A    menu_cardemul.o
    0x08000ad0   0x08000ad0   0x000000e8   Code   RO          403    i.CheckForUserAction  proprietary_p2p.o
    0x08000bb8   0x08000bb8   0x00000034   Code   RO         5369    i.ClearDTOG_RX      usb_regs.o
    0x08000bec   0x08000bec   0x00000034   Code   RO         5370    i.ClearDTOG_TX      usb_regs.o
    0x08000c20   0x08000c20   0x00000028   Code   RO         5375    i.Clear_Status_Out  usb_regs.o
    0x08000c48   0x08000c48   0x00000002   Code   RO         5960    i.Composite_Device_ClearFeature  usb_prop.o
    0x08000c4a   0x08000c4a   0x00000002   PAD
    0x08000c4c   0x08000c4c   0x00000018   Code   RO         5961    i.Composite_Device_SetConfiguration  usb_prop.o
    0x08000c64   0x08000c64   0x00000002   Code   RO         5962    i.Composite_Device_SetDeviceAddress  usb_prop.o
    0x08000c66   0x08000c66   0x00000002   PAD
    0x08000c68   0x08000c68   0x0000002c   Code   RO         2734    i.ConfigManager_CardEmulation  lib_configmanager.o
    0x08000c94   0x08000c94   0x00000060   Code   RO         2736    i.ConfigManager_HWInit  lib_configmanager.o
    0x08000cf4   0x08000cf4   0x0000001c   Code   RO         2737    i.ConfigManager_IDN  lib_configmanager.o
    0x08000d10   0x08000d10   0x00000010   Code   RO         2738    i.ConfigManager_Init  lib_configmanager.o
    0x08000d20   0x08000d20   0x000000ac   Code   RO         2741    i.ConfigManager_P2PP  lib_configmanager.o
    0x08000dcc   0x08000dcc   0x0000003c   Code   RO         2742    i.ConfigManager_P2PPInitiator  lib_configmanager.o
    0x08000e08   0x08000e08   0x0000005c   Code   RO         2744    i.ConfigManager_PORsequence  lib_configmanager.o
    0x08000e64   0x08000e64   0x0000004c   Code   RO         2745    i.ConfigManager_PP2PTarget  lib_configmanager.o
    0x08000eb0   0x08000eb0   0x00000024   Code   RO         2746    i.ConfigManager_Start  lib_configmanager.o
    0x08000ed4   0x08000ed4   0x0000000c   Code   RO         2747    i.ConfigManager_Stop  lib_configmanager.o
    0x08000ee0   0x08000ee0   0x0000006c   Code   RO         2748    i.ConfigManager_TagEmulation  lib_configmanager.o
    0x08000f4c   0x08000f4c   0x000000f0   Code   RO         2749    i.ConfigManager_TagHunting  lib_configmanager.o
    0x0800103c   0x0800103c   0x000000c0   Code   RO         5175    i.DataStageIn       usb_core.o
    0x080010fc   0x080010fc   0x000000bc   Code   RO         5176    i.DataStageOut      usb_core.o
    0x080011b8   0x080011b8   0x00000298   Code   RO         5177    i.Data_Setup0       usb_core.o
    0x08001450   0x08001450   0x00000002   Code   RO          622    i.DebugMon_Handler  stm32f10x_it.o
    0x08001452   0x08001452   0x00000002   PAD
    0x08001454   0x08001454   0x00000038   Code   RO          796    i.DisplayIcons      menu.o
    0x0800148c   0x0800148c   0x000000e0   Code   RO          797    i.DisplayMenu       menu.o
    0x0800156c   0x0800156c   0x000000f4   Code   RO          799    i.DownFunc          menu.o
    0x08001660   0x08001660   0x00000002   Code   RO         5765    i.EP1_IN_Callback   usb_endp.o
    0x08001662   0x08001662   0x00000002   Code   RO         5766    i.EP2_IN_Callback   usb_endp.o
    0x08001664   0x08001664   0x00000002   Code   RO         5767    i.EP2_OUT_Callback  usb_endp.o
    0x08001666   0x08001666   0x00000008   Code   RO         5768    i.EP3_IN_Callback   usb_endp.o
    0x0800166e   0x0800166e   0x00000008   Code   RO         5769    i.EP3_OUT_Callback  usb_endp.o
    0x08001676   0x08001676   0x00000002   PAD
    0x08001678   0x08001678   0x00000044   Code   RO          623    i.EXTI15_10_IRQHandler  stm32f10x_it.o
    0x080016bc   0x080016bc   0x00000058   Code   RO          624    i.EXTI4_IRQHandler  stm32f10x_it.o
    0x08001714   0x08001714   0x000000fc   Code   RO          625    i.EXTI9_5_IRQHandler  stm32f10x_it.o
    0x08001810   0x08001810   0x0000000c   Code   RO         3347    i.EXTI_ClearITPendingBit  stm32f10x_exti.o
    0x0800181c   0x0800181c   0x00000020   Code   RO         3351    i.EXTI_GetITStatus  stm32f10x_exti.o
    0x0800183c   0x0800183c   0x00000070   Code   RO         3352    i.EXTI_Init         stm32f10x_exti.o
    0x080018ac   0x080018ac   0x0000000e   Code   RO         3353    i.EXTI_StructInit   stm32f10x_exti.o
    0x080018ba   0x080018ba   0x00000002   PAD
    0x080018bc   0x080018bc   0x00000094   Code   RO         2058    i.FELICA_Init       lib_iso18092pcd.o
    0x08001950   0x08001950   0x00000012   Code   RO         2059    i.FELICA_Initialization  lib_iso18092pcd.o
    0x08001962   0x08001962   0x00000002   PAD
    0x08001964   0x08001964   0x00000060   Code   RO         2060    i.FELICA_IsPresent  lib_iso18092pcd.o
    0x080019c4   0x080019c4   0x00000028   Code   RO         2061    i.FELICA_REQC       lib_iso18092pcd.o
    0x080019ec   0x080019ec   0x00000014   Code   RO         3401    i.FLASH_ClearFlag   stm32f10x_flash.o
    0x08001a00   0x08001a00   0x00000070   Code   RO         3407    i.FLASH_ErasePage   stm32f10x_flash.o
    0x08001a70   0x08001a70   0x00000028   Code   RO         3408    i.FLASH_GetBank1Status  stm32f10x_flash.o
    0x08001a98   0x08001a98   0x00000028   Code   RO         3409    i.FLASH_GetBank2Status  stm32f10x_flash.o
    0x08001ac0   0x08001ac0   0x00000018   Code   RO         3418    i.FLASH_Lock        stm32f10x_flash.o
    0x08001ad8   0x08001ad8   0x00000018   Code   RO          726    i.FLASH_PagesMask   common.o
    0x08001af0   0x08001af0   0x0000010c   Code   RO         3424    i.FLASH_ProgramWord  stm32f10x_flash.o
    0x08001bfc   0x08001bfc   0x0000001c   Code   RO         3427    i.FLASH_Unlock      stm32f10x_flash.o
    0x08001c18   0x08001c18   0x00000024   Code   RO         3431    i.FLASH_WaitForLastBank1Operation  stm32f10x_flash.o
    0x08001c3c   0x08001c3c   0x00000024   Code   RO         3432    i.FLASH_WaitForLastBank2Operation  stm32f10x_flash.o
    0x08001c60   0x08001c60   0x00000024   Code   RO         3433    i.FLASH_WaitForLastOperation  stm32f10x_flash.o
    0x08001c84   0x08001c84   0x00000046   Code   RO         1666    i.FSCIToFSC         lib_iso14443apcd.o
    0x08001cca   0x08001cca   0x00000002   PAD
    0x08001ccc   0x08001ccc   0x00000050   Code   RO          800    i.FillTagEMAIL      menu.o
    0x08001d1c   0x08001d1c   0x00000040   Code   RO          801    i.FillTagGEO        menu.o
    0x08001d5c   0x08001d5c   0x00000038   Code   RO          802    i.FillTagSMS        menu.o
    0x08001d94   0x08001d94   0x00000040   Code   RO          803    i.FillTagURI        menu.o
    0x08001dd4   0x08001dd4   0x00000028   Code   RO         3610    i.GPIO_EXTILineConfig  stm32f10x_gpio.o
    0x08001dfc   0x08001dfc   0x000000a2   Code   RO         3613    i.GPIO_Init         stm32f10x_gpio.o
    0x08001e9e   0x08001e9e   0x00000006   Code   RO         3616    i.GPIO_ReadInputData  stm32f10x_gpio.o
    0x08001ea4   0x08001ea4   0x0000000e   Code   RO         3617    i.GPIO_ReadInputDataBit  stm32f10x_gpio.o
    0x08001eb2   0x08001eb2   0x00000004   Code   RO         3620    i.GPIO_ResetBits    stm32f10x_gpio.o
    0x08001eb6   0x08001eb6   0x00000004   Code   RO         3621    i.GPIO_SetBits      stm32f10x_gpio.o
    0x08001eba   0x08001eba   0x0000000a   Code   RO         3624    i.GPIO_WriteBit     stm32f10x_gpio.o
    0x08001ec4   0x08001ec4   0x00000020   Code   RO         5387    i.GetEPRxAddr       usb_regs.o
    0x08001ee4   0x08001ee4   0x00000024   Code   RO         5388    i.GetEPRxCount      usb_regs.o
    0x08001f08   0x08001f08   0x00000020   Code   RO         5390    i.GetEPTxAddr       usb_regs.o
    0x08001f28   0x08001f28   0x0000002c   Code   RO         5804    i.HID_Allow512bytesBuffer  usb_hid.o
    0x08001f54   0x08001f54   0x00000032   Code   RO         5805    i.HID_CalibrateTagDetection  usb_hid.o
    0x08001f86   0x08001f86   0x00000002   PAD
    0x08001f88   0x08001f88   0x0000011c   Code   RO         5806    i.HID_ChainedCommand  usb_hid.o
    0x080020a4   0x080020a4   0x000000dc   Code   RO         5807    i.HID_ChainedResponse  usb_hid.o
    0x08002180   0x08002180   0x00000024   Code   RO         5808    i.HID_ConfigureTypeBPrime  usb_hid.o
    0x080021a4   0x080021a4   0x00000002   Code   RO         5809    i.HID_Data_In       usb_hid.o
    0x080021a6   0x080021a6   0x00000002   PAD
    0x080021a8   0x080021a8   0x000000d8   Code   RO         5810    i.HID_Data_Out      usb_hid.o
    0x08002280   0x08002280   0x00000028   Code   RO         5811    i.HID_GetHardwareVersion  usb_hid.o
    0x080022a8   0x080022a8   0x0000001c   Code   RO         5812    i.HID_GetIRQOutState  usb_hid.o
    0x080022c4   0x080022c4   0x00000014   Code   RO         5813    i.HID_GetInterfaceBus  usb_hid.o
    0x080022d8   0x080022d8   0x00000024   Code   RO         5814    i.HID_GetMCUversion  usb_hid.o
    0x080022fc   0x080022fc   0x00000100   Code   RO         5815    i.HID_GetTagDetectionRefValue  usb_hid.o
    0x080023fc   0x080023fc   0x00000078   Code   RO         5816    i.HID_GotoTagDetectingState  usb_hid.o
    0x08002474   0x08002474   0x00000022   Code   RO         5817    i.HID_IsWakeUp      usb_hid.o
    0x08002496   0x08002496   0x0000001a   Code   RO         5818    i.HID_IsWakeUpByTagDetecting  usb_hid.o
    0x080024b0   0x080024b0   0x00000018   Code   RO         5819    i.HID_IsWakeUpByTimeOut  usb_hid.o
    0x080024c8   0x080024c8   0x00000050   Code   RO         5820    i.HID_MultiTagResPart2  usb_hid.o
    0x08002518   0x08002518   0x00000014   Code   RO         5963    i.HID_Report        usb_prop.o
    0x0800252c   0x0800252c   0x0000001c   Code   RO         5821    i.HID_Reset95HF     usb_hid.o
    0x08002548   0x08002548   0x0000007c   Code   RO         5822    i.HID_Run15693Anticollision  usb_hid.o
    0x080025c4   0x080025c4   0x00000078   Code   RO         5823    i.HID_RunInventoty16slots  usb_hid.o
    0x0800263c   0x0800263c   0x0000006e   Code   RO         5824    i.HID_RunMultiTagHunting  usb_hid.o
    0x080026aa   0x080026aa   0x00000122   Code   RO         5825    i.HID_SendCustomCommand  usb_hid.o
    0x080027cc   0x080027cc   0x00000014   Code   RO         5826    i.HID_StartTagTraking  usb_hid.o
    0x080027e0   0x080027e0   0x00000004   Code   RO          626    i.HardFault_Handler  stm32f10x_it.o
    0x080027e4   0x080027e4   0x00000048   Code   RO          804    i.Hex2Char          menu.o
    0x0800282c   0x0800282c   0x00000008   Code   RO         1329    i.IRQOut_Config     drv_interrupt.o
    0x08002834   0x08002834   0x0000005c   Code   RO         1330    i.IRQOut_GPIO_Config  drv_interrupt.o
    0x08002890   0x08002890   0x000002b8   Code   RO         1667    i.ISO14443A_AC      lib_iso14443apcd.o
    0x08002b48   0x08002b48   0x000000d0   Code   RO         1668    i.ISO14443A_ACLevel1  lib_iso14443apcd.o
    0x08002c18   0x08002c18   0x000000d8   Code   RO         1669    i.ISO14443A_ACLevel2  lib_iso14443apcd.o
    0x08002cf0   0x08002cf0   0x000000a0   Code   RO         1670    i.ISO14443A_ACLevel3  lib_iso14443apcd.o
    0x08002d90   0x08002d90   0x000000c4   Code   RO         1671    i.ISO14443A_Anticollision  lib_iso14443apcd.o
    0x08002e54   0x08002e54   0x00000040   Code   RO         1672    i.ISO14443A_CompleteStructure  lib_iso14443apcd.o
    0x08002e94   0x08002e94   0x000000c8   Code   RO         1673    i.ISO14443A_ConfigFDT  lib_iso14443apcd.o
    0x08002f5c   0x08002f5c   0x000000a4   Code   RO         1674    i.ISO14443A_ConfigFDTforAnticollision  lib_iso14443apcd.o
    0x08003000   0x08003000   0x000000b4   Code   RO         1675    i.ISO14443A_ConfigFDTforRATS  lib_iso14443apcd.o
    0x080030b4   0x080030b4   0x0000001c   Code   RO         1676    i.ISO14443A_HLTA    lib_iso14443apcd.o
    0x080030d0   0x080030d0   0x00000034   Code   RO         1677    i.ISO14443A_Init    lib_iso14443apcd.o
    0x08003104   0x08003104   0x00000020   Code   RO         1678    i.ISO14443A_InitStructure  lib_iso14443apcd.o
    0x08003124   0x08003124   0x00000044   Code   RO         1679    i.ISO14443A_IsPresent  lib_iso14443apcd.o
    0x08003168   0x08003168   0x00000078   Code   RO         1680    i.ISO14443A_MultiAnticollision  lib_iso14443apcd.o
    0x080031e0   0x080031e0   0x000000e0   Code   RO         1681    i.ISO14443A_MultiTagHunting  lib_iso14443apcd.o
    0x080032c0   0x080032c0   0x0000002c   Code   RO         1682    i.ISO14443A_MultiTagPart2  lib_iso14443apcd.o
    0x080032ec   0x080032ec   0x00000098   Code   RO         1683    i.ISO14443A_RATS    lib_iso14443apcd.o
    0x08003384   0x08003384   0x0000003c   Code   RO         1684    i.ISO14443A_REQA    lib_iso14443apcd.o
    0x080033c0   0x080033c0   0x00000048   Code   RO         1787    i.ISO14443BReadARConfigB  lib_iso14443bpcd.o
    0x08003408   0x08003408   0x0000005c   Code   RO         1788    i.ISO14443B_Anticollision  lib_iso14443bpcd.o
    0x08003464   0x08003464   0x00000058   Code   RO         1789    i.ISO14443B_AttriB  lib_iso14443bpcd.o
    0x080034bc   0x080034bc   0x0000002c   Code   RO         1790    i.ISO14443B_CompleteStruture  lib_iso14443bpcd.o
    0x080034e8   0x080034e8   0x00000080   Code   RO         1791    i.ISO14443B_Init    lib_iso14443bpcd.o
    0x08003568   0x08003568   0x00000028   Code   RO         1792    i.ISO14443B_InitStructure  lib_iso14443bpcd.o
    0x08003590   0x08003590   0x00000038   Code   RO         1794    i.ISO14443B_IsPresent  lib_iso14443bpcd.o
    0x080035c8   0x080035c8   0x00000040   Code   RO         1795    i.ISO14443B_ReqB    lib_iso14443bpcd.o
    0x08003608   0x08003608   0x00000038   Code   RO         1796    i.ISO14443B_WriteARConfigB  lib_iso14443bpcd.o
    0x08003640   0x08003640   0x00000048   Code   RO         1797    i.ISO14443B_WriteAndCheckARConfigB  lib_iso14443bpcd.o
    0x08003688   0x08003688   0x00000040   Code   RO         1859    i.ISO15693_CRC16    lib_iso15693pcd.o
    0x080036c8   0x080036c8   0x00000052   Code   RO         1860    i.ISO15693_CreateRequestFlag  lib_iso15693pcd.o
    0x0800371a   0x0800371a   0x000000ae   Code   RO         1862    i.ISO15693_ExtendedReadMultipleBlock  lib_iso15693pcd.o
    0x080037c8   0x080037c8   0x00000082   Code   RO         1863    i.ISO15693_ExtendedReadSingleBlock  lib_iso15693pcd.o
    0x0800384a   0x0800384a   0x000000c0   Code   RO         1864    i.ISO15693_ExtendedWriteSingleBlock  lib_iso15693pcd.o
    0x0800390a   0x0800390a   0x00000010   Code   RO         1865    i.ISO15693_GetAddressOrNbSlotsFlag  lib_iso15693pcd.o
    0x0800391a   0x0800391a   0x00000010   Code   RO         1866    i.ISO15693_GetOptionFlag  lib_iso15693pcd.o
    0x0800392a   0x0800392a   0x00000010   Code   RO         1867    i.ISO15693_GetProtocolExtensionFlag  lib_iso15693pcd.o
    0x0800393a   0x0800393a   0x00000010   Code   RO         1868    i.ISO15693_GetSelectOrAFIFlag  lib_iso15693pcd.o
    0x0800394a   0x0800394a   0x00000082   Code   RO         1869    i.ISO15693_GetSystemInfo  lib_iso15693pcd.o
    0x080039cc   0x080039cc   0x00000094   Code   RO         1871    i.ISO15693_GetUID   lib_iso15693pcd.o
    0x08003a60   0x08003a60   0x00000074   Code   RO         1872    i.ISO15693_Init     lib_iso15693pcd.o
    0x08003ad4   0x08003ad4   0x00000136   Code   RO         1873    i.ISO15693_Inventory  lib_iso15693pcd.o
    0x08003c0a   0x08003c0a   0x000000b8   Code   RO         1874    i.ISO15693_Inventory16Slots  lib_iso15693pcd.o
    0x08003cc2   0x08003cc2   0x00000032   Code   RO         1875    i.ISO15693_InventoryOneSlot  lib_iso15693pcd.o
    0x08003cf4   0x08003cf4   0x00000026   Code   RO         1876    i.ISO15693_IsATagInTheField  lib_iso15693pcd.o
    0x08003d1a   0x08003d1a   0x00000012   Code   RO         1877    i.ISO15693_IsAddressOrNbSlotsFlag  lib_iso15693pcd.o
    0x08003d2c   0x08003d2c   0x0000001a   Code   RO         1878    i.ISO15693_IsCollisionDetected  lib_iso15693pcd.o
    0x08003d46   0x08003d46   0x0000002a   Code   RO         1879    i.ISO15693_IsCorrectCRC16Residue  lib_iso15693pcd.o
    0x08003d70   0x08003d70   0x00000012   Code   RO         1880    i.ISO15693_IsInventoryFlag  lib_iso15693pcd.o
    0x08003d82   0x08003d82   0x0000005e   Code   RO         1881    i.ISO15693_ReadBytesTagData  lib_iso15693pcd.o
    0x08003de0   0x08003de0   0x000000b6   Code   RO         1882    i.ISO15693_ReadMultipleBlock  lib_iso15693pcd.o
    0x08003e96   0x08003e96   0x000000a2   Code   RO         1883    i.ISO15693_ReadMultipleTagData  lib_iso15693pcd.o
    0x08003f38   0x08003f38   0x00000098   Code   RO         1884    i.ISO15693_ReadSingleBlock  lib_iso15693pcd.o
    0x08003fd0   0x08003fd0   0x00000080   Code   RO         1885    i.ISO15693_ReadSingleTagData  lib_iso15693pcd.o
    0x08004050   0x08004050   0x00000200   Code   RO         1886    i.ISO15693_RunAntiCollision  lib_iso15693pcd.o
    0x08004250   0x08004250   0x000000c0   Code   RO         1887    i.ISO15693_RunInventory16slots  lib_iso15693pcd.o
    0x08004310   0x08004310   0x0000001e   Code   RO         1888    i.ISO15693_SendEOF  lib_iso15693pcd.o
    0x0800432e   0x0800432e   0x0000005c   Code   RO         1889    i.ISO15693_SplitInventoryResponse  lib_iso15693pcd.o
    0x0800438a   0x0800438a   0x00000072   Code   RO         1890    i.ISO15693_StayQuiet  lib_iso15693pcd.o
    0x080043fc   0x080043fc   0x00000130   Code   RO         1891    i.ISO15693_TagSave  lib_iso15693pcd.o
    0x0800452c   0x0800452c   0x00000096   Code   RO         1892    i.ISO15693_WriteBytes_TagData  lib_iso15693pcd.o
    0x080045c2   0x080045c2   0x000000d6   Code   RO         1893    i.ISO15693_WriteSingleBlock  lib_iso15693pcd.o
    0x08004698   0x08004698   0x00000090   Code   RO         1894    i.ISO15693_WriteTagData  lib_iso15693pcd.o
    0x08004728   0x08004728   0x00000034   Code   RO         1632    i.ISO7816_ReadBinary  lib_iso7816pcd.o
    0x0800475c   0x0800475c   0x00000058   Code   RO         1633    i.ISO7816_SelectFile  lib_iso7816pcd.o
    0x080047b4   0x080047b4   0x00000164   Code   RO         1634    i.ISO7816_SendReceiveAPDU  lib_iso7816pcd.o
    0x08004918   0x08004918   0x00000044   Code   RO         1635    i.ISO7816_UpdateBinary  lib_iso7816pcd.o
    0x0800495c   0x0800495c   0x00000002   Code   RO          805    i.IdleFunc          menu.o
    0x0800495e   0x0800495e   0x00000002   PAD
    0x08004960   0x08004960   0x00000070   Code   RO         5178    i.In0_Process       usb_core.o
    0x080049d0   0x080049d0   0x00000154   Code   RO          404    i.InitiatorCheckForUserAction  proprietary_p2p.o
    0x08004b24   0x08004b24   0x00000048   Code   RO          807    i.IntExtOnOffConfig  menu.o
    0x08004b6c   0x08004b6c   0x0000004c   Code   RO          808    i.IntRotateOnOffConfig  menu.o
    0x08004bb8   0x08004bb8   0x000000b4   Code   RO          520    i.Interrupts_Config  hw_config.o
    0x08004c6c   0x08004c6c   0x00000028   Code   RO         2101    i.IsAnAvailableProtocol  lib_pcd.o
    0x08004c94   0x08004c94   0x00000026   Code   RO         2489    i.IsAnAvailableProtocol  lib_picc.o
    0x08004cba   0x08004cba   0x00000002   PAD
    0x08004cbc   0x08004cbc   0x00000024   Code   RO         4778    i.LCD_ChipSelect    drv_lcdspi_ili9341.o
    0x08004ce0   0x08004ce0   0x00000030   Code   RO         4779    i.LCD_Clear         drv_lcdspi_ili9341.o
    0x08004d10   0x08004d10   0x0000002c   Code   RO         4780    i.LCD_ClearLine     drv_lcdspi_ili9341.o
    0x08004d3c   0x08004d3c   0x00000014   Code   RO         4786    i.LCD_CtrlLinesWrite  drv_lcdspi_ili9341.o
    0x08004d50   0x08004d50   0x00000028   Code   RO         4788    i.LCD_DisplayChar   drv_lcdspi_ili9341.o
    0x08004d78   0x08004d78   0x0000002c   Code   RO         4792    i.LCD_DisplayStringLine  drv_lcdspi_ili9341.o
    0x08004da4   0x08004da4   0x000000b8   Code   RO         4794    i.LCD_DrawChar      drv_lcdspi_ili9341.o
    0x08004e5c   0x08004e5c   0x00000050   Code   RO         4800    i.LCD_DrawLine      drv_lcdspi_ili9341.o
    0x08004eac   0x08004eac   0x00000044   Code   RO         4802    i.LCD_DrawRect      drv_lcdspi_ili9341.o
    0x08004ef0   0x08004ef0   0x00000024   Code   RO         4813    i.LCD_Rotate        drv_lcdspi_ili9341.o
    0x08004f14   0x08004f14   0x00000010   Code   RO         4815    i.LCD_SetBackColor  drv_lcdspi_ili9341.o
    0x08004f24   0x08004f24   0x00000070   Code   RO         4818    i.LCD_SetCursor     drv_lcdspi_ili9341.o
    0x08004f94   0x08004f94   0x000000d8   Code   RO         4819    i.LCD_SetCursor_onwindows  drv_lcdspi_ili9341.o
    0x0800506c   0x0800506c   0x00000084   Code   RO         4820    i.LCD_SetDisplayWindow  drv_lcdspi_ili9341.o
    0x080050f0   0x080050f0   0x00000010   Code   RO         4822    i.LCD_SetTextColor  drv_lcdspi_ili9341.o
    0x08005100   0x08005100   0x00000012   Code   RO         4825    i.LCD_WindowModeDisable  drv_lcdspi_ili9341.o
    0x08005112   0x08005112   0x00000002   PAD
    0x08005114   0x08005114   0x00000088   Code   RO         4827    i.LCD_WriteBMP_FAT  drv_lcdspi_ili9341.o
    0x0800519c   0x0800519c   0x00000080   Code   RO         4828    i.LCD_WriteBMP_FAT_size  drv_lcdspi_ili9341.o
    0x0800521c   0x0800521c   0x0000003c   Code   RO         4829    i.LCD_WriteCommand  drv_lcdspi_ili9341.o
    0x08005258   0x08005258   0x0000003c   Code   RO         4830    i.LCD_WriteData     drv_lcdspi_ili9341.o
    0x08005294   0x08005294   0x0000000c   Code   RO         4831    i.LCD_WriteRAM      drv_lcdspi_ili9341.o
    0x080052a0   0x080052a0   0x00000020   Code   RO         4832    i.LCD_WriteRAM_Close  drv_lcdspi_ili9341.o
    0x080052c0   0x080052c0   0x00000020   Code   RO         4833    i.LCD_WriteRAM_Prepare  drv_lcdspi_ili9341.o
    0x080052e0   0x080052e0   0x0000002c   Code   RO         4834    i.LCD_nCS_StartByte  drv_lcdspi_ili9341.o
    0x0800530c   0x0800530c   0x00000024   Code   RO         5135    i.LED_AllOff        drv_led.o
    0x08005330   0x08005330   0x00000018   Code   RO         5137    i.LED_Off           drv_led.o
    0x08005348   0x08005348   0x00000018   Code   RO         5138    i.LED_On            drv_led.o
    0x08005360   0x08005360   0x00000040   Code   RO         5139    i.LED_Troggle       drv_led.o
    0x080053a0   0x080053a0   0x00000024   Code   RO          405    i.LastCmdAcknowledged  proprietary_p2p.o
    0x080053c4   0x080053c4   0x00000018   Code   RO         6567    i.M1_ACK            lib_nfcm1picc.o
    0x080053dc   0x080053dc   0x00000018   Code   RO         6569    i.M1_NACK           lib_nfcm1picc.o
    0x080053f4   0x080053f4   0x00000004   Code   RO          627    i.MemManage_Handler  stm32f10x_it.o
    0x080053f8   0x080053f8   0x00000034   Code   RO          809    i.Menu_Init         menu.o
    0x0800542c   0x0800542c   0x00000050   Code   RO         6179    i.MifareAuthentication  mcc.o
    0x0800547c   0x0800547c   0x0000005c   Code   RO         6180    i.MifareHalt        mcc.o
    0x080054d8   0x080054d8   0x00000048   Code   RO         6181    i.MifareRead        mcc.o
    0x08005520   0x08005520   0x00000088   Code   RO         6182    i.MifareTest        mcc.o
    0x080055a8   0x080055a8   0x00000068   Code   RO         6183    i.MifareWrite       mcc.o
    0x08005610   0x08005610   0x00000108   Code   RO         2966    i.NDEF_AddAAR       lib_ndef_aar.o
    0x08005718   0x08005718   0x00000104   Code   RO         2979    i.NDEF_FillEmailStruct  lib_ndef_email.o
    0x0800581c   0x0800581c   0x00000094   Code   RO         3014    i.NDEF_FillGeoStruct  lib_ndef_geo.o
    0x080058b0   0x080058b0   0x000000ac   Code   RO         3049    i.NDEF_FillSMSStruct  lib_ndef_sms.o
    0x0800595c   0x0800595c   0x00000148   Code   RO         2893    i.NDEF_IdentifyNDEF  lib_ndef.o
    0x08005aa4   0x08005aa4   0x000000e4   Code   RO         2894    i.NDEF_IdentifySPRecord  lib_ndef.o
    0x08005b88   0x08005b88   0x00000022   Code   RO         2895    i.NDEF_IsNDEFPresent  lib_ndef.o
    0x08005baa   0x08005baa   0x00000002   PAD
    0x08005bac   0x08005bac   0x00000040   Code   RO         2896    i.NDEF_ParseForumExternalType  lib_ndef.o
    0x08005bec   0x08005bec   0x00000074   Code   RO         2897    i.NDEF_ParseMediaType  lib_ndef.o
    0x08005c60   0x08005c60   0x00000042   Code   RO         2898    i.NDEF_ParseRecordHeader  lib_ndef.o
    0x08005ca2   0x08005ca2   0x00000002   PAD
    0x08005ca4   0x08005ca4   0x00000090   Code   RO         2899    i.NDEF_ParseSP      lib_ndef.o
    0x08005d34   0x08005d34   0x0000004c   Code   RO         2900    i.NDEF_ParseURI     lib_ndef.o
    0x08005d80   0x08005d80   0x0000008c   Code   RO         2901    i.NDEF_ParseWellKnownType  lib_ndef.o
    0x08005e0c   0x08005e0c   0x0000045c   Code   RO         3084    i.NDEF_Parse_WellKnowType  lib_ndef_uri.o
    0x08006268   0x08006268   0x000002c8   Code   RO         2980    i.NDEF_PrepareEmailMessage  lib_ndef_email.o
    0x08006530   0x08006530   0x00000268   Code   RO         3015    i.NDEF_PrepareGeoMessage  lib_ndef_geo.o
    0x08006798   0x08006798   0x00000280   Code   RO         3050    i.NDEF_PrepareSMSMessage  lib_ndef_sms.o
    0x08006a18   0x08006a18   0x00000220   Code   RO         3085    i.NDEF_PrepareURIMessage  lib_ndef_uri.o
    0x08006c38   0x08006c38   0x00000096   Code   RO         2981    i.NDEF_ReadEmail    lib_ndef_email.o
    0x08006cce   0x08006cce   0x000000a0   Code   RO         3016    i.NDEF_ReadGeo      lib_ndef_geo.o
    0x08006d6e   0x08006d6e   0x000000a0   Code   RO         3051    i.NDEF_ReadSMS      lib_ndef_sms.o
    0x08006e0e   0x08006e0e   0x0000009c   Code   RO         3086    i.NDEF_ReadURI      lib_ndef_uri.o
    0x08006eaa   0x08006eaa   0x00000038   Code   RO         2982    i.NDEF_ReadURI_Email  lib_ndef_email.o
    0x08006ee2   0x08006ee2   0x00000038   Code   RO         3017    i.NDEF_ReadURI_Geo  lib_ndef_geo.o
    0x08006f1a   0x08006f1a   0x00000038   Code   RO         3052    i.NDEF_ReadURI_SMS  lib_ndef_sms.o
    0x08006f52   0x08006f52   0x00000002   PAD
    0x08006f54   0x08006f54   0x00000040   Code   RO         2983    i.NDEF_WriteEmail   lib_ndef_email.o
    0x08006f94   0x08006f94   0x00000040   Code   RO         3018    i.NDEF_WriteGeo     lib_ndef_geo.o
    0x08006fd4   0x08006fd4   0x00000028   Code   RO         2903    i.NDEF_WriteNDEF    lib_ndef.o
    0x08006ffc   0x08006ffc   0x00000040   Code   RO         3053    i.NDEF_WriteSMS     lib_ndef_sms.o
    0x0800703c   0x0800703c   0x00000040   Code   RO         3087    i.NDEF_WriteURI     lib_ndef_uri.o
    0x0800707c   0x0800707c   0x00000002   Code   RO          628    i.NMI_Handler       stm32f10x_it.o
    0x0800707e   0x0800707e   0x00000002   Code   RO         5179    i.NOP_Process       usb_core.o
    0x08007080   0x08007080   0x00000064   Code   RO         3196    i.NVIC_Init         misc.o
    0x080070e4   0x080070e4   0x00000014   Code   RO         3197    i.NVIC_PriorityGroupConfig  misc.o
    0x080070f8   0x080070f8   0x00000014   Code   RO         3198    i.NVIC_SetVectorTable  misc.o
    0x0800710c   0x0800710c   0x00000138   Code   RO         5180    i.NoData_Setup0     usb_core.o
    0x08007244   0x08007244   0x00000050   Code   RO         5181    i.Out0_Process      usb_core.o
    0x08007294   0x08007294   0x00000018   Code   RO         2597    i.P2P_SendACK       lib_proprietaryp2p.o
    0x080072ac   0x080072ac   0x00000034   Code   RO         1431    i.PCDNFCT1_ReadAll  lib_nfctype1pcd.o
    0x080072e0   0x080072e0   0x000000c0   Code   RO         1432    i.PCDNFCT1_ReadNDEF  lib_nfctype1pcd.o
    0x080073a0   0x080073a0   0x00000050   Code   RO         1433    i.PCDNFCT1_WriteErase  lib_nfctype1pcd.o
    0x080073f0   0x080073f0   0x000000f0   Code   RO         1434    i.PCDNFCT1_WriteNDEF  lib_nfctype1pcd.o
    0x080074e0   0x080074e0   0x00000028   Code   RO         1460    i.PCDNFCT2_Read     lib_nfctype2pcd.o
    0x08007508   0x08007508   0x00000184   Code   RO         1461    i.PCDNFCT2_ReadNDEF  lib_nfctype2pcd.o
    0x0800768c   0x0800768c   0x0000006c   Code   RO         1462    i.PCDNFCT2_SectorSelect  lib_nfctype2pcd.o
    0x080076f8   0x080076f8   0x00000034   Code   RO         1463    i.PCDNFCT2_Write    lib_nfctype2pcd.o
    0x0800772c   0x0800772c   0x0000020c   Code   RO         1464    i.PCDNFCT2_WriteNDEF  lib_nfctype2pcd.o
    0x08007938   0x08007938   0x00000044   Code   RO         1494    i.PCDNFCT3_ReadAttribInfo  lib_nfctype3pcd.o
    0x0800797c   0x0800797c   0x00000100   Code   RO         1495    i.PCDNFCT3_ReadMessage  lib_nfctype3pcd.o
    0x08007a7c   0x08007a7c   0x00000078   Code   RO         1496    i.PCDNFCT3_ReadNDEF  lib_nfctype3pcd.o
    0x08007af4   0x08007af4   0x0000001c   Code   RO         1497    i.PCDNFCT3_UpdateCheckSum  lib_nfctype3pcd.o
    0x08007b10   0x08007b10   0x00000064   Code   RO         1498    i.PCDNFCT3_WriteAttribInfo  lib_nfctype3pcd.o
    0x08007b74   0x08007b74   0x0000013c   Code   RO         1499    i.PCDNFCT3_WriteMessage  lib_nfctype3pcd.o
    0x08007cb0   0x08007cb0   0x000000e4   Code   RO         1500    i.PCDNFCT3_WriteNDEF  lib_nfctype3pcd.o
    0x08007d94   0x08007d94   0x0000002a   Code   RO         1539    i.PCDNFCT4_ReadBinary  lib_nfctype4pcd.o
    0x08007dbe   0x08007dbe   0x00000002   PAD
    0x08007dc0   0x08007dc0   0x00000164   Code   RO         1540    i.PCDNFCT4_ReadNDEF  lib_nfctype4pcd.o
    0x08007f24   0x08007f24   0x00000030   Code   RO         1541    i.PCDNFCT4_SelectApplication  lib_nfctype4pcd.o
    0x08007f54   0x08007f54   0x00000028   Code   RO         1542    i.PCDNFCT4_SelectCCfile  lib_nfctype4pcd.o
    0x08007f7c   0x08007f7c   0x00000030   Code   RO         1543    i.PCDNFCT4_SelectNDEFfile  lib_nfctype4pcd.o
    0x08007fac   0x08007fac   0x0000002a   Code   RO         1544    i.PCDNFCT4_UpdateBinary  lib_nfctype4pcd.o
    0x08007fd6   0x08007fd6   0x00000002   PAD
    0x08007fd8   0x08007fd8   0x00000160   Code   RO         1545    i.PCDNFCT4_WriteNDEF  lib_nfctype4pcd.o
    0x08008138   0x08008138   0x00000080   Code   RO         1583    i.PCDNFCT5_ExtendedGetSystemInfo  lib_nfctype5pcd.o
    0x080081b8   0x080081b8   0x00000120   Code   RO         1588    i.PCDNFCT5_ReadNDEF  lib_nfctype5pcd.o
    0x080082d8   0x080082d8   0x000001f8   Code   RO         1589    i.PCDNFCT5_WriteNDEF  lib_nfctype5pcd.o
    0x080084d0   0x080084d0   0x00000020   Code   RO         2102    i.PCD_CheckSendReceive  lib_pcd.o
    0x080084f0   0x080084f0   0x0000001c   Code   RO         2103    i.PCD_Echo          lib_pcd.o
    0x0800850c   0x0800850c   0x00000014   Code   RO         2104    i.PCD_FieldOff      lib_pcd.o
    0x08008520   0x08008520   0x00000030   Code   RO         2106    i.PCD_Idle          lib_pcd.o
    0x08008550   0x08008550   0x0000006a   Code   RO         2107    i.PCD_IsCRCOk       lib_pcd.o
    0x080085ba   0x080085ba   0x000000fe   Code   RO         2108    i.PCD_IsReaderResultCodeOk  lib_pcd.o
    0x080086b8   0x080086b8   0x00000078   Code   RO         2109    i.PCD_PORsequence   lib_pcd.o
    0x08008730   0x08008730   0x00000070   Code   RO         2110    i.PCD_ProtocolSelect  lib_pcd.o
    0x080087a0   0x080087a0   0x00000042   Code   RO         2111    i.PCD_ReadRegister  lib_pcd.o
    0x080087e2   0x080087e2   0x00000002   PAD
    0x080087e4   0x080087e4   0x0000001c   Code   RO         2112    i.PCD_SendEOF       lib_pcd.o
    0x08008800   0x08008800   0x00000062   Code   RO         2113    i.PCD_SendRecv      lib_pcd.o
    0x08008862   0x08008862   0x00000002   PAD
    0x08008864   0x08008864   0x00000114   Code   RO         2114    i.PCD_TagDetectCalibration  lib_pcd.o
    0x08008978   0x08008978   0x0000008c   Code   RO         2115    i.PCD_WaitforTagDetection  lib_pcd.o
    0x08008a04   0x08008a04   0x0000003e   Code   RO         2116    i.PCD_WriteRegister  lib_pcd.o
    0x08008a42   0x08008a42   0x00000002   PAD
    0x08008a44   0x08008a44   0x000000b4   Code   RO         2466    i.PICC14A_PPS       lib_iso14443apicc.o
    0x08008af8   0x08008af8   0x000000a0   Code   RO         2467    i.PICC14A_RATS      lib_iso14443apicc.o
    0x08008b98   0x08008b98   0x0000004c   Code   RO         2429    i.PICC7816_ACK      lib_iso7816picc.o
    0x08008be4   0x08008be4   0x00000034   Code   RO         2430    i.PICC7816_Deselect  lib_iso7816picc.o
    0x08008c18   0x08008c18   0x00000048   Code   RO         2432    i.PICC7816_SendAStatusCode  lib_iso7816picc.o
    0x08008c60   0x08008c60   0x00000060   Code   RO         2433    i.PICC7816_SendBuffer  lib_iso7816picc.o
    0x08008cc0   0x08008cc0   0x0000001c   Code   RO         2206    i.PICCEmul_CheckForPCD  lib_piccemulator.o
    0x08008cdc   0x08008cdc   0x00000094   Code   RO         2207    i.PICCEmul_DisablePICCEmulation  lib_piccemulator.o
    0x08008d70   0x08008d70   0x00000058   Code   RO         2208    i.PICCEmul_Init     lib_piccemulator.o
    0x08008dc8   0x08008dc8   0x000000ec   Code   RO         2209    i.PICCEmul_Init14443APicc  lib_piccemulator.o
    0x08008eb4   0x08008eb4   0x0000003c   Code   RO         2210    i.PICCEmul_InitPICCEmulation  lib_piccemulator.o
    0x08008ef0   0x08008ef0   0x0000007c   Code   RO         2211    i.PICCEmul_InitializeProtocol  lib_piccemulator.o
    0x08008f6c   0x08008f6c   0x0000006c   Code   RO         2212    i.PICCEmul_Listen   lib_piccemulator.o
    0x08008fd8   0x08008fd8   0x00000068   Code   RO         2213    i.PICCEmul_ManagePICCEmulation  lib_piccemulator.o
    0x08009040   0x08009040   0x000000a4   Code   RO         2214    i.PICCEmul_RFField_CutOff  lib_piccemulator.o
    0x080090e4   0x080090e4   0x000000cc   Code   RO         2215    i.PICCEmul_ReceiveCommand  lib_piccemulator.o
    0x080091b0   0x080091b0   0x000001f4   Code   RO         6839    i.PICCNFCDEP_Atr    DEMO_BOARD_ST95HF.lib(lib_nfcdeptarget.o)
    0x080093a4   0x080093a4   0x00000018   Code   RO         6840    i.PICCNFCDEP_CallBack  DEMO_BOARD_ST95HF.lib(lib_nfcdeptarget.o)
    0x080093bc   0x080093bc   0x00000198   Code   RO         6841    i.PICCNFCDEP_Dep    DEMO_BOARD_ST95HF.lib(lib_nfcdeptarget.o)
    0x08009554   0x08009554   0x000000a8   Code   RO         6842    i.PICCNFCDEP_Dsl    DEMO_BOARD_ST95HF.lib(lib_nfcdeptarget.o)
    0x080095fc   0x080095fc   0x000000a4   Code   RO         6843    i.PICCNFCDEP_Init   DEMO_BOARD_ST95HF.lib(lib_nfcdeptarget.o)
    0x080096a0   0x080096a0   0x00000018   Code   RO         6844    i.PICCNFCDEP_LLCPPaxCallBack  DEMO_BOARD_ST95HF.lib(lib_nfcdeptarget.o)
    0x080096b8   0x080096b8   0x00000164   Code   RO         6845    i.PICCNFCDEP_Psl    DEMO_BOARD_ST95HF.lib(lib_nfcdeptarget.o)
    0x0800981c   0x0800981c   0x000000bc   Code   RO         6846    i.PICCNFCDEP_ReplyCommand  DEMO_BOARD_ST95HF.lib(lib_nfcdeptarget.o)
    0x080098d8   0x080098d8   0x0000012c   Code   RO         6847    i.PICCNFCDEP_ReqC   DEMO_BOARD_ST95HF.lib(lib_nfcdeptarget.o)
    0x08009a04   0x08009a04   0x000000a8   Code   RO         6848    i.PICCNFCDEP_Rls    DEMO_BOARD_ST95HF.lib(lib_nfcdeptarget.o)
    0x08009aac   0x08009aac   0x00000024   Code   RO         6570    i.PICCNFCM1_ATQA    lib_nfcm1picc.o
    0x08009ad0   0x08009ad0   0x00000038   Code   RO         6574    i.PICCNFCM1_Read    lib_nfcm1picc.o
    0x08009b08   0x08009b08   0x0000006c   Code   RO         6575    i.PICCNFCM1_ReplyCommand  lib_nfcm1picc.o
    0x08009b74   0x08009b74   0x00000028   Code   RO         6576    i.PICCNFCM1_Write_Step1  lib_nfcm1picc.o
    0x08009b9c   0x08009b9c   0x00000088   Code   RO         6577    i.PICCNFCM1_Write_Step2  lib_nfcm1picc.o
    0x08009c24   0x08009c24   0x0000001c   Code   RO         2273    i.PICCNFCT2_Init    lib_nfctype2picc.o
    0x08009c40   0x08009c40   0x00000002   Code   RO         2324    i.PICCNFCT4_DeInit  lib_nfctype4picc.o
    0x08009c42   0x08009c42   0x00000002   PAD
    0x08009c44   0x08009c44   0x00000078   Code   RO         2325    i.PICCNFCT4_GetCommandId  lib_nfctype4picc.o
    0x08009cbc   0x08009cbc   0x00000018   Code   RO         2326    i.PICCNFCT4_Init    lib_nfctype4picc.o
    0x08009cd4   0x08009cd4   0x0000002c   Code   RO         2327    i.PICCNFCT4_IsReadWriteParametersOk  lib_nfctype4picc.o
    0x08009d00   0x08009d00   0x000000a8   Code   RO         2328    i.PICCNFCT4_ReadBinary  lib_nfctype4picc.o
    0x08009da8   0x08009da8   0x0000020c   Code   RO         2329    i.PICCNFCT4_ReplyCommand  lib_nfctype4picc.o
    0x08009fb4   0x08009fb4   0x0000005c   Code   RO         2330    i.PICCNFCT4_Select  lib_nfctype4picc.o
    0x0800a010   0x0800a010   0x0000001c   Code   RO         2331    i.PICCNFCT4_SelectApplication  lib_nfctype4picc.o
    0x0800a02c   0x0800a02c   0x0000001c   Code   RO         2332    i.PICCNFCT4_SelectCCfile  lib_nfctype4picc.o
    0x0800a048   0x0800a048   0x0000001c   Code   RO         2333    i.PICCNFCT4_SelectNDEFfile  lib_nfctype4picc.o
    0x0800a064   0x0800a064   0x00000110   Code   RO         2334    i.PICCNFCT4_UpdateBinary  lib_nfctype4picc.o
    0x0800a174   0x0800a174   0x00000058   Code   RO         2490    i.PICC_AcFilter     lib_picc.o
    0x0800a1cc   0x0800a1cc   0x00000008   Code   RO         2491    i.PICC_Disable_Interrupt  lib_picc.o
    0x0800a1d4   0x0800a1d4   0x00000018   Code   RO         2492    i.PICC_Echo         lib_picc.o
    0x0800a1ec   0x0800a1ec   0x0000000e   Code   RO         2493    i.PICC_Enable_Interrupt  lib_picc.o
    0x0800a1fa   0x0800a1fa   0x00000002   PAD
    0x0800a1fc   0x0800a1fc   0x00000038   Code   RO         2494    i.PICC_GetBackscatteringLoad  lib_picc.o
    0x0800a234   0x0800a234   0x000000c6   Code   RO         2497    i.PICC_IsResultCodeOk  lib_picc.o
    0x0800a2fa   0x0800a2fa   0x00000002   PAD
    0x0800a2fc   0x0800a2fc   0x00000034   Code   RO         2498    i.PICC_Listen       lib_picc.o
    0x0800a330   0x0800a330   0x00000058   Code   RO         2499    i.PICC_PORsequence  lib_picc.o
    0x0800a388   0x0800a388   0x0000000c   Code   RO         2500    i.PICC_PollData     lib_picc.o
    0x0800a394   0x0800a394   0x00000078   Code   RO         2501    i.PICC_ProtocolSelect  lib_picc.o
    0x0800a40c   0x0800a40c   0x00000042   Code   RO         2502    i.PICC_ReadRegister  lib_picc.o
    0x0800a44e   0x0800a44e   0x00000002   PAD
    0x0800a450   0x0800a450   0x00000050   Code   RO         2503    i.PICC_Send         lib_picc.o
    0x0800a4a0   0x0800a4a0   0x00000044   Code   RO         2504    i.PICC_SetBackscatteringLoad  lib_picc.o
    0x0800a4e4   0x0800a4e4   0x00000040   Code   RO         2505    i.PICC_WriteRegister  lib_picc.o
    0x0800a524   0x0800a524   0x00000028   Code   RO         5350    i.PMAToUserBufferCopy  usb_mem.o
    0x0800a54c   0x0800a54c   0x0000004c   Code   RO         2598    i.PP2PT_Send        lib_proprietaryp2p.o
    0x0800a598   0x0800a598   0x0000009c   Code   RO         2599    i.PP2P_GetACK       lib_proprietaryp2p.o
    0x0800a634   0x0800a634   0x000000c4   Code   RO         2600    i.PP2P_GetBuf       lib_proprietaryp2p.o
    0x0800a6f8   0x0800a6f8   0x00000060   Code   RO         2601    i.PP2P_GetCMD       lib_proprietaryp2p.o
    0x0800a758   0x0800a758   0x00000058   Code   RO         2602    i.PP2P_GetData      lib_proprietaryp2p.o
    0x0800a7b0   0x0800a7b0   0x00000054   Code   RO         2603    i.PP2P_GetNACK      lib_proprietaryp2p.o
    0x0800a804   0x0800a804   0x00000040   Code   RO         2604    i.PP2P_GetPreemptionToken  lib_proprietaryp2p.o
    0x0800a844   0x0800a844   0x00000108   Code   RO         2605    i.PP2P_GetSYM       lib_proprietaryp2p.o
    0x0800a94c   0x0800a94c   0x0000006c   Code   RO         2606    i.PP2P_ReleaseCommunicationToken  lib_proprietaryp2p.o
    0x0800a9b8   0x0800a9b8   0x00000094   Code   RO         2607    i.PP2P_SendBUF      lib_proprietaryp2p.o
    0x0800aa4c   0x0800aa4c   0x0000009c   Code   RO         2608    i.PP2P_SendCMD      lib_proprietaryp2p.o
    0x0800aae8   0x0800aae8   0x0000009c   Code   RO         2609    i.PP2P_SendDATA     lib_proprietaryp2p.o
    0x0800ab84   0x0800ab84   0x0000003c   Code   RO         2610    i.PP2P_SendReceive  lib_proprietaryp2p.o
    0x0800abc0   0x0800abc0   0x0000025c   Code   RO         2611    i.PP2P_Server       lib_proprietaryp2p.o
    0x0800ae1c   0x0800ae1c   0x00000020   Code   RO         2612    i.PP2P_ServerInit   lib_proprietaryp2p.o
    0x0800ae3c   0x0800ae3c   0x0000001c   Code   RO         2613    i.PP2P_TargetInit   lib_proprietaryp2p.o
    0x0800ae58   0x0800ae58   0x00000002   Code   RO          629    i.PendSV_Handler    stm32f10x_it.o
    0x0800ae5a   0x0800ae5a   0x00000002   PAD
    0x0800ae5c   0x0800ae5c   0x00000060   Code   RO          353    i.PongCheckForUserAction  pongexample.o
    0x0800aebc   0x0800aebc   0x000000d4   Code   RO          354    i.PongConfigClient  pongexample.o
    0x0800af90   0x0800af90   0x000002ec   Code   RO          355    i.PongConfigServer  pongexample.o
    0x0800b27c   0x0800b27c   0x000000d0   Code   RO          356    i.PongInitiator_SendRequestReceiveResponse  pongexample.o
    0x0800b34c   0x0800b34c   0x000006bc   Code   RO          357    i.PongRefreshScreen  pongexample.o
    0x0800ba08   0x0800ba08   0x00000070   Code   RO          358    i.PongTarget_ReceiveRequestSendResponse  pongexample.o
    0x0800ba78   0x0800ba78   0x00000104   Code   RO          406    i.PopDataCommand    proprietary_p2p.o
    0x0800bb7c   0x0800bb7c   0x00000048   Code   RO         5182    i.Post0_Process     usb_core.o
    0x0800bbc4   0x0800bbc4   0x00000038   Code   RO         6065    i.PowerOn           usb_pwr.o
    0x0800bbfc   0x0800bbfc   0x0000018c   Code   RO          407    i.ProprietaryP2PConfigClient  proprietary_p2p.o
    0x0800bd88   0x0800bd88   0x00000118   Code   RO          408    i.ProprietaryP2PConfigServer  proprietary_p2p.o
    0x0800bea0   0x0800bea0   0x00000018   Code   RO         3722    i.RCC_AHBPeriphClockCmd  stm32f10x_rcc.o
    0x0800beb8   0x0800beb8   0x00000018   Code   RO         3723    i.RCC_APB1PeriphClockCmd  stm32f10x_rcc.o
    0x0800bed0   0x0800bed0   0x00000018   Code   RO         3724    i.RCC_APB1PeriphResetCmd  stm32f10x_rcc.o
    0x0800bee8   0x0800bee8   0x00000018   Code   RO         3725    i.RCC_APB2PeriphClockCmd  stm32f10x_rcc.o
    0x0800bf00   0x0800bf00   0x00000018   Code   RO         3726    i.RCC_APB2PeriphResetCmd  stm32f10x_rcc.o
    0x0800bf18   0x0800bf18   0x00000090   Code   RO         3733    i.RCC_GetClocksFreq  stm32f10x_rcc.o
    0x0800bfa8   0x0800bfa8   0x00000118   Code   RO         2401    i.RFT_OperationFeedback  lib_cardemul.o
    0x0800c0c0   0x0800c0c0   0x00000110   Code   RO         2402    i.RFT_ReceiveFile   lib_cardemul.o
    0x0800c1d0   0x0800c1d0   0x00000038   Code   RO         2403    i.RFT_SelectApplication  lib_cardemul.o
    0x0800c208   0x0800c208   0x00000234   Code   RO         3171    i.ReadData          lib_95hf_wrapper.o
    0x0800c43c   0x0800c43c   0x000000cc   Code   RO          810    i.ReadKey           menu.o
    0x0800c508   0x0800c508   0x00000078   Code   RO          811    i.ReturnFunc        menu.o
    0x0800c580   0x0800c580   0x00000014   Code   RO         3926    i.SPI_Cmd           stm32f10x_spi.o
    0x0800c594   0x0800c594   0x00000010   Code   RO         3927    i.SPI_DataSizeConfig  stm32f10x_spi.o
    0x0800c5a4   0x0800c5a4   0x00000054   Code   RO         3933    i.SPI_I2S_DeInit    stm32f10x_spi.o
    0x0800c5f8   0x0800c5f8   0x0000000e   Code   RO         3934    i.SPI_I2S_GetFlagStatus  stm32f10x_spi.o
    0x0800c606   0x0800c606   0x00000004   Code   RO         3937    i.SPI_I2S_ReceiveData  stm32f10x_spi.o
    0x0800c60a   0x0800c60a   0x00000004   Code   RO         3938    i.SPI_I2S_SendData  stm32f10x_spi.o
    0x0800c60e   0x0800c60e   0x00000038   Code   RO         3939    i.SPI_Init          stm32f10x_spi.o
    0x0800c646   0x0800c646   0x00000036   Code   RO         1300    i.SPI_SendReceiveBuffer  drv_spi.o
    0x0800c67c   0x0800c67c   0x00000034   Code   RO         1301    i.SPI_SendReceiveByte  drv_spi.o
    0x0800c6b0   0x0800c6b0   0x00000018   Code   RO         3942    i.SPI_StructInit    stm32f10x_spi.o
    0x0800c6c8   0x0800c6c8   0x00000002   Code   RO          630    i.SVC_Handler       stm32f10x_it.o
    0x0800c6ca   0x0800c6ca   0x00000002   PAD
    0x0800c6cc   0x0800c6cc   0x00000074   Code   RO          813    i.SelFunc           menu.o
    0x0800c740   0x0800c740   0x00000034   Code   RO         1331    i.SendSPINSSPulse   drv_interrupt.o
    0x0800c774   0x0800c774   0x00000010   Code   RO         5398    i.SetBTABLE         usb_regs.o
    0x0800c784   0x0800c784   0x00000050   Code   RO         5183    i.SetDeviceAddress  usb_core.o
    0x0800c7d4   0x0800c7d4   0x00000024   Code   RO         5412    i.SetEPRxAddr       usb_regs.o
    0x0800c7f8   0x0800c7f8   0x0000004c   Code   RO         5413    i.SetEPRxCount      usb_regs.o
    0x0800c844   0x0800c844   0x00000040   Code   RO         5414    i.SetEPRxStatus     usb_regs.o
    0x0800c884   0x0800c884   0x00000034   Code   RO         5415    i.SetEPRxValid      usb_regs.o
    0x0800c8b8   0x0800c8b8   0x00000020   Code   RO         5416    i.SetEPTxAddr       usb_regs.o
    0x0800c8d8   0x0800c8d8   0x0000001c   Code   RO         5417    i.SetEPTxCount      usb_regs.o
    0x0800c8f4   0x0800c8f4   0x00000040   Code   RO         5418    i.SetEPTxStatus     usb_regs.o
    0x0800c934   0x0800c934   0x00000024   Code   RO         5420    i.SetEPType         usb_regs.o
    0x0800c958   0x0800c958   0x00000008   Code   RO         6145    i.SetSysClock       system_stm32f10x.o
    0x0800c960   0x0800c960   0x000000e0   Code   RO         6146    i.SetSysClockTo72   system_stm32f10x.o
    0x0800ca40   0x0800ca40   0x00000010   Code   RO          522    i.Set_System        hw_config.o
    0x0800ca50   0x0800ca50   0x000000b8   Code   RO         5184    i.Setup0_Process    usb_core.o
    0x0800cb08   0x0800cb08   0x00000324   Code   RO          814    i.ShowMenuIcons     menu.o
    0x0800ce2c   0x0800ce2c   0x0000016c   Code   RO         5185    i.Standard_ClearFeature  usb_core.o
    0x0800cf98   0x0800cf98   0x0000002c   Code   RO         5186    i.Standard_GetConfiguration  usb_core.o
    0x0800cfc4   0x0800cfc4   0x00000024   Code   RO         5187    i.Standard_GetDescriptorData  usb_core.o
    0x0800cfe8   0x0800cfe8   0x0000002c   Code   RO         5188    i.Standard_GetInterface  usb_core.o
    0x0800d014   0x0800d014   0x00000100   Code   RO         5189    i.Standard_GetStatus  usb_core.o
    0x0800d114   0x0800d114   0x00000048   Code   RO         5190    i.Standard_SetConfiguration  usb_core.o
    0x0800d15c   0x0800d15c   0x00000028   Code   RO         5191    i.Standard_SetDeviceFeature  usb_core.o
    0x0800d184   0x0800d184   0x000000d0   Code   RO         5192    i.Standard_SetEndPointFeature  usb_core.o
    0x0800d254   0x0800d254   0x0000006c   Code   RO         5193    i.Standard_SetInterface  usb_core.o
    0x0800d2c0   0x0800d2c0   0x0000002c   Code   RO         1332    i.StartAppliTimeOut  drv_interrupt.o
    0x0800d2ec   0x0800d2ec   0x0000002c   Code   RO         1333    i.StartTimeOut      drv_interrupt.o
    0x0800d318   0x0800d318   0x00000010   Code   RO         1334    i.StopAppliTimeOut  drv_interrupt.o
    0x0800d328   0x0800d328   0x00000010   Code   RO         1335    i.StopTimeOut       drv_interrupt.o
    0x0800d338   0x0800d338   0x00000010   Code   RO          631    i.SysTick_Handler   stm32f10x_it.o
    0x0800d348   0x0800d348   0x00000060   Code   RO         6148    i.SystemInit        system_stm32f10x.o
    0x0800d3a8   0x0800d3a8   0x00000010   Code   RO          632    i.TIM2_IRQHandler   stm32f10x_it.o
    0x0800d3b8   0x0800d3b8   0x0000003c   Code   RO         1336    i.TIM3_IRQHandler   drv_interrupt.o
    0x0800d3f4   0x0800d3f4   0x0000003c   Code   RO         1337    i.TIM4_IRQHandler   drv_interrupt.o
    0x0800d430   0x0800d430   0x00000006   Code   RO         4074    i.TIM_ClearITPendingBit  stm32f10x_tim.o
    0x0800d436   0x0800d436   0x00000014   Code   RO         4079    i.TIM_Cmd           stm32f10x_tim.o
    0x0800d44a   0x0800d44a   0x00000010   Code   RO         4104    i.TIM_ITConfig      stm32f10x_tim.o
    0x0800d45a   0x0800d45a   0x00000004   Code   RO         4144    i.TIM_SetCounter    stm32f10x_tim.o
    0x0800d45e   0x0800d45e   0x00000002   PAD
    0x0800d460   0x0800d460   0x0000009c   Code   RO         4150    i.TIM_TimeBaseInit  stm32f10x_tim.o
    0x0800d4fc   0x0800d4fc   0x00000014   Code   RO         4153    i.TIM_UpdateRequestConfig  stm32f10x_tim.o
    0x0800d510   0x0800d510   0x00000060   Code   RO         1685    i.TOPAZ_ID          lib_iso14443apcd.o
    0x0800d570   0x0800d570   0x000003b8   Code   RO         1001    i.TagDetectWakeUp   menu_reader.o
    0x0800d928   0x0800d928   0x000000d8   Code   RO         1033    i.TagEmul           menu_tagemul.o
    0x0800da00   0x0800da00   0x00000028   Code   RO         1034    i.TagEmulT2         menu_tagemul.o
    0x0800da28   0x0800da28   0x00000048   Code   RO         1035    i.TagEmulT2GEO      menu_tagemul.o
    0x0800da70   0x0800da70   0x00000048   Code   RO         1036    i.TagEmulT2SMS      menu_tagemul.o
    0x0800dab8   0x0800dab8   0x00000048   Code   RO         1037    i.TagEmulT2URI      menu_tagemul.o
    0x0800db00   0x0800db00   0x00000034   Code   RO         1038    i.TagEmulT4A        menu_tagemul.o
    0x0800db34   0x0800db34   0x0000004c   Code   RO         1039    i.TagEmulT4AEMAIL   menu_tagemul.o
    0x0800db80   0x0800db80   0x0000004c   Code   RO         1040    i.TagEmulT4AGEO     menu_tagemul.o
    0x0800dbcc   0x0800dbcc   0x0000004c   Code   RO         1041    i.TagEmulT4ASMS     menu_tagemul.o
    0x0800dc18   0x0800dc18   0x0000004c   Code   RO         1042    i.TagEmulT4AURI     menu_tagemul.o
    0x0800dc64   0x0800dc64   0x00000030   Code   RO         1043    i.TagEmulT4AVCARD   menu_tagemul.o
    0x0800dc94   0x0800dc94   0x000002fc   Code   RO         1002    i.TagHunting        menu_reader.o
    0x0800df90   0x0800df90   0x000001b0   Code   RO         1003    i.TagReading        menu_reader.o
    0x0800e140   0x0800e140   0x00000038   Code   RO         1109    i.TagWriteEMAIL     menu_writer.o
    0x0800e178   0x0800e178   0x00000034   Code   RO         1110    i.TagWriteGEO       menu_writer.o
    0x0800e1ac   0x0800e1ac   0x00000038   Code   RO         1111    i.TagWriteSMS       menu_writer.o
    0x0800e1e4   0x0800e1e4   0x00000014   Code   RO         1112    i.TagWriteText      menu_writer.o
    0x0800e1f8   0x0800e1f8   0x00000040   Code   RO         1113    i.TagWriteURI       menu_writer.o
    0x0800e238   0x0800e238   0x00000014   Code   RO         1114    i.TagWriteVCARD     menu_writer.o
    0x0800e24c   0x0800e24c   0x00000364   Code   RO         1115    i.TagWriting        menu_writer.o
    0x0800e5b0   0x0800e5b0   0x0000004c   Code   RO          524    i.TimerDelay_ms_Config  hw_config.o
    0x0800e5fc   0x0800e5fc   0x0000004a   Code   RO          525    i.TimerDelay_us_Config  hw_config.o
    0x0800e646   0x0800e646   0x0000000c   Code   RO          526    i.Timer_Config      hw_config.o
    0x0800e652   0x0800e652   0x0000000c   Code   RO          527    i.Timer_RCC_Config  hw_config.o
    0x0800e65e   0x0800e65e   0x0000004a   Code   RO          528    i.Timer_Structure_Config  hw_config.o
    0x0800e6a8   0x0800e6a8   0x00000088   Code   RO         6498    i.USART1_IRQHandler  usart.o
    0x0800e730   0x0800e730   0x00000014   Code   RO         4602    i.USART_Cmd         stm32f10x_usart.o
    0x0800e744   0x0800e744   0x0000003e   Code   RO         4606    i.USART_GetITStatus  stm32f10x_usart.o
    0x0800e782   0x0800e782   0x00000030   Code   RO         4608    i.USART_ITConfig    stm32f10x_usart.o
    0x0800e7b2   0x0800e7b2   0x00000002   PAD
    0x0800e7b4   0x0800e7b4   0x000000b0   Code   RO         4609    i.USART_Init        stm32f10x_usart.o
    0x0800e864   0x0800e864   0x00000008   Code   RO         4616    i.USART_ReceiveData  stm32f10x_usart.o
    0x0800e86c   0x0800e86c   0x0000013c   Code   RO          815    i.USBRemoteControl  menu.o
    0x0800e9a8   0x0800e9a8   0x00000020   Code   RO          529    i.USB_Cable_Config  hw_config.o
    0x0800e9c8   0x0800e9c8   0x0000002c   Code   RO          530    i.USB_Disconnect_Config  hw_config.o
    0x0800e9f4   0x0800e9f4   0x00000008   Code   RO          633    i.USB_HP_CAN1_TX_IRQHandler  stm32f10x_it.o
    0x0800e9fc   0x0800e9fc   0x00000050   Code   RO         5932    i.USB_Istr          usb_istr.o
    0x0800ea4c   0x0800ea4c   0x00000008   Code   RO          634    i.USB_LP_CAN1_RX0_IRQHandler  stm32f10x_it.o
    0x0800ea54   0x0800ea54   0x00000024   Code   RO         5728    i.USB_SIL_Init      usb_sil.o
    0x0800ea78   0x0800ea78   0x0000002e   Code   RO         5729    i.USB_SIL_Read      usb_sil.o
    0x0800eaa6   0x0800eaa6   0x0000002e   Code   RO         5730    i.USB_SIL_Write     usb_sil.o
    0x0800ead4   0x0800ead4   0x000000f0   Code   RO          816    i.UpFunc            menu.o
    0x0800ebc4   0x0800ebc4   0x00000004   Code   RO          635    i.UsageFault_Handler  stm32f10x_it.o
    0x0800ebc8   0x0800ebc8   0x00000038   Code   RO         5351    i.UserToPMABufferCopy  usb_mem.o
    0x0800ec00   0x0800ec00   0x0000000e   Code   RO          817    i.WaitDebounce      menu.o
    0x0800ec0e   0x0800ec0e   0x00000002   PAD
    0x0800ec10   0x0800ec10   0x00000288   Code   RO         3172    i.WriteData         lib_95hf_wrapper.o
    0x0800ee98   0x0800ee98   0x00000020   Code   RO         7504    i.__0printf$8       mc_w.l(printf8.o)
    0x0800eeb8   0x0800eeb8   0x00000028   Code   RO         7506    i.__0sprintf$8      mc_w.l(printf8.o)
    0x0800eee0   0x0800eee0   0x0000000e   Code   RO         7597    i.__scatterload_copy  mc_w.l(handlers.o)
    0x0800eeee   0x0800eeee   0x00000002   Code   RO         7598    i.__scatterload_null  mc_w.l(handlers.o)
    0x0800eef0   0x0800eef0   0x0000000e   Code   RO         7599    i.__scatterload_zeroinit  mc_w.l(handlers.o)
    0x0800eefe   0x0800eefe   0x00000002   PAD
    0x0800ef00   0x0800ef00   0x00000404   Code   RO         7511    i._printf_core      mc_w.l(printf8.o)
    0x0800f304   0x0800f304   0x00000024   Code   RO         7512    i._printf_post_padding  mc_w.l(printf8.o)
    0x0800f328   0x0800f328   0x0000002e   Code   RO         7513    i._printf_pre_padding  mc_w.l(printf8.o)
    0x0800f356   0x0800f356   0x0000000a   Code   RO         7515    i._sputc            mc_w.l(printf8.o)
    0x0800f360   0x0800f360   0x00000040   Code   RO         6184    i.attachParityInformation  mcc.o
    0x0800f3a0   0x0800f3a0   0x0000003c   Code   RO         6185    i.attachParityInformationOld  mcc.o
    0x0800f3dc   0x0800f3dc   0x00000028   Code   RO         6186    i.buildCommand      mcc.o
    0x0800f404   0x0800f404   0x00000040   Code   RO         2615    i.clientFillCMD     lib_proprietaryp2p.o
    0x0800f444   0x0800f444   0x00000040   Code   RO         2616    i.clientFillDAT     lib_proprietaryp2p.o
    0x0800f484   0x0800f484   0x00000022   Code   RO         6304    i.correctLfsrValues  mcc_crypto.o
    0x0800f4a6   0x0800f4a6   0x00000002   PAD
    0x0800f4a8   0x0800f4a8   0x00000018   Code   RO          531    i.decrement_delay   hw_config.o
    0x0800f4c0   0x0800f4c0   0x00000078   Code   RO          532    i.delayHighPriority_ms  hw_config.o
    0x0800f538   0x0800f538   0x0000003c   Code   RO          533    i.delay_ms          hw_config.o
    0x0800f574   0x0800f574   0x00000038   Code   RO          534    i.delay_us          hw_config.o
    0x0800f5ac   0x0800f5ac   0x00000014   Code   RO         1168    i.drv95HF_DisableInterrupt  drv_95hf.o
    0x0800f5c0   0x0800f5c0   0x00000014   Code   RO         1169    i.drv95HF_EnableInterrupt  drv_95hf.o
    0x0800f5d4   0x0800f5d4   0x00000068   Code   RO         1170    i.drv95HF_GPIOConfigSPI  drv_95hf.o
    0x0800f63c   0x0800f63c   0x00000014   Code   RO         1172    i.drv95HF_GetInterfacePinState  drv_95hf.o
    0x0800f650   0x0800f650   0x0000000c   Code   RO         1173    i.drv95HF_GetSerialInterface  drv_95hf.o
    0x0800f65c   0x0800f65c   0x0000001c   Code   RO         1175    i.drv95HF_InitConfigStructure  drv_95hf.o
    0x0800f678   0x0800f678   0x0000001c   Code   RO         1176    i.drv95HF_InitializeSPI  drv_95hf.o
    0x0800f694   0x0800f694   0x00000018   Code   RO         1177    i.drv95HF_InitilizeSerialInterface  drv_95hf.o
    0x0800f6ac   0x0800f6ac   0x00000034   Code   RO         1178    i.drv95HF_PoolingReading  drv_95hf.o
    0x0800f6e0   0x0800f6e0   0x00000014   Code   RO         1179    i.drv95HF_RCCConfigSPI  drv_95hf.o
    0x0800f6f4   0x0800f6f4   0x000000b0   Code   RO         1180    i.drv95HF_ReceiveSPIResponse  drv_95hf.o
    0x0800f7a4   0x0800f7a4   0x0000004c   Code   RO         1181    i.drv95HF_ResetSPI  drv_95hf.o
    0x0800f7f0   0x0800f7f0   0x000000b0   Code   RO         1182    i.drv95HF_SPIPollingCommand  drv_95hf.o
    0x0800f8a0   0x0800f8a0   0x00000048   Code   RO         1184    i.drv95HF_SendIRQINPulse  drv_95hf.o
    0x0800f8e8   0x0800f8e8   0x00000050   Code   RO         1185    i.drv95HF_SendReceive  drv_95hf.o
    0x0800f938   0x0800f938   0x00000070   Code   RO         1186    i.drv95HF_SendSPICommand  drv_95hf.o
    0x0800f9a8   0x0800f9a8   0x00000010   Code   RO         1187    i.drv95HF_SendSPIResetByte  drv_95hf.o
    0x0800f9b8   0x0800f9b8   0x00000044   Code   RO         1188    i.drv95HF_StructureConfigSPI  drv_95hf.o
    0x0800f9fc   0x0800f9fc   0x00000054   Code   RO         1338    i.drvInt_AppliTimeoutTimerConfig  drv_interrupt.o
    0x0800fa50   0x0800fa50   0x00000034   Code   RO         1339    i.drvInt_Disable_95HF_IRQ  drv_interrupt.o
    0x0800fa84   0x0800fa84   0x00000038   Code   RO         1340    i.drvInt_Enable_RFEvent_IRQ  drv_interrupt.o
    0x0800fabc   0x0800fabc   0x00000034   Code   RO         1341    i.drvInt_Enable_Reply_IRQ  drv_interrupt.o
    0x0800faf0   0x0800faf0   0x0000004c   Code   RO         1342    i.drvInt_TimeoutTimerConfig  drv_interrupt.o
    0x0800fb3c   0x0800fb3c   0x0000003c   Code   RO          769    i.file_CRC          firmware_saving.o
    0x0800fb78   0x0800fb78   0x0000001c   Code   RO         6500    i.fputc             usart.o
    0x0800fb94   0x0800fb94   0x000000c0   Code   RO         2617    i.getNextFrame      lib_proprietaryp2p.o
    0x0800fc54   0x0800fc54   0x000003d8   Code   RO         3088    i.getUriType        lib_ndef_uri.o
    0x0801002c   0x0801002c   0x000000a8   Code   RO          409    i.handleCommand     proprietary_p2p.o
    0x080100d4   0x080100d4   0x000000ec   Code   RO          410    i.handleCommandFromWOD  proprietary_p2p.o
    0x080101c0   0x080101c0   0x0000002c   Code   RO          411    i.handleData        proprietary_p2p.o
    0x080101ec   0x080101ec   0x00000006   Code   RO          412    i.handleDataFromWOD  proprietary_p2p.o
    0x080101f2   0x080101f2   0x00000002   PAD
    0x080101f4   0x080101f4   0x000000e4   Code   RO         2859    i.initFlashNDEF     lib_flash_ndef.o
    0x080102d8   0x080102d8   0x00000034   Code   RO          413    i.initPP2PContext   proprietary_p2p.o
    0x0801030c   0x0801030c   0x0000001c   Code   RO          414    i.isCommunicationTokenRequested  proprietary_p2p.o
    0x08010328   0x08010328   0x00000020   Code   RO          415    i.isLastCmdAcknoledge  proprietary_p2p.o
    0x08010348   0x08010348   0x0000001c   Code   RO          416    i.isPendingStreamToSend  proprietary_p2p.o
    0x08010364   0x08010364   0x000000cc   Code   RO            2    i.main              main.o
    0x08010430   0x08010430   0x0000008c   Code   RO         2860    i.manageFlashNDEF   lib_flash_ndef.o
    0x080104bc   0x080104bc   0x00000328   Code   RO         6188    i.mccAuthenticateStep1  mcc.o
    0x080107e4   0x080107e4   0x00000270   Code   RO         6189    i.mccAuthenticateStep2  mcc.o
    0x08010a54   0x08010a54   0x00000038   Code   RO         6456    i.mccCopyToRawBuffer  mcc_raw_request.o
    0x08010a8c   0x08010a8c   0x00000018   Code   RO         6305    i.mccCryptoAuthInit  mcc_crypto.o
    0x08010aa4   0x08010aa4   0x00000024   Code   RO         6408    i.mccCryptoAuthReaderStep1  mcc_crypto_reader.o
    0x08010ac8   0x08010ac8   0x0000012c   Code   RO         6409    i.mccCryptoAuthReaderStep2  mcc_crypto_reader.o
    0x08010bf4   0x08010bf4   0x00000044   Code   RO         6410    i.mccCryptoAuthReaderStep3  mcc_crypto_reader.o
    0x08010c38   0x08010c38   0x00000024   Code   RO         6306    i.mccCryptoAuthReinit  mcc_crypto.o
    0x08010c5c   0x08010c5c   0x00000074   Code   RO         6307    i.mccCryptoInit     mcc_crypto.o
    0x08010cd0   0x08010cd0   0x00000006   Code   RO         6308    i.mccCryptoIsActive  mcc_crypto.o
    0x08010cd6   0x08010cd6   0x00000010   Code   RO         6309    i.mccCryptoReset    mcc_crypto.o
    0x08010ce6   0x08010ce6   0x00000004   Code   RO         6310    i.mccCryptoSetActive  mcc_crypto.o
    0x08010cea   0x08010cea   0x00000002   PAD
    0x08010cec   0x08010cec   0x000000c8   Code   RO         6311    i.mccCryptoTranscode  mcc_crypto.o
    0x08010db4   0x08010db4   0x00000044   Code   RO         6457    i.mccExtractMessage  mcc_raw_request.o
    0x08010df8   0x08010df8   0x00000024   Code   RO         6191    i.mccInitialize     mcc.o
    0x08010e1c   0x08010e1c   0x00000036   Code   RO         6312    i.mccLfsrUpdate     mcc_crypto.o
    0x08010e52   0x08010e52   0x00000002   PAD
    0x08010e54   0x08010e54   0x000000b0   Code   RO         6313    i.mccLfsrUpdateBit  mcc_crypto.o
    0x08010f04   0x08010f04   0x00000032   Code   RO         6314    i.mccLfsrUpdateByte  mcc_crypto.o
    0x08010f36   0x08010f36   0x0000001e   Code   RO         6432    i.mccParityEven     mcc_macros.o
    0x08010f54   0x08010f54   0x0000001e   Code   RO         6433    i.mccParityOdd      mcc_macros.o
    0x08010f72   0x08010f72   0x0000003a   Code   RO         6315    i.mccPrng           mcc_crypto.o
    0x08010fac   0x08010fac   0x0000002c   Code   RO         6192    i.mccResetCipher    mcc.o
    0x08010fd8   0x08010fd8   0x0000002c   Code   RO         6434    i.mccReverse        mcc_macros.o
    0x08011004   0x08011004   0x000000bc   Code   RO         6458    i.mccSendRawRequest  mcc_raw_request.o
    0x080110c0   0x080110c0   0x000001d4   Code   RO         6193    i.mccSendRequest    mcc.o
    0x08011294   0x08011294   0x000000d8   Code   RO         6194    i.mccSetKey         mcc.o
    0x0801136c   0x0801136c   0x0000001c   Code   RO          728    i.random            common.o
    0x08011388   0x08011388   0x00000030   Code   RO         2861    i.readNDEFFromFlash  lib_flash_ndef.o
    0x080113b8   0x080113b8   0x00000250   Code   RO         1004    i.readNDEFfromTAG   menu_reader.o
    0x08011608   0x08011608   0x0000004c   Code   RO          418    i.refreshRxDataInfo  proprietary_p2p.o
    0x08011654   0x08011654   0x00000108   Code   RO          419    i.refreshScreen     proprietary_p2p.o
    0x0801175c   0x0801175c   0x0000001c   Code   RO          420    i.refreshTxCMDInfo  proprietary_p2p.o
    0x08011778   0x08011778   0x0000004c   Code   RO          421    i.refreshTxDataInfo  proprietary_p2p.o
    0x080117c4   0x080117c4   0x00000028   Code   RO         6481    i.rfalCrcCalculateCcitt  rfal_crc.o
    0x080117ec   0x080117ec   0x0000001a   Code   RO         6482    i.rfalCrcUpdateCcitt  rfal_crc.o
    0x08011806   0x08011806   0x00000002   PAD
    0x08011808   0x08011808   0x000000a0   Code   RO         6501    i.uart_init         usart.o
    0x080118a8   0x080118a8   0x0000009c   Code   RO         2862    i.writeNDEFToFlash  lib_flash_ndef.o
    0x08011944   0x08011944   0x00001e21   Data   RO            4    .constdata          main.o
    0x08013765   0x08013765   0x00042a83   Data   RO          820    .constdata          menu.o
    0x080561e8   0x080561e8   0x00000010   Data   RO         1005    .constdata          menu_reader.o
    0x080561f8   0x080561f8   0x00000004   Data   RO         1116    .constdata          menu_writer.o
    0x080561fc   0x080561fc   0x00000028   Data   RO         1501    .constdata          lib_nfctype3pcd.o
    0x08056224   0x08056224   0x0000000a   Data   RO         1687    .constdata          lib_iso14443apcd.o
    0x0805622e   0x0805622e   0x00000002   PAD
    0x08056230   0x08056230   0x0000000d   Data   RO         1799    .constdata          lib_iso14443bpcd.o
    0x0805623d   0x0805623d   0x00000007   Data   RO         2063    .constdata          lib_iso18092pcd.o
    0x08056244   0x08056244   0x00000021   Data   RO         2335    .constdata          lib_nfctype4picc.o
    0x08056265   0x08056265   0x0000004b   Data   RO         2863    .constdata          lib_flash_ndef.o
    0x080562b0   0x080562b0   0x000011d0   Data   RO         4836    .constdata          drv_lcdspi_ili9341.o
    0x08057480   0x08057480   0x0000001e   Data   RO         5140    .constdata          drv_led.o
    0x0805749e   0x0805749e   0x0000019a   Data   RO         5752    .constdata          usb_desc.o
    0x08057638   0x08057638   0x0000018a   Data   RO         5827    .constdata          usb_hid.o
    0x080577c2   0x080577c2   0x00000002   PAD
    0x080577c4   0x080577c4   0x000003bc   Data   RO          821    .conststring        menu.o
    0x08057b80   0x08057b80   0x00000020   Data   RO         7595    Region$$Table       anon$$obj.o


    Execution Region RW_IRAM1 (Exec base: 0x20000000, Load base: 0x08057ba0, Size: 0x00015558, Max: 0x00018000, ABSOLUTE, COMPRESSED[0x000002f0])

    Exec Addr    Load Addr    Size         Type   Attr      Idx    E Section Name        Object

    0x20000000   COMPRESSED   0x00000011   Data   RW            5    .data               main.o
    0x20000011   COMPRESSED   0x00000001   PAD
    0x20000012   COMPRESSED   0x00000014   Data   RW          359    .data               pongexample.o
    0x20000026   COMPRESSED   0x00000002   PAD
    0x20000028   COMPRESSED   0x0000001d   Data   RW          423    .data               proprietary_p2p.o
    0x20000045   COMPRESSED   0x00000001   PAD
    0x20000046   COMPRESSED   0x00000002   Data   RW          535    .data               hw_config.o
    0x20000048   COMPRESSED   0x0000000c   Data   RW          636    .data               stm32f10x_it.o
    0x20000054   COMPRESSED   0x00000314   Data   RW          822    .data               menu.o
    0x20000368   COMPRESSED   0x00000049   Data   RW          969    .data               menu_cardemul.o
    0x200003b1   COMPRESSED   0x00000001   Data   RW         1044    .data               menu_tagemul.o
    0x200003b2   COMPRESSED   0x00000019   Data   RW         1117    .data               menu_writer.o
    0x200003cb   COMPRESSED   0x00000007   Data   RW         1190    .data               drv_95hf.o
    0x200003d2   COMPRESSED   0x00000004   Data   RW         1343    .data               drv_interrupt.o
    0x200003d6   COMPRESSED   0x00000003   Data   RW         1637    .data               lib_iso7816pcd.o
    0x200003d9   COMPRESSED   0x00000001   PAD
    0x200003da   COMPRESSED   0x00000006   Data   RW         1688    .data               lib_iso14443apcd.o
    0x200003e0   COMPRESSED   0x00000001   Data   RW         2117    .data               lib_pcd.o
    0x200003e1   COMPRESSED   0x00000025   Data   RW         2216    .data               lib_piccemulator.o
    0x20000406   COMPRESSED   0x00000003   Data   RW         2279    .data               lib_nfctype2picc.o
    0x20000409   COMPRESSED   0x00000002   Data   RW         2336    .data               lib_nfctype4picc.o
    0x2000040b   COMPRESSED   0x00000001   PAD
    0x2000040c   COMPRESSED   0x00000022   Data   RW         2404    .data               lib_cardemul.o
    0x2000042e   COMPRESSED   0x00000001   Data   RW         2469    .data               lib_iso14443apicc.o
    0x2000042f   COMPRESSED   0x00000001   PAD
    0x20000430   COMPRESSED   0x0000005c   Data   RW         2619    .data               lib_proprietaryp2p.o
    0x2000048c   COMPRESSED   0x00000008   Data   RW         2752    .data               lib_configmanager.o
    0x20000494   COMPRESSED   0x00000010   Data   RW         2905    .data               lib_ndef.o
    0x200004a4   COMPRESSED   0x00000001   Data   RW         3173    .data               lib_95hf_wrapper.o
    0x200004a5   COMPRESSED   0x00000014   Data   RW         3753    .data               stm32f10x_rcc.o
    0x200004b9   COMPRESSED   0x00000001   PAD
    0x200004ba   COMPRESSED   0x0000000a   Data   RW         4837    .data               drv_lcdspi_ili9341.o
    0x200004c4   COMPRESSED   0x00000015   Data   RW         5141    .data               drv_led.o
    0x200004d9   COMPRESSED   0x00000001   PAD
    0x200004da   COMPRESSED   0x00000003   Data   RW         5194    .data               usb_core.o
    0x200004dd   COMPRESSED   0x00000003   PAD
    0x200004e0   COMPRESSED   0x00000014   Data   RW         5299    .data               usb_init.o
    0x200004f4   COMPRESSED   0x00000004   Data   RW         5322    .data               usb_int.o
    0x200004f8   COMPRESSED   0x00000034   Data   RW         5753    .data               usb_desc.o
    0x2000052c   COMPRESSED   0x00000006   Data   RW         5828    .data               usb_hid.o
    0x20000532   COMPRESSED   0x00000002   PAD
    0x20000534   COMPRESSED   0x0000003c   Data   RW         5933    .data               usb_istr.o
    0x20000570   COMPRESSED   0x00000090   Data   RW         5964    .data               usb_prop.o
    0x20000600   COMPRESSED   0x00000007   Data   RW         6069    .data               usb_pwr.o
    0x20000607   COMPRESSED   0x00000001   PAD
    0x20000608   COMPRESSED   0x00000014   Data   RW         6149    .data               system_stm32f10x.o
    0x2000061c   COMPRESSED   0x00000009   Data   RW         6196    .data               mcc.o
    0x20000625   COMPRESSED   0x00000003   PAD
    0x20000628   COMPRESSED   0x00000006   Data   RW         6503    .data               usart.o
    0x2000062e   COMPRESSED   0x00000025   Data   RW         6579    .data               lib_nfcm1picc.o
    0x20000653   COMPRESSED   0x00000001   PAD
    0x20000654   COMPRESSED   0x0000001c   Data   RW         6850    .data               DEMO_BOARD_ST95HF.lib(lib_nfcdeptarget.o)
    0x20000670        -       0x00006b9a   Zero   RW            3    .bss                main.o
    0x2000720a   COMPRESSED   0x00000002   PAD
    0x2000720c        -       0x0000001c   Zero   RW          422    .bss                proprietary_p2p.o
    0x20007228        -       0x00001140   Zero   RW          819    .bss                menu.o
    0x20008368        -       0x00007800   Zero   RW          968    .bss                menu_cardemul.o
    0x2000fb68        -       0x00000211   Zero   RW         1189    .bss                drv_95hf.o
    0x2000fd79        -       0x0000052c   Zero   RW         1636    .bss                lib_iso7816pcd.o
    0x200102a5        -       0x000003a6   Zero   RW         1686    .bss                lib_iso14443apcd.o
    0x2001064b        -       0x00000056   Zero   RW         1798    .bss                lib_iso14443bpcd.o
    0x200106a1        -       0x00000029   Zero   RW         2062    .bss                lib_iso18092pcd.o
    0x200106ca        -       0x0000008d   Zero   RW         2468    .bss                lib_iso14443apicc.o
    0x20010757        -       0x00000300   Zero   RW         2618    .bss                lib_proprietaryp2p.o
    0x20010a57        -       0x00000010   Zero   RW         2751    .bss                lib_configmanager.o
    0x20010a67   COMPRESSED   0x00000001   PAD
    0x20010a68        -       0x00002890   Zero   RW         2904    .bss                lib_ndef.o
    0x200132f8        -       0x0000001c   Zero   RW         5298    .bss                usb_init.o
    0x20013314        -       0x00000119   Zero   RW         6195    .bss                mcc.o
    0x2001342d        -       0x000002fd   Zero   RW         6459    .bss                mcc_raw_request.o
    0x2001372a        -       0x00000100   Zero   RW         6502    .bss                usart.o
    0x2001382a        -       0x0000110f   Zero   RW         6578    .bss                lib_nfcm1picc.o
    0x20014939        -       0x00000418   Zero   RW         6849    .bss                DEMO_BOARD_ST95HF.lib(lib_nfcdeptarget.o)
    0x20014d51   COMPRESSED   0x00000007   PAD
    0x20014d58        -       0x00000800   Zero   RW         6127    STACK               startup_stm32f10x_xl.o


==============================================================================

Image component sizes


      Code (inc. data)   RO Data    RW Data    ZI Data      Debug   Object Name

        52          0          0          0          0       1678   common.o
      1104        132          0          7        529      12907   drv_95hf.o
       712        108          0          4          0       9347   drv_interrupt.o
      1614        112       4560         10          0      20880   drv_lcdspi_ili9341.o
       148         38         30         21          0       3620   drv_led.o
       106          0          0          0          0       2034   drv_spi.o
        60         10          0          0          0       1421   firmware_saving.o
       780         32          0          2          0       8322   hw_config.o
      1212         88          0          1          0       3959   lib_95hf_wrapper.o
       608         58          0         34          0       3839   lib_cardemul.o
       980        124          0          8         16      12814   lib_configmanager.o
       572        124         75          0          0       4500   lib_flash_ndef.o
      3030        228         10          6        934      18606   lib_iso14443apcd.o
       340         16          0          1        141       2730   lib_iso14443apicc.o
       712         88         13          0         86       8717   lib_iso14443bpcd.o
      4256         32          0          0          0      34270   lib_iso15693pcd.o
       302         36          7          0         41       3985   lib_iso18092pcd.o
       564         46          0          3       1324       4534   lib_iso7816pcd.o
       296         34          0          0          0       3724   lib_iso7816picc.o
      1236        110          0         16      10384       9089   lib_ndef.o
       264         20          0          0          0       1628   lib_ndef_aar.o
      1242         80          0          0          0       5204   lib_ndef_email.o
      1044         48          0          0          0       5046   lib_ndef_geo.o
      1092         66          0          0          0       5162   lib_ndef_sms.o
      2864        892          0          0          0       5967   lib_ndef_uri.o
       424         68          0         37       4367       6220   lib_nfcm1picc.o
       564         36          0          0          0       4181   lib_nfctype1pcd.o
      1112         36          0          0          0       5566   lib_nfctype2pcd.o
        28         12          0          3          0       1000   lib_nfctype2picc.o
      1116         70         40          0          0       6996   lib_nfctype3pcd.o
       928         42          0          0          0       7478   lib_nfctype4pcd.o
      1330        110         33          2          0      12265   lib_nfctype4picc.o
       920         10          0          0          0       3995   lib_nfctype5pcd.o
      1430         96          0          1          0      13651   lib_pcd.o
       976         62          0          0          0      12375   lib_picc.o
      1264        214          0         37          0      10782   lib_piccemulator.o
      2660        530          0         92        768      17910   lib_proprietaryp2p.o
       204         48       7713         17      27546     327200   main.o
      2844        816          0          9        281      16608   mcc.o
       774         50          0          0          0       9774   mcc_crypto.o
       404         20          0          0          0       3169   mcc_crypto_reader.o
       104          0          0          0          0       1928   mcc_macros.o
       312         30          0          0        765       3962   mcc_raw_request.o
      2876        488     273983        788       4416      17902   menu.o
       624        222          0         73      30720       4042   menu_cardemul.o
      2740        820         16          0          0       4078   menu_reader.o
       876        324          0          1          0       6533   menu_tagemul.o
      1136        508          4         25          0       5502   menu_writer.o
       140         24          0          0          0       2677   misc.o
      3100        326          0         20          0       6734   pongexample.o
      2582        738          0         29         28      15152   proprietary_p2p.o
        66          0          0          0          0       1916   rfal_crc.o
        36          8        304          0       2048        900   startup_stm32f10x_xl.o
        24          8          0          0          0       1280   stm32f10x_crc.o
       170         14          0          0          0       3498   stm32f10x_exti.o
       640         54          0          0          0       9792   stm32f10x_flash.o
       240          6          0          0          0       6599   stm32f10x_gpio.o
       480         68          0         12          0       9580   stm32f10x_it.o
       264         46          0         20          0       7484   stm32f10x_rcc.o
       222         12          0          0          0       6989   stm32f10x_spi.o
       222         42          0          0          0       5994   stm32f10x_tim.o
       314          4          0          0          0       6006   stm32f10x_usart.o
       328         28          0         20          0       3133   system_stm32f10x.o
       324         26          0          6        256       4028   usart.o
      3058        288          0          3          0      17267   usb_core.o
         0          0        410         52          0       1805   usb_desc.o
        22          0          0          0          0       2940   usb_endp.o
      2208        136        394          6          0      18789   usb_hid.o
         0          0          0         20         28       4075   usb_init.o
       848         58          0          4          0       2801   usb_int.o
        80         18          0         60          0       1828   usb_istr.o
        96         10          0          0          0       2188   usb_mem.o
       468         76          0        144          0      13721   usb_prop.o
        56         10          0          7          0       2573   usb_pwr.o
       660         96          0          0          0      11476   usb_regs.o
       128          8          0          0          0       2698   usb_sil.o

    ----------------------------------------------------------------------
     67680       9238     287628       1620      84681     871023   Object Totals
         0          0         32          0          0          0   (incl. Generated)
        68          0          4         19          3          0   (incl. Padding)

    ----------------------------------------------------------------------

      Code (inc. data)   RO Data    RW Data    ZI Data      Debug   Library Member Name

         0          0          0          0          0     207028   lib_nfcdepinitiator.o
      2300        184          0         28       1048      13216   lib_nfcdeptarget.o
        86          0          0          0          0          0   __dczerorl2.o
         0          0          0          0          0          0   entry.o
         0          0          0          0          0          0   entry10a.o
         0          0          0          0          0          0   entry11a.o
         4          0          0          0          0          0   entry12b.o
         8          4          0          0          0          0   entry2.o
         4          0          0          0          0          0   entry5.o
         0          0          0          0          0          0   entry7b.o
         0          0          0          0          0          0   entry8b.o
         8          4          0          0          0          0   entry9a.o
        30          0          0          0          0          0   handlers.o
        36          8          0          0          0         68   init.o
        30          0          0          0          0         68   llshl.o
        32          0          0          0          0         68   llushr.o
        26          0          0          0          0         80   memcmp.o
        64          0          0          0          0         76   memmovea.o
        36          0          0          0          0        108   memseta.o
      1192         60          0          0          0        504   printf8.o
        18          0          0          0          0         68   strcpy.o
        14          0          0          0          0         68   strlen.o
        30          0          0          0          0         80   strncmp.o
        98          0          0          0          0         92   uldiv.o

    ----------------------------------------------------------------------
      4020        260          0         28       1055     221524   Library Totals
         4          0          0          0          7          0   (incl. Padding)

    ----------------------------------------------------------------------

      Code (inc. data)   RO Data    RW Data    ZI Data      Debug   Library Name

      2300        184          0         28       1048     220244   DEMO_BOARD_ST95HF.lib
      1716         76          0          0          0       1280   mc_w.l

    ----------------------------------------------------------------------
      4020        260          0         28       1055     221524   Library Totals

    ----------------------------------------------------------------------

==============================================================================


      Code (inc. data)   RO Data    RW Data    ZI Data      Debug   

     71700       9498     287628       1648      85736    1061943   Grand Totals
     71700       9498     287628        752      85736    1061943   ELF Image Totals (compressed)
     71700       9498     287628        752          0          0   ROM Totals

==============================================================================

    Total RO  Size (Code + RO Data)               359328 ( 350.91kB)
    Total RW  Size (RW Data + ZI Data)             87384 (  85.34kB)
    Total ROM Size (Code + RO Data + RW Data)     360080 ( 351.64kB)

==============================================================================

