ndef_demo.c:190:13:checkUserButton	8	static
ndef_demo.c:223:13:ndefShowDemoUsage	16	static
ndef_demo.c:247:6:demoIni	24	static
ndef_demo.c:313:6:demoCycle	112	static
ndef_demo.c:576:6:demoP2P	352	static
ndef_demo.c:672:12:demoTransceiveBlocking	40	static
ndef_demo.c:688:13:demoNdef	968	static
ndef_demo.c:905:13:ndefT2TCCDump	56	static
ndef_demo.c:916:13:ndefT3TAIBDump	64	static
ndef_demo.c:926:13:ndefT4TCCDump	64	static
ndef_demo.c:936:13:ndefT5TCCDump	64	static
ndef_demo.c:950:13:ndefCCDump	16	static
ndef_demo.c:986:13:ndefDumpSysInfo	24	static
ndef_demo.c:1048:13:ndefIsSTTag	24	static
ndef_demo.c:1088:13:LedNotificationWriteDone	16	static
ndef_demo.c:1102:13:ledsOn	8	static
ndef_demo.c:1112:13:ledsOff	8	static
