ndef_types_rtd.c:199:17:ndefEmptyTypePayloadGetLength	16	static
ndef_types_rtd.c:211:23:ndefEmptyTypePayloadItem	24	static
ndef_types_rtd.c:231:12:ndefEmptyType	16	static
ndef_types_rtd.c:247:12:ndefRecordToEmptyType	24	static
ndef_types_rtd.c:272:12:ndefEmptyTypeToRecord	16	static
ndef_types_rtd.c:294:17:ndefRtdDeviceInfoPayloadGetLength	32	static
ndef_types_rtd.c:320:23:ndefRtdDeviceInfoToPayloadItem	32	static
ndef_types_rtd.c:376:12:ndefRtdDeviceInfo	40	static
ndef_types_rtd.c:455:12:ndefGetRtdDeviceInfo	24	static
ndef_types_rtd.c:480:19:ndefPayloadToRtdDeviceInfo	40	static
ndef_types_rtd.c:572:12:ndefRecordToRtdDeviceInfo	24	static
ndef_types_rtd.c:603:12:ndefRtdDeviceInfoToRecord	16	static
ndef_types_rtd.c:628:17:ndefRtdTextPayloadGetLength	24	static
ndef_types_rtd.c:644:23:ndefRtdTextToPayloadItem	32	static
ndef_types_rtd.c:696:12:ndefRtdText	32	static
ndef_types_rtd.c:735:12:ndefGetRtdText	32	static
ndef_types_rtd.c:760:19:ndefPayloadToRtdText	24	static
ndef_types_rtd.c:797:12:ndefRecordToRtdText	24	static
ndef_types_rtd.c:828:12:ndefRtdTextToRecord	16	static
ndef_types_rtd.c:853:17:ndefRtdUriPayloadGetLength	24	static
ndef_types_rtd.c:869:23:ndefRtdUriToPayloadItem	32	static
ndef_types_rtd.c:915:19:ndefRtdUriProtocolAutodetect	24	static
ndef_types_rtd.c:948:12:ndefRtdUri	40	static
ndef_types_rtd.c:983:12:ndefGetRtdUri	32	static
ndef_types_rtd.c:1005:19:ndefPayloadToRtdUri	32	static
ndef_types_rtd.c:1027:12:ndefRecordToRtdUri	24	static
ndef_types_rtd.c:1058:12:ndefRtdUriToRecord	16	static
ndef_types_rtd.c:1083:12:ndefRtdAar	24	static
ndef_types_rtd.c:1108:12:ndefGetRtdAar	24	static
ndef_types_rtd.c:1128:12:ndefRecordToRtdAar	16	static
ndef_types_rtd.c:1147:12:ndefRtdAarToRecord	24	static
