st25r3916.c:95:12:st25r3916ExecuteCommandAndGetResult	16	static
st25r3916.c:122:12:st25r3916Initialize	16	static
st25r3916.c:250:6:st25r3916Deinitialize	8	static
st25r3916.c:262:12:st25r3916OscOn	8	static
st25r3916.c:292:9:st25r3916MeasurePowerSupply	24	static
st25r3916.c:307:10:st25r3916MeasureVoltage	24	static
st25r3916.c:323:12:st25r3916AdjustRegulators	24	static
st25r3916.c:356:12:st25r3916MeasureAmplitude	16	static
st25r3916.c:363:12:st25r3916MeasurePhase	16	static
st25r3916.c:370:12:st25r3916MeasureCapacitance	16	static
st25r3916.c:377:12:st25r3916CalibrateCapacitiveSensor	24	static
st25r3916.c:405:12:st25r3916SetBitrate	24	static
st25r3916.c:436:12:st25r3916PerformCollisionAvoidance	32	static
st25r3916.c:512:6:st25r3916SetNumTxBits	16	static
st25r3916.c:520:10:st25r3916GetNumFIFOBytes	16	static
st25r3916.c:538:9:st25r3916GetNumFIFOLastBits	16	static
st25r3916.c:549:10:st25r3916GetNoResponseTime	4	static
st25r3916.c:556:12:st25r3916SetNoResponseTime	24	static
st25r3916.c:592:12:st25r3916SetStartNoResponseTimer	24	static
st25r3916.c:607:6:st25r3916SetGPTime	16	static
st25r3916.c:615:12:st25r3916SetStartGPTimer	16	static
st25r3916.c:631:6:st25r3916CheckChipID	24	static
st25r3916.c:654:12:st25r3916GetRegsDump	24	static
st25r3916.c:694:6:st25r3916IsCmdValid	16	static
st25r3916.c:710:12:st25r3916StreamConfigure	24	static
st25r3916.c:760:12:st25r3916GetRSSI	24	static
