core_cm3.h:1511:22:__NVIC_EnableIRQ	16	static
core_cm3.h:1547:22:__NVIC_DisableIRQ	16	static,ignoring_inline_asm
st25r3916_com.c:177:13:st25r3916comStart	8	static,ignoring_inline_asm
st25r3916_com.c:200:13:st25r3916comStop	8	static
st25r3916_com.c:226:13:st25r3916comTx	16	static
st25r3916_com.c:257:13:st25r3916comRx	16	static
st25r3916_com.c:282:13:st25r3916comTxByte	24	static
st25r3916_com.c:295:12:st25r3916ReadRegister	16	static
st25r3916_com.c:302:12:st25r3916ReadMultipleRegisters	16	static
st25r3916_com.c:325:12:st25r3916WriteRegister	24	static
st25r3916_com.c:333:12:st25r3916WriteMultipleRegisters	16	static
st25r3916_com.c:357:12:st25r3916WriteFifo	16	static
st25r3916_com.c:377:12:st25r3916ReadFifo	16	static
st25r3916_com.c:394:12:st25r3916WritePTMem	16	static
st25r3916_com.c:414:12:st25r3916ReadPTMem	72	static
st25r3916_com.c:441:12:st25r3916WritePTMemF	16	static
st25r3916_com.c:461:12:st25r3916WritePTMemTSN	16	static
st25r3916_com.c:481:12:st25r3916ExecuteCommand	16	static
st25r3916_com.c:495:12:st25r3916ReadTestRegister	16	static
st25r3916_com.c:509:12:st25r3916WriteTestRegister	24	static
st25r3916_com.c:524:12:st25r3916ClrRegisterBits	24	static
st25r3916_com.c:544:12:st25r3916SetRegisterBits	24	static
st25r3916_com.c:564:12:st25r3916ChangeRegisterBits	16	static
st25r3916_com.c:571:12:st25r3916ModifyRegister	24	static
st25r3916_com.c:596:12:st25r3916ChangeTestRegisterBits	24	static
st25r3916_com.c:621:6:st25r3916CheckReg	24	static
st25r3916_com.c:633:6:st25r3916IsRegValid	16	static
