<html>
<body>
<pre>
<h1>µVision Build Log</h1>
<h2>Tool Versions:</h2>
IDE-Version: ¦ÌVision V5.18.0.0
Copyright (C) 2016 ARM Ltd and ARM Germany GmbH. All rights reserved.
License Information: Yin yk15281095690@163.com, yk, LIC=47GSB-26R9L-Y7NRW-Q8QDG-15VID-1CTKQ
 
Tool Versions:
Toolchain:       MDK-ARM Standard  Version: 5.18
Toolchain Path:  E:\MDK\ARM\ARMCC\Bin
C Compiler:      Armcc.exe V5.06 update 1 (build 61)
Assembler:       Armasm.exe V5.06 update 1 (build 61)
Linker/Locator:  ArmLink.exe V5.06 update 1 (build 61)
Library Manager: ArmAr.exe V5.06 update 1 (build 61)
Hex Converter:   FromElf.exe V5.06 update 1 (build 61)
CPU DLL:         SARMCM3.DLL V5.18
Dialog DLL:      DARMCM1.DLL V1.12.0.0
Target DLL:      STLink\ST-LINKIII-KEIL_SWO.dll V2.0.18.0
Dialog DLL:      TARMCM1.DLL V1.9.0.0
 
<h2>Project:</h2>
D:\GitHubFiles\STM32\Project\NFC\SoftWare\ST25R3916_X-NUCLEO-NFC06A1\Projects\STM32L053R8-Nucleo\Applications\PollingTagDetect\MDK-ARM\Project.uvprojx
Project File Date:  02/02/2021

<h2>Output:</h2>
*** Using Compiler 'V5.06 update 1 (build 61)', folder: 'E:\MDK\ARM\ARMCC\Bin'
Rebuild target 'STM32L053R8-Nucleo_PollingTagDetect'
assembling startup_stm32l053xx.s...
compiling stm32l0xx_hal_msp.c...
compiling stm32l0xx_hal_exti.c...
compiling stm32l0xx_it.c...
compiling nucleo_l053r8_bus.c...
compiling logger.c...
compiling analogConfigTbl_NFC06A1.c...
compiling demo_ce.c...
compiling main.c...
compiling st25r3916_com.c...
compiling demo_polling.c...
compiling st25r3916.c...
compiling system_stm32l0xx.c...
compiling stm32l0xx_nucleo.c...
compiling nfc06a1.c...
compiling stm32l0xx_hal_dma.c...
compiling stm32l0xx_hal_crc.c...
compiling stm32l0xx_hal_cortex.c...
compiling stm32l0xx_hal_crc_ex.c...
compiling stm32l0xx_hal.c...
compiling timer.c...
compiling st25r3916_irq.c...
compiling st25r3916_led.c...
compiling stm32l0xx_hal_pwr_ex.c...
compiling stm32l0xx_hal_flash.c...
compiling stm32l0xx_hal_i2c_ex.c...
compiling stm32l0xx_hal_flash_ex.c...
compiling stm32l0xx_hal_rtc.c...
compiling stm32l0xx_hal_gpio.c...
compiling stm32l0xx_hal_pwr.c...
compiling stm32l0xx_hal_flash_ramfunc.c...
compiling stm32l0xx_hal_rcc_ex.c...
compiling stm32l0xx_hal_rcc.c...
compiling stm32l0xx_hal_i2c.c...
compiling stm32l0xx_hal_tim_ex.c...
compiling stm32l0xx_hal_rtc_ex.c...
compiling stm32l0xx_hal_uart_ex.c...
compiling stm32l0xx_hal_tim.c...
compiling stm32l0xx_hal_usart.c...
compiling rfal_crc.c...
compiling rfal_iso15693_2.c...
compiling stm32l0xx_hal_uart.c...
compiling rfal_analogConfig.c...
compiling stm32l0xx_hal_spi.c...
compiling rfal_isoDep.c...
compiling rfal_nfcb.c...
compiling rfal_t2t.c...
compiling rfal_nfca.c...
compiling rfal_t1t.c...
compiling rfal_nfcf.c...
compiling rfal_st25tb.c...
compiling rfal_nfcv.c...
compiling rfal_t4t.c...
compiling rfal_st25xv.c...
compiling rfal_nfcDep.c...
compiling rfal_nfc.c...
compiling rfal_rfst25r3916.c...
linking...
Program Size: Code=48174 RO-data=1394 RW-data=256 ZI-data=6928  
FromELF: creating hex file...
"STM32L053R8-Nucleo\Exe\STM32L476RG_NUCLEO_PollingTagDetect.axf" - 0 Error(s), 0 Warning(s).

<h2>Software Packages used:</h2>

Package Vendor: ARM
                http://www.keil.com/pack/ARM.CMSIS.4.5.0.pack
                ARM::CMSIS:CORE:4.3.0
                CMSIS (Cortex Microcontroller Software Interface Standard)
   * Component: CORE Version: 4.3.0

<h2>Collection of Component include folders:</h2>
  D:\GitHubFiles\STM32\Project\NFC\SoftWare\ST25R3916_X-NUCLEO-NFC06A1\Projects\STM32L053R8-Nucleo\Applications\PollingTagDetect\MDK-ARM\RTE
  E:\MDK\ARM\PACK\ARM\CMSIS\4.5.0\CMSIS\Include
  E:\MDK\ARM\PACK\Keil\STM32L0xx_DFP\2.1.0\Drivers\CMSIS\Device\ST\STM32L0xx\Include

<h2>Collection of Component Files used:</h2>

   * Component: ARM::CMSIS:CORE:4.3.0
Build Time Elapsed:  00:00:10
</pre>
</body>
</html>
