<html>
<body>
<pre>
<h1>µVision Build Log</h1>
<h2>Tool Versions:</h2>
IDE-Version: ¦ÌVision V5.18.0.0
Copyright (C) 2016 ARM Ltd and ARM Germany GmbH. All rights reserved.
License Information: Yin yk15281095690@163.com, yk, LIC=47GSB-26R9L-Y7NRW-Q8QDG-15VID-1CTKQ
 
Tool Versions:
Toolchain:       MDK-ARM Standard  Version: 5.18
Toolchain Path:  E:\MDK\ARM\ARMCC\Bin
C Compiler:      Armcc.exe V5.06 update 1 (build 61)
Assembler:       Armasm.exe V5.06 update 1 (build 61)
Linker/Locator:  ArmLink.exe V5.06 update 1 (build 61)
Library Manager: ArmAr.exe V5.06 update 1 (build 61)
Hex Converter:   FromElf.exe V5.06 update 1 (build 61)
CPU DLL:         SARMCM3.DLL V5.18
Dialog DLL:      DCM.DLL V1.13.6.0
Target DLL:      Segger\JL2CM3.dll V2.99.18.0
Dialog DLL:      TCM.DLL V1.14.8.0
 
<h2>Project:</h2>
D:\GitHubFiles\STM32\Project\NFC\SoftWare\nfcV1.1\MDK-ARM\nfcV1.1.uvprojx
Project File Date:  01/28/2021

<h2>Output:</h2>
*** Using Compiler 'V5.06 update 1 (build 61)', folder: 'E:\MDK\ARM\ARMCC\Bin'
Rebuild target 'nfcV1.1'
assembling startup_stm32f103xg.s...
compiling stm32f1xx_it.c...
compiling main.c...
compiling stm32f1xx_hal_gpio_ex.c...
compiling stm32f1xx_hal_spi.c...
compiling spi.c...
../Core/Src/spi.c(214): warning:  #177-D: variable "rxdata" was declared but never referenced
  		uint8_t rxdata;
../Core/Src/spi.c(216): warning:  #177-D: variable "datatx" was declared but never referenced
  		uint8_t datatx[17] = {0xff};
../Core/Src/spi.c(218): warning:  #177-D: variable "cnt" was declared but never referenced
  		uint8_t cnt = 0;
../Core/Src/spi.c(355): warning:  #940-D: missing return statement at end of non-void function "SelectProtocol"
  }
../Core/Src/spi.c(362): warning:  #940-D: missing return statement at end of non-void function "AdjustTimerW"
  }
../Core/Src/spi.c(368): warning:  #940-D: missing return statement at end of non-void function "ModulationGain"
  }
../Core/Src/spi.c(374): warning:  #940-D: missing return statement at end of non-void function "ISO14443A_REQA"
  }
../Core/Src/spi.c(380): warning:  #940-D: missing return statement at end of non-void function "ISO14443A_ANTICOL1"
  }
../Core/Src/spi.c(393): warning:  #940-D: missing return statement at end of non-void function "ISO14443A_SELECT1"
  }
../Core/Src/spi.c(400): warning:  #940-D: missing return statement at end of non-void function "ISO14443A_ANTICOL2"
  }
../Core/Src/spi.c(414): warning:  #940-D: missing return statement at end of non-void function "ISO14443A_SELECT2"
  }
../Core/Src/spi.c(425): warning:  #940-D: missing return statement at end of non-void function "ISO14443A_Anticollison_Algorithm"
  }
../Core/Src/spi.c(436): warning:  #940-D: missing return statement at end of non-void function "Readtag"
  }
../Core/Src/spi.c(446): warning:  #940-D: missing return statement at end of non-void function "Writetag"
  }
../Core/Src/spi.c(646): warning:  #111-D: statement is unreachable
  		return 1;
../Core/Src/spi.c: 15 warnings, 0 errors
compiling stm32f1xx_hal.c...
compiling usart.c...
compiling stm32f1xx_hal_rcc_ex.c...
compiling stm32f1xx_hal_msp.c...
compiling stm32f1xx_hal_rcc.c...
compiling gpio.c...
compiling stm32f1xx_hal_tim.c...
compiling system_stm32f1xx.c...
compiling stm32f1xx_hal_flash_ex.c...
compiling stm32f1xx_hal_flash.c...
compiling stm32f1xx_hal_gpio.c...
compiling stm32f1xx_hal_uart.c...
compiling stm32f1xx_hal_cortex.c...
compiling stm32f1xx_hal_dma.c...
compiling stm32f1xx_hal_pwr.c...
compiling stm32f1xx_hal_tim_ex.c...
compiling stm32f1xx_hal_exti.c...
linking...
Program Size: Code=11040 RO-data=384 RW-data=48 ZI-data=1712  
FromELF: creating hex file...
"nfcV1.1\nfcV1.1" - 0 Error(s), 15 Warning(s).

<h2>Software Packages used:</h2>

Package Vendor: ARM
                http://www.keil.com/pack/ARM.CMSIS.4.5.0.pack
                ARM::CMSIS:CORE:4.3.0
                CMSIS (Cortex Microcontroller Software Interface Standard)
   * Component: CORE Version: 4.3.0

<h2>Collection of Component include folders:</h2>
  D:\GitHubFiles\STM32\Project\NFC\SoftWare\nfcV1.1\MDK-ARM\RTE
  E:\MDK\ARM\PACK\ARM\CMSIS\4.5.0\CMSIS\Include
  E:\MDK\ARM\PACK\Keil\STM32F1xx_DFP\2.3.0\Device\Include

<h2>Collection of Component Files used:</h2>

   * Component: ARM::CMSIS:CORE:4.3.0
Build Time Elapsed:  00:00:06
</pre>
</body>
</html>
