<html>
<body>
<pre>
<h1>µVision Build Log</h1>
<h2>Tool Versions:</h2>
IDE-Version: ¦ÌVision V5.33.0.0
Copyright (C) 2020 ARM Ltd and ARM Germany GmbH. All rights reserved.
License Information: l yj, 1, LIC=R4HVE-5F7IE-4AGDE-57XF0-DIAF6-AA5QT
 
Tool Versions:
Toolchain:       MDK-ARM Professional  Version: 5.33.0.0
Toolchain Path:  D:\WorkSoftware\kei5\ARM\ARMCC\Bin
C Compiler:      Armcc.exe V5.06 update 7 (build 960)
Assembler:       Armasm.exe V5.06 update 7 (build 960)
Linker/Locator:  ArmLink.exe V5.06 update 7 (build 960)
Library Manager: ArmAr.exe V5.06 update 7 (build 960)
Hex Converter:   FromElf.exe V5.06 update 7 (build 960)
CPU DLL:         SARMCM3.DLL V5.33.0.0
Dialog DLL:      DCM.DLL V1.17.3.0
Target DLL:      Segger\JL2CM3.dll V2.99.38.0
Dialog DLL:      TCM.DLL V1.48.0.0
 
<h2>Project:</h2>
C:\Users\liuyongjing\Desktop\yinkebaba\STM32\Project\NFC\SoftWare\nfcV1.1\MDK-ARM\nfcV1.1.uvprojx
Project File Date:  03/09/2021

<h2>Output:</h2>
*** Using Compiler 'V5.06 update 7 (build 960)', folder: 'D:\WorkSoftware\kei5\ARM\ARMCC\Bin'
Rebuild target 'nfcV1.1'
assembling startup_stm32f103xg.s...
compiling ntag.c...
compiling pn532.c...
compiling stm32f1xx_hal_gpio_ex.c...
compiling stm32f1xx_hal_rcc.c...
compiling spi.c...
../Core/Src/spi.c(214): warning:  #177-D: variable "rxdata"  was declared but never referenced
  		uint8_t rxdata;
../Core/Src/spi.c(216): warning:  #177-D: variable "datatx"  was declared but never referenced
  		uint8_t datatx[17] = {0xff};
../Core/Src/spi.c(218): warning:  #177-D: variable "cnt"  was declared but never referenced
  		uint8_t cnt = 0;
../Core/Src/spi.c(471): warning:  #177-D: variable "uid_len"  was declared but never referenced
      uint8_t uid_len = 4;
../Core/Src/spi.c(693): warning:  #111-D: statement is unreachable
      return 1;
../Core/Src/spi.c: 5 warnings, 0 errors
compiling gpio.c...
compiling stm32f1xx_hal_msp.c...
compiling stm32f1xx_hal_spi.c...
compiling stm32f1xx_hal.c...
compiling usart.c...
compiling main.c...
compiling mifare.c...
compiling stm32f1xx_it.c...
compiling stm32f1xx_hal_tim.c...
compiling stm32f1xx_hal_pwr.c...
compiling stm32f1xx_hal_exti.c...
compiling stm32f1xx_hal_uart.c...
compiling stm32f1xx_hal_tim_ex.c...
compiling stm32f1xx_hal_cortex.c...
compiling stm32f1xx_hal_flash_ex.c...
compiling stm32f1xx_hal_flash.c...
compiling stm32f1xx_hal_gpio.c...
compiling stm32f1xx_hal_dma.c...
compiling stm32f1xx_hal_rcc_ex.c...
compiling system_stm32f1xx.c...
linking...
Program Size: Code=11384 RO-data=400 RW-data=48 ZI-data=1712  
FromELF: creating hex file...
"nfcV1.1\nfcV1.1" - 0 Error(s), 5 Warning(s).

<h2>Software Packages used:</h2>

Package Vendor: ARM
                http://www.keil.com/pack/ARM.CMSIS.5.7.0.pack
                ARM.CMSIS.5.7.0
                CMSIS (Cortex Microcontroller Software Interface Standard)
   * Component: CORE Version: 5.4.0

Package Vendor: Keil
                http://www.keil.com/pack/Keil.STM32F1xx_DFP.2.0.0.pack
                Keil.STM32F1xx_DFP.2.0.0
                STMicroelectronics STM32F1 Series Device Support, Drivers and Examples

<h2>Collection of Component include folders:</h2>
  .\RTE\_nfcV1.1
  D:\WorkSoftware\kei5\ARM\PACK\ARM\CMSIS\5.7.0\CMSIS\Core\Include
  D:\WorkSoftware\kei5\ARM\PACK\Keil\STM32F1xx_DFP\2.0.0\Device\Include

<h2>Collection of Component Files used:</h2>

   * Component: ARM::CMSIS:CORE:5.4.0
      Include file:  CMSIS\Core\Include\tz_context.h
Build Time Elapsed:  00:00:08
</pre>
</body>
</html>
