<html>
<body>
<pre>
<h1>µVision Build Log</h1>
<h2>Tool Versions:</h2>
IDE-Version: ¦ÌVision V5.25.2.0
Copyright (C) 2018 ARM Ltd and ARM Germany GmbH. All rights reserved.
License Information: yk yk, yk, LIC=1WS74-FAF6M-QGU7I-T1Q9V-PZ1PA-GNWDL
 
Tool Versions:
Toolchain:       MDK-ARM Professional  Version: 5.25.2.0
Toolchain Path:  E:\MDK\ARM\ARMCC\Bin
C Compiler:      Armcc.exe V5.06 update 6 (build 750)
Assembler:       Armasm.exe V5.06 update 6 (build 750)
Linker/Locator:  ArmLink.exe V5.06 update 6 (build 750)
Library Manager: ArmAr.exe V5.06 update 6 (build 750)
Hex Converter:   FromElf.exe V5.06 update 6 (build 750)
CPU DLL:         SARMCM3.DLL V5.25.2.0
Dialog DLL:      DCM.DLL V1.17.1.0
Target DLL:      Segger\JL2CM3.dll V2.99.29.0
Dialog DLL:      TCM.DLL V1.35.1.0
 
<h2>Project:</h2>
D:\GitHubProject\STM32\Project\NFC\SoftWare\nfcV1.1\MDK-ARM\nfcV1.1.uvprojx
Project File Date:  03/07/2021

<h2>Output:</h2>
*** Using Compiler 'V5.06 update 6 (build 750)', folder: 'E:\MDK\ARM\ARMCC\Bin'
Rebuild target 'nfcV1.1'
assembling startup_stm32f103xg.s...
compiling usart.c...
compiling stm32f1xx_hal_gpio_ex.c...
compiling gpio.c...
compiling spi.c...
../Core/Src/spi.c(214): warning:  #177-D: variable "rxdata"  was declared but never referenced
  		uint8_t rxdata;
../Core/Src/spi.c(216): warning:  #177-D: variable "datatx"  was declared but never referenced
  		uint8_t datatx[17] = {0xff};
../Core/Src/spi.c(218): warning:  #177-D: variable "cnt"  was declared but never referenced
  		uint8_t cnt = 0;
../Core/Src/spi.c(355): warning:  #940-D: missing return statement at end of non-void function "SelectProtocol" 
  }
../Core/Src/spi.c(362): warning:  #940-D: missing return statement at end of non-void function "AdjustTimerW" 
  }
../Core/Src/spi.c(368): warning:  #940-D: missing return statement at end of non-void function "ModulationGain" 
  }
../Core/Src/spi.c(374): warning:  #940-D: missing return statement at end of non-void function "ISO14443A_REQA" 
  }
../Core/Src/spi.c(380): warning:  #940-D: missing return statement at end of non-void function "ISO14443A_ANTICOL1" 
  }
../Core/Src/spi.c(393): warning:  #940-D: missing return statement at end of non-void function "ISO14443A_SELECT1" 
  }
../Core/Src/spi.c(400): warning:  #940-D: missing return statement at end of non-void function "ISO14443A_ANTICOL2" 
  }
../Core/Src/spi.c(414): warning:  #940-D: missing return statement at end of non-void function "ISO14443A_SELECT2" 
  }
../Core/Src/spi.c(434): warning:  #940-D: missing return statement at end of non-void function "ISO14443A_Anticollison_Algorithm" 
  }
../Core/Src/spi.c(445): warning:  #940-D: missing return statement at end of non-void function "Readtag" 
  }
../Core/Src/spi.c(455): warning:  #940-D: missing return statement at end of non-void function "Writetag" 
  }
../Core/Src/spi.c(655): warning:  #111-D: statement is unreachable
  		return 1;
../Core/Src/spi.c: 15 warnings, 0 errors
compiling stm32f1xx_hal_rcc_ex.c...
compiling stm32f1xx_hal_msp.c...
compiling stm32f1xx_it.c...
compiling main.c...
compiling stm32f1xx_hal.c...
compiling stm32f1xx_hal_spi.c...
compiling stm32f1xx_hal_rcc.c...
compiling stm32f1xx_hal_tim.c...
compiling stm32f1xx_hal_gpio.c...
compiling stm32f1xx_hal_flash_ex.c...
compiling stm32f1xx_hal_tim_ex.c...
compiling stm32f1xx_hal_dma.c...
compiling stm32f1xx_hal_cortex.c...
compiling stm32f1xx_hal_exti.c...
compiling stm32f1xx_hal_pwr.c...
compiling stm32f1xx_hal_flash.c...
compiling system_stm32f1xx.c...
compiling stm32f1xx_hal_uart.c...
linking...
Program Size: Code=11208 RO-data=384 RW-data=48 ZI-data=1712  
FromELF: creating hex file...
"nfcV1.1\nfcV1.1" - 0 Error(s), 15 Warning(s).

<h2>Software Packages used:</h2>

Package Vendor: ARM
                http://www.keil.com/pack/ARM.CMSIS.5.3.0.pack
                ARM.CMSIS.5.3.0
                CMSIS (Cortex Microcontroller Software Interface Standard)
   * Component: CORE Version: 5.1.1

Package Vendor: Keil
                http://www.keil.com/pack/Keil.STM32F1xx_DFP.2.2.0.pack
                Keil.STM32F1xx_DFP.2.2.0
                STMicroelectronics STM32F1 Series Device Support, Drivers and Examples

<h2>Collection of Component include folders:</h2>
  .\RTE\_nfcV1.1
  E:\MDK\ARM\PACK\ARM\CMSIS\5.3.0\CMSIS\Include
  E:\MDK\ARM\PACK\Keil\STM32F1xx_DFP\2.2.0\Device\Include

<h2>Collection of Component Files used:</h2>

   * Component: ARM::CMSIS:CORE:5.1.1
Build Time Elapsed:  00:00:20
</pre>
</body>
</html>
