rfal_rfst25r3916.c:455:12:rfalInitialize	16	static
rfal_rfst25r3916.c:544:12:rfalCalibrate	16	static
rfal_rfst25r3916.c:570:12:rfalAdjustRegulators	16	static
rfal_rfst25r3916.c:578:6:rfalSetUpperLayerCallback	16	static
rfal_rfst25r3916.c:585:6:rfalSetPreTxRxCallback	16	static
rfal_rfst25r3916.c:592:6:rfalSetPostTxRxCallback	16	static
rfal_rfst25r3916.c:599:12:rfalDeinitialize	8	static
rfal_rfst25r3916.c:613:6:rfalSetObsvMode	16	static
rfal_rfst25r3916.c:621:6:rfalGetObsvMode	16	static
rfal_rfst25r3916.c:636:6:rfalDisableObsvMode	4	static
rfal_rfst25r3916.c:644:12:rfalSetMode	16	static
rfal_rfst25r3916.c:893:10:rfalGetMode	4	static
rfal_rfst25r3916.c:900:12:rfalSetBitRate	40	static
rfal_rfst25r3916.c:1053:12:rfalGetBitRate	16	static
rfal_rfst25r3916.c:1075:6:rfalSetErrorHandling	16	static
rfal_rfst25r3916.c:1102:15:rfalGetErrorHandling	4	static
rfal_rfst25r3916.c:1109:6:rfalSetFDTPoll	16	static
rfal_rfst25r3916.c:1116:10:rfalGetFDTPoll	4	static
rfal_rfst25r3916.c:1123:6:rfalSetFDTListen	16	static
rfal_rfst25r3916.c:1130:10:rfalGetFDTListen	4	static
rfal_rfst25r3916.c:1137:6:rfalSetGT	16	static
rfal_rfst25r3916.c:1144:10:rfalGetGT	4	static
rfal_rfst25r3916.c:1151:6:rfalIsGTExpired	8	static
rfal_rfst25r3916.c:1165:12:rfalFieldOnAndStartGT	16	static
rfal_rfst25r3916.c:1217:12:rfalFieldOff	8	static
rfal_rfst25r3916.c:1237:12:rfalStartTransceive	32	static
rfal_rfst25r3916.c:1382:6:rfalIsTransceiveInTx	4	static
rfal_rfst25r3916.c:1389:6:rfalIsTransceiveInRx	4	static
rfal_rfst25r3916.c:1396:12:rfalTransceiveBlockingTx	56	static
rfal_rfst25r3916.c:1409:19:rfalTransceiveRunBlockingTx	16	static
rfal_rfst25r3916.c:1429:12:rfalTransceiveBlockingRx	16	static
rfal_rfst25r3916.c:1444:12:rfalTransceiveBlockingTxRx	48	static
rfal_rfst25r3916.c:1462:19:rfalRunTransceiveWorker	8	static
rfal_rfst25r3916.c:1496:21:rfalGetTransceiveState	4	static
rfal_rfst25r3916.c:1503:12:rfalGetTransceiveStatus	4	static
rfal_rfst25r3916.c:1510:12:rfalGetTransceiveRSSI	40	static
rfal_rfst25r3916.c:1546:6:rfalWorker	8	static
rfal_rfst25r3916.c:1579:13:rfalErrorHandling	16	static
rfal_rfst25r3916.c:1676:13:rfalCleanupTransceive	8	static
rfal_rfst25r3916.c:1714:13:rfalPrepareTransceive	16	static
rfal_rfst25r3916.c:1853:13:rfalTransceiveTx	56	static
rfal_rfst25r3916.c:2143:13:rfalTransceiveRx	56	static
rfal_rfst25r3916.c:2625:13:rfalFIFOStatusUpdate	8	static
rfal_rfst25r3916.c:2635:13:rfalFIFOStatusClear	4	static
rfal_rfst25r3916.c:2642:17:rfalFIFOStatusGetNumBytes	16	static
rfal_rfst25r3916.c:2655:13:rfalFIFOStatusIsIncompleteByte	8	static
rfal_rfst25r3916.c:2663:13:rfalFIFOStatusIsMissingPar	8	static
rfal_rfst25r3916.c:2671:16:rfalFIFOGetNumIncompleteBits	8	static
rfal_rfst25r3916.c:2681:12:rfalISO14443ATransceiveShortFrame	32	static
rfal_rfst25r3916.c:2805:12:rfalISO14443ATransceiveAnticollisionFrame	64	static
rfal_rfst25r3916.c:2920:12:rfalISO15693TransceiveAnticollisionFrame	56	static
rfal_rfst25r3916.c:2976:12:rfalISO15693TransceiveEOFAnticollision	40	static
rfal_rfst25r3916.c:2984:12:rfalISO15693TransceiveEOF	48	static
rfal_rfst25r3916.c:3012:12:rfalFeliCaPoll	56	static
rfal_rfst25r3916.c:3143:6:rfalIsExtFieldOn	8	static
rfal_rfst25r3916.c:3151:12:rfalListenStart	56	static
rfal_rfst25r3916.c:3367:19:rfalRunListenModeWorker	24	static
rfal_rfst25r3916.c:3712:12:rfalListenStop	8	static
rfal_rfst25r3916.c:3748:12:rfalListenSleepStart	24	static
rfal_rfst25r3916.c:3837:13:rfalListenGetState	16	static
rfal_rfst25r3916.c:3857:12:rfalListenSetState	24	static
rfal_rfst25r3916.c:4129:12:rfalWakeUpModeStart	40	static
rfal_rfst25r3916.c:4328:6:rfalWakeUpModeHasWoke	4	static
rfal_rfst25r3916.c:4335:17:rfalWakeUpModeFilter	24	static
rfal_rfst25r3916.c:4371:13:rfalRunWakeUpModeWorker	24	static
rfal_rfst25r3916.c:4500:12:rfalWakeUpModeStop	8	static
rfal_rfst25r3916.c:4589:12:rfalChipWriteReg	16	static
rfal_rfst25r3916.c:4601:12:rfalChipReadReg	16	static
rfal_rfst25r3916.c:4613:12:rfalChipExecCmd	16	static
rfal_rfst25r3916.c:4625:12:rfalChipWriteTestReg	16	static
rfal_rfst25r3916.c:4632:12:rfalChipReadTestReg	16	static
rfal_rfst25r3916.c:4639:12:rfalChipChangeRegBits	16	static
rfal_rfst25r3916.c:4651:12:rfalChipChangeTestRegBits	16	static
rfal_rfst25r3916.c:4659:12:rfalChipSetRFO	16	static
rfal_rfst25r3916.c:4666:12:rfalChipGetRFO	24	static
rfal_rfst25r3916.c:4679:12:rfalChipMeasureAmplitude	24	static
rfal_rfst25r3916.c:4715:12:rfalChipMeasurePhase	16	static
rfal_rfst25r3916.c:4724:12:rfalChipMeasureCapacitance	16	static
rfal_rfst25r3916.c:4733:12:rfalChipMeasurePowerSupply	16	static
