rfal_isoDep.c:493:13:isoDepClearCounters	4	static
rfal_isoDep.c:503:19:isoDepTx	64	static
rfal_isoDep.c:560:19:isoDepHandleControlMsg	32	static
rfal_isoDep.c:651:19:isoDepReSendControlMsg	8	static
rfal_isoDep.c:685:6:rfalIsoDepInitialize	8	static
rfal_isoDep.c:731:6:rfalIsoDepInitializeWithParams	24	static
rfal_isoDep.c:753:19:isoDepDataExchangePCD	40	static
rfal_isoDep.c:1039:12:rfalIsoDepDeselect	16	static
rfal_isoDep.c:1076:10:rfalIsoDepFWI2FWT	24	static
rfal_isoDep.c:1102:10:rfalIsoDepFSxI2FSx	24	static
rfal_isoDep.c:1134:6:rfalIsoDepIsRats	16	static
rfal_isoDep.c:1148:6:rfalIsoDepIsAttrib	16	static
rfal_isoDep.c:1165:12:rfalIsoDepListenStartActivation	64	static
rfal_isoDep.c:1302:12:rfalIsoDepListenGetActivationStatus	40	static
rfal_isoDep.c:1456:10:rfalIsoDepGetMaxInfLen	16	static
rfal_isoDep.c:1470:12:rfalIsoDepStartTransceive	8	static
rfal_isoDep.c:1525:12:rfalIsoDepGetTransceiveStatus	8	static
rfal_isoDep.c:1549:19:isoDepDataExchangePICC	40	static
rfal_isoDep.c:1910:19:rfalIsoDepStartRATS	56	static
rfal_isoDep.c:1934:19:rfalIsoDepGetRATSStatus	16	static
rfal_isoDep.c:1964:12:rfalIsoDepRATS	32	static
rfal_isoDep.c:1976:19:rfalIsoDepStartPPS	48	static
rfal_isoDep.c:1999:19:rfalIsoDepGetPPSSTatus	16	static
rfal_isoDep.c:2019:12:rfalIsoDepPPS	24	static
rfal_isoDep.c:2034:19:rfalIsoDepStartATTRIB	48	static
rfal_isoDep.c:2068:19:rfalIsoDepGetATTRIBStatus	16	static
rfal_isoDep.c:2096:12:rfalIsoDepATTRIB	56	static
rfal_isoDep.c:2112:12:rfalIsoDepPollAHandleActivation	24	static
rfal_isoDep.c:2124:12:rfalIsoDepPollAStartActivation	24	static
rfal_isoDep.c:2149:12:rfalIsoDepPollAGetActivationStatus	24	static
rfal_isoDep.c:2314:12:rfalIsoDepPollBHandleActivation	48	static
rfal_isoDep.c:2327:12:rfalIsoDepPollBStartActivation	72	static
rfal_isoDep.c:2394:12:rfalIsoDepPollBGetActivationStatus	16	static
rfal_isoDep.c:2450:12:rfalIsoDepPollHandleSParameters	64	static
rfal_isoDep.c:2574:13:rfalIsoDepCalcBitRate	32	static
rfal_isoDep.c:2643:17:rfalIsoDepSFGI2SFGT	24	static
rfal_isoDep.c:2674:14:rfalIsoDepApdu2IBLockParam	16	static
rfal_isoDep.c:2704:12:rfalIsoDepStartApduTransceive	96	static
rfal_isoDep.c:2725:12:rfalIsoDepGetApduTransceiveStatus	96	static
