rfal_nfcDep.c:498:13:nfcipDxIsSupported	24	static
rfal_nfcDep.c:521:19:nfcipTxRx	40	static
rfal_nfcDep.c:560:19:nfcipDEPControlMsg	56	static
rfal_nfcDep.c:585:13:nfcipClearCounters	4	static
rfal_nfcDep.c:595:19:nfcipInitiatorHandleDEP	32	static
rfal_nfcDep.c:969:19:nfcipTargetHandleRX	56	static
rfal_nfcDep.c:1375:19:nfcipTx	40	static
rfal_nfcDep.c:1545:13:nfcipConfig	16	static
rfal_nfcDep.c:1563:19:nfcipRun	40	static
rfal_nfcDep.c:1703:6:rfalNfcDepSetDeactivatingCallback	16	static
rfal_nfcDep.c:1710:6:rfalNfcDepInitialize	8	static
rfal_nfcDep.c:1756:13:nfcipSetDEPParams	16	static
rfal_nfcDep.c:1811:6:rfalNfcDepTargetRcvdATR	4	static
rfal_nfcDep.c:1818:6:rfalNfcDepIsAtrReq	32	static
rfal_nfcDep.c:1850:19:nfcipTargetHandleActivation	40	static
rfal_nfcDep.c:1974:12:rfalNfcDepATR	264	static
rfal_nfcDep.c:2058:12:rfalNfcDepPSL	56	static
rfal_nfcDep.c:2108:12:rfalNfcDepDSL	48	static
rfal_nfcDep.c:2155:12:rfalNfcDepRLS	48	static
rfal_nfcDep.c:2202:12:rfalNfcDepInitiatorHandleActivation	32	static
rfal_nfcDep.c:2344:10:rfalNfcDepCalculateRWT	24	static
rfal_nfcDep.c:2356:19:nfcipDataTx	48	static
rfal_nfcDep.c:2363:19:nfcipDataRx	24	static
rfal_nfcDep.c:2400:12:rfalNfcDepListenStartActivation	120	static
rfal_nfcDep.c:2491:12:rfalNfcDepListenGetActivationStatus	32	static
rfal_nfcDep.c:2536:12:rfalNfcDepStartTransceive	48	static
rfal_nfcDep.c:2562:12:rfalNfcDepGetTransceiveStatus	8	static
rfal_nfcDep.c:2582:14:rfalNfcDepPdu2BLockParam	16	static
rfal_nfcDep.c:2618:12:rfalNfcDepStartPduTransceive	80	static
rfal_nfcDep.c:2635:12:rfalNfcDepGetPduTransceiveStatus	88	static
