rfal_nfcv.c:174:19:rfalNfcvParseError	16	static
rfal_nfcv.c:200:12:rfalNfcvPollerInitialize	16	static
rfal_nfcv.c:215:12:rfalNfcvPollerCheckPresence	32	static
rfal_nfcv.c:232:12:rfalNfcvPollerInventory	56	static
rfal_nfcv.c:273:12:rfalNfcvPollerCollisionResolution	192	static
rfal_nfcv.c:426:12:rfalNfcvPollerSleepCollisionResolution	32	static
rfal_nfcv.c:457:12:rfalNfcvPollerSleep	48	static
rfal_nfcv.c:484:12:rfalNfcvPollerSelect	88	static
rfal_nfcv.c:498:12:rfalNfcvPollerReadSingleBlock	56	static
rfal_nfcv.c:508:12:rfalNfcvPollerWriteSingleBlock	128	static
rfal_nfcv.c:532:12:rfalNfcvPollerLockBlock	88	static
rfal_nfcv.c:544:12:rfalNfcvPollerReadMultipleBlocks	48	static
rfal_nfcv.c:559:12:rfalNfcvPollerWriteMultipleBlocks	88	static
rfal_nfcv.c:622:12:rfalNfcvPollerExtendedReadSingleBlock	56	static
rfal_nfcv.c:638:12:rfalNfcvPollerExtendedWriteSingleBlock	128	static
rfal_nfcv.c:663:12:rfalNfcvPollerExtendedLockSingleBlock	88	static
rfal_nfcv.c:680:12:rfalNfcvPollerExtendedReadMultipleBlocks	56	static
rfal_nfcv.c:697:12:rfalNfcvPollerExtendedWriteMultipleBlocks	96	static
rfal_nfcv.c:764:12:rfalNfcvPollerGetSystemInformation	48	static
rfal_nfcv.c:770:12:rfalNfcvPollerExtendedGetSystemInformation	48	static
rfal_nfcv.c:776:12:rfalNfcvPollerTransceiveReq	88	static
