rfal_st25xv.c:103:19:rfalST25xVPollerGenericReadConfiguration	88	static
rfal_st25xv.c:133:19:rfalST25xVPollerGenericWriteConfiguration	88	static
rfal_st25xv.c:150:19:rfalST25xVPollerGenericReadMessageLength	96	static
rfal_st25xv.c:177:19:rfalST25xVPollerGenericReadMessage	48	static
rfal_st25xv.c:192:19:rfalST25xVPollerGenericWriteMessage	88	static
rfal_st25xv.c:279:12:rfalST25xVPollerM24LRReadSingleBlock	56	static
rfal_st25xv.c:294:12:rfalST25xVPollerM24LRWriteSingleBlock	128	static
rfal_st25xv.c:319:12:rfalST25xVPollerM24LRReadMultipleBlocks	48	static
rfal_st25xv.c:335:12:rfalST25xVPollerFastReadSingleBlock	56	static
rfal_st25xv.c:345:12:rfalST25xVPollerM24LRFastReadSingleBlock	56	static
rfal_st25xv.c:360:12:rfalST25xVPollerM24LRFastReadMultipleBlocks	48	static
rfal_st25xv.c:376:12:rfalST25xVPollerFastReadMultipleBlocks	48	static
rfal_st25xv.c:391:12:rfalST25xVPollerFastExtendedReadSingleBlock	56	static
rfal_st25xv.c:406:12:rfalST25xVPollerFastExtReadMultipleBlocks	56	static
rfal_st25xv.c:423:12:rfalST25xVPollerReadConfiguration	32	static
rfal_st25xv.c:429:12:rfalST25xVPollerWriteConfiguration	24	static
rfal_st25xv.c:435:12:rfalST25xVPollerReadDynamicConfiguration	32	static
rfal_st25xv.c:441:12:rfalST25xVPollerWriteDynamicConfiguration	24	static
rfal_st25xv.c:447:12:rfalST25xVPollerFastReadDynamicConfiguration	32	static
rfal_st25xv.c:453:12:rfalST25xVPollerFastWriteDynamicConfiguration	24	static
rfal_st25xv.c:459:12:rfalST25xVPollerPresentPassword	104	static
rfal_st25xv.c:484:12:rfalST25xVPollerGetRandomNumber	48	static
rfal_st25xv.c:495:12:rfalST25xVPollerWriteMessage	40	static
rfal_st25xv.c:501:12:rfalST25xVPollerFastWriteMessage	40	static
rfal_st25xv.c:507:12:rfalST25xVPollerReadMessageLength	24	static
rfal_st25xv.c:513:12:rfalST25xVPollerFastReadMsgLength	24	static
rfal_st25xv.c:519:12:rfalST25xVPollerReadMessage	32	static
rfal_st25xv.c:525:12:rfalST25xVPollerFastReadMessage	32	static
