ndef_t4t.c:137:13:ndefT4TInitializeIsoDepTxRxParam	16	static
ndef_t4t.c:151:19:ndefT4TTransceiveTxRx	64	static
ndef_t4t.c:181:19:ndefT4TReadAndParseCCFile	24	static
ndef_t4t.c:293:12:ndefT4TPollerSelectNdefTagApplication	56	static
ndef_t4t.c:334:12:ndefT4TPollerSelectFile	56	static
ndef_t4t.c:362:12:ndefT4TPollerReadBinary	56	static
ndef_t4t.c:380:12:ndefT4TPollerReadBinaryODO	64	static
ndef_t4t.c:398:12:ndefT4TPollerReadBytes	48	static
ndef_t4t.c:451:12:ndefT4TPollerContextInitialization	16	static
ndef_t4t.c:468:12:ndefT4TPollerNdefDetect	24	static
ndef_t4t.c:571:12:ndefT4TPollerReadRawMessage	40	static
ndef_t4t.c:607:12:ndefT4TPollerWriteBinary	72	static
ndef_t4t.c:625:12:ndefT4TPollerWriteBinaryODO	72	static
ndef_t4t.c:643:12:ndefT4TPollerWriteBytes	40	static
ndef_t4t.c:681:12:ndefT4TPollerWriteRawMessageLen	24	static
ndef_t4t.c:722:12:ndefT4TPollerWriteRawMessage	32	static
ndef_t4t.c:786:12:ndefT4TPollerTagFormat	32	static
ndef_t4t.c:823:12:ndefT4TPollerCheckPresence	88	static
ndef_t4t.c:851:12:ndefT4TPollerCheckAvailableSpace	24	static
ndef_t4t.c:874:12:ndefT4TPollerBeginWriteMessage	24	static
ndef_t4t.c:904:12:ndefT4TPollerEndWriteMessage	24	static
